[0.003s][info][gc] Using G1
[0.527s][info][gc] GC(0) Pause Young (Normal) (G1 Evacuation Pause) 23M->5M(258M) 6.293ms
[1.248s][info][gc] GC(1) Pause Young (Normal) (G1 Evacuation Pause) 37M->9M(258M) 9.210ms
[1.371s][info][gc] GC(2) Pause Young (Concurrent Start) (Metadata GC Threshold) 60M->18M(258M) 6.903ms
[1.371s][info][gc] GC(3) Concurrent Mark Cycle
[1.384s][info][gc] GC(3) Pause Remark 20M->20M(256M) 2.224ms
[1.387s][info][gc] GC(3) Pause Cleanup 20M->20M(256M) 0.060ms
[1.388s][info][gc] GC(3) Concurrent Mark Cycle 17.259ms
[2.024s][info][gc] GC(4) Pause Young (Concurrent Start) (CodeCache GC Threshold) 84M->28M(256M) 9.499ms
[2.024s][info][gc] GC(5) Concurrent Mark Cycle
[2.039s][info][gc] GC(5) Pause Remark 29M->29M(256M) 2.843ms
[2.043s][info][gc] GC(5) Pause Cleanup 29M->29M(256M) 0.081ms
[2.044s][info][gc] GC(5) Concurrent Mark Cycle 20.390ms
[3.014s][info][gc] GC(6) Pause Young (Concurrent Start) (CodeCache GC Threshold) 148M->47M(256M) 13.139ms
[3.014s][info][gc] GC(7) Concurrent Mark Cycle
[3.045s][info][gc] GC(7) Pause Remark 49M->49M(256M) 11.648ms
[3.058s][info][gc] GC(7) Pause Cleanup 50M->50M(256M) 0.095ms
[3.058s][info][gc] GC(7) Concurrent Mark Cycle 44.221ms
[3.096s][info][gc] GC(8) Pause Young (Concurrent Start) (CodeCache GC Threshold) 54M->49M(256M) 10.756ms
[3.097s][info][gc] GC(9) Concurrent Mark Cycle
[3.134s][info][gc] GC(9) Pause Remark 51M->51M(256M) 2.620ms
[3.149s][info][gc] GC(9) Pause Cleanup 52M->52M(256M) 0.120ms
[3.150s][info][gc] GC(9) Concurrent Mark Cycle 52.990ms
[3.969s][info][gc] GC(10) Pause Young (Prepare Mixed) (G1 Evacuation Pause) 179M->62M(256M) 10.026ms
[3.985s][info][gc] GC(11) Pause Young (Mixed) (G1 Evacuation Pause) 63M->64M(256M) 9.468ms
[4.320s][info][gc] GC(12) Pause Young (Concurrent Start) (CodeCache GC Threshold) 109M->67M(256M) 5.006ms
[4.320s][info][gc] GC(13) Concurrent Mark Cycle
[4.398s][info][gc] GC(13) Pause Remark 71M->71M(256M) 15.759ms
[4.439s][info][gc] GC(13) Pause Cleanup 76M->76M(256M) 0.143ms
[4.440s][info][gc] GC(13) Concurrent Mark Cycle 119.548ms
[5.643s][info][gc] GC(14) Pause Young (Concurrent Start) (CodeCache GC Threshold) 165M->77M(256M) 8.440ms
[5.643s][info][gc] GC(15) Concurrent Mark Cycle
[5.714s][info][gc] GC(15) Pause Remark 81M->81M(256M) 3.548ms
[5.749s][info][gc] GC(15) Pause Cleanup 86M->86M(256M) 0.113ms
[5.750s][info][gc] GC(15) Concurrent Mark Cycle 107.067ms
[7.301s][info][gc] GC(16) Pause Young (Concurrent Start) (CodeCache GC Threshold) 181M->78M(256M) 15.556ms
[7.301s][info][gc] GC(17) Concurrent Mark Cycle
[7.357s][info][gc] GC(17) Pause Remark 84M->84M(256M) 4.784ms
[7.398s][info][gc] GC(17) Pause Cleanup 88M->88M(256M) 0.147ms
[7.398s][info][gc] GC(17) Concurrent Mark Cycle 96.753ms
[7.650s][info][gc] GC(18) Pause Young (Concurrent Start) (CodeCache GC Threshold) 103M->80M(256M) 7.279ms
[7.650s][info][gc] GC(19) Concurrent Mark Cycle
[7.715s][info][gc] GC(19) Pause Remark 82M->74M(256M) 16.378ms
[7.740s][info][gc] GC(19) Pause Cleanup 75M->75M(256M) 0.133ms
[7.740s][info][gc] GC(19) Concurrent Mark Cycle 90.149ms
[30.231s][info][gc] GC(20) Pause Young (Prepare Mixed) (G1 Evacuation Pause) 191M->77M(256M) 11.602ms
[30.246s][info][gc] GC(21) Pause Young (Mixed) (G1 Evacuation Pause) 78M->75M(256M) 9.937ms
[30.597s][info][gc] GC(22) Pause Young (Concurrent Start) (CodeCache GC Threshold) 109M->85M(256M) 7.679ms
[30.597s][info][gc] GC(23) Concurrent Mark Cycle
[30.676s][info][gc] GC(23) Pause Remark 99M->99M(256M) 14.071ms
[30.705s][info][gc] GC(23) Pause Cleanup 110M->110M(256M) 0.158ms
[30.706s][info][gc] GC(23) Concurrent Mark Cycle 108.235ms
[33.064s][info][gc] GC(24) Pause Young (Prepare Mixed) (G1 Evacuation Pause) 191M->131M(256M) 27.471ms
[33.073s][info][gc] GC(25) Pause Young (Mixed) (G1 Evacuation Pause) 132M->132M(256M) 7.381ms
[33.570s][info][gc] GC(26) Pause Young (Concurrent Start) (CodeCache GC Threshold) 144M->136M(256M) 13.068ms
[33.571s][info][gc] GC(27) Concurrent Mark Cycle
[33.724s][info][gc] GC(27) Pause Remark 138M->138M(256M) 35.250ms
[33.802s][info][gc] GC(27) Pause Cleanup 140M->140M(256M) 0.602ms
[33.803s][info][gc] GC(27) Concurrent Mark Cycle 232.024ms
[34.106s][info][gc] GC(28) Pause Young (Concurrent Start) (CodeCache GC Threshold) 142M->140M(256M) 13.536ms
[34.106s][info][gc] GC(29) Concurrent Mark Cycle
[34.216s][info][gc] GC(29) Pause Remark 142M->142M(256M) 16.797ms
[34.282s][info][gc] GC(29) Pause Cleanup 143M->143M(256M) 0.244ms
[34.283s][info][gc] GC(29) Concurrent Mark Cycle 176.224ms
[36.308s][info][gc] GC(30) Pause Young (Concurrent Start) (CodeCache GC Threshold) 171M->159M(256M) 20.786ms
[36.308s][info][gc] GC(31) Concurrent Mark Cycle
[36.408s][info][gc] GC(31) Pause Remark 161M->161M(272M) 6.510ms
[36.484s][info][gc] GC(31) Pause Cleanup 161M->161M(272M) 0.490ms
[36.485s][info][gc] GC(31) Concurrent Mark Cycle 177.272ms
[43.192s][info][gc] GC(32) Pause Young (Prepare Mixed) (G1 Evacuation Pause) 189M->169M(272M) 13.179ms
[45.218s][info][gc] GC(33) Pause Young (Mixed) (G1 Evacuation Pause) 177M->168M(272M) 14.173ms
[55.248s][info][gc] GC(34) Pause Young (Concurrent Start) (G1 Evacuation Pause) 203M->172M(272M) 14.502ms
[55.248s][info][gc] GC(35) Concurrent Mark Cycle
[55.396s][info][gc] GC(35) Pause Remark 175M->175M(295M) 10.177ms
[55.479s][info][gc] GC(35) Pause Cleanup 175M->175M(295M) 1.052ms
[55.480s][info][gc] GC(35) Concurrent Mark Cycle 231.566ms
[65.352s][info][gc] GC(36) Pause Young (Concurrent Start) (CodeCache GC Threshold) 206M->176M(295M) 16.534ms
[65.353s][info][gc] GC(37) Concurrent Mark Cycle
[65.479s][info][gc] GC(37) Pause Remark 176M->176M(299M) 7.160ms
[65.567s][info][gc] GC(37) Pause Cleanup 176M->176M(299M) 0.344ms
[65.567s][info][gc] GC(37) Concurrent Mark Cycle 214.462ms
[81.288s][info][gc] GC(38) Pause Young (Prepare Mixed) (G1 Evacuation Pause) 224M->180M(299M) 18.360ms
[83.316s][info][gc] GC(39) Pause Young (Mixed) (G1 Evacuation Pause) 187M->175M(299M) 22.036ms
[101.246s][info][gc] GC(40) Pause Young (Concurrent Start) (G1 Evacuation Pause) 230M->181M(299M) 18.265ms
[101.246s][info][gc] GC(41) Concurrent Mark Cycle
[101.375s][info][gc] GC(41) Pause Remark 186M->186M(315M) 7.318ms
[101.443s][info][gc] GC(41) Pause Cleanup 186M->186M(315M) 0.483ms
[101.444s][info][gc] GC(41) Concurrent Mark Cycle 197.561ms
[109.382s][info][gc] GC(42) Pause Young (Concurrent Start) (CodeCache GC Threshold) 209M->183M(315M) 16.617ms
[109.382s][info][gc] GC(43) Concurrent Mark Cycle
[109.506s][info][gc] GC(43) Pause Remark 183M->183M(315M) 8.074ms
[109.602s][info][gc] GC(43) Pause Cleanup 183M->183M(315M) 0.974ms
[109.603s][info][gc] GC(43) Concurrent Mark Cycle 221.023ms
[133.287s][info][gc] GC(44) Pause Young (Prepare Mixed) (G1 Evacuation Pause) 247M->190M(315M) 20.710ms
[135.281s][info][gc] GC(45) Pause Young (Mixed) (G1 Evacuation Pause) 196M->184M(315M) 18.571ms
[157.268s][info][gc] GC(46) Pause Young (Concurrent Start) (G1 Evacuation Pause) 250M->191M(315M) 15.136ms
[157.268s][info][gc] GC(47) Concurrent Mark Cycle
[157.401s][info][gc] GC(47) Pause Remark 197M->197M(332M) 7.741ms
[157.498s][info][gc] GC(47) Pause Cleanup 197M->197M(332M) 0.619ms
[157.498s][info][gc] GC(47) Concurrent Mark Cycle 230.359ms
[177.365s][info][gc] GC(48) Pause Young (Prepare Mixed) (G1 Evacuation Pause) 252M->197M(332M) 19.695ms
[179.401s][info][gc] GC(49) Pause Young (Mixed) (G1 Evacuation Pause) 204M->181M(332M) 31.987ms
[185.294s][info][gc] GC(50) Pause Young (Mixed) (G1 Evacuation Pause) 195M->183M(332M) 14.374ms
[211.328s][info][gc] GC(51) Pause Young (Concurrent Start) (G1 Evacuation Pause) 264M->192M(332M) 18.596ms
[211.328s][info][gc] GC(52) Concurrent Mark Cycle
[211.477s][info][gc] GC(52) Pause Remark 196M->196M(332M) 31.493ms
[211.575s][info][gc] GC(52) Pause Cleanup 196M->196M(332M) 0.644ms
[211.577s][info][gc] GC(52) Concurrent Mark Cycle 248.555ms
[237.446s][info][gc] GC(53) Pause Young (Prepare Mixed) (G1 Evacuation Pause) 268M->200M(332M) 23.430ms
[239.372s][info][gc] GC(54) Pause Young (Mixed) (G1 Evacuation Pause) 205M->186M(332M) 23.749ms
[265.474s][info][gc] GC(55) Pause Young (Concurrent Start) (G1 Evacuation Pause) 267M->194M(332M) 18.336ms
[265.474s][info][gc] GC(56) Concurrent Mark Cycle
[265.605s][info][gc] GC(56) Pause Remark 194M->194M(332M) 5.883ms
[265.706s][info][gc] GC(56) Pause Cleanup 194M->194M(332M) 0.383ms
[265.707s][info][gc] GC(56) Concurrent Mark Cycle 232.788ms
[293.383s][info][gc] GC(57) Pause Young (Prepare Mixed) (G1 Evacuation Pause) 270M->202M(332M) 18.489ms
[295.381s][info][gc] GC(58) Pause Young (Mixed) (G1 Evacuation Pause) 207M->187M(332M) 25.710ms
[299.401s][info][gc] GC(59) Pause Young (Mixed) (G1 Evacuation Pause) 201M->188M(332M) 10.347ms
[325.462s][info][gc] GC(60) Pause Young (Concurrent Start) (G1 Evacuation Pause) 269M->196M(332M) 15.958ms
[325.462s][info][gc] GC(61) Concurrent Mark Cycle
[325.588s][info][gc] GC(61) Pause Remark 197M->197M(334M) 7.941ms
[325.691s][info][gc] GC(61) Pause Cleanup 197M->197M(334M) 0.478ms
[325.692s][info][gc] GC(61) Concurrent Mark Cycle 229.430ms
[343.481s][info][gc] GC(62) Pause Young (Concurrent Start) (CodeCache GC Threshold) 247M->201M(334M) 19.134ms
[343.481s][info][gc] GC(63) Concurrent Mark Cycle
[343.601s][info][gc] GC(63) Pause Remark 201M->201M(342M) 6.448ms
[343.715s][info][gc] GC(63) Pause Cleanup 201M->201M(342M) 0.673ms
[343.715s][info][gc] GC(63) Concurrent Mark Cycle 234.628ms
[371.368s][info][gc] GC(64) Pause Young (Prepare Mixed) (G1 Evacuation Pause) 274M->209M(342M) 22.102ms
[373.396s][info][gc] GC(65) Pause Young (Mixed) (G1 Evacuation Pause) 215M->192M(342M) 25.064ms
[377.415s][info][gc] GC(66) Pause Young (Mixed) (G1 Evacuation Pause) 206M->194M(342M) 9.346ms
[405.442s][info][gc] GC(67) Pause Young (Concurrent Start) (G1 Evacuation Pause) 279M->201M(342M) 17.847ms
[405.442s][info][gc] GC(68) Concurrent Mark Cycle
[405.580s][info][gc] GC(68) Pause Remark 204M->204M(347M) 8.377ms
[405.688s][info][gc] GC(68) Pause Cleanup 204M->204M(347M) 0.426ms
[405.688s][info][gc] GC(68) Concurrent Mark Cycle 246.065ms
[434.080s][info][gc] GC(69) Pause Young (Prepare Mixed) (G1 Evacuation Pause) 280M->208M(347M) 25.795ms
[437.386s][info][gc] GC(70) Pause Young (Mixed) (G1 Evacuation Pause) 215M->190M(347M) 25.461ms
[441.438s][info][gc] GC(71) Pause Young (Mixed) (G1 Evacuation Pause) 204M->187M(347M) 15.195ms
[457.456s][info][gc] GC(72) Pause Young (Concurrent Start) (G1 Evacuation Pause) 283M->223M(347M) 35.358ms
[457.456s][info][gc] GC(73) Concurrent Mark Cycle
[457.592s][info][gc] GC(73) Pause Remark 229M->229M(385M) 21.124ms
[457.712s][info][gc] GC(73) Pause Cleanup 229M->229M(385M) 0.501ms
[457.714s][info][gc] GC(73) Concurrent Mark Cycle 257.274ms
[465.497s][info][gc] GC(74) Pause Young (Prepare Mixed) (G1 Evacuation Pause) 270M->238M(385M) 23.801ms
[467.489s][info][gc] GC(75) Pause Young (Mixed) (G1 Evacuation Pause) 249M->226M(385M) 26.181ms
[469.378s][info][gc] GC(76) Pause Young (Mixed) (G1 Evacuation Pause) 242M->232M(385M) 15.952ms
[480.892s][info][gc] GC(77) Pause Young (Concurrent Start) (G1 Evacuation Pause) 295M->244M(385M) 17.029ms
[480.892s][info][gc] GC(78) Concurrent Mark Cycle
[481.048s][info][gc] GC(78) Pause Remark 248M->248M(417M) 9.832ms
[481.176s][info][gc] GC(78) Pause Cleanup 248M->248M(417M) 0.967ms
[481.178s][info][gc] GC(78) Concurrent Mark Cycle 285.404ms
[493.429s][info][gc] GC(79) Pause Young (Prepare Mixed) (G1 Evacuation Pause) 300M->253M(417M) 22.838ms
[495.541s][info][gc] GC(80) Pause Young (Mixed) (G1 Evacuation Pause) 264M->232M(417M) 29.367ms
[513.916s][info][gc] GC(81) Pause Young (Concurrent Start) (G1 Evacuation Pause) 309M->237M(417M) 12.104ms
[513.916s][info][gc] GC(82) Concurrent Mark Cycle
[514.066s][info][gc] GC(82) Pause Remark 244M->244M(417M) 9.964ms
[514.178s][info][gc] GC(82) Pause Cleanup 245M->245M(417M) 0.807ms
[514.179s][info][gc] GC(82) Concurrent Mark Cycle 262.939ms
[533.585s][info][gc] GC(83) Pause Young (Prepare Mixed) (G1 Evacuation Pause) 318M->246M(417M) 20.377ms
[535.614s][info][gc] GC(84) Pause Young (Mixed) (G1 Evacuation Pause) 255M->231M(417M) 25.852ms
[557.418s][info][gc] GC(85) Pause Young (Concurrent Start) (G1 Evacuation Pause) 317M->234M(417M) 13.802ms
[557.418s][info][gc] GC(86) Concurrent Mark Cycle
[557.569s][info][gc] GC(86) Pause Remark 237M->237M(417M) 8.708ms
[557.696s][info][gc] GC(86) Pause Cleanup 241M->241M(417M) 1.053ms
[557.697s][info][gc] GC(86) Concurrent Mark Cycle 278.873ms
[579.494s][info][gc] GC(87) Pause Young (Prepare Mixed) (G1 Evacuation Pause) 323M->241M(417M) 20.820ms
[579.561s][info][gc] GC(88) Pause Young (Mixed) (G1 Evacuation Pause) 249M->219M(417M) 24.615ms
[581.653s][info][gc] GC(89) Pause Young (Mixed) (G1 Evacuation Pause) 236M->221M(417M) 14.281ms
[603.610s][info][gc] GC(90) Pause Young (Concurrent Start) (G1 Evacuation Pause) 319M->225M(417M) 14.869ms
[603.610s][info][gc] GC(91) Concurrent Mark Cycle
[603.746s][info][gc] GC(91) Pause Remark 228M->228M(417M) 7.157ms
[603.858s][info][gc] GC(91) Pause Cleanup 228M->228M(417M) 0.399ms
[603.859s][info][gc] GC(91) Concurrent Mark Cycle 248.839ms
[629.465s][info][gc] GC(92) Pause Young (Prepare Mixed) (G1 Evacuation Pause) 326M->229M(417M) 17.337ms
[631.617s][info][gc] GC(93) Pause Young (Mixed) (G1 Evacuation Pause) 240M->201M(417M) 33.613ms
[635.553s][info][gc] GC(94) Pause Young (Mixed) (G1 Evacuation Pause) 218M->202M(417M) 12.146ms
[669.652s][info][gc] GC(95) Pause Young (Concurrent Start) (G1 Evacuation Pause) 324M->211M(417M) 19.877ms
[669.652s][info][gc] GC(96) Concurrent Mark Cycle
[669.774s][info][gc] GC(96) Pause Remark 214M->214M(417M) 7.145ms
[669.868s][info][gc] GC(96) Pause Cleanup 214M->214M(417M) 0.732ms
[669.868s][info][gc] GC(96) Concurrent Mark Cycle 215.795ms
[707.819s][info][gc] GC(97) Pause Young (Concurrent Start) (CodeCache GC Threshold) 313M->221M(417M) 21.965ms
[707.819s][info][gc] GC(98) Concurrent Mark Cycle
[707.929s][info][gc] GC(98) Pause Remark 221M->221M(417M) 5.953ms
[708.036s][info][gc] GC(98) Pause Cleanup 221M->221M(417M) 0.388ms
[708.036s][info][gc] GC(98) Concurrent Mark Cycle 217.350ms
[750.842s][info][gc] GC(99) Pause Young (Prepare Mixed) (G1 Evacuation Pause) 333M->230M(417M) 20.354ms
[751.266s][info][gc] GC(100) Pause Young (Mixed) (G1 Evacuation Pause) 237M->207M(417M) 14.579ms
[751.308s][info][gc] GC(101) Pause Young (Concurrent Start) (CodeCache GC Threshold) 210M->206M(417M) 3.776ms
[751.308s][info][gc] GC(102) Concurrent Mark Cycle
[751.499s][info][gc] GC(103) Pause Young (Normal) (G1 Evacuation Pause) 328M->211M(417M) 5.903ms
[751.558s][info][gc] GC(102) Pause Remark 255M->255M(430M) 8.903ms
[751.630s][info][gc] GC(104) Pause Young (Normal) (G1 Evacuation Pause) 334M->213M(430M) 5.314ms
[751.785s][info][gc] GC(105) Pause Young (Normal) (G1 Evacuation Pause) 348M->213M(430M) 7.226ms
[751.889s][info][gc] GC(106) Pause Young (Normal) (G1 Evacuation Pause) 355M->215M(430M) 8.909ms
[751.989s][info][gc] GC(107) Pause Young (Normal) (G1 Evacuation Pause) 360M->216M(430M) 10.225ms
[752.093s][info][gc] GC(108) Pause Young (Normal) (G1 Evacuation Pause) 365M->218M(499M) 12.695ms
[752.232s][info][gc] GC(109) Pause Young (Normal) (G1 Evacuation Pause) 430M->219M(499M) 14.725ms
[752.329s][info][gc] GC(102) Concurrent Mark Cycle 1021.027ms
