[0.003s][info][gc] Using G1
[0.503s][info][gc] GC(0) Pause Young (Normal) (G1 Evacuation Pause) 23M->5M(258M) 10.429ms
[1.191s][info][gc] GC(1) Pause Young (Normal) (G1 Evacuation Pause) 37M->9M(258M) 8.886ms
[1.347s][info][gc] GC(2) Pause Young (Concurrent Start) (GCLocker Initiated GC) 60M->18M(258M) 7.118ms
[1.347s][info][gc] GC(3) Concurrent Mark Cycle
[1.357s][info][gc] GC(3) Pause Remark 19M->19M(256M) 2.335ms
[1.363s][info][gc] GC(3) Pause Cleanup 20M->20M(256M) 0.096ms
[1.365s][info][gc] GC(3) Concurrent Mark Cycle 17.595ms
[1.982s][info][gc] GC(4) Pause Young (Concurrent Start) (CodeCache GC Threshold) 83M->29M(256M) 11.214ms
[1.982s][info][gc] GC(5) Concurrent Mark Cycle
[2.002s][info][gc] GC(5) Pause Remark 30M->30M(256M) 7.535ms
[2.010s][info][gc] GC(5) Pause Cleanup 30M->30M(256M) 0.097ms
[2.011s][info][gc] GC(5) Concurrent Mark Cycle 29.110ms
[3.012s][info][gc] GC(6) Pause Young (Concurrent Start) (CodeCache GC Threshold) 154M->47M(256M) 14.619ms
[3.012s][info][gc] GC(7) Concurrent Mark Cycle
[3.035s][info][gc] GC(7) Pause Remark 50M->50M(256M) 3.740ms
[3.048s][info][gc] GC(7) Pause Cleanup 50M->50M(256M) 0.103ms
[3.048s][info][gc] GC(7) Concurrent Mark Cycle 36.865ms
[3.078s][info][gc] GC(8) Pause Young (Concurrent Start) (CodeCache GC Threshold) 51M->50M(256M) 8.898ms
[3.078s][info][gc] GC(9) Concurrent Mark Cycle
[3.108s][info][gc] GC(9) Pause Remark 53M->53M(256M) 2.750ms
[3.123s][info][gc] GC(9) Pause Cleanup 56M->56M(256M) 0.109ms
[3.124s][info][gc] GC(9) Concurrent Mark Cycle 45.686ms
[3.870s][info][gc] GC(10) Pause Young (Prepare Mixed) (G1 Evacuation Pause) 178M->62M(256M) 9.779ms
[3.886s][info][gc] GC(11) Pause Young (Mixed) (G1 Evacuation Pause) 63M->64M(256M) 8.719ms
[4.221s][info][gc] GC(12) Pause Young (Concurrent Start) (CodeCache GC Threshold) 108M->67M(256M) 5.398ms
[4.221s][info][gc] GC(13) Concurrent Mark Cycle
[4.307s][info][gc] GC(13) Pause Remark 73M->73M(256M) 13.149ms
[4.336s][info][gc] GC(13) Pause Cleanup 76M->76M(256M) 0.142ms
[4.337s][info][gc] GC(13) Concurrent Mark Cycle 115.852ms
[5.662s][info][gc] GC(14) Pause Young (Concurrent Start) (CodeCache GC Threshold) 168M->76M(256M) 10.782ms
[5.662s][info][gc] GC(15) Concurrent Mark Cycle
[5.723s][info][gc] GC(15) Pause Remark 84M->84M(256M) 3.275ms
[5.743s][info][gc] GC(15) Pause Cleanup 85M->85M(256M) 0.124ms
[5.744s][info][gc] GC(15) Concurrent Mark Cycle 81.860ms
[7.211s][info][gc] GC(16) Pause Young (Concurrent Start) (CodeCache GC Threshold) 175M->78M(256M) 13.754ms
[7.211s][info][gc] GC(17) Concurrent Mark Cycle
[7.288s][info][gc] GC(17) Pause Remark 81M->81M(256M) 5.140ms
[7.324s][info][gc] GC(17) Pause Cleanup 84M->84M(256M) 0.169ms
[7.325s][info][gc] GC(17) Concurrent Mark Cycle 114.058ms
[7.450s][info][gc] GC(18) Pause Young (Concurrent Start) (CodeCache GC Threshold) 95M->78M(256M) 5.795ms
[7.450s][info][gc] GC(19) Concurrent Mark Cycle
[7.510s][info][gc] GC(19) Pause Remark 81M->72M(256M) 15.505ms
[7.541s][info][gc] GC(19) Pause Cleanup 73M->73M(256M) 0.146ms
[7.541s][info][gc] GC(19) Concurrent Mark Cycle 91.289ms
[30.129s][info][gc] GC(20) Pause Young (Concurrent Start) (CodeCache GC Threshold) 174M->74M(256M) 149.805ms
[30.130s][info][gc] GC(21) Concurrent Mark Cycle
[30.214s][info][gc] GC(21) Pause Remark 86M->86M(256M) 8.047ms
[30.251s][info][gc] GC(21) Pause Cleanup 93M->93M(256M) 0.151ms
[30.252s][info][gc] GC(21) Concurrent Mark Cycle 121.453ms
[32.838s][info][gc] GC(22) Pause Young (Prepare Mixed) (G1 Evacuation Pause) 197M->129M(266M) 67.574ms
[32.856s][info][gc] GC(23) Pause Young (Mixed) (G1 Evacuation Pause) 130M->131M(266M) 16.294ms
[33.156s][info][gc] GC(24) Pause Young (Concurrent Start) (CodeCache GC Threshold) 159M->134M(266M) 7.175ms
[33.156s][info][gc] GC(25) Concurrent Mark Cycle
[33.290s][info][gc] GC(25) Pause Remark 136M->136M(266M) 38.654ms
[33.364s][info][gc] GC(25) Pause Cleanup 137M->137M(266M) 0.591ms
[33.365s][info][gc] GC(25) Concurrent Mark Cycle 208.330ms
[39.179s][info][gc] GC(26) Pause Young (Prepare Mixed) (G1 Evacuation Pause) 191M->166M(266M) 19.436ms
[41.165s][info][gc] GC(27) Pause Young (Mixed) (G1 Evacuation Pause) 171M->167M(266M) 12.323ms
[51.180s][info][gc] GC(28) Pause Young (Concurrent Start) (G1 Evacuation Pause) 200M->170M(266M) 14.611ms
[51.180s][info][gc] GC(29) Concurrent Mark Cycle
[51.317s][info][gc] GC(29) Pause Remark 176M->176M(299M) 16.617ms
[51.392s][info][gc] GC(29) Pause Cleanup 176M->176M(299M) 0.304ms
[51.392s][info][gc] GC(29) Concurrent Mark Cycle 212.125ms
[53.245s][info][gc] GC(30) Pause Young (Concurrent Start) (CodeCache GC Threshold) 182M->171M(299M) 10.260ms
[53.245s][info][gc] GC(31) Concurrent Mark Cycle
[53.361s][info][gc] GC(31) Pause Remark 171M->171M(299M) 6.641ms
[53.442s][info][gc] GC(31) Pause Cleanup 171M->171M(299M) 0.261ms
[53.443s][info][gc] GC(31) Concurrent Mark Cycle 197.779ms
[61.290s][info][gc] GC(32) Pause Young (Concurrent Start) (CodeCache GC Threshold) 195M->173M(299M) 14.038ms
[61.291s][info][gc] GC(33) Concurrent Mark Cycle
[61.417s][info][gc] GC(33) Pause Remark 173M->173M(299M) 6.810ms
[61.491s][info][gc] GC(33) Pause Cleanup 173M->173M(299M) 0.313ms
[61.491s][info][gc] GC(33) Concurrent Mark Cycle 200.278ms
[67.336s][info][gc] GC(34) Pause Young (Concurrent Start) (CodeCache GC Threshold) 191M->175M(299M) 13.205ms
[67.336s][info][gc] GC(35) Concurrent Mark Cycle
[67.464s][info][gc] GC(35) Pause Remark 175M->175M(299M) 7.324ms
[67.545s][info][gc] GC(35) Pause Cleanup 175M->175M(299M) 0.554ms
[67.545s][info][gc] GC(35) Concurrent Mark Cycle 208.747ms
[89.265s][info][gc] GC(36) Pause Young (Prepare Mixed) (G1 Evacuation Pause) 232M->180M(299M) 20.273ms
[91.260s][info][gc] GC(37) Pause Young (Mixed) (G1 Evacuation Pause) 186M->177M(299M) 14.472ms
[101.376s][info][gc] GC(38) Pause Young (Concurrent Start) (CodeCache GC Threshold) 215M->181M(299M) 8.811ms
[101.376s][info][gc] GC(39) Concurrent Mark Cycle
[101.498s][info][gc] GC(39) Pause Remark 181M->181M(307M) 8.986ms
[101.597s][info][gc] GC(39) Pause Cleanup 181M->181M(307M) 0.589ms
[101.598s][info][gc] GC(39) Concurrent Mark Cycle 222.048ms
[123.312s][info][gc] GC(40) Pause Young (Prepare Mixed) (G1 Evacuation Pause) 238M->187M(307M) 17.578ms
[125.351s][info][gc] GC(41) Pause Young (Mixed) (G1 Evacuation Pause) 194M->179M(307M) 29.229ms
[147.345s][info][gc] GC(42) Pause Young (Concurrent Start) (G1 Evacuation Pause) 244M->187M(307M) 19.821ms
[147.345s][info][gc] GC(43) Concurrent Mark Cycle
[147.471s][info][gc] GC(43) Pause Remark 189M->189M(320M) 10.285ms
[147.582s][info][gc] GC(43) Pause Cleanup 189M->189M(320M) 0.813ms
[147.582s][info][gc] GC(43) Concurrent Mark Cycle 237.225ms
[169.347s][info][gc] GC(44) Pause Young (Prepare Mixed) (G1 Evacuation Pause) 247M->193M(320M) 21.254ms
[171.403s][info][gc] GC(45) Pause Young (Mixed) (G1 Evacuation Pause) 200M->181M(320M) 35.700ms
[197.323s][info][gc] GC(46) Pause Young (Concurrent Start) (G1 Evacuation Pause) 256M->188M(320M) 15.248ms
[197.323s][info][gc] GC(47) Concurrent Mark Cycle
[197.444s][info][gc] GC(47) Pause Remark 193M->193M(327M) 6.002ms
[197.555s][info][gc] GC(47) Pause Cleanup 193M->193M(327M) 0.397ms
[197.556s][info][gc] GC(47) Concurrent Mark Cycle 232.807ms
[223.328s][info][gc] GC(48) Pause Young (Prepare Mixed) (G1 Evacuation Pause) 258M->196M(327M) 20.253ms
[223.451s][info][gc] GC(49) Pause Young (Mixed) (G1 Evacuation Pause) 202M->184M(327M) 24.888ms
[251.360s][info][gc] GC(50) Pause Young (Concurrent Start) (G1 Evacuation Pause) 264M->192M(327M) 16.477ms
[251.360s][info][gc] GC(51) Concurrent Mark Cycle
[251.477s][info][gc] GC(51) Pause Remark 197M->197M(334M) 6.111ms
[251.595s][info][gc] GC(51) Pause Cleanup 197M->197M(334M) 0.424ms
[251.595s][info][gc] GC(51) Concurrent Mark Cycle 234.965ms
[277.400s][info][gc] GC(52) Pause Young (Prepare Mixed) (G1 Evacuation Pause) 265M->200M(334M) 19.726ms
[279.404s][info][gc] GC(53) Pause Young (Mixed) (G1 Evacuation Pause) 206M->186M(334M) 25.023ms
[283.448s][info][gc] GC(54) Pause Young (Mixed) (G1 Evacuation Pause) 200M->187M(334M) 12.661ms
[311.458s][info][gc] GC(55) Pause Young (Concurrent Start) (G1 Evacuation Pause) 271M->196M(334M) 16.788ms
[311.458s][info][gc] GC(56) Concurrent Mark Cycle
[311.582s][info][gc] GC(56) Pause Remark 198M->198M(334M) 6.976ms
[311.703s][info][gc] GC(56) Pause Cleanup 198M->198M(334M) 0.955ms
[311.704s][info][gc] GC(56) Concurrent Mark Cycle 246.060ms
[339.496s][info][gc] GC(57) Pause Young (Prepare Mixed) (G1 Evacuation Pause) 273M->204M(334M) 25.416ms
[341.458s][info][gc] GC(58) Pause Young (Mixed) (G1 Evacuation Pause) 209M->188M(334M) 26.318ms
[347.365s][info][gc] GC(59) Pause Young (Mixed) (G1 Evacuation Pause) 202M->188M(334M) 14.977ms
[373.967s][info][gc] GC(60) Pause Young (Concurrent Start) (G1 Evacuation Pause) 272M->197M(334M) 17.429ms
[373.968s][info][gc] GC(61) Concurrent Mark Cycle
[374.084s][info][gc] GC(61) Pause Remark 198M->198M(334M) 7.100ms
[374.199s][info][gc] GC(61) Pause Cleanup 198M->198M(334M) 0.645ms
[374.200s][info][gc] GC(61) Concurrent Mark Cycle 231.989ms
[403.415s][info][gc] GC(62) Pause Young (Prepare Mixed) (G1 Evacuation Pause) 274M->205M(334M) 22.634ms
[403.552s][info][gc] GC(63) Pause Young (Mixed) (G1 Evacuation Pause) 210M->184M(334M) 30.774ms
[409.433s][info][gc] GC(64) Pause Young (Mixed) (G1 Evacuation Pause) 198M->186M(334M) 13.682ms
[437.516s][info][gc] GC(65) Pause Young (Concurrent Start) (G1 Evacuation Pause) 272M->194M(334M) 16.065ms
[437.516s][info][gc] GC(66) Concurrent Mark Cycle
[437.631s][info][gc] GC(66) Pause Remark 195M->195M(334M) 5.830ms
[437.745s][info][gc] GC(66) Pause Cleanup 195M->195M(334M) 0.583ms
[437.746s][info][gc] GC(66) Concurrent Mark Cycle 229.357ms
[458.995s][info][gc] GC(67) Pause Young (Prepare Mixed) (G1 Evacuation Pause) 274M->215M(334M) 30.204ms
[459.478s][info][gc] GC(68) Pause Young (Mixed) (G1 Evacuation Pause) 219M->202M(334M) 25.911ms
[460.867s][info][gc] GC(69) Pause Young (Mixed) (G1 Evacuation Pause) 216M->208M(334M) 16.561ms
[463.797s][info][gc] GC(70) Pause Young (Concurrent Start) (CodeCache GC Threshold) 240M->224M(334M) 21.315ms
[463.797s][info][gc] GC(71) Concurrent Mark Cycle
[463.919s][info][gc] GC(71) Pause Remark 224M->224M(379M) 10.932ms
[464.046s][info][gc] GC(71) Pause Cleanup 225M->225M(379M) 0.712ms
[464.047s][info][gc] GC(71) Concurrent Mark Cycle 250.601ms
[471.428s][info][gc] GC(72) Pause Young (Prepare Mixed) (G1 Evacuation Pause) 260M->234M(379M) 20.496ms
[473.464s][info][gc] GC(73) Pause Young (Mixed) (G1 Evacuation Pause) 246M->219M(379M) 27.220ms
[475.489s][info][gc] GC(74) Pause Young (Mixed) (G1 Evacuation Pause) 234M->221M(379M) 20.264ms
[487.040s][info][gc] GC(75) Pause Young (Concurrent Start) (G1 Evacuation Pause) 280M->234M(379M) 16.443ms
[487.040s][info][gc] GC(76) Concurrent Mark Cycle
[487.175s][info][gc] GC(76) Pause Remark 235M->235M(395M) 9.208ms
[487.311s][info][gc] GC(76) Pause Cleanup 235M->235M(395M) 0.401ms
[487.312s][info][gc] GC(76) Concurrent Mark Cycle 272.434ms
[499.526s][info][gc] GC(77) Pause Young (Prepare Mixed) (G1 Evacuation Pause) 288M->242M(395M) 20.671ms
[501.560s][info][gc] GC(78) Pause Young (Mixed) (G1 Evacuation Pause) 253M->228M(395M) 24.652ms
[519.434s][info][gc] GC(79) Pause Young (Concurrent Start) (G1 Evacuation Pause) 297M->230M(395M) 14.031ms
[519.434s][info][gc] GC(80) Concurrent Mark Cycle
[519.603s][info][gc] GC(80) Pause Remark 237M->237M(399M) 9.423ms
[519.749s][info][gc] GC(80) Pause Cleanup 237M->237M(399M) 0.910ms
[519.749s][info][gc] GC(80) Concurrent Mark Cycle 315.212ms
[533.446s][info][gc] GC(81) Pause Young (Prepare Mixed) (G1 Evacuation Pause) 304M->245M(399M) 26.863ms
[535.480s][info][gc] GC(82) Pause Young (Mixed) (G1 Evacuation Pause) 254M->230M(399M) 31.117ms
[551.607s][info][gc] GC(83) Pause Young (Concurrent Start) (G1 Evacuation Pause) 305M->233M(399M) 12.721ms
[551.607s][info][gc] GC(84) Concurrent Mark Cycle
[551.750s][info][gc] GC(84) Pause Remark 234M->234M(399M) 10.187ms
[551.893s][info][gc] GC(84) Pause Cleanup 234M->234M(399M) 0.472ms
[551.894s][info][gc] GC(84) Concurrent Mark Cycle 286.767ms
[573.515s][info][gc] GC(85) Pause Young (Prepare Mixed) (G1 Evacuation Pause) 312M->236M(399M) 14.186ms
[575.528s][info][gc] GC(86) Pause Young (Concurrent Start) (CodeCache GC Threshold) 244M->235M(399M) 13.177ms
[575.529s][info][gc] GC(87) Concurrent Mark Cycle
[575.679s][info][gc] GC(87) Pause Remark 242M->242M(409M) 7.154ms
[575.840s][info][gc] GC(87) Pause Cleanup 242M->242M(409M) 0.481ms
[575.841s][info][gc] GC(87) Concurrent Mark Cycle 312.448ms
[591.556s][info][gc] GC(88) Pause Young (Prepare Mixed) (G1 Evacuation Pause) 316M->245M(409M) 17.695ms
[593.599s][info][gc] GC(89) Pause Young (Mixed) (G1 Evacuation Pause) 254M->228M(409M) 39.228ms
[597.518s][info][gc] GC(90) Pause Young (Mixed) (G1 Evacuation Pause) 245M->228M(409M) 13.706ms
[617.633s][info][gc] GC(91) Pause Young (Concurrent Start) (G1 Evacuation Pause) 322M->231M(409M) 13.030ms
[617.633s][info][gc] GC(92) Concurrent Mark Cycle
[617.769s][info][gc] GC(92) Pause Remark 236M->232M(409M) 9.951ms
[617.896s][info][gc] GC(92) Pause Cleanup 232M->232M(409M) 0.864ms
[617.897s][info][gc] GC(92) Concurrent Mark Cycle 263.922ms
[641.663s][info][gc] GC(93) Pause Young (Prepare Mixed) (G1 Evacuation Pause) 324M->230M(409M) 14.361ms
[643.699s][info][gc] GC(94) Pause Young (Mixed) (G1 Evacuation Pause) 241M->206M(409M) 27.999ms
[649.562s][info][gc] GC(95) Pause Young (Mixed) (G1 Evacuation Pause) 223M->196M(409M) 24.896ms
[691.687s][info][gc] GC(96) Pause Young (Concurrent Start) (G1 Evacuation Pause) 324M->209M(409M) 25.122ms
[691.688s][info][gc] GC(97) Concurrent Mark Cycle
[691.801s][info][gc] GC(97) Pause Remark 212M->212M(409M) 7.004ms
[691.909s][info][gc] GC(97) Pause Cleanup 212M->212M(409M) 1.102ms
[691.909s][info][gc] GC(97) Concurrent Mark Cycle 221.591ms
[737.698s][info][gc] GC(98) Pause Young (Prepare Mixed) (G1 Evacuation Pause) 327M->221M(409M) 28.501ms
[739.671s][info][gc] GC(99) Pause Young (Mixed) (G1 Evacuation Pause) 226M->198M(409M) 29.788ms
[745.600s][info][gc] GC(100) Pause Young (Mixed) (G1 Evacuation Pause) 215M->196M(409M) 13.816ms
[757.585s][info][gc] GC(101) Pause Young (Concurrent Start) (CodeCache GC Threshold) 231M->199M(409M) 9.091ms
[757.585s][info][gc] GC(102) Concurrent Mark Cycle
[757.698s][info][gc] GC(102) Pause Remark 201M->201M(409M) 5.557ms
[757.809s][info][gc] GC(102) Pause Cleanup 204M->204M(409M) 0.587ms
[757.810s][info][gc] GC(102) Concurrent Mark Cycle 224.607ms
[759.857s][info][gc] GC(103) Pause Young (Concurrent Start) (CodeCache GC Threshold) 223M->200M(409M) 6.082ms
[759.857s][info][gc] GC(104) Concurrent Mark Cycle
[760.052s][info][gc] GC(105) Pause Young (Normal) (G1 Evacuation Pause) 330M->206M(409M) 7.951ms
[760.089s][info][gc] GC(104) Pause Remark 232M->232M(409M) 9.290ms
[760.196s][info][gc] GC(106) Pause Young (Normal) (G1 Evacuation Pause) 334M->208M(409M) 9.097ms
[760.305s][info][gc] GC(107) Pause Young (Normal) (G1 Evacuation Pause) 339M->207M(409M) 9.265ms
[760.414s][info][gc] GC(108) Pause Young (Normal) (G1 Evacuation Pause) 343M->209M(409M) 10.296ms
[760.539s][info][gc] GC(109) Pause Young (Normal) (G1 Evacuation Pause) 347M->210M(532M) 13.690ms
[760.775s][info][gc] GC(104) Concurrent Mark Cycle 918.133ms
