[0.004s][info][gc] Using G1
[0.371s][info][gc] GC(0) Pause Young (Normal) (G1 Evacuation Pause) 13M->4M(260M) 4.344ms
[0.574s][info][gc] GC(1) Pause Young (Normal) (G1 Evacuation Pause) 14M->6M(260M) 5.784ms
[0.987s][info][gc] GC(2) Pause Young (Normal) (G1 Evacuation Pause) 20M->9M(260M) 8.430ms
[1.573s][info][gc] GC(3) Pause Young (Normal) (G1 Evacuation Pause) 35M->13M(260M) 12.244ms
[1.715s][info][gc] GC(4) Pause Young (Concurrent Start) (Metadata GC Threshold) 21M->15M(260M) 8.738ms
[1.715s][info][gc] GC(5) Concurrent Mark Cycle
[1.736s][info][gc] GC(5) Pause Remark 15M->15M(256M) 5.114ms
[1.744s][info][gc] GC(5) Pause Cleanup 15M->15M(256M) 0.057ms
[1.747s][info][gc] GC(5) Concurrent Mark Cycle 31.865ms
[2.236s][info][gc] GC(6) Pause Young (Prepare Mixed) (G1 Evacuation Pause) 55M->19M(256M) 9.684ms
[2.266s][info][gc] GC(7) Pause Young (Mixed) (G1 Evacuation Pause) 25M->19M(308M) 8.513ms
[2.531s][info][gc] GC(8) Pause Young (Concurrent Start) (CodeCache GC Threshold) 77M->21M(308M) 2.554ms
[2.531s][info][gc] GC(9) Concurrent Mark Cycle
[2.564s][info][gc] GC(9) Pause Remark 22M->22M(256M) 3.301ms
[2.602s][info][gc] GC(9) Pause Cleanup 24M->24M(256M) 0.047ms
[2.604s][info][gc] GC(9) Concurrent Mark Cycle 72.294ms
[4.555s][info][gc] GC(10) Pause Young (Concurrent Start) (CodeCache GC Threshold) 181M->36M(256M) 19.373ms
[4.555s][info][gc] GC(11) Concurrent Mark Cycle
[4.622s][info][gc] GC(11) Pause Remark 38M->38M(256M) 4.948ms
[4.646s][info][gc] GC(11) Pause Cleanup 39M->39M(256M) 0.047ms
[4.661s][info][gc] GC(11) Concurrent Mark Cycle 105.315ms
[6.080s][info][gc] GC(12) Pause Young (Concurrent Start) (CodeCache GC Threshold) 128M->35M(256M) 18.353ms
[6.080s][info][gc] GC(13) Concurrent Mark Cycle
[6.150s][info][gc] GC(13) Pause Remark 39M->39M(256M) 5.819ms
[6.186s][info][gc] GC(13) Pause Cleanup 40M->40M(256M) 0.048ms
[6.187s][info][gc] GC(13) Concurrent Mark Cycle 106.342ms
[6.233s][info][gc] GC(14) Pause Young (Concurrent Start) (CodeCache GC Threshold) 45M->32M(256M) 8.171ms
[6.233s][info][gc] GC(15) Concurrent Mark Cycle
[6.292s][info][gc] GC(15) Pause Remark 34M->34M(256M) 6.119ms
[6.318s][info][gc] GC(15) Pause Cleanup 35M->35M(256M) 0.047ms
[6.319s][info][gc] GC(15) Concurrent Mark Cycle 85.130ms
[50.534s][info][gc] GC(16) Pause Young (Concurrent Start) (CodeCache GC Threshold) 121M->43M(256M) 27.162ms
[50.534s][info][gc] GC(17) Concurrent Mark Cycle
[50.589s][info][gc] GC(17) Pause Remark 44M->44M(256M) 9.735ms
[50.607s][info][gc] GC(17) Pause Cleanup 44M->44M(256M) 0.045ms
[50.607s][info][gc] GC(17) Concurrent Mark Cycle 72.800ms
[62.987s][info][gc] GC(18) Pause Young (Prepare Mixed) (G1 Evacuation Pause) 175M->55M(256M) 39.056ms
[63.023s][info][gc] GC(19) Pause Young (Mixed) (G1 Evacuation Pause) 57M->56M(256M) 22.357ms
[63.470s][info][gc] GC(20) Pause Young (Concurrent Start) (CodeCache GC Threshold) 69M->57M(256M) 9.084ms
[63.470s][info][gc] GC(21) Concurrent Mark Cycle
[63.628s][info][gc] GC(21) Pause Remark 68M->68M(256M) 26.679ms
[63.679s][info][gc] GC(21) Pause Cleanup 68M->68M(256M) 0.120ms
[63.680s][info][gc] GC(21) Concurrent Mark Cycle 209.212ms
[63.999s][info][gc] GC(22) Pause Young (Concurrent Start) (CodeCache GC Threshold) 76M->59M(256M) 13.442ms
[63.999s][info][gc] GC(23) Concurrent Mark Cycle
[64.155s][info][gc] GC(23) Pause Remark 72M->72M(256M) 15.729ms
[64.197s][info][gc] GC(23) Pause Cleanup 72M->72M(256M) 0.050ms
[64.197s][info][gc] GC(23) Concurrent Mark Cycle 198.585ms
[69.483s][info][gc] GC(24) Pause Young (Prepare Mixed) (G1 Evacuation Pause) 191M->64M(256M) 72.793ms
[69.512s][info][gc] GC(25) Pause Young (Mixed) (G1 Evacuation Pause) 66M->64M(256M) 23.314ms
[69.992s][info][gc] GC(26) Pause Young (Concurrent Start) (CodeCache GC Threshold) 88M->68M(256M) 24.260ms
[69.992s][info][gc] GC(27) Concurrent Mark Cycle
[70.210s][info][gc] GC(27) Pause Remark 83M->83M(256M) 15.372ms
[70.263s][info][gc] GC(27) Pause Cleanup 83M->83M(256M) 0.061ms
[70.263s][info][gc] GC(27) Concurrent Mark Cycle 270.898ms
[73.127s][info][gc] GC(28) Pause Young (Prepare Mixed) (G1 Evacuation Pause) 190M->74M(256M) 27.506ms
[73.168s][info][gc] GC(29) Pause Young (Mixed) (G1 Evacuation Pause) 76M->72M(256M) 26.215ms
[74.210s][info][gc] GC(30) Pause Young (Concurrent Start) (CodeCache GC Threshold) 119M->80M(256M) 27.340ms
[74.210s][info][gc] GC(31) Concurrent Mark Cycle
[74.337s][info][gc] GC(31) Pause Remark 80M->80M(256M) 18.706ms
[74.389s][info][gc] GC(31) Pause Cleanup 80M->80M(256M) 0.099ms
[74.389s][info][gc] GC(31) Concurrent Mark Cycle 179.548ms
[74.614s][info][gc] GC(32) Pause Young (Concurrent Start) (CodeCache GC Threshold) 90M->81M(256M) 58.119ms
[74.614s][info][gc] GC(33) Concurrent Mark Cycle
[74.780s][info][gc] GC(33) Pause Remark 96M->96M(256M) 13.074ms
[74.838s][info][gc] GC(33) Pause Cleanup 96M->96M(256M) 0.061ms
[74.839s][info][gc] GC(33) Concurrent Mark Cycle 224.451ms
[75.845s][info][gc] GC(34) Pause Young (Concurrent Start) (CodeCache GC Threshold) 145M->89M(256M) 39.623ms
[75.845s][info][gc] GC(35) Concurrent Mark Cycle
[75.993s][info][gc] GC(35) Pause Remark 97M->97M(256M) 15.942ms
[76.116s][info][gc] GC(35) Pause Cleanup 109M->109M(256M) 0.067ms
[76.116s][info][gc] GC(35) Concurrent Mark Cycle 271.506ms
[77.693s][info][gc] GC(36) Pause Young (Prepare Mixed) (G1 Evacuation Pause) 185M->92M(256M) 32.187ms
[77.755s][info][gc] GC(37) Pause Young (Mixed) (G1 Evacuation Pause) 94M->78M(256M) 47.071ms
[79.570s][info][gc] GC(38) Pause Young (Normal) (G1 Evacuation Pause) 184M->89M(768M) 61.019ms
[80.514s][info][gc] GC(39) Pause Young (Concurrent Start) (CodeCache GC Threshold) 150M->91M(768M) 43.106ms
[80.514s][info][gc] GC(40) Concurrent Mark Cycle
[80.639s][info][gc] GC(40) Pause Remark 98M->98M(348M) 13.357ms
[80.707s][info][gc] GC(40) Pause Cleanup 103M->103M(348M) 0.070ms
[80.708s][info][gc] GC(40) Concurrent Mark Cycle 194.698ms
[83.813s][info][gc] GC(41) Pause Young (Prepare Mixed) (G1 Evacuation Pause) 283M->93M(348M) 40.446ms
[83.852s][info][gc] GC(42) Pause Young (Mixed) (G1 Evacuation Pause) 95M->88M(348M) 32.668ms
[86.025s][info][gc] GC(43) Pause Young (Normal) (G1 Evacuation Pause) 254M->103M(348M) 43.694ms
[87.997s][info][gc] GC(44) Pause Young (Normal) (G1 Evacuation Pause) 257M->106M(348M) 51.303ms
[89.742s][info][gc] GC(45) Pause Young (Normal) (G1 Evacuation Pause) 258M->107M(348M) 43.042ms
[91.487s][info][gc] GC(46) Pause Young (Normal) (G1 Evacuation Pause) 259M->109M(348M) 48.988ms
[93.122s][info][gc] GC(47) Pause Young (Normal) (G1 Evacuation Pause) 261M->108M(900M) 53.248ms
[98.979s][info][gc] GC(48) Pause Young (Normal) (G1 Evacuation Pause) 628M->108M(900M) 57.717ms
[105.069s][info][gc] GC(49) Pause Young (Normal) (G1 Evacuation Pause) 628M->109M(900M) 68.800ms
[110.943s][info][gc] GC(50) Pause Young (Normal) (G1 Evacuation Pause) 629M->109M(900M) 58.271ms
[117.255s][info][gc] GC(51) Pause Young (Normal) (G1 Evacuation Pause) 629M->109M(900M) 71.861ms
[123.147s][info][gc] GC(52) Pause Young (Normal) (G1 Evacuation Pause) 629M->110M(900M) 51.183ms
[129.179s][info][gc] GC(53) Pause Young (Normal) (G1 Evacuation Pause) 628M->106M(900M) 48.493ms
[135.324s][info][gc] GC(54) Pause Young (Normal) (G1 Evacuation Pause) 628M->110M(900M) 53.233ms
[141.100s][info][gc] GC(55) Pause Young (Normal) (G1 Evacuation Pause) 628M->110M(900M) 50.089ms
[147.401s][info][gc] GC(56) Pause Young (Normal) (G1 Evacuation Pause) 628M->110M(900M) 68.343ms
[153.465s][info][gc] GC(57) Pause Young (Normal) (G1 Evacuation Pause) 628M->109M(900M) 64.424ms
[159.173s][info][gc] GC(58) Pause Young (Normal) (G1 Evacuation Pause) 629M->110M(900M) 50.248ms
[165.309s][info][gc] GC(59) Pause Young (Normal) (G1 Evacuation Pause) 628M->107M(900M) 51.206ms
[171.580s][info][gc] GC(60) Pause Young (Normal) (G1 Evacuation Pause) 629M->108M(900M) 50.653ms
[177.153s][info][gc] GC(61) Pause Young (Normal) (G1 Evacuation Pause) 628M->110M(900M) 48.918ms
[183.745s][info][gc] GC(62) Pause Young (Normal) (G1 Evacuation Pause) 628M->102M(900M) 37.380ms
[190.208s][info][gc] GC(63) Pause Young (Normal) (G1 Evacuation Pause) 628M->111M(900M) 89.182ms
[195.840s][info][gc] GC(64) Pause Young (Normal) (G1 Evacuation Pause) 629M->110M(900M) 47.939ms
[202.128s][info][gc] GC(65) Pause Young (Normal) (G1 Evacuation Pause) 630M->102M(900M) 35.708ms
[208.984s][info][gc] GC(66) Pause Young (Normal) (G1 Evacuation Pause) 630M->112M(900M) 96.631ms
[214.599s][info][gc] GC(67) Pause Young (Normal) (G1 Evacuation Pause) 630M->106M(900M) 40.797ms
[221.116s][info][gc] GC(68) Pause Young (Normal) (G1 Evacuation Pause) 630M->107M(900M) 51.370ms
[227.306s][info][gc] GC(69) Pause Young (Normal) (G1 Evacuation Pause) 629M->111M(900M) 86.376ms
[233.424s][info][gc] GC(70) Pause Young (Normal) (G1 Evacuation Pause) 629M->110M(900M) 47.675ms
[239.515s][info][gc] GC(71) Pause Young (Normal) (G1 Evacuation Pause) 630M->111M(900M) 56.730ms
[245.476s][info][gc] GC(72) Pause Young (Normal) (G1 Evacuation Pause) 629M->111M(900M) 54.676ms
[251.451s][info][gc] GC(73) Pause Young (Normal) (G1 Evacuation Pause) 629M->111M(900M) 67.432ms
[257.311s][info][gc] GC(74) Pause Young (Normal) (G1 Evacuation Pause) 629M->112M(900M) 64.719ms
[263.048s][info][gc] GC(75) Pause Young (Normal) (G1 Evacuation Pause) 630M->112M(900M) 55.424ms
[268.844s][info][gc] GC(76) Pause Young (Normal) (G1 Evacuation Pause) 630M->112M(900M) 53.276ms
[274.655s][info][gc] GC(77) Pause Young (Normal) (G1 Evacuation Pause) 630M->113M(900M) 49.283ms
[280.496s][info][gc] GC(78) Pause Young (Normal) (G1 Evacuation Pause) 631M->112M(900M) 60.612ms
[286.196s][info][gc] GC(79) Pause Young (Normal) (G1 Evacuation Pause) 630M->112M(900M) 64.351ms
[291.949s][info][gc] GC(80) Pause Young (Normal) (G1 Evacuation Pause) 630M->112M(900M) 56.579ms
[297.787s][info][gc] GC(81) Pause Young (Normal) (G1 Evacuation Pause) 630M->113M(900M) 62.800ms
[303.416s][info][gc] GC(82) Pause Young (Concurrent Start) (CodeCache GC Threshold) 618M->113M(900M) 58.587ms
[303.416s][info][gc] GC(83) Concurrent Mark Cycle
[303.596s][info][gc] GC(83) Pause Remark 133M->133M(454M) 14.993ms
[303.691s][info][gc] GC(83) Pause Cleanup 142M->142M(454M) 0.149ms
[303.693s][info][gc] GC(83) Concurrent Mark Cycle 276.714ms
[306.101s][info][gc] GC(84) Pause Young (Prepare Mixed) (G1 Evacuation Pause) 363M->112M(454M) 56.637ms
[306.150s][info][gc] GC(85) Pause Young (Mixed) (G1 Evacuation Pause) 114M->99M(454M) 41.258ms
[308.940s][info][gc] GC(86) Pause Young (Normal) (G1 Evacuation Pause) 361M->117M(454M) 54.577ms
[311.619s][info][gc] GC(87) Pause Young (Normal) (G1 Evacuation Pause) 361M->117M(454M) 61.600ms
[314.296s][info][gc] GC(88) Pause Young (Normal) (G1 Evacuation Pause) 359M->118M(454M) 84.773ms
[316.862s][info][gc] GC(89) Pause Young (Normal) (G1 Evacuation Pause) 360M->118M(454M) 59.479ms
[319.966s][info][gc] GC(90) Pause Young (Normal) (G1 Evacuation Pause) 358M->119M(454M) 93.055ms
[322.357s][info][gc] GC(91) Pause Young (Normal) (G1 Evacuation Pause) 357M->113M(454M) 36.332ms
[325.386s][info][gc] GC(92) Pause Young (Normal) (G1 Evacuation Pause) 361M->119M(454M) 94.781ms
[327.812s][info][gc] GC(93) Pause Young (Normal) (G1 Evacuation Pause) 359M->117M(1126M) 49.721ms
[332.359s][info][gc] GC(94) Pause Young (Concurrent Start) (CodeCache GC Threshold) 491M->109M(1126M) 31.687ms
[332.359s][info][gc] GC(95) Concurrent Mark Cycle
[332.627s][info][gc] GC(95) Pause Remark 133M->133M(460M) 23.254ms
[332.868s][info][gc] GC(95) Pause Cleanup 162M->162M(460M) 0.101ms
[332.870s][info][gc] GC(95) Concurrent Mark Cycle 511.342ms
[335.172s][info][gc] GC(96) Pause Young (Prepare Mixed) (G1 Evacuation Pause) 375M->154M(460M) 95.076ms
[335.235s][info][gc] GC(97) Pause Young (Mixed) (G1 Evacuation Pause) 156M->126M(460M) 53.721ms
[337.509s][info][gc] GC(98) Pause Young (Normal) (G1 Evacuation Pause) 342M->149M(460M) 119.669ms
[337.674s][info][gc] GC(99) Pause Young (Concurrent Start) (CodeCache GC Threshold) 168M->149M(460M) 53.729ms
[337.674s][info][gc] GC(100) Concurrent Mark Cycle
[338.071s][info][gc] GC(100) Pause Remark 202M->202M(460M) 21.789ms
[338.221s][info][gc] GC(100) Pause Cleanup 206M->206M(460M) 0.099ms
[338.223s][info][gc] GC(100) Concurrent Mark Cycle 549.213ms
[339.658s][info][gc] GC(101) Pause Young (Prepare Mixed) (G1 Evacuation Pause) 337M->166M(460M) 62.894ms
[339.731s][info][gc] GC(102) Pause Young (Mixed) (G1 Evacuation Pause) 168M->140M(1166M) 59.978ms
[340.666s][info][gc] GC(103) Pause Young (Concurrent Start) (CodeCache GC Threshold) 235M->158M(1166M) 66.860ms
[340.667s][info][gc] GC(104) Concurrent Mark Cycle
[341.053s][info][gc] GC(104) Pause Remark 213M->213M(728M) 21.573ms
[341.190s][info][gc] GC(104) Pause Cleanup 220M->220M(728M) 0.136ms
[341.192s][info][gc] GC(104) Concurrent Mark Cycle 525.922ms
[344.978s][info][gc] GC(105) Pause Young (Prepare Mixed) (G1 Evacuation Pause) 574M->163M(728M) 67.082ms
[345.065s][info][gc] GC(106) Pause Young (Mixed) (G1 Evacuation Pause) 173M->139M(728M) 53.464ms
[348.610s][info][gc] GC(107) Pause Young (Normal) (G1 Evacuation Pause) 529M->163M(728M) 98.141ms
[351.776s][info][gc] GC(108) Pause Young (Normal) (G1 Evacuation Pause) 541M->166M(728M) 84.621ms
[354.714s][info][gc] GC(109) Pause Young (Normal) (G1 Evacuation Pause) 550M->168M(728M) 93.843ms
[357.360s][info][gc] GC(110) Pause Young (Normal) (G1 Evacuation Pause) 554M->170M(728M) 77.480ms
[360.143s][info][gc] GC(111) Pause Young (Normal) (G1 Evacuation Pause) 560M->173M(728M) 87.345ms
[362.673s][info][gc] GC(112) Pause Young (Normal) (G1 Evacuation Pause) 563M->175M(728M) 82.858ms
[365.166s][info][gc] GC(113) Pause Young (Normal) (G1 Evacuation Pause) 563M->177M(728M) 99.625ms
[367.449s][info][gc] GC(114) Pause Young (Normal) (G1 Evacuation Pause) 565M->179M(728M) 89.079ms
[369.716s][info][gc] GC(115) Pause Young (Normal) (G1 Evacuation Pause) 563M->180M(728M) 91.972ms
[371.965s][info][gc] GC(116) Pause Young (Normal) (G1 Evacuation Pause) 564M->183M(728M) 96.072ms
[374.155s][info][gc] GC(117) Pause Young (Normal) (G1 Evacuation Pause) 563M->184M(728M) 106.280ms
[376.373s][info][gc] GC(118) Pause Young (Normal) (G1 Evacuation Pause) 562M->184M(728M) 126.143ms
[378.549s][info][gc] GC(119) Pause Young (Normal) (G1 Evacuation Pause) 560M->185M(728M) 131.941ms
[380.715s][info][gc] GC(120) Pause Young (Normal) (G1 Evacuation Pause) 561M->185M(728M) 131.935ms
[382.880s][info][gc] GC(121) Pause Young (Normal) (G1 Evacuation Pause) 559M->185M(802M) 124.023ms
[385.394s][info][gc] GC(122) Pause Young (Normal) (G1 Evacuation Pause) 623M->174M(802M) 89.285ms
[388.141s][info][gc] GC(123) Pause Young (Normal) (G1 Evacuation Pause) 626M->179M(802M) 97.321ms
[390.729s][info][gc] GC(124) Pause Young (Normal) (G1 Evacuation Pause) 627M->181M(802M) 91.215ms
[393.185s][info][gc] GC(125) Pause Young (Normal) (G1 Evacuation Pause) 627M->186M(802M) 94.036ms
[395.621s][info][gc] GC(126) Pause Young (Normal) (G1 Evacuation Pause) 628M->187M(802M) 101.126ms
[398.054s][info][gc] GC(127) Pause Young (Normal) (G1 Evacuation Pause) 629M->186M(802M) 106.564ms
[400.431s][info][gc] GC(128) Pause Young (Normal) (G1 Evacuation Pause) 628M->186M(802M) 94.957ms
[402.928s][info][gc] GC(129) Pause Young (Normal) (G1 Evacuation Pause) 628M->186M(802M) 97.078ms
[405.308s][info][gc] GC(130) Pause Young (Normal) (G1 Evacuation Pause) 628M->187M(802M) 96.683ms
[407.702s][info][gc] GC(131) Pause Young (Normal) (G1 Evacuation Pause) 629M->186M(802M) 100.845ms
[410.215s][info][gc] GC(132) Pause Young (Normal) (G1 Evacuation Pause) 628M->186M(802M) 95.870ms
[412.608s][info][gc] GC(133) Pause Young (Normal) (G1 Evacuation Pause) 628M->187M(802M) 97.255ms
[414.990s][info][gc] GC(134) Pause Young (Normal) (G1 Evacuation Pause) 629M->186M(802M) 97.331ms
[417.488s][info][gc] GC(135) Pause Young (Normal) (G1 Evacuation Pause) 628M->187M(802M) 96.630ms
[419.869s][info][gc] GC(136) Pause Young (Normal) (G1 Evacuation Pause) 629M->187M(802M) 97.913ms
[422.256s][info][gc] GC(137) Pause Young (Normal) (G1 Evacuation Pause) 629M->187M(802M) 101.560ms
[424.709s][info][gc] GC(138) Pause Young (Normal) (G1 Evacuation Pause) 629M->188M(802M) 100.452ms
[427.125s][info][gc] GC(139) Pause Young (Normal) (G1 Evacuation Pause) 630M->188M(802M) 99.274ms
[429.513s][info][gc] GC(140) Pause Young (Normal) (G1 Evacuation Pause) 630M->188M(802M) 98.489ms
[432.052s][info][gc] GC(141) Pause Young (Normal) (G1 Evacuation Pause) 630M->188M(802M) 100.995ms
[434.435s][info][gc] GC(142) Pause Young (Normal) (G1 Evacuation Pause) 628M->188M(802M) 100.683ms
[436.859s][info][gc] GC(143) Pause Young (Normal) (G1 Evacuation Pause) 628M->188M(802M) 119.099ms
[439.263s][info][gc] GC(144) Pause Young (Normal) (G1 Evacuation Pause) 628M->188M(802M) 100.344ms
[441.695s][info][gc] GC(145) Pause Young (Normal) (G1 Evacuation Pause) 630M->188M(802M) 113.503ms
[444.131s][info][gc] GC(146) Pause Young (Normal) (G1 Evacuation Pause) 628M->189M(802M) 105.862ms
[446.603s][info][gc] GC(147) Pause Young (Normal) (G1 Evacuation Pause) 629M->189M(802M) 104.192ms
[448.989s][info][gc] GC(148) Pause Young (Normal) (G1 Evacuation Pause) 629M->189M(802M) 98.952ms
[451.376s][info][gc] GC(149) Pause Young (Normal) (G1 Evacuation Pause) 629M->189M(802M) 103.345ms
[453.800s][info][gc] GC(150) Pause Young (Normal) (G1 Evacuation Pause) 629M->188M(802M) 103.621ms
[456.216s][info][gc] GC(151) Pause Young (Normal) (G1 Evacuation Pause) 630M->188M(802M) 108.308ms
[458.621s][info][gc] GC(152) Pause Young (Normal) (G1 Evacuation Pause) 630M->189M(802M) 98.983ms
[461.042s][info][gc] GC(153) Pause Young (Normal) (G1 Evacuation Pause) 629M->189M(802M) 111.831ms
[463.451s][info][gc] GC(154) Pause Young (Normal) (G1 Evacuation Pause) 629M->188M(802M) 96.510ms
[465.846s][info][gc] GC(155) Pause Young (Normal) (G1 Evacuation Pause) 628M->190M(802M) 104.215ms
[468.248s][info][gc] GC(156) Pause Young (Normal) (G1 Evacuation Pause) 630M->189M(802M) 105.275ms
[470.634s][info][gc] GC(157) Pause Young (Normal) (G1 Evacuation Pause) 631M->190M(802M) 101.655ms
[473.027s][info][gc] GC(158) Pause Young (Normal) (G1 Evacuation Pause) 632M->189M(802M) 101.190ms
[475.449s][info][gc] GC(159) Pause Young (Normal) (G1 Evacuation Pause) 631M->190M(802M) 103.215ms
[477.840s][info][gc] GC(160) Pause Young (Normal) (G1 Evacuation Pause) 632M->190M(802M) 97.254ms
[480.227s][info][gc] GC(161) Pause Young (Normal) (G1 Evacuation Pause) 632M->190M(802M) 99.642ms
[482.656s][info][gc] GC(162) Pause Young (Normal) (G1 Evacuation Pause) 632M->189M(802M) 99.545ms
[485.099s][info][gc] GC(163) Pause Young (Normal) (G1 Evacuation Pause) 631M->190M(802M) 103.978ms
[487.505s][info][gc] GC(164) Pause Young (Normal) (G1 Evacuation Pause) 632M->190M(802M) 109.872ms
[490.038s][info][gc] GC(165) Pause Young (Normal) (G1 Evacuation Pause) 630M->190M(802M) 107.978ms
[492.446s][info][gc] GC(166) Pause Young (Normal) (G1 Evacuation Pause) 630M->190M(802M) 100.157ms
[494.823s][info][gc] GC(167) Pause Young (Normal) (G1 Evacuation Pause) 630M->190M(802M) 101.296ms
[497.237s][info][gc] GC(168) Pause Young (Normal) (G1 Evacuation Pause) 630M->190M(802M) 96.010ms
[499.681s][info][gc] GC(169) Pause Young (Normal) (G1 Evacuation Pause) 630M->186M(802M) 96.017ms
[502.151s][info][gc] GC(170) Pause Young (Normal) (G1 Evacuation Pause) 630M->190M(802M) 101.742ms
[504.541s][info][gc] GC(171) Pause Young (Normal) (G1 Evacuation Pause) 630M->190M(802M) 108.866ms
[506.952s][info][gc] GC(172) Pause Young (Normal) (G1 Evacuation Pause) 630M->190M(802M) 99.511ms
[509.345s][info][gc] GC(173) Pause Young (Normal) (G1 Evacuation Pause) 630M->189M(802M) 101.749ms
[511.747s][info][gc] GC(174) Pause Young (Normal) (G1 Evacuation Pause) 629M->190M(802M) 106.122ms
[514.218s][info][gc] GC(175) Pause Young (Normal) (G1 Evacuation Pause) 632M->189M(802M) 105.748ms
