[0.004s][info][gc] Using G1
[0.378s][info][gc] GC(0) Pause Young (Normal) (G1 Evacuation Pause) 13M->4M(260M) 4.397ms
[0.600s][info][gc] GC(1) Pause Young (Normal) (G1 Evacuation Pause) 14M->6M(260M) 10.822ms
[0.948s][info][gc] GC(2) Pause Young (Normal) (G1 Evacuation Pause) 20M->9M(260M) 5.877ms
[1.498s][info][gc] GC(3) Pause Young (Normal) (G1 Evacuation Pause) 35M->13M(260M) 9.285ms
[1.690s][info][gc] GC(4) Pause Young (Concurrent Start) (Metadata GC Threshold) 21M->15M(260M) 12.694ms
[1.691s][info][gc] GC(5) Concurrent Mark Cycle
[1.724s][info][gc] GC(5) Pause Remark 16M->16M(256M) 3.264ms
[1.725s][info][gc] GC(5) Pause Cleanup 16M->16M(256M) 0.003ms
[1.731s][info][gc] GC(5) Concurrent Mark Cycle 39.865ms
[2.328s][info][gc] GC(6) Pause Young (Normal) (G1 Evacuation Pause) 63M->18M(256M) 13.976ms
[2.466s][info][gc] GC(7) Pause Young (Concurrent Start) (CodeCache GC Threshold) 47M->19M(308M) 5.206ms
[2.466s][info][gc] GC(8) Concurrent Mark Cycle
[2.511s][info][gc] GC(8) Pause Remark 26M->26M(256M) 3.148ms
[2.511s][info][gc] GC(8) Pause Cleanup 26M->26M(256M) 0.004ms
[2.513s][info][gc] GC(8) Concurrent Mark Cycle 47.022ms
[3.721s][info][gc] GC(9) Pause Young (Normal) (G1 Evacuation Pause) 131M->32M(256M) 15.660ms
[4.521s][info][gc] GC(10) Pause Young (Concurrent Start) (CodeCache GC Threshold) 112M->31M(256M) 16.674ms
[4.521s][info][gc] GC(11) Concurrent Mark Cycle
[4.551s][info][gc] GC(11) Pause Remark 32M->30M(256M) 4.934ms
[4.596s][info][gc] GC(11) Pause Cleanup 32M->32M(256M) 0.048ms
[4.599s][info][gc] GC(11) Concurrent Mark Cycle 78.601ms
[5.953s][info][gc] GC(12) Pause Young (Concurrent Start) (CodeCache GC Threshold) 120M->35M(256M) 11.260ms
[5.953s][info][gc] GC(13) Concurrent Mark Cycle
[6.014s][info][gc] GC(13) Pause Remark 39M->39M(256M) 5.593ms
[6.057s][info][gc] GC(13) Pause Cleanup 40M->40M(256M) 0.053ms
[6.058s][info][gc] GC(13) Concurrent Mark Cycle 104.528ms
[40.997s][info][gc] GC(14) Pause Young (Concurrent Start) (CodeCache GC Threshold) 107M->35M(256M) 22.872ms
[40.997s][info][gc] GC(15) Concurrent Mark Cycle
[41.060s][info][gc] GC(15) Pause Remark 43M->43M(256M) 10.273ms
[41.078s][info][gc] GC(15) Pause Cleanup 45M->45M(256M) 0.049ms
[41.079s][info][gc] GC(15) Concurrent Mark Cycle 81.515ms
[41.135s][info][gc] GC(16) Pause Young (Concurrent Start) (CodeCache GC Threshold) 45M->35M(256M) 12.860ms
[41.135s][info][gc] GC(17) Concurrent Mark Cycle
[41.195s][info][gc] GC(17) Pause Remark 39M->39M(256M) 14.937ms
[41.244s][info][gc] GC(17) Pause Cleanup 45M->45M(256M) 0.061ms
[41.245s][info][gc] GC(17) Concurrent Mark Cycle 109.719ms
[45.756s][info][gc] GC(18) Pause Young (Concurrent Start) (CodeCache GC Threshold) 108M->35M(256M) 21.567ms
[45.756s][info][gc] GC(19) Concurrent Mark Cycle
[45.832s][info][gc] GC(19) Pause Remark 46M->46M(256M) 10.620ms
[45.857s][info][gc] GC(19) Pause Cleanup 49M->49M(256M) 0.050ms
[45.857s][info][gc] GC(19) Concurrent Mark Cycle 100.769ms
[48.624s][info][gc] GC(20) Pause Young (Concurrent Start) (CodeCache GC Threshold) 111M->35M(256M) 14.821ms
[48.624s][info][gc] GC(21) Concurrent Mark Cycle
[48.681s][info][gc] GC(21) Pause Remark 39M->39M(256M) 11.144ms
[48.718s][info][gc] GC(21) Pause Cleanup 44M->44M(256M) 0.064ms
[48.719s][info][gc] GC(21) Concurrent Mark Cycle 95.593ms
[52.737s][info][gc] GC(22) Pause Young (Prepare Mixed) (G1 Evacuation Pause) 177M->36M(256M) 26.380ms
[52.759s][info][gc] GC(23) Pause Young (Mixed) (G1 Evacuation Pause) 38M->37M(256M) 21.690ms
[54.915s][info][gc] GC(24) Pause Young (Concurrent Start) (CodeCache GC Threshold) 154M->37M(256M) 5.959ms
[54.915s][info][gc] GC(25) Concurrent Mark Cycle
[55.031s][info][gc] GC(25) Pause Remark 47M->47M(256M) 20.076ms
[55.072s][info][gc] GC(25) Pause Cleanup 49M->49M(256M) 0.108ms
[55.073s][info][gc] GC(25) Concurrent Mark Cycle 157.518ms
[56.253s][info][gc] GC(26) Pause Young (Concurrent Start) (CodeCache GC Threshold) 114M->36M(256M) 6.946ms
[56.254s][info][gc] GC(27) Concurrent Mark Cycle
[56.356s][info][gc] GC(27) Pause Remark 46M->46M(256M) 10.693ms
[56.384s][info][gc] GC(27) Pause Cleanup 48M->48M(256M) 0.052ms
[56.385s][info][gc] GC(27) Concurrent Mark Cycle 130.998ms
[58.479s][info][gc] GC(28) Pause Young (Prepare Mixed) (G1 Evacuation Pause) 186M->37M(256M) 7.210ms
[58.557s][info][gc] GC(29) Pause Young (Mixed) (G1 Evacuation Pause) 45M->36M(256M) 10.305ms
[60.219s][info][gc] GC(30) Pause Young (Normal) (G1 Evacuation Pause) 186M->37M(256M) 19.741ms
[62.194s][info][gc] GC(31) Pause Young (Normal) (G1 Evacuation Pause) 187M->37M(256M) 7.556ms
[64.161s][info][gc] GC(32) Pause Young (Normal) (G1 Evacuation Pause) 185M->37M(256M) 7.474ms
[66.104s][info][gc] GC(33) Pause Young (Normal) (G1 Evacuation Pause) 185M->37M(256M) 9.918ms
[68.031s][info][gc] GC(34) Pause Young (Normal) (G1 Evacuation Pause) 185M->37M(256M) 6.471ms
[69.969s][info][gc] GC(35) Pause Young (Normal) (G1 Evacuation Pause) 185M->37M(256M) 8.547ms
[71.907s][info][gc] GC(36) Pause Young (Normal) (G1 Evacuation Pause) 185M->37M(256M) 6.804ms
[73.848s][info][gc] GC(37) Pause Young (Normal) (G1 Evacuation Pause) 185M->37M(256M) 9.381ms
[75.779s][info][gc] GC(38) Pause Young (Normal) (G1 Evacuation Pause) 185M->37M(256M) 6.589ms
[77.704s][info][gc] GC(39) Pause Young (Normal) (G1 Evacuation Pause) 185M->37M(256M) 6.738ms
[79.627s][info][gc] GC(40) Pause Young (Normal) (G1 Evacuation Pause) 185M->37M(256M) 7.090ms
[81.549s][info][gc] GC(41) Pause Young (Normal) (G1 Evacuation Pause) 185M->37M(256M) 9.110ms
[83.467s][info][gc] GC(42) Pause Young (Normal) (G1 Evacuation Pause) 185M->37M(256M) 7.171ms
[85.389s][info][gc] GC(43) Pause Young (Normal) (G1 Evacuation Pause) 185M->37M(256M) 6.154ms
[87.311s][info][gc] GC(44) Pause Young (Normal) (G1 Evacuation Pause) 185M->37M(256M) 9.267ms
[89.232s][info][gc] GC(45) Pause Young (Normal) (G1 Evacuation Pause) 185M->37M(256M) 8.376ms
[91.123s][info][gc] GC(46) Pause Young (Normal) (G1 Evacuation Pause) 185M->37M(256M) 10.755ms
[93.019s][info][gc] GC(47) Pause Young (Normal) (G1 Evacuation Pause) 185M->37M(256M) 7.086ms
[94.923s][info][gc] GC(48) Pause Young (Normal) (G1 Evacuation Pause) 185M->37M(256M) 6.480ms
[96.838s][info][gc] GC(49) Pause Young (Normal) (G1 Evacuation Pause) 185M->37M(256M) 7.871ms
[98.738s][info][gc] GC(50) Pause Young (Normal) (G1 Evacuation Pause) 185M->37M(256M) 8.019ms
[100.641s][info][gc] GC(51) Pause Young (Normal) (G1 Evacuation Pause) 185M->37M(256M) 8.250ms
[102.547s][info][gc] GC(52) Pause Young (Normal) (G1 Evacuation Pause) 185M->37M(256M) 10.924ms
[104.449s][info][gc] GC(53) Pause Young (Normal) (G1 Evacuation Pause) 185M->37M(256M) 9.238ms
[106.353s][info][gc] GC(54) Pause Young (Normal) (G1 Evacuation Pause) 185M->37M(256M) 9.150ms
[108.254s][info][gc] GC(55) Pause Young (Normal) (G1 Evacuation Pause) 185M->37M(256M) 7.142ms
[110.175s][info][gc] GC(56) Pause Young (Normal) (G1 Evacuation Pause) 185M->37M(256M) 10.670ms
[112.102s][info][gc] GC(57) Pause Young (Normal) (G1 Evacuation Pause) 185M->37M(256M) 12.538ms
[114.037s][info][gc] GC(58) Pause Young (Normal) (G1 Evacuation Pause) 185M->37M(256M) 8.745ms
[115.968s][info][gc] GC(59) Pause Young (Normal) (G1 Evacuation Pause) 185M->37M(256M) 10.265ms
[117.923s][info][gc] GC(60) Pause Young (Normal) (G1 Evacuation Pause) 185M->37M(256M) 6.877ms
[119.851s][info][gc] GC(61) Pause Young (Normal) (G1 Evacuation Pause) 185M->37M(256M) 6.787ms
[121.782s][info][gc] GC(62) Pause Young (Normal) (G1 Evacuation Pause) 185M->37M(256M) 6.706ms
[123.721s][info][gc] GC(63) Pause Young (Normal) (G1 Evacuation Pause) 185M->37M(256M) 10.231ms
[125.650s][info][gc] GC(64) Pause Young (Normal) (G1 Evacuation Pause) 185M->38M(256M) 7.364ms
[127.575s][info][gc] GC(65) Pause Young (Normal) (G1 Evacuation Pause) 186M->37M(256M) 6.348ms
[129.499s][info][gc] GC(66) Pause Young (Normal) (G1 Evacuation Pause) 185M->37M(256M) 6.670ms
[131.431s][info][gc] GC(67) Pause Young (Normal) (G1 Evacuation Pause) 185M->38M(256M) 9.615ms
[133.362s][info][gc] GC(68) Pause Young (Normal) (G1 Evacuation Pause) 186M->37M(256M) 7.369ms
[135.290s][info][gc] GC(69) Pause Young (Normal) (G1 Evacuation Pause) 185M->37M(256M) 6.991ms
[137.215s][info][gc] GC(70) Pause Young (Normal) (G1 Evacuation Pause) 185M->37M(256M) 6.439ms
[139.190s][info][gc] GC(71) Pause Young (Normal) (G1 Evacuation Pause) 185M->37M(256M) 5.712ms
[141.148s][info][gc] GC(72) Pause Young (Normal) (G1 Evacuation Pause) 185M->37M(256M) 14.379ms
[143.106s][info][gc] GC(73) Pause Young (Normal) (G1 Evacuation Pause) 187M->38M(256M) 8.334ms
[145.034s][info][gc] GC(74) Pause Young (Normal) (G1 Evacuation Pause) 186M->38M(256M) 8.429ms
[146.963s][info][gc] GC(75) Pause Young (Normal) (G1 Evacuation Pause) 186M->38M(256M) 10.410ms
[148.894s][info][gc] GC(76) Pause Young (Normal) (G1 Evacuation Pause) 186M->37M(256M) 7.472ms
[150.820s][info][gc] GC(77) Pause Young (Normal) (G1 Evacuation Pause) 185M->37M(256M) 9.082ms
[152.753s][info][gc] GC(78) Pause Young (Normal) (G1 Evacuation Pause) 185M->37M(256M) 5.619ms
[154.683s][info][gc] GC(79) Pause Young (Normal) (G1 Evacuation Pause) 185M->37M(256M) 6.724ms
[156.618s][info][gc] GC(80) Pause Young (Normal) (G1 Evacuation Pause) 185M->37M(256M) 10.186ms
[158.547s][info][gc] GC(81) Pause Young (Normal) (G1 Evacuation Pause) 185M->37M(256M) 9.900ms
[160.476s][info][gc] GC(82) Pause Young (Normal) (G1 Evacuation Pause) 185M->37M(256M) 9.697ms
[162.415s][info][gc] GC(83) Pause Young (Normal) (G1 Evacuation Pause) 185M->38M(256M) 6.950ms
[164.344s][info][gc] GC(84) Pause Young (Normal) (G1 Evacuation Pause) 186M->38M(256M) 10.056ms
[166.271s][info][gc] GC(85) Pause Young (Normal) (G1 Evacuation Pause) 186M->37M(256M) 10.258ms
[168.212s][info][gc] GC(86) Pause Young (Normal) (G1 Evacuation Pause) 185M->38M(256M) 10.628ms
[170.145s][info][gc] GC(87) Pause Young (Normal) (G1 Evacuation Pause) 186M->38M(256M) 7.992ms
[172.085s][info][gc] GC(88) Pause Young (Normal) (G1 Evacuation Pause) 186M->38M(256M) 9.647ms
[174.035s][info][gc] GC(89) Pause Young (Normal) (G1 Evacuation Pause) 186M->38M(256M) 6.398ms
[175.965s][info][gc] GC(90) Pause Young (Normal) (G1 Evacuation Pause) 186M->38M(256M) 7.867ms
[177.895s][info][gc] GC(91) Pause Young (Normal) (G1 Evacuation Pause) 186M->38M(256M) 6.307ms
[179.826s][info][gc] GC(92) Pause Young (Normal) (G1 Evacuation Pause) 186M->38M(256M) 7.706ms
[181.751s][info][gc] GC(93) Pause Young (Normal) (G1 Evacuation Pause) 186M->38M(256M) 6.789ms
[183.680s][info][gc] GC(94) Pause Young (Normal) (G1 Evacuation Pause) 186M->38M(256M) 6.192ms
[185.606s][info][gc] GC(95) Pause Young (Normal) (G1 Evacuation Pause) 186M->38M(256M) 7.803ms
[187.542s][info][gc] GC(96) Pause Young (Normal) (G1 Evacuation Pause) 186M->38M(256M) 7.572ms
[189.486s][info][gc] GC(97) Pause Young (Normal) (G1 Evacuation Pause) 186M->38M(256M) 7.011ms
[191.421s][info][gc] GC(98) Pause Young (Normal) (G1 Evacuation Pause) 186M->38M(256M) 10.437ms
[193.350s][info][gc] GC(99) Pause Young (Normal) (G1 Evacuation Pause) 186M->38M(256M) 10.328ms
[195.283s][info][gc] GC(100) Pause Young (Normal) (G1 Evacuation Pause) 186M->38M(256M) 10.209ms
[197.213s][info][gc] GC(101) Pause Young (Normal) (G1 Evacuation Pause) 186M->38M(256M) 9.547ms
[199.138s][info][gc] GC(102) Pause Young (Normal) (G1 Evacuation Pause) 186M->38M(256M) 6.985ms
[201.063s][info][gc] GC(103) Pause Young (Normal) (G1 Evacuation Pause) 186M->38M(256M) 6.301ms
[202.993s][info][gc] GC(104) Pause Young (Normal) (G1 Evacuation Pause) 186M->38M(256M) 8.708ms
[204.930s][info][gc] GC(105) Pause Young (Normal) (G1 Evacuation Pause) 186M->38M(256M) 7.191ms
[206.860s][info][gc] GC(106) Pause Young (Normal) (G1 Evacuation Pause) 186M->38M(256M) 10.274ms
[208.782s][info][gc] GC(107) Pause Young (Normal) (G1 Evacuation Pause) 186M->38M(256M) 6.868ms
[210.714s][info][gc] GC(108) Pause Young (Normal) (G1 Evacuation Pause) 186M->38M(256M) 7.592ms
[212.655s][info][gc] GC(109) Pause Young (Normal) (G1 Evacuation Pause) 186M->38M(256M) 6.748ms
[214.601s][info][gc] GC(110) Pause Young (Normal) (G1 Evacuation Pause) 186M->38M(256M) 9.239ms
[216.530s][info][gc] GC(111) Pause Young (Normal) (G1 Evacuation Pause) 186M->38M(256M) 8.083ms
[218.462s][info][gc] GC(112) Pause Young (Normal) (G1 Evacuation Pause) 186M->38M(256M) 7.685ms
[220.393s][info][gc] GC(113) Pause Young (Normal) (G1 Evacuation Pause) 186M->38M(256M) 8.466ms
[222.315s][info][gc] GC(114) Pause Young (Normal) (G1 Evacuation Pause) 186M->38M(256M) 6.430ms
[224.250s][info][gc] GC(115) Pause Young (Normal) (G1 Evacuation Pause) 186M->38M(256M) 7.390ms
[226.178s][info][gc] GC(116) Pause Young (Normal) (G1 Evacuation Pause) 186M->38M(256M) 7.891ms
[228.106s][info][gc] GC(117) Pause Young (Normal) (G1 Evacuation Pause) 186M->38M(256M) 7.738ms
[230.035s][info][gc] GC(118) Pause Young (Normal) (G1 Evacuation Pause) 186M->38M(256M) 6.787ms
[231.962s][info][gc] GC(119) Pause Young (Normal) (G1 Evacuation Pause) 186M->38M(256M) 7.949ms
[233.899s][info][gc] GC(120) Pause Young (Normal) (G1 Evacuation Pause) 186M->38M(256M) 11.710ms
[235.830s][info][gc] GC(121) Pause Young (Normal) (G1 Evacuation Pause) 186M->38M(256M) 13.260ms
[237.780s][info][gc] GC(122) Pause Young (Normal) (G1 Evacuation Pause) 186M->38M(256M) 9.732ms
[239.719s][info][gc] GC(123) Pause Young (Normal) (G1 Evacuation Pause) 186M->38M(256M) 12.138ms
[241.651s][info][gc] GC(124) Pause Young (Normal) (G1 Evacuation Pause) 186M->38M(256M) 10.342ms
[243.578s][info][gc] GC(125) Pause Young (Normal) (G1 Evacuation Pause) 186M->38M(256M) 8.062ms
[245.504s][info][gc] GC(126) Pause Young (Normal) (G1 Evacuation Pause) 186M->38M(256M) 10.390ms
[247.433s][info][gc] GC(127) Pause Young (Normal) (G1 Evacuation Pause) 186M->38M(256M) 8.832ms
[249.372s][info][gc] GC(128) Pause Young (Normal) (G1 Evacuation Pause) 186M->38M(256M) 10.270ms
[251.298s][info][gc] GC(129) Pause Young (Normal) (G1 Evacuation Pause) 186M->38M(256M) 7.799ms
[253.220s][info][gc] GC(130) Pause Young (Normal) (G1 Evacuation Pause) 186M->38M(256M) 9.973ms
[255.145s][info][gc] GC(131) Pause Young (Normal) (G1 Evacuation Pause) 186M->38M(256M) 9.257ms
[257.069s][info][gc] GC(132) Pause Young (Normal) (G1 Evacuation Pause) 186M->38M(256M) 9.461ms
[258.993s][info][gc] GC(133) Pause Young (Normal) (G1 Evacuation Pause) 186M->38M(256M) 8.139ms
[260.916s][info][gc] GC(134) Pause Young (Normal) (G1 Evacuation Pause) 186M->38M(256M) 7.874ms
[262.836s][info][gc] GC(135) Pause Young (Normal) (G1 Evacuation Pause) 186M->38M(256M) 10.281ms
[264.757s][info][gc] GC(136) Pause Young (Normal) (G1 Evacuation Pause) 186M->38M(256M) 9.723ms
[266.680s][info][gc] GC(137) Pause Young (Normal) (G1 Evacuation Pause) 186M->38M(256M) 7.631ms
[268.611s][info][gc] GC(138) Pause Young (Normal) (G1 Evacuation Pause) 186M->38M(256M) 10.917ms
[270.552s][info][gc] GC(139) Pause Young (Normal) (G1 Evacuation Pause) 186M->38M(256M) 7.238ms
[272.488s][info][gc] GC(140) Pause Young (Normal) (G1 Evacuation Pause) 186M->38M(256M) 8.974ms
[274.413s][info][gc] GC(141) Pause Young (Normal) (G1 Evacuation Pause) 186M->38M(256M) 9.882ms
[276.346s][info][gc] GC(142) Pause Young (Normal) (G1 Evacuation Pause) 186M->38M(256M) 7.267ms
[278.297s][info][gc] GC(143) Pause Young (Normal) (G1 Evacuation Pause) 186M->38M(256M) 7.586ms
[280.227s][info][gc] GC(144) Pause Young (Normal) (G1 Evacuation Pause) 186M->38M(256M) 6.954ms
[282.157s][info][gc] GC(145) Pause Young (Normal) (G1 Evacuation Pause) 186M->38M(256M) 8.018ms
[284.090s][info][gc] GC(146) Pause Young (Normal) (G1 Evacuation Pause) 186M->38M(256M) 10.342ms
[286.034s][info][gc] GC(147) Pause Young (Normal) (G1 Evacuation Pause) 186M->38M(256M) 7.210ms
[287.970s][info][gc] GC(148) Pause Young (Normal) (G1 Evacuation Pause) 186M->38M(256M) 7.545ms
[289.911s][info][gc] GC(149) Pause Young (Normal) (G1 Evacuation Pause) 186M->39M(256M) 14.096ms
[291.838s][info][gc] GC(150) Pause Young (Normal) (G1 Evacuation Pause) 187M->39M(256M) 6.743ms
[293.778s][info][gc] GC(151) Pause Young (Normal) (G1 Evacuation Pause) 187M->38M(256M) 10.354ms
[295.715s][info][gc] GC(152) Pause Young (Normal) (G1 Evacuation Pause) 186M->39M(256M) 6.730ms
[297.646s][info][gc] GC(153) Pause Young (Normal) (G1 Evacuation Pause) 187M->39M(256M) 7.370ms
[299.571s][info][gc] GC(154) Pause Young (Normal) (G1 Evacuation Pause) 187M->39M(256M) 6.772ms
[301.497s][info][gc] GC(155) Pause Young (Normal) (G1 Evacuation Pause) 187M->38M(256M) 5.830ms
[303.441s][info][gc] GC(156) Pause Young (Normal) (G1 Evacuation Pause) 186M->39M(256M) 15.158ms
[305.387s][info][gc] GC(157) Pause Young (Normal) (G1 Evacuation Pause) 187M->39M(256M) 10.085ms
[307.326s][info][gc] GC(158) Pause Young (Normal) (G1 Evacuation Pause) 187M->38M(256M) 7.477ms
[309.269s][info][gc] GC(159) Pause Young (Normal) (G1 Evacuation Pause) 186M->38M(256M) 9.160ms
[311.211s][info][gc] GC(160) Pause Young (Normal) (G1 Evacuation Pause) 186M->38M(256M) 10.328ms
[313.167s][info][gc] GC(161) Pause Young (Normal) (G1 Evacuation Pause) 186M->38M(256M) 6.418ms
[315.107s][info][gc] GC(162) Pause Young (Normal) (G1 Evacuation Pause) 186M->39M(256M) 6.478ms
[317.046s][info][gc] GC(163) Pause Young (Normal) (G1 Evacuation Pause) 187M->38M(256M) 7.610ms
[318.981s][info][gc] GC(164) Pause Young (Normal) (G1 Evacuation Pause) 186M->38M(256M) 10.059ms
[320.922s][info][gc] GC(165) Pause Young (Normal) (G1 Evacuation Pause) 186M->39M(256M) 6.931ms
[322.858s][info][gc] GC(166) Pause Young (Normal) (G1 Evacuation Pause) 187M->38M(256M) 10.281ms
[324.782s][info][gc] GC(167) Pause Young (Normal) (G1 Evacuation Pause) 186M->39M(256M) 7.056ms
[326.720s][info][gc] GC(168) Pause Young (Normal) (G1 Evacuation Pause) 187M->39M(256M) 10.079ms
[328.671s][info][gc] GC(169) Pause Young (Normal) (G1 Evacuation Pause) 187M->39M(256M) 6.042ms
[330.948s][info][gc] GC(170) Pause Young (Normal) (G1 Evacuation Pause) 187M->40M(256M) 12.666ms
[331.476s][info][gc] GC(171) Pause Young (Concurrent Start) (CodeCache GC Threshold) 82M->43M(256M) 12.040ms
[331.477s][info][gc] GC(172) Concurrent Mark Cycle
[331.587s][info][gc] GC(172) Pause Remark 52M->52M(256M) 11.739ms
[331.648s][info][gc] GC(172) Pause Cleanup 60M->60M(256M) 0.063ms
[331.649s][info][gc] GC(172) Concurrent Mark Cycle 172.043ms
[333.153s][info][gc] GC(173) Pause Young (Prepare Mixed) (G1 Evacuation Pause) 187M->43M(256M) 11.069ms
[333.220s][info][gc] GC(174) Pause Young (Mixed) (G1 Evacuation Pause) 47M->42M(256M) 15.164ms
[334.643s][info][gc] GC(175) Pause Young (Normal) (G1 Evacuation Pause) 192M->43M(256M) 13.671ms
[336.191s][info][gc] GC(176) Pause Young (Normal) (G1 Evacuation Pause) 191M->43M(256M) 7.339ms
[337.696s][info][gc] GC(177) Pause Young (Normal) (G1 Evacuation Pause) 191M->43M(256M) 9.468ms
[339.130s][info][gc] GC(178) Pause Young (Normal) (G1 Evacuation Pause) 191M->43M(256M) 13.715ms
[340.469s][info][gc] GC(179) Pause Young (Normal) (G1 Evacuation Pause) 191M->44M(256M) 9.181ms
[341.636s][info][gc] GC(180) Pause Young (Normal) (G1 Evacuation Pause) 192M->44M(256M) 14.850ms
[342.686s][info][gc] GC(181) Pause Young (Normal) (G1 Evacuation Pause) 190M->44M(256M) 9.865ms
[343.726s][info][gc] GC(182) Pause Young (Normal) (G1 Evacuation Pause) 190M->44M(256M) 12.134ms
[344.763s][info][gc] GC(183) Pause Young (Normal) (G1 Evacuation Pause) 190M->44M(256M) 18.427ms
[345.796s][info][gc] GC(184) Pause Young (Normal) (G1 Evacuation Pause) 190M->44M(256M) 9.921ms
[346.819s][info][gc] GC(185) Pause Young (Normal) (G1 Evacuation Pause) 190M->44M(256M) 10.442ms
[347.808s][info][gc] GC(186) Pause Young (Normal) (G1 Evacuation Pause) 190M->45M(256M) 10.668ms
[348.775s][info][gc] GC(187) Pause Young (Normal) (G1 Evacuation Pause) 191M->45M(256M) 14.911ms
[349.700s][info][gc] GC(188) Pause Young (Normal) (G1 Evacuation Pause) 191M->45M(256M) 14.970ms
[350.594s][info][gc] GC(189) Pause Young (Normal) (G1 Evacuation Pause) 191M->45M(256M) 10.847ms
[351.496s][info][gc] GC(190) Pause Young (Normal) (G1 Evacuation Pause) 191M->45M(256M) 11.106ms
[352.388s][info][gc] GC(191) Pause Young (Normal) (G1 Evacuation Pause) 191M->45M(256M) 11.577ms
[353.287s][info][gc] GC(192) Pause Young (Normal) (G1 Evacuation Pause) 191M->45M(256M) 12.265ms
[354.170s][info][gc] GC(193) Pause Young (Normal) (G1 Evacuation Pause) 191M->45M(256M) 16.624ms
[355.060s][info][gc] GC(194) Pause Young (Normal) (G1 Evacuation Pause) 191M->45M(256M) 15.574ms
[355.950s][info][gc] GC(195) Pause Young (Normal) (G1 Evacuation Pause) 191M->45M(256M) 19.588ms
[356.845s][info][gc] GC(196) Pause Young (Normal) (G1 Evacuation Pause) 191M->45M(308M) 19.235ms
[357.932s][info][gc] GC(197) Pause Young (Normal) (G1 Evacuation Pause) 223M->45M(308M) 18.060ms
[359.027s][info][gc] GC(198) Pause Young (Normal) (G1 Evacuation Pause) 223M->45M(308M) 14.136ms
[360.127s][info][gc] GC(199) Pause Young (Normal) (G1 Evacuation Pause) 223M->45M(308M) 13.666ms
[361.230s][info][gc] GC(200) Pause Young (Normal) (G1 Evacuation Pause) 223M->45M(308M) 16.925ms
[362.327s][info][gc] GC(201) Pause Young (Normal) (G1 Evacuation Pause) 223M->45M(308M) 9.754ms
[363.443s][info][gc] GC(202) Pause Young (Normal) (G1 Evacuation Pause) 223M->45M(308M) 10.230ms
[364.559s][info][gc] GC(203) Pause Young (Normal) (G1 Evacuation Pause) 223M->45M(308M) 11.211ms
[365.651s][info][gc] GC(204) Pause Young (Normal) (G1 Evacuation Pause) 223M->46M(308M) 10.633ms
[366.764s][info][gc] GC(205) Pause Young (Normal) (G1 Evacuation Pause) 224M->46M(308M) 9.862ms
[367.863s][info][gc] GC(206) Pause Young (Normal) (G1 Evacuation Pause) 224M->46M(308M) 10.557ms
[368.962s][info][gc] GC(207) Pause Young (Normal) (G1 Evacuation Pause) 224M->46M(308M) 11.093ms
[370.063s][info][gc] GC(208) Pause Young (Normal) (G1 Evacuation Pause) 224M->46M(308M) 10.353ms
[371.175s][info][gc] GC(209) Pause Young (Normal) (G1 Evacuation Pause) 224M->45M(308M) 14.820ms
[372.304s][info][gc] GC(210) Pause Young (Normal) (G1 Evacuation Pause) 225M->46M(308M) 13.398ms
[373.442s][info][gc] GC(211) Pause Young (Normal) (G1 Evacuation Pause) 224M->46M(308M) 15.983ms
[374.578s][info][gc] GC(212) Pause Young (Normal) (G1 Evacuation Pause) 224M->46M(308M) 12.072ms
[375.675s][info][gc] GC(213) Pause Young (Normal) (G1 Evacuation Pause) 224M->46M(308M) 10.954ms
[376.767s][info][gc] GC(214) Pause Young (Normal) (G1 Evacuation Pause) 224M->46M(308M) 11.189ms
[377.862s][info][gc] GC(215) Pause Young (Normal) (G1 Evacuation Pause) 224M->46M(308M) 10.119ms
[378.955s][info][gc] GC(216) Pause Young (Normal) (G1 Evacuation Pause) 224M->46M(308M) 10.178ms
[380.052s][info][gc] GC(217) Pause Young (Normal) (G1 Evacuation Pause) 224M->46M(308M) 9.957ms
[381.146s][info][gc] GC(218) Pause Young (Normal) (G1 Evacuation Pause) 224M->45M(308M) 11.774ms
[382.278s][info][gc] GC(219) Pause Young (Normal) (G1 Evacuation Pause) 225M->46M(308M) 14.820ms
[383.375s][info][gc] GC(220) Pause Young (Normal) (G1 Evacuation Pause) 224M->46M(308M) 14.137ms
[384.496s][info][gc] GC(221) Pause Young (Normal) (G1 Evacuation Pause) 226M->46M(308M) 12.867ms
[385.628s][info][gc] GC(222) Pause Young (Normal) (G1 Evacuation Pause) 226M->46M(308M) 17.152ms
[386.739s][info][gc] GC(223) Pause Young (Normal) (G1 Evacuation Pause) 224M->46M(308M) 10.256ms
[387.830s][info][gc] GC(224) Pause Young (Normal) (G1 Evacuation Pause) 224M->46M(308M) 16.026ms
[388.920s][info][gc] GC(225) Pause Young (Normal) (G1 Evacuation Pause) 224M->46M(308M) 9.881ms
[390.022s][info][gc] GC(226) Pause Young (Normal) (G1 Evacuation Pause) 224M->46M(308M) 9.791ms
[391.110s][info][gc] GC(227) Pause Young (Normal) (G1 Evacuation Pause) 224M->46M(308M) 10.569ms
[392.228s][info][gc] GC(228) Pause Young (Normal) (G1 Evacuation Pause) 226M->46M(308M) 10.063ms
[393.356s][info][gc] GC(229) Pause Young (Normal) (G1 Evacuation Pause) 226M->46M(308M) 9.967ms
[394.442s][info][gc] GC(230) Pause Young (Normal) (G1 Evacuation Pause) 224M->46M(308M) 10.837ms
[395.567s][info][gc] GC(231) Pause Young (Normal) (G1 Evacuation Pause) 226M->46M(308M) 10.525ms
[396.687s][info][gc] GC(232) Pause Young (Normal) (G1 Evacuation Pause) 226M->46M(308M) 9.708ms
[397.781s][info][gc] GC(233) Pause Young (Normal) (G1 Evacuation Pause) 224M->46M(308M) 9.864ms
[398.907s][info][gc] GC(234) Pause Young (Normal) (G1 Evacuation Pause) 226M->46M(308M) 17.579ms
[400.024s][info][gc] GC(235) Pause Young (Normal) (G1 Evacuation Pause) 226M->46M(308M) 9.841ms
[401.129s][info][gc] GC(236) Pause Young (Normal) (G1 Evacuation Pause) 224M->46M(308M) 10.278ms
[402.211s][info][gc] GC(237) Pause Young (Normal) (G1 Evacuation Pause) 224M->46M(308M) 9.619ms
[403.330s][info][gc] GC(238) Pause Young (Normal) (G1 Evacuation Pause) 226M->46M(308M) 11.130ms
[404.426s][info][gc] GC(239) Pause Young (Normal) (G1 Evacuation Pause) 224M->46M(308M) 11.609ms
[405.521s][info][gc] GC(240) Pause Young (Normal) (G1 Evacuation Pause) 224M->46M(308M) 10.056ms
[406.613s][info][gc] GC(241) Pause Young (Normal) (G1 Evacuation Pause) 224M->46M(308M) 9.886ms
[407.711s][info][gc] GC(242) Pause Young (Normal) (G1 Evacuation Pause) 224M->46M(308M) 10.646ms
[408.806s][info][gc] GC(243) Pause Young (Normal) (G1 Evacuation Pause) 224M->46M(308M) 10.164ms
[409.927s][info][gc] GC(244) Pause Young (Normal) (G1 Evacuation Pause) 226M->46M(308M) 10.546ms
[411.018s][info][gc] GC(245) Pause Young (Normal) (G1 Evacuation Pause) 224M->46M(308M) 11.576ms
[412.115s][info][gc] GC(246) Pause Young (Normal) (G1 Evacuation Pause) 224M->46M(308M) 10.033ms
[413.249s][info][gc] GC(247) Pause Young (Normal) (G1 Evacuation Pause) 226M->46M(308M) 9.990ms
[414.381s][info][gc] GC(248) Pause Young (Normal) (G1 Evacuation Pause) 226M->46M(308M) 15.689ms
[415.550s][info][gc] GC(249) Pause Young (Normal) (G1 Evacuation Pause) 224M->46M(308M) 9.828ms
[416.689s][info][gc] GC(250) Pause Young (Normal) (G1 Evacuation Pause) 226M->46M(308M) 20.360ms
[417.827s][info][gc] GC(251) Pause Young (Normal) (G1 Evacuation Pause) 224M->46M(308M) 13.992ms
[418.955s][info][gc] GC(252) Pause Young (Normal) (G1 Evacuation Pause) 226M->46M(308M) 10.939ms
[420.066s][info][gc] GC(253) Pause Young (Normal) (G1 Evacuation Pause) 224M->46M(308M) 9.293ms
[421.192s][info][gc] GC(254) Pause Young (Normal) (G1 Evacuation Pause) 226M->46M(308M) 10.226ms
[422.289s][info][gc] GC(255) Pause Young (Normal) (G1 Evacuation Pause) 224M->46M(308M) 12.528ms
[423.386s][info][gc] GC(256) Pause Young (Normal) (G1 Evacuation Pause) 224M->46M(308M) 15.388ms
[424.482s][info][gc] GC(257) Pause Young (Normal) (G1 Evacuation Pause) 224M->47M(308M) 15.717ms
[425.576s][info][gc] GC(258) Pause Young (Normal) (G1 Evacuation Pause) 225M->46M(308M) 18.364ms
[426.666s][info][gc] GC(259) Pause Young (Normal) (G1 Evacuation Pause) 224M->47M(308M) 11.989ms
[427.755s][info][gc] GC(260) Pause Young (Normal) (G1 Evacuation Pause) 225M->46M(308M) 11.567ms
[428.852s][info][gc] GC(261) Pause Young (Normal) (G1 Evacuation Pause) 224M->47M(308M) 15.320ms
[429.960s][info][gc] GC(262) Pause Young (Normal) (G1 Evacuation Pause) 225M->46M(308M) 18.210ms
[431.056s][info][gc] GC(263) Pause Young (Normal) (G1 Evacuation Pause) 224M->47M(308M) 14.405ms
[432.151s][info][gc] GC(264) Pause Young (Normal) (G1 Evacuation Pause) 225M->46M(308M) 18.254ms
[433.243s][info][gc] GC(265) Pause Young (Normal) (G1 Evacuation Pause) 224M->46M(308M) 11.085ms
[434.323s][info][gc] GC(266) Pause Young (Normal) (G1 Evacuation Pause) 224M->46M(308M) 10.855ms
[435.415s][info][gc] GC(267) Pause Young (Normal) (G1 Evacuation Pause) 224M->46M(308M) 12.015ms
[436.508s][info][gc] GC(268) Pause Young (Normal) (G1 Evacuation Pause) 224M->47M(308M) 10.422ms
[437.592s][info][gc] GC(269) Pause Young (Normal) (G1 Evacuation Pause) 225M->47M(308M) 10.536ms
[438.677s][info][gc] GC(270) Pause Young (Normal) (G1 Evacuation Pause) 225M->47M(308M) 16.345ms
[439.764s][info][gc] GC(271) Pause Young (Normal) (G1 Evacuation Pause) 225M->47M(308M) 18.393ms
[440.847s][info][gc] GC(272) Pause Young (Normal) (G1 Evacuation Pause) 225M->47M(308M) 11.096ms
[441.943s][info][gc] GC(273) Pause Young (Normal) (G1 Evacuation Pause) 225M->46M(308M) 10.530ms
[443.042s][info][gc] GC(274) Pause Young (Normal) (G1 Evacuation Pause) 226M->46M(308M) 9.975ms
[444.155s][info][gc] GC(275) Pause Young (Normal) (G1 Evacuation Pause) 226M->47M(308M) 14.288ms
[445.244s][info][gc] GC(276) Pause Young (Normal) (G1 Evacuation Pause) 225M->47M(308M) 13.556ms
[446.334s][info][gc] GC(277) Pause Young (Normal) (G1 Evacuation Pause) 225M->47M(308M) 12.058ms
[447.425s][info][gc] GC(278) Pause Young (Normal) (G1 Evacuation Pause) 225M->46M(308M) 10.522ms
[448.522s][info][gc] GC(279) Pause Young (Normal) (G1 Evacuation Pause) 226M->47M(308M) 11.494ms
[449.610s][info][gc] GC(280) Pause Young (Normal) (G1 Evacuation Pause) 225M->47M(308M) 10.432ms
[450.693s][info][gc] GC(281) Pause Young (Normal) (G1 Evacuation Pause) 225M->46M(308M) 10.299ms
[451.794s][info][gc] GC(282) Pause Young (Normal) (G1 Evacuation Pause) 226M->47M(308M) 15.416ms
[452.876s][info][gc] GC(283) Pause Young (Normal) (G1 Evacuation Pause) 225M->47M(308M) 11.004ms
[453.964s][info][gc] GC(284) Pause Young (Normal) (G1 Evacuation Pause) 225M->47M(308M) 14.070ms
[455.055s][info][gc] GC(285) Pause Young (Normal) (G1 Evacuation Pause) 225M->47M(308M) 10.558ms
[456.153s][info][gc] GC(286) Pause Young (Normal) (G1 Evacuation Pause) 225M->46M(308M) 18.259ms
[457.258s][info][gc] GC(287) Pause Young (Normal) (G1 Evacuation Pause) 226M->47M(308M) 11.623ms
[458.343s][info][gc] GC(288) Pause Young (Normal) (G1 Evacuation Pause) 225M->47M(308M) 11.723ms
[459.443s][info][gc] GC(289) Pause Young (Normal) (G1 Evacuation Pause) 225M->47M(308M) 13.879ms
[460.538s][info][gc] GC(290) Pause Young (Normal) (G1 Evacuation Pause) 225M->47M(308M) 12.364ms
[461.623s][info][gc] GC(291) Pause Young (Normal) (G1 Evacuation Pause) 225M->47M(308M) 14.431ms
[462.723s][info][gc] GC(292) Pause Young (Normal) (G1 Evacuation Pause) 227M->47M(308M) 10.576ms
[463.826s][info][gc] GC(293) Pause Young (Normal) (G1 Evacuation Pause) 227M->47M(308M) 11.078ms
[464.928s][info][gc] GC(294) Pause Young (Normal) (G1 Evacuation Pause) 225M->47M(308M) 17.032ms
[466.029s][info][gc] GC(295) Pause Young (Normal) (G1 Evacuation Pause) 225M->47M(308M) 14.338ms
[467.126s][info][gc] GC(296) Pause Young (Normal) (G1 Evacuation Pause) 227M->47M(308M) 11.361ms
[468.214s][info][gc] GC(297) Pause Young (Normal) (G1 Evacuation Pause) 225M->47M(308M) 11.983ms
[469.323s][info][gc] GC(298) Pause Young (Normal) (G1 Evacuation Pause) 227M->47M(308M) 13.929ms
[470.404s][info][gc] GC(299) Pause Young (Normal) (G1 Evacuation Pause) 225M->47M(308M) 10.231ms
[471.502s][info][gc] GC(300) Pause Young (Normal) (G1 Evacuation Pause) 227M->47M(308M) 11.614ms
[472.604s][info][gc] GC(301) Pause Young (Normal) (G1 Evacuation Pause) 227M->47M(308M) 9.879ms
[473.711s][info][gc] GC(302) Pause Young (Normal) (G1 Evacuation Pause) 227M->47M(308M) 14.656ms
[474.809s][info][gc] GC(303) Pause Young (Normal) (G1 Evacuation Pause) 227M->47M(308M) 11.738ms
[475.902s][info][gc] GC(304) Pause Young (Normal) (G1 Evacuation Pause) 225M->47M(308M) 11.440ms
[477.006s][info][gc] GC(305) Pause Young (Normal) (G1 Evacuation Pause) 227M->47M(308M) 10.955ms
[478.114s][info][gc] GC(306) Pause Young (Normal) (G1 Evacuation Pause) 227M->47M(308M) 10.611ms
[479.210s][info][gc] GC(307) Pause Young (Normal) (G1 Evacuation Pause) 225M->47M(308M) 11.453ms
[480.339s][info][gc] GC(308) Pause Young (Normal) (G1 Evacuation Pause) 227M->47M(308M) 9.797ms
[481.467s][info][gc] GC(309) Pause Young (Normal) (G1 Evacuation Pause) 227M->47M(308M) 14.504ms
[482.602s][info][gc] GC(310) Pause Young (Normal) (G1 Evacuation Pause) 227M->47M(308M) 10.176ms
[483.723s][info][gc] GC(311) Pause Young (Normal) (G1 Evacuation Pause) 227M->47M(308M) 10.095ms
[484.846s][info][gc] GC(312) Pause Young (Normal) (G1 Evacuation Pause) 227M->47M(308M) 11.141ms
[485.950s][info][gc] GC(313) Pause Young (Normal) (G1 Evacuation Pause) 225M->47M(308M) 9.773ms
[487.073s][info][gc] GC(314) Pause Young (Normal) (G1 Evacuation Pause) 227M->47M(308M) 13.285ms
[488.170s][info][gc] GC(315) Pause Young (Normal) (G1 Evacuation Pause) 225M->47M(308M) 11.804ms
[489.274s][info][gc] GC(316) Pause Young (Normal) (G1 Evacuation Pause) 227M->47M(308M) 11.794ms
[490.371s][info][gc] GC(317) Pause Young (Normal) (G1 Evacuation Pause) 225M->47M(308M) 10.400ms
[491.458s][info][gc] GC(318) Pause Young (Normal) (G1 Evacuation Pause) 225M->47M(308M) 11.348ms
[492.557s][info][gc] GC(319) Pause Young (Normal) (G1 Evacuation Pause) 225M->47M(308M) 10.316ms
[493.651s][info][gc] GC(320) Pause Young (Normal) (G1 Evacuation Pause) 225M->47M(308M) 10.087ms
[494.755s][info][gc] GC(321) Pause Young (Normal) (G1 Evacuation Pause) 227M->47M(308M) 10.934ms
[495.844s][info][gc] GC(322) Pause Young (Normal) (G1 Evacuation Pause) 225M->48M(308M) 10.394ms
[496.932s][info][gc] GC(323) Pause Young (Normal) (G1 Evacuation Pause) 226M->47M(308M) 10.241ms
[498.035s][info][gc] GC(324) Pause Young (Normal) (G1 Evacuation Pause) 227M->47M(308M) 13.974ms
[499.124s][info][gc] GC(325) Pause Young (Normal) (G1 Evacuation Pause) 225M->47M(308M) 17.979ms
[500.218s][info][gc] GC(326) Pause Young (Normal) (G1 Evacuation Pause) 227M->47M(308M) 11.421ms
[501.316s][info][gc] GC(327) Pause Young (Normal) (G1 Evacuation Pause) 225M->47M(308M) 17.830ms
[502.394s][info][gc] GC(328) Pause Young (Normal) (G1 Evacuation Pause) 225M->47M(308M) 11.570ms
[503.487s][info][gc] GC(329) Pause Young (Normal) (G1 Evacuation Pause) 225M->47M(308M) 10.757ms
[504.578s][info][gc] GC(330) Pause Young (Normal) (G1 Evacuation Pause) 225M->47M(308M) 10.803ms
[505.689s][info][gc] GC(331) Pause Young (Normal) (G1 Evacuation Pause) 227M->47M(308M) 10.291ms
[506.791s][info][gc] GC(332) Pause Young (Normal) (G1 Evacuation Pause) 227M->47M(308M) 10.378ms
[507.883s][info][gc] GC(333) Pause Young (Normal) (G1 Evacuation Pause) 225M->47M(308M) 10.982ms
[508.979s][info][gc] GC(334) Pause Young (Normal) (G1 Evacuation Pause) 225M->47M(308M) 14.326ms
[510.086s][info][gc] GC(335) Pause Young (Normal) (G1 Evacuation Pause) 227M->47M(308M) 11.461ms
[511.219s][info][gc] GC(336) Pause Young (Normal) (G1 Evacuation Pause) 227M->47M(308M) 19.072ms
[512.670s][info][gc] GC(337) Pause Young (Concurrent Start) (CodeCache GC Threshold) 57M->44M(308M) 11.747ms
[512.670s][info][gc] GC(338) Concurrent Mark Cycle
[512.821s][info][gc] GC(338) Pause Remark 47M->47M(256M) 12.252ms
[512.895s][info][gc] GC(338) Pause Cleanup 51M->51M(256M) 0.064ms
[512.896s][info][gc] GC(338) Concurrent Mark Cycle 226.190ms
