[0.004s][info][gc] Using G1
[0.379s][info][gc] GC(0) Pause Young (Normal) (G1 Evacuation Pause) 13M->4M(260M) 4.590ms
[0.581s][info][gc] GC(1) Pause Young (Normal) (G1 Evacuation Pause) 14M->6M(260M) 5.537ms
[0.957s][info][gc] GC(2) Pause Young (Normal) (G1 Evacuation Pause) 20M->9M(260M) 8.633ms
[1.583s][info][gc] GC(3) Pause Young (Normal) (G1 Evacuation Pause) 39M->14M(260M) 10.163ms
[1.667s][info][gc] GC(4) Pause Young (Concurrent Start) (Metadata GC Threshold) 19M->15M(260M) 10.398ms
[1.667s][info][gc] GC(5) Concurrent Mark Cycle
[1.691s][info][gc] GC(5) Pause Remark 16M->16M(256M) 8.400ms
[1.716s][info][gc] GC(5) Pause Cleanup 17M->17M(256M) 0.044ms
[1.718s][info][gc] GC(5) Concurrent Mark Cycle 51.361ms
[2.306s][info][gc] GC(6) Pause Young (Concurrent Start) (CodeCache GC Threshold) 70M->19M(256M) 6.817ms
[2.306s][info][gc] GC(7) Concurrent Mark Cycle
[2.342s][info][gc] GC(7) Pause Remark 23M->23M(256M) 3.656ms
[2.364s][info][gc] GC(7) Pause Cleanup 27M->27M(256M) 0.046ms
[2.371s][info][gc] GC(7) Concurrent Mark Cycle 65.007ms
[3.588s][info][gc] GC(8) Pause Young (Prepare Mixed) (G1 Evacuation Pause) 121M->29M(256M) 14.529ms
[3.620s][info][gc] GC(9) Pause Young (Mixed) (G1 Evacuation Pause) 31M->25M(256M) 11.917ms
[4.632s][info][gc] GC(10) Pause Young (Concurrent Start) (CodeCache GC Threshold) 127M->30M(512M) 12.331ms
[4.632s][info][gc] GC(11) Concurrent Mark Cycle
[4.686s][info][gc] GC(11) Pause Remark 31M->31M(256M) 6.658ms
[4.709s][info][gc] GC(11) Pause Cleanup 32M->32M(256M) 0.046ms
[4.710s][info][gc] GC(11) Concurrent Mark Cycle 77.583ms
[6.058s][info][gc] GC(12) Pause Young (Concurrent Start) (CodeCache GC Threshold) 115M->35M(256M) 17.538ms
[6.058s][info][gc] GC(13) Concurrent Mark Cycle
[6.117s][info][gc] GC(13) Pause Remark 36M->36M(256M) 5.551ms
[6.148s][info][gc] GC(13) Pause Cleanup 38M->38M(256M) 0.048ms
[6.169s][info][gc] GC(13) Concurrent Mark Cycle 111.129ms
[36.492s][info][gc] GC(14) Pause Young (Concurrent Start) (CodeCache GC Threshold) 92M->36M(256M) 37.029ms
[36.492s][info][gc] GC(15) Concurrent Mark Cycle
[36.599s][info][gc] GC(15) Pause Remark 40M->40M(256M) 7.625ms
[36.622s][info][gc] GC(15) Pause Cleanup 40M->40M(256M) 0.051ms
[36.622s][info][gc] GC(15) Concurrent Mark Cycle 130.157ms
[37.074s][info][gc] GC(16) Pause Young (Concurrent Start) (CodeCache GC Threshold) 41M->35M(256M) 28.306ms
[37.074s][info][gc] GC(17) Concurrent Mark Cycle
[37.161s][info][gc] GC(17) Pause Remark 38M->38M(256M) 9.555ms
[37.183s][info][gc] GC(17) Pause Cleanup 38M->38M(256M) 0.071ms
[37.183s][info][gc] GC(17) Concurrent Mark Cycle 108.946ms
[38.375s][info][gc] GC(18) Pause Young (Concurrent Start) (CodeCache GC Threshold) 43M->34M(256M) 19.582ms
[38.376s][info][gc] GC(19) Concurrent Mark Cycle
[38.451s][info][gc] GC(19) Pause Remark 38M->38M(256M) 8.096ms
[38.478s][info][gc] GC(19) Pause Cleanup 38M->38M(256M) 0.061ms
[38.478s][info][gc] GC(19) Concurrent Mark Cycle 102.961ms
[45.062s][info][gc] GC(20) Pause Young (Concurrent Start) (CodeCache GC Threshold) 109M->37M(256M) 12.566ms
[45.062s][info][gc] GC(21) Concurrent Mark Cycle
[45.163s][info][gc] GC(21) Pause Remark 41M->41M(256M) 8.609ms
[45.193s][info][gc] GC(21) Pause Cleanup 42M->42M(256M) 0.054ms
[45.194s][info][gc] GC(21) Concurrent Mark Cycle 131.763ms
[48.758s][info][gc] GC(22) Pause Young (Concurrent Start) (CodeCache GC Threshold) 123M->39M(256M) 13.132ms
[48.758s][info][gc] GC(23) Concurrent Mark Cycle
[48.844s][info][gc] GC(23) Pause Remark 44M->44M(256M) 8.373ms
[48.872s][info][gc] GC(23) Pause Cleanup 44M->44M(256M) 0.051ms
[48.873s][info][gc] GC(23) Concurrent Mark Cycle 114.606ms
[48.988s][info][gc] GC(24) Pause Young (Concurrent Start) (CodeCache GC Threshold) 48M->39M(256M) 10.944ms
[48.988s][info][gc] GC(25) Concurrent Mark Cycle
[49.066s][info][gc] GC(25) Pause Remark 44M->44M(256M) 9.570ms
[49.091s][info][gc] GC(25) Pause Cleanup 45M->45M(256M) 0.045ms
[49.092s][info][gc] GC(25) Concurrent Mark Cycle 103.222ms
[49.779s][info][gc] GC(26) Pause Young (Concurrent Start) (CodeCache GC Threshold) 65M->39M(256M) 12.206ms
[49.779s][info][gc] GC(27) Concurrent Mark Cycle
[49.881s][info][gc] GC(27) Pause Remark 45M->45M(256M) 10.385ms
[49.909s][info][gc] GC(27) Pause Cleanup 46M->46M(256M) 0.049ms
[49.909s][info][gc] GC(27) Concurrent Mark Cycle 129.755ms
[53.452s][info][gc] GC(28) Pause Young (Prepare Mixed) (G1 Evacuation Pause) 175M->41M(256M) 14.351ms
[53.479s][info][gc] GC(29) Pause Young (Mixed) (G1 Evacuation Pause) 43M->42M(256M) 16.699ms
[54.496s][info][gc] GC(30) Pause Young (Concurrent Start) (CodeCache GC Threshold) 92M->43M(256M) 5.666ms
[54.496s][info][gc] GC(31) Concurrent Mark Cycle
[54.630s][info][gc] GC(31) Pause Remark 51M->51M(256M) 15.954ms
[54.691s][info][gc] GC(31) Pause Cleanup 57M->57M(256M) 0.050ms
[54.691s][info][gc] GC(31) Concurrent Mark Cycle 195.311ms
[56.803s][info][gc] GC(32) Pause Young (Prepare Mixed) (G1 Evacuation Pause) 173M->44M(256M) 5.005ms
[56.876s][info][gc] GC(33) Pause Young (Mixed) (G1 Evacuation Pause) 50M->42M(256M) 13.257ms
[58.696s][info][gc] GC(34) Pause Young (Normal) (G1 Evacuation Pause) 180M->45M(256M) 6.709ms
[58.715s][info][gc] GC(35) Pause Young (Concurrent Start) (CodeCache GC Threshold) 58M->45M(256M) 6.352ms
[58.716s][info][gc] GC(36) Concurrent Mark Cycle
[58.858s][info][gc] GC(36) Pause Remark 66M->66M(256M) 9.585ms
[58.904s][info][gc] GC(36) Pause Cleanup 69M->69M(256M) 0.064ms
[58.904s][info][gc] GC(36) Concurrent Mark Cycle 188.807ms
[60.639s][info][gc] GC(37) Pause Young (Prepare Mixed) (G1 Evacuation Pause) 191M->45M(256M) 7.427ms
[60.652s][info][gc] GC(38) Pause Young (Mixed) (G1 Evacuation Pause) 51M->44M(256M) 7.955ms
[61.976s][info][gc] GC(39) Pause Young (Concurrent Start) (CodeCache GC Threshold) 149M->47M(256M) 6.802ms
[61.976s][info][gc] GC(40) Concurrent Mark Cycle
[62.087s][info][gc] GC(40) Pause Remark 60M->60M(256M) 8.380ms
[62.142s][info][gc] GC(40) Pause Cleanup 66M->66M(256M) 0.049ms
[62.142s][info][gc] GC(40) Concurrent Mark Cycle 165.757ms
[63.960s][info][gc] GC(41) Pause Young (Prepare Mixed) (G1 Evacuation Pause) 195M->47M(256M) 5.600ms
[64.048s][info][gc] GC(42) Pause Young (Mixed) (G1 Evacuation Pause) 55M->45M(256M) 6.603ms
[65.868s][info][gc] GC(43) Pause Young (Normal) (G1 Evacuation Pause) 195M->47M(308M) 7.374ms
[68.304s][info][gc] GC(44) Pause Young (Normal) (G1 Evacuation Pause) 227M->47M(308M) 6.915ms
[70.733s][info][gc] GC(45) Pause Young (Normal) (G1 Evacuation Pause) 227M->47M(308M) 9.883ms
[73.170s][info][gc] GC(46) Pause Young (Normal) (G1 Evacuation Pause) 227M->46M(308M) 5.263ms
[75.605s][info][gc] GC(47) Pause Young (Normal) (G1 Evacuation Pause) 226M->47M(308M) 5.956ms
[78.044s][info][gc] GC(48) Pause Young (Normal) (G1 Evacuation Pause) 227M->47M(308M) 6.197ms
[80.483s][info][gc] GC(49) Pause Young (Normal) (G1 Evacuation Pause) 227M->47M(308M) 7.363ms
[83.004s][info][gc] GC(50) Pause Young (Normal) (G1 Evacuation Pause) 227M->47M(308M) 7.183ms
[85.523s][info][gc] GC(51) Pause Young (Normal) (G1 Evacuation Pause) 227M->47M(308M) 6.696ms
[88.048s][info][gc] GC(52) Pause Young (Normal) (G1 Evacuation Pause) 227M->47M(308M) 7.191ms
[90.625s][info][gc] GC(53) Pause Young (Normal) (G1 Evacuation Pause) 227M->47M(308M) 5.669ms
[93.056s][info][gc] GC(54) Pause Young (Normal) (G1 Evacuation Pause) 227M->47M(308M) 7.346ms
[95.455s][info][gc] GC(55) Pause Young (Normal) (G1 Evacuation Pause) 225M->47M(308M) 7.720ms
[97.873s][info][gc] GC(56) Pause Young (Normal) (G1 Evacuation Pause) 225M->47M(308M) 5.626ms
[100.313s][info][gc] GC(57) Pause Young (Normal) (G1 Evacuation Pause) 227M->47M(308M) 6.400ms
[102.732s][info][gc] GC(58) Pause Young (Normal) (G1 Evacuation Pause) 225M->47M(308M) 6.881ms
[105.178s][info][gc] GC(59) Pause Young (Normal) (G1 Evacuation Pause) 227M->47M(308M) 5.477ms
[107.673s][info][gc] GC(60) Pause Young (Normal) (G1 Evacuation Pause) 227M->47M(308M) 9.369ms
[110.106s][info][gc] GC(61) Pause Young (Normal) (G1 Evacuation Pause) 227M->47M(308M) 8.688ms
[112.551s][info][gc] GC(62) Pause Young (Normal) (G1 Evacuation Pause) 227M->47M(308M) 6.950ms
[114.971s][info][gc] GC(63) Pause Young (Normal) (G1 Evacuation Pause) 225M->47M(308M) 7.046ms
[117.389s][info][gc] GC(64) Pause Young (Normal) (G1 Evacuation Pause) 225M->47M(308M) 5.675ms
[119.772s][info][gc] GC(65) Pause Young (Normal) (G1 Evacuation Pause) 225M->47M(308M) 6.365ms
[122.204s][info][gc] GC(66) Pause Young (Normal) (G1 Evacuation Pause) 225M->47M(308M) 5.898ms
[124.664s][info][gc] GC(67) Pause Young (Normal) (G1 Evacuation Pause) 227M->47M(308M) 5.959ms
[127.072s][info][gc] GC(68) Pause Young (Normal) (G1 Evacuation Pause) 225M->48M(308M) 6.360ms
[129.480s][info][gc] GC(69) Pause Young (Normal) (G1 Evacuation Pause) 226M->48M(308M) 6.718ms
[131.900s][info][gc] GC(70) Pause Young (Normal) (G1 Evacuation Pause) 226M->48M(308M) 5.654ms
[134.309s][info][gc] GC(71) Pause Young (Normal) (G1 Evacuation Pause) 226M->48M(308M) 6.953ms
[136.713s][info][gc] GC(72) Pause Young (Normal) (G1 Evacuation Pause) 226M->48M(308M) 5.646ms
[139.112s][info][gc] GC(73) Pause Young (Normal) (G1 Evacuation Pause) 226M->48M(308M) 7.205ms
[141.518s][info][gc] GC(74) Pause Young (Normal) (G1 Evacuation Pause) 226M->48M(308M) 5.342ms
[143.928s][info][gc] GC(75) Pause Young (Normal) (G1 Evacuation Pause) 226M->48M(308M) 7.125ms
[146.344s][info][gc] GC(76) Pause Young (Normal) (G1 Evacuation Pause) 226M->48M(308M) 6.000ms
[148.752s][info][gc] GC(77) Pause Young (Normal) (G1 Evacuation Pause) 226M->48M(308M) 6.956ms
[151.175s][info][gc] GC(78) Pause Young (Normal) (G1 Evacuation Pause) 226M->48M(308M) 7.156ms
[153.549s][info][gc] GC(79) Pause Young (Normal) (G1 Evacuation Pause) 226M->48M(308M) 6.273ms
[155.947s][info][gc] GC(80) Pause Young (Normal) (G1 Evacuation Pause) 226M->48M(308M) 5.357ms
[158.352s][info][gc] GC(81) Pause Young (Normal) (G1 Evacuation Pause) 226M->48M(308M) 8.178ms
[160.748s][info][gc] GC(82) Pause Young (Normal) (G1 Evacuation Pause) 226M->49M(308M) 6.750ms
[163.154s][info][gc] GC(83) Pause Young (Normal) (G1 Evacuation Pause) 227M->48M(308M) 9.760ms
[165.576s][info][gc] GC(84) Pause Young (Normal) (G1 Evacuation Pause) 226M->48M(308M) 8.426ms
[167.975s][info][gc] GC(85) Pause Young (Normal) (G1 Evacuation Pause) 226M->48M(308M) 8.828ms
[170.398s][info][gc] GC(86) Pause Young (Normal) (G1 Evacuation Pause) 226M->48M(308M) 7.493ms
[172.841s][info][gc] GC(87) Pause Young (Normal) (G1 Evacuation Pause) 228M->48M(308M) 7.399ms
[175.246s][info][gc] GC(88) Pause Young (Normal) (G1 Evacuation Pause) 226M->48M(308M) 8.080ms
[177.686s][info][gc] GC(89) Pause Young (Normal) (G1 Evacuation Pause) 228M->48M(308M) 8.685ms
[180.132s][info][gc] GC(90) Pause Young (Normal) (G1 Evacuation Pause) 228M->48M(308M) 11.980ms
[182.600s][info][gc] GC(91) Pause Young (Normal) (G1 Evacuation Pause) 228M->48M(308M) 6.447ms
[185.060s][info][gc] GC(92) Pause Young (Normal) (G1 Evacuation Pause) 228M->48M(308M) 6.005ms
[187.477s][info][gc] GC(93) Pause Young (Normal) (G1 Evacuation Pause) 226M->48M(308M) 5.681ms
[189.912s][info][gc] GC(94) Pause Young (Normal) (G1 Evacuation Pause) 228M->49M(308M) 6.662ms
[192.292s][info][gc] GC(95) Pause Young (Normal) (G1 Evacuation Pause) 227M->49M(308M) 6.110ms
[194.688s][info][gc] GC(96) Pause Young (Normal) (G1 Evacuation Pause) 227M->49M(308M) 6.857ms
[197.103s][info][gc] GC(97) Pause Young (Normal) (G1 Evacuation Pause) 227M->49M(308M) 6.688ms
[199.511s][info][gc] GC(98) Pause Young (Normal) (G1 Evacuation Pause) 227M->49M(308M) 6.973ms
[201.936s][info][gc] GC(99) Pause Young (Normal) (G1 Evacuation Pause) 227M->49M(308M) 6.746ms
[204.322s][info][gc] GC(100) Pause Young (Normal) (G1 Evacuation Pause) 227M->49M(308M) 9.097ms
[206.729s][info][gc] GC(101) Pause Young (Normal) (G1 Evacuation Pause) 227M->49M(308M) 7.513ms
[209.169s][info][gc] GC(102) Pause Young (Normal) (G1 Evacuation Pause) 227M->49M(308M) 9.137ms
[211.601s][info][gc] GC(103) Pause Young (Normal) (G1 Evacuation Pause) 227M->48M(308M) 9.493ms
[214.043s][info][gc] GC(104) Pause Young (Normal) (G1 Evacuation Pause) 228M->48M(308M) 7.186ms
[216.539s][info][gc] GC(105) Pause Young (Normal) (G1 Evacuation Pause) 228M->48M(308M) 7.275ms
[218.979s][info][gc] GC(106) Pause Young (Normal) (G1 Evacuation Pause) 228M->49M(308M) 7.390ms
[221.445s][info][gc] GC(107) Pause Young (Normal) (G1 Evacuation Pause) 229M->48M(308M) 9.323ms
[223.915s][info][gc] GC(108) Pause Young (Normal) (G1 Evacuation Pause) 228M->49M(308M) 6.999ms
[226.374s][info][gc] GC(109) Pause Young (Normal) (G1 Evacuation Pause) 229M->49M(308M) 8.225ms
[228.816s][info][gc] GC(110) Pause Young (Normal) (G1 Evacuation Pause) 229M->49M(308M) 8.060ms
[231.250s][info][gc] GC(111) Pause Young (Normal) (G1 Evacuation Pause) 227M->49M(308M) 7.690ms
[233.688s][info][gc] GC(112) Pause Young (Normal) (G1 Evacuation Pause) 229M->49M(308M) 5.758ms
[236.137s][info][gc] GC(113) Pause Young (Normal) (G1 Evacuation Pause) 229M->49M(308M) 5.498ms
[238.568s][info][gc] GC(114) Pause Young (Normal) (G1 Evacuation Pause) 229M->49M(308M) 5.824ms
[240.964s][info][gc] GC(115) Pause Young (Normal) (G1 Evacuation Pause) 227M->50M(308M) 5.915ms
[243.356s][info][gc] GC(116) Pause Young (Normal) (G1 Evacuation Pause) 228M->50M(308M) 6.493ms
[245.734s][info][gc] GC(117) Pause Young (Normal) (G1 Evacuation Pause) 228M->49M(308M) 5.261ms
[248.143s][info][gc] GC(118) Pause Young (Normal) (G1 Evacuation Pause) 227M->50M(308M) 7.088ms
[250.560s][info][gc] GC(119) Pause Young (Normal) (G1 Evacuation Pause) 228M->49M(308M) 6.178ms
[252.979s][info][gc] GC(120) Pause Young (Normal) (G1 Evacuation Pause) 227M->49M(308M) 5.456ms
[255.401s][info][gc] GC(121) Pause Young (Normal) (G1 Evacuation Pause) 227M->49M(308M) 7.594ms
[257.820s][info][gc] GC(122) Pause Young (Normal) (G1 Evacuation Pause) 227M->49M(308M) 7.160ms
[260.228s][info][gc] GC(123) Pause Young (Normal) (G1 Evacuation Pause) 227M->49M(308M) 6.639ms
[262.680s][info][gc] GC(124) Pause Young (Normal) (G1 Evacuation Pause) 227M->49M(308M) 7.479ms
[265.100s][info][gc] GC(125) Pause Young (Normal) (G1 Evacuation Pause) 227M->49M(308M) 6.183ms
[267.507s][info][gc] GC(126) Pause Young (Normal) (G1 Evacuation Pause) 227M->50M(308M) 7.054ms
[269.899s][info][gc] GC(127) Pause Young (Normal) (G1 Evacuation Pause) 228M->50M(308M) 8.321ms
[272.296s][info][gc] GC(128) Pause Young (Normal) (G1 Evacuation Pause) 228M->50M(308M) 6.682ms
[274.695s][info][gc] GC(129) Pause Young (Normal) (G1 Evacuation Pause) 228M->50M(308M) 7.409ms
[277.096s][info][gc] GC(130) Pause Young (Normal) (G1 Evacuation Pause) 228M->50M(308M) 6.484ms
[279.475s][info][gc] GC(131) Pause Young (Normal) (G1 Evacuation Pause) 228M->50M(308M) 7.341ms
[281.876s][info][gc] GC(132) Pause Young (Normal) (G1 Evacuation Pause) 228M->50M(308M) 6.526ms
[284.278s][info][gc] GC(133) Pause Young (Normal) (G1 Evacuation Pause) 228M->50M(308M) 8.614ms
[286.660s][info][gc] GC(134) Pause Young (Normal) (G1 Evacuation Pause) 228M->51M(308M) 6.942ms
[289.062s][info][gc] GC(135) Pause Young (Normal) (G1 Evacuation Pause) 229M->51M(308M) 8.194ms
[291.457s][info][gc] GC(136) Pause Young (Normal) (G1 Evacuation Pause) 229M->51M(308M) 5.926ms
[293.837s][info][gc] GC(137) Pause Young (Normal) (G1 Evacuation Pause) 229M->51M(308M) 8.531ms
[296.238s][info][gc] GC(138) Pause Young (Normal) (G1 Evacuation Pause) 229M->51M(308M) 6.912ms
[298.626s][info][gc] GC(139) Pause Young (Normal) (G1 Evacuation Pause) 229M->50M(308M) 7.547ms
[301.008s][info][gc] GC(140) Pause Young (Normal) (G1 Evacuation Pause) 228M->51M(308M) 6.871ms
[303.400s][info][gc] GC(141) Pause Young (Normal) (G1 Evacuation Pause) 229M->51M(308M) 6.573ms
[305.799s][info][gc] GC(142) Pause Young (Normal) (G1 Evacuation Pause) 229M->50M(308M) 7.011ms
[308.250s][info][gc] GC(143) Pause Young (Normal) (G1 Evacuation Pause) 230M->50M(308M) 9.032ms
[310.672s][info][gc] GC(144) Pause Young (Normal) (G1 Evacuation Pause) 230M->50M(308M) 5.876ms
[313.102s][info][gc] GC(145) Pause Young (Normal) (G1 Evacuation Pause) 230M->50M(308M) 8.596ms
[315.531s][info][gc] GC(146) Pause Young (Normal) (G1 Evacuation Pause) 230M->50M(308M) 7.074ms
[318.028s][info][gc] GC(147) Pause Young (Normal) (G1 Evacuation Pause) 230M->50M(308M) 6.122ms
[320.468s][info][gc] GC(148) Pause Young (Normal) (G1 Evacuation Pause) 230M->50M(308M) 6.214ms
[322.924s][info][gc] GC(149) Pause Young (Normal) (G1 Evacuation Pause) 230M->50M(308M) 5.666ms
[325.399s][info][gc] GC(150) Pause Young (Normal) (G1 Evacuation Pause) 230M->50M(308M) 7.039ms
[327.883s][info][gc] GC(151) Pause Young (Normal) (G1 Evacuation Pause) 230M->51M(308M) 7.023ms
[330.343s][info][gc] GC(152) Pause Young (Normal) (G1 Evacuation Pause) 231M->50M(308M) 7.087ms
[330.543s][info][gc] GC(153) Pause Young (Concurrent Start) (CodeCache GC Threshold) 80M->49M(308M) 5.918ms
[330.543s][info][gc] GC(154) Concurrent Mark Cycle
[330.638s][info][gc] GC(154) Pause Remark 66M->66M(256M) 11.443ms
[330.668s][info][gc] GC(154) Pause Cleanup 66M->66M(256M) 0.088ms
[330.670s][info][gc] GC(154) Concurrent Mark Cycle 126.031ms
[332.617s][info][gc] GC(155) Pause Young (Prepare Mixed) (G1 Evacuation Pause) 197M->55M(256M) 9.783ms
[332.647s][info][gc] GC(156) Pause Young (Mixed) (G1 Evacuation Pause) 57M->52M(256M) 18.134ms
[334.490s][info][gc] GC(157) Pause Young (Normal) (G1 Evacuation Pause) 198M->54M(256M) 10.473ms
[336.281s][info][gc] GC(158) Pause Young (Normal) (G1 Evacuation Pause) 200M->55M(256M) 7.224ms
[337.980s][info][gc] GC(159) Pause Young (Normal) (G1 Evacuation Pause) 201M->55M(256M) 8.569ms
[339.600s][info][gc] GC(160) Pause Young (Normal) (G1 Evacuation Pause) 201M->56M(256M) 7.898ms
[341.023s][info][gc] GC(161) Pause Young (Normal) (G1 Evacuation Pause) 202M->57M(256M) 8.361ms
[342.256s][info][gc] GC(162) Pause Young (Normal) (G1 Evacuation Pause) 203M->58M(256M) 14.855ms
[343.376s][info][gc] GC(163) Pause Young (Normal) (G1 Evacuation Pause) 202M->59M(256M) 10.521ms
[344.404s][info][gc] GC(164) Pause Young (Normal) (G1 Evacuation Pause) 201M->59M(256M) 10.443ms
[345.432s][info][gc] GC(165) Pause Young (Normal) (G1 Evacuation Pause) 201M->60M(256M) 10.909ms
[346.436s][info][gc] GC(166) Pause Young (Normal) (G1 Evacuation Pause) 202M->60M(256M) 15.080ms
[347.392s][info][gc] GC(167) Pause Young (Normal) (G1 Evacuation Pause) 202M->60M(256M) 11.616ms
[348.341s][info][gc] GC(168) Pause Young (Normal) (G1 Evacuation Pause) 202M->60M(256M) 11.175ms
[349.284s][info][gc] GC(169) Pause Young (Normal) (G1 Evacuation Pause) 202M->60M(256M) 10.363ms
[350.225s][info][gc] GC(170) Pause Young (Normal) (G1 Evacuation Pause) 202M->60M(256M) 11.567ms
[351.169s][info][gc] GC(171) Pause Young (Normal) (G1 Evacuation Pause) 202M->60M(256M) 10.335ms
[352.112s][info][gc] GC(172) Pause Young (Normal) (G1 Evacuation Pause) 202M->61M(256M) 10.307ms
[353.057s][info][gc] GC(173) Pause Young (Normal) (G1 Evacuation Pause) 203M->61M(256M) 11.138ms
[354.004s][info][gc] GC(174) Pause Young (Normal) (G1 Evacuation Pause) 203M->61M(256M) 10.074ms
[354.949s][info][gc] GC(175) Pause Young (Normal) (G1 Evacuation Pause) 203M->61M(256M) 10.172ms
[355.892s][info][gc] GC(176) Pause Young (Normal) (G1 Evacuation Pause) 203M->61M(256M) 11.738ms
[356.833s][info][gc] GC(177) Pause Young (Normal) (G1 Evacuation Pause) 203M->61M(256M) 10.458ms
[357.775s][info][gc] GC(178) Pause Young (Normal) (G1 Evacuation Pause) 203M->61M(256M) 9.619ms
[358.728s][info][gc] GC(179) Pause Young (Normal) (G1 Evacuation Pause) 205M->60M(256M) 10.866ms
[359.688s][info][gc] GC(180) Pause Young (Normal) (G1 Evacuation Pause) 204M->61M(256M) 9.203ms
[360.635s][info][gc] GC(181) Pause Young (Normal) (G1 Evacuation Pause) 205M->61M(256M) 10.693ms
[361.588s][info][gc] GC(182) Pause Young (Normal) (G1 Evacuation Pause) 205M->61M(256M) 9.676ms
[362.539s][info][gc] GC(183) Pause Young (Normal) (G1 Evacuation Pause) 205M->61M(256M) 10.183ms
[363.491s][info][gc] GC(184) Pause Young (Normal) (G1 Evacuation Pause) 205M->61M(256M) 8.964ms
[364.462s][info][gc] GC(185) Pause Young (Normal) (G1 Evacuation Pause) 205M->61M(256M) 11.441ms
[365.423s][info][gc] GC(186) Pause Young (Normal) (G1 Evacuation Pause) 205M->61M(256M) 10.161ms
[366.375s][info][gc] GC(187) Pause Young (Normal) (G1 Evacuation Pause) 205M->61M(256M) 11.190ms
[367.326s][info][gc] GC(188) Pause Young (Normal) (G1 Evacuation Pause) 205M->61M(256M) 11.047ms
[368.270s][info][gc] GC(189) Pause Young (Normal) (G1 Evacuation Pause) 205M->61M(256M) 11.593ms
[369.219s][info][gc] GC(190) Pause Young (Normal) (G1 Evacuation Pause) 205M->61M(256M) 11.040ms
[370.170s][info][gc] GC(191) Pause Young (Normal) (G1 Evacuation Pause) 205M->61M(256M) 9.057ms
[371.136s][info][gc] GC(192) Pause Young (Normal) (G1 Evacuation Pause) 205M->62M(256M) 9.983ms
[372.083s][info][gc] GC(193) Pause Young (Normal) (G1 Evacuation Pause) 206M->62M(256M) 10.387ms
[373.027s][info][gc] GC(194) Pause Young (Normal) (G1 Evacuation Pause) 206M->62M(256M) 10.750ms
[373.970s][info][gc] GC(195) Pause Young (Normal) (G1 Evacuation Pause) 206M->62M(256M) 9.027ms
[374.916s][info][gc] GC(196) Pause Young (Normal) (G1 Evacuation Pause) 206M->62M(256M) 10.383ms
[375.865s][info][gc] GC(197) Pause Young (Normal) (G1 Evacuation Pause) 206M->62M(256M) 9.071ms
[376.817s][info][gc] GC(198) Pause Young (Normal) (G1 Evacuation Pause) 206M->62M(256M) 9.055ms
[377.769s][info][gc] GC(199) Pause Young (Normal) (G1 Evacuation Pause) 206M->62M(256M) 8.959ms
[378.722s][info][gc] GC(200) Pause Young (Normal) (G1 Evacuation Pause) 206M->62M(256M) 9.232ms
[379.684s][info][gc] GC(201) Pause Young (Normal) (G1 Evacuation Pause) 206M->62M(256M) 9.609ms
[380.634s][info][gc] GC(202) Pause Young (Normal) (G1 Evacuation Pause) 206M->61M(256M) 9.297ms
[381.586s][info][gc] GC(203) Pause Young (Normal) (G1 Evacuation Pause) 205M->61M(256M) 8.912ms
[382.556s][info][gc] GC(204) Pause Young (Normal) (G1 Evacuation Pause) 205M->62M(256M) 13.607ms
[383.515s][info][gc] GC(205) Pause Young (Normal) (G1 Evacuation Pause) 206M->62M(256M) 10.980ms
[384.463s][info][gc] GC(206) Pause Young (Normal) (G1 Evacuation Pause) 206M->61M(256M) 10.401ms
[385.412s][info][gc] GC(207) Pause Young (Normal) (G1 Evacuation Pause) 205M->62M(256M) 10.185ms
[386.364s][info][gc] GC(208) Pause Young (Normal) (G1 Evacuation Pause) 206M->62M(256M) 9.331ms
[387.315s][info][gc] GC(209) Pause Young (Normal) (G1 Evacuation Pause) 206M->62M(256M) 10.517ms
[388.263s][info][gc] GC(210) Pause Young (Normal) (G1 Evacuation Pause) 206M->62M(256M) 8.977ms
[389.212s][info][gc] GC(211) Pause Young (Normal) (G1 Evacuation Pause) 206M->62M(256M) 10.154ms
[390.164s][info][gc] GC(212) Pause Young (Normal) (G1 Evacuation Pause) 206M->62M(256M) 9.197ms
[391.122s][info][gc] GC(213) Pause Young (Normal) (G1 Evacuation Pause) 206M->62M(256M) 10.938ms
[392.092s][info][gc] GC(214) Pause Young (Normal) (G1 Evacuation Pause) 206M->62M(256M) 8.898ms
[393.055s][info][gc] GC(215) Pause Young (Normal) (G1 Evacuation Pause) 206M->62M(256M) 8.892ms
[394.017s][info][gc] GC(216) Pause Young (Normal) (G1 Evacuation Pause) 206M->62M(256M) 8.925ms
[394.978s][info][gc] GC(217) Pause Young (Normal) (G1 Evacuation Pause) 206M->62M(256M) 11.443ms
[395.927s][info][gc] GC(218) Pause Young (Normal) (G1 Evacuation Pause) 206M->62M(256M) 10.441ms
[396.880s][info][gc] GC(219) Pause Young (Normal) (G1 Evacuation Pause) 206M->62M(256M) 8.916ms
[397.835s][info][gc] GC(220) Pause Young (Normal) (G1 Evacuation Pause) 206M->62M(256M) 10.482ms
[398.791s][info][gc] GC(221) Pause Young (Normal) (G1 Evacuation Pause) 206M->62M(256M) 10.488ms
[399.770s][info][gc] GC(222) Pause Young (Normal) (G1 Evacuation Pause) 206M->61M(256M) 10.598ms
[400.755s][info][gc] GC(223) Pause Young (Normal) (G1 Evacuation Pause) 205M->62M(256M) 9.616ms
[401.739s][info][gc] GC(224) Pause Young (Normal) (G1 Evacuation Pause) 206M->61M(256M) 9.983ms
[402.723s][info][gc] GC(225) Pause Young (Normal) (G1 Evacuation Pause) 205M->61M(256M) 9.433ms
[403.705s][info][gc] GC(226) Pause Young (Normal) (G1 Evacuation Pause) 205M->62M(256M) 8.583ms
[404.683s][info][gc] GC(227) Pause Young (Normal) (G1 Evacuation Pause) 206M->62M(256M) 8.496ms
[405.666s][info][gc] GC(228) Pause Young (Normal) (G1 Evacuation Pause) 206M->62M(256M) 8.611ms
[406.629s][info][gc] GC(229) Pause Young (Normal) (G1 Evacuation Pause) 206M->62M(256M) 8.919ms
[407.580s][info][gc] GC(230) Pause Young (Normal) (G1 Evacuation Pause) 206M->62M(256M) 9.343ms
[408.534s][info][gc] GC(231) Pause Young (Normal) (G1 Evacuation Pause) 206M->62M(256M) 9.167ms
[409.475s][info][gc] GC(232) Pause Young (Normal) (G1 Evacuation Pause) 206M->62M(256M) 10.829ms
[410.423s][info][gc] GC(233) Pause Young (Normal) (G1 Evacuation Pause) 206M->62M(256M) 11.202ms
[411.369s][info][gc] GC(234) Pause Young (Normal) (G1 Evacuation Pause) 206M->62M(256M) 9.608ms
[412.305s][info][gc] GC(235) Pause Young (Normal) (G1 Evacuation Pause) 206M->62M(256M) 9.033ms
[413.248s][info][gc] GC(236) Pause Young (Normal) (G1 Evacuation Pause) 206M->62M(256M) 9.951ms
[414.195s][info][gc] GC(237) Pause Young (Normal) (G1 Evacuation Pause) 206M->62M(256M) 9.299ms
[415.132s][info][gc] GC(238) Pause Young (Normal) (G1 Evacuation Pause) 206M->62M(256M) 10.228ms
[416.064s][info][gc] GC(239) Pause Young (Normal) (G1 Evacuation Pause) 206M->62M(256M) 9.740ms
[416.994s][info][gc] GC(240) Pause Young (Normal) (G1 Evacuation Pause) 206M->62M(256M) 11.241ms
[417.935s][info][gc] GC(241) Pause Young (Normal) (G1 Evacuation Pause) 206M->62M(256M) 10.442ms
[418.886s][info][gc] GC(242) Pause Young (Normal) (G1 Evacuation Pause) 206M->62M(256M) 8.946ms
[419.860s][info][gc] GC(243) Pause Young (Normal) (G1 Evacuation Pause) 206M->62M(256M) 13.317ms
[420.816s][info][gc] GC(244) Pause Young (Normal) (G1 Evacuation Pause) 206M->63M(256M) 9.686ms
[421.794s][info][gc] GC(245) Pause Young (Normal) (G1 Evacuation Pause) 207M->62M(256M) 10.967ms
[422.775s][info][gc] GC(246) Pause Young (Normal) (G1 Evacuation Pause) 206M->62M(256M) 8.614ms
[423.755s][info][gc] GC(247) Pause Young (Normal) (G1 Evacuation Pause) 206M->62M(256M) 10.753ms
[424.731s][info][gc] GC(248) Pause Young (Normal) (G1 Evacuation Pause) 206M->62M(256M) 9.447ms
[425.717s][info][gc] GC(249) Pause Young (Normal) (G1 Evacuation Pause) 206M->62M(256M) 8.456ms
[426.764s][info][gc] GC(250) Pause Young (Normal) (G1 Evacuation Pause) 206M->62M(256M) 8.575ms
[427.751s][info][gc] GC(251) Pause Young (Normal) (G1 Evacuation Pause) 206M->62M(256M) 9.845ms
[428.732s][info][gc] GC(252) Pause Young (Normal) (G1 Evacuation Pause) 206M->62M(256M) 8.706ms
[429.718s][info][gc] GC(253) Pause Young (Normal) (G1 Evacuation Pause) 206M->62M(256M) 10.524ms
[430.699s][info][gc] GC(254) Pause Young (Normal) (G1 Evacuation Pause) 206M->62M(256M) 10.014ms
[431.656s][info][gc] GC(255) Pause Young (Normal) (G1 Evacuation Pause) 206M->62M(256M) 9.462ms
[432.592s][info][gc] GC(256) Pause Young (Normal) (G1 Evacuation Pause) 206M->63M(256M) 13.632ms
[433.535s][info][gc] GC(257) Pause Young (Normal) (G1 Evacuation Pause) 207M->63M(256M) 10.445ms
[434.467s][info][gc] GC(258) Pause Young (Normal) (G1 Evacuation Pause) 207M->63M(256M) 9.105ms
[435.415s][info][gc] GC(259) Pause Young (Normal) (G1 Evacuation Pause) 207M->63M(256M) 9.055ms
[436.356s][info][gc] GC(260) Pause Young (Normal) (G1 Evacuation Pause) 207M->63M(256M) 9.847ms
[437.300s][info][gc] GC(261) Pause Young (Normal) (G1 Evacuation Pause) 207M->63M(256M) 9.460ms
[438.243s][info][gc] GC(262) Pause Young (Normal) (G1 Evacuation Pause) 207M->64M(256M) 11.149ms
[439.182s][info][gc] GC(263) Pause Young (Normal) (G1 Evacuation Pause) 206M->63M(256M) 9.170ms
[440.127s][info][gc] GC(264) Pause Young (Normal) (G1 Evacuation Pause) 207M->63M(256M) 9.201ms
[441.076s][info][gc] GC(265) Pause Young (Normal) (G1 Evacuation Pause) 207M->63M(256M) 12.248ms
[442.027s][info][gc] GC(266) Pause Young (Normal) (G1 Evacuation Pause) 207M->63M(256M) 10.316ms
[442.975s][info][gc] GC(267) Pause Young (Normal) (G1 Evacuation Pause) 207M->63M(256M) 8.995ms
[443.924s][info][gc] GC(268) Pause Young (Normal) (G1 Evacuation Pause) 207M->63M(256M) 9.017ms
[444.882s][info][gc] GC(269) Pause Young (Normal) (G1 Evacuation Pause) 207M->63M(256M) 9.013ms
[445.854s][info][gc] GC(270) Pause Young (Normal) (G1 Evacuation Pause) 207M->63M(256M) 9.182ms
[446.808s][info][gc] GC(271) Pause Young (Normal) (G1 Evacuation Pause) 207M->63M(256M) 9.930ms
[447.765s][info][gc] GC(272) Pause Young (Normal) (G1 Evacuation Pause) 207M->63M(256M) 13.171ms
[448.730s][info][gc] GC(273) Pause Young (Normal) (G1 Evacuation Pause) 207M->63M(256M) 8.791ms
[449.691s][info][gc] GC(274) Pause Young (Normal) (G1 Evacuation Pause) 207M->63M(256M) 9.961ms
[450.645s][info][gc] GC(275) Pause Young (Normal) (G1 Evacuation Pause) 207M->63M(256M) 12.200ms
[451.591s][info][gc] GC(276) Pause Young (Normal) (G1 Evacuation Pause) 207M->63M(256M) 10.695ms
[452.539s][info][gc] GC(277) Pause Young (Normal) (G1 Evacuation Pause) 207M->63M(256M) 10.914ms
[453.475s][info][gc] GC(278) Pause Young (Normal) (G1 Evacuation Pause) 207M->64M(256M) 9.023ms
[454.415s][info][gc] GC(279) Pause Young (Normal) (G1 Evacuation Pause) 208M->63M(256M) 10.266ms
[455.360s][info][gc] GC(280) Pause Young (Normal) (G1 Evacuation Pause) 207M->63M(256M) 8.977ms
[456.307s][info][gc] GC(281) Pause Young (Normal) (G1 Evacuation Pause) 207M->63M(256M) 10.314ms
[457.241s][info][gc] GC(282) Pause Young (Normal) (G1 Evacuation Pause) 207M->63M(256M) 8.941ms
[458.183s][info][gc] GC(283) Pause Young (Normal) (G1 Evacuation Pause) 207M->63M(256M) 10.334ms
[459.125s][info][gc] GC(284) Pause Young (Normal) (G1 Evacuation Pause) 207M->63M(256M) 8.872ms
[460.088s][info][gc] GC(285) Pause Young (Normal) (G1 Evacuation Pause) 207M->64M(256M) 9.444ms
[461.035s][info][gc] GC(286) Pause Young (Normal) (G1 Evacuation Pause) 208M->63M(256M) 10.991ms
[461.984s][info][gc] GC(287) Pause Young (Normal) (G1 Evacuation Pause) 207M->63M(256M) 9.005ms
[462.956s][info][gc] GC(288) Pause Young (Normal) (G1 Evacuation Pause) 207M->64M(256M) 8.996ms
[463.896s][info][gc] GC(289) Pause Young (Normal) (G1 Evacuation Pause) 208M->64M(256M) 9.175ms
[464.840s][info][gc] GC(290) Pause Young (Normal) (G1 Evacuation Pause) 208M->64M(256M) 9.242ms
[465.801s][info][gc] GC(291) Pause Young (Normal) (G1 Evacuation Pause) 208M->64M(256M) 13.237ms
[466.751s][info][gc] GC(292) Pause Young (Normal) (G1 Evacuation Pause) 208M->64M(256M) 8.855ms
[467.700s][info][gc] GC(293) Pause Young (Normal) (G1 Evacuation Pause) 208M->63M(256M) 9.132ms
[468.654s][info][gc] GC(294) Pause Young (Normal) (G1 Evacuation Pause) 207M->64M(256M) 8.982ms
[469.620s][info][gc] GC(295) Pause Young (Normal) (G1 Evacuation Pause) 208M->64M(256M) 10.586ms
[470.573s][info][gc] GC(296) Pause Young (Normal) (G1 Evacuation Pause) 208M->64M(256M) 9.099ms
[471.522s][info][gc] GC(297) Pause Young (Normal) (G1 Evacuation Pause) 208M->64M(256M) 9.298ms
[472.468s][info][gc] GC(298) Pause Young (Normal) (G1 Evacuation Pause) 208M->64M(256M) 10.311ms
[473.416s][info][gc] GC(299) Pause Young (Normal) (G1 Evacuation Pause) 208M->65M(256M) 10.023ms
[474.355s][info][gc] GC(300) Pause Young (Normal) (G1 Evacuation Pause) 207M->64M(256M) 9.443ms
[475.299s][info][gc] GC(301) Pause Young (Normal) (G1 Evacuation Pause) 208M->64M(256M) 9.523ms
[476.244s][info][gc] GC(302) Pause Young (Normal) (G1 Evacuation Pause) 208M->64M(256M) 11.078ms
[477.191s][info][gc] GC(303) Pause Young (Normal) (G1 Evacuation Pause) 208M->65M(256M) 10.943ms
[478.128s][info][gc] GC(304) Pause Young (Normal) (G1 Evacuation Pause) 207M->64M(256M) 14.289ms
[479.068s][info][gc] GC(305) Pause Young (Normal) (G1 Evacuation Pause) 208M->64M(256M) 9.845ms
[480.008s][info][gc] GC(306) Pause Young (Normal) (G1 Evacuation Pause) 208M->65M(256M) 9.429ms
[480.940s][info][gc] GC(307) Pause Young (Normal) (G1 Evacuation Pause) 207M->65M(256M) 10.602ms
[481.868s][info][gc] GC(308) Pause Young (Normal) (G1 Evacuation Pause) 207M->65M(256M) 9.681ms
[482.785s][info][gc] GC(309) Pause Young (Normal) (G1 Evacuation Pause) 205M->65M(256M) 9.518ms
[483.711s][info][gc] GC(310) Pause Young (Normal) (G1 Evacuation Pause) 207M->65M(256M) 9.499ms
[484.634s][info][gc] GC(311) Pause Young (Normal) (G1 Evacuation Pause) 207M->64M(256M) 9.543ms
[485.573s][info][gc] GC(312) Pause Young (Normal) (G1 Evacuation Pause) 206M->65M(256M) 10.310ms
[486.503s][info][gc] GC(313) Pause Young (Normal) (G1 Evacuation Pause) 207M->65M(256M) 11.530ms
[487.434s][info][gc] GC(314) Pause Young (Normal) (G1 Evacuation Pause) 207M->65M(256M) 11.802ms
[488.373s][info][gc] GC(315) Pause Young (Normal) (G1 Evacuation Pause) 207M->65M(256M) 13.431ms
[489.304s][info][gc] GC(316) Pause Young (Normal) (G1 Evacuation Pause) 207M->65M(256M) 13.106ms
[490.230s][info][gc] GC(317) Pause Young (Normal) (G1 Evacuation Pause) 207M->65M(256M) 11.110ms
[491.160s][info][gc] GC(318) Pause Young (Normal) (G1 Evacuation Pause) 207M->64M(256M) 9.365ms
[492.075s][info][gc] GC(319) Pause Young (Normal) (G1 Evacuation Pause) 206M->64M(256M) 9.039ms
[493.015s][info][gc] GC(320) Pause Young (Normal) (G1 Evacuation Pause) 206M->65M(256M) 9.296ms
[493.919s][info][gc] GC(321) Pause Young (Normal) (G1 Evacuation Pause) 207M->65M(256M) 9.183ms
[494.848s][info][gc] GC(322) Pause Young (Normal) (G1 Evacuation Pause) 207M->65M(256M) 10.140ms
[495.780s][info][gc] GC(323) Pause Young (Normal) (G1 Evacuation Pause) 207M->65M(256M) 9.071ms
[496.702s][info][gc] GC(324) Pause Young (Normal) (G1 Evacuation Pause) 207M->65M(256M) 9.094ms
[497.635s][info][gc] GC(325) Pause Young (Normal) (G1 Evacuation Pause) 207M->65M(256M) 9.403ms
[498.557s][info][gc] GC(326) Pause Young (Normal) (G1 Evacuation Pause) 207M->65M(256M) 9.423ms
[499.483s][info][gc] GC(327) Pause Young (Normal) (G1 Evacuation Pause) 207M->65M(256M) 9.290ms
[500.419s][info][gc] GC(328) Pause Young (Normal) (G1 Evacuation Pause) 207M->65M(256M) 11.143ms
[501.351s][info][gc] GC(329) Pause Young (Normal) (G1 Evacuation Pause) 207M->65M(256M) 9.304ms
[502.279s][info][gc] GC(330) Pause Young (Normal) (G1 Evacuation Pause) 207M->65M(256M) 10.748ms
[503.208s][info][gc] GC(331) Pause Young (Normal) (G1 Evacuation Pause) 207M->65M(256M) 9.343ms
[504.140s][info][gc] GC(332) Pause Young (Normal) (G1 Evacuation Pause) 207M->65M(256M) 9.159ms
[505.068s][info][gc] GC(333) Pause Young (Normal) (G1 Evacuation Pause) 207M->65M(256M) 9.816ms
[505.999s][info][gc] GC(334) Pause Young (Normal) (G1 Evacuation Pause) 207M->65M(256M) 11.152ms
[506.935s][info][gc] GC(335) Pause Young (Normal) (G1 Evacuation Pause) 207M->66M(256M) 10.644ms
[507.863s][info][gc] GC(336) Pause Young (Normal) (G1 Evacuation Pause) 208M->65M(256M) 10.826ms
[508.801s][info][gc] GC(337) Pause Young (Normal) (G1 Evacuation Pause) 207M->65M(256M) 13.451ms
[509.732s][info][gc] GC(338) Pause Young (Normal) (G1 Evacuation Pause) 207M->65M(256M) 8.881ms
[510.673s][info][gc] GC(339) Pause Young (Normal) (G1 Evacuation Pause) 207M->66M(256M) 12.211ms
[541.774s][info][gc] GC(340) Pause Young (Concurrent Start) (CodeCache GC Threshold) 153M->64M(256M) 14.390ms
[541.774s][info][gc] GC(341) Concurrent Mark Cycle
[541.931s][info][gc] GC(341) Pause Remark 69M->69M(256M) 14.926ms
[541.998s][info][gc] GC(341) Pause Cleanup 73M->73M(256M) 0.068ms
[541.999s][info][gc] GC(341) Concurrent Mark Cycle 224.549ms
[571.796s][info][gc] GC(342) Pause Young (Concurrent Start) (CodeCache GC Threshold) 76M->65M(256M) 8.327ms
[571.796s][info][gc] GC(343) Concurrent Mark Cycle
[572.038s][info][gc] GC(343) Pause Remark 87M->87M(256M) 9.401ms
[572.571s][info][gc] GC(344) Pause Young (Normal) (G1 Evacuation Pause) 191M->63M(256M) 8.753ms
[572.724s][info][gc] GC(343) Pause Cleanup 87M->87M(256M) 0.069ms
[572.744s][info][gc] GC(343) Concurrent Mark Cycle 948.537ms
