[0.004s][info][gc] Using G1
[0.379s][info][gc] GC(0) Pause Young (Normal) (G1 Evacuation Pause) 13M->4M(260M) 9.618ms
[0.589s][info][gc] GC(1) Pause Young (Normal) (G1 Evacuation Pause) 14M->7M(260M) 11.174ms
[0.951s][info][gc] GC(2) Pause Young (Normal) (G1 Evacuation Pause) 19M->9M(260M) 7.178ms
[1.545s][info][gc] GC(3) Pause Young (Normal) (G1 Evacuation Pause) 37M->13M(260M) 8.583ms
[1.682s][info][gc] GC(4) Pause Young (Concurrent Start) (Metadata GC Threshold) 21M->15M(260M) 9.627ms
[1.682s][info][gc] GC(5) Concurrent Mark Cycle
[1.703s][info][gc] GC(5) Pause Remark 15M->15M(256M) 6.835ms
[1.719s][info][gc] GC(5) Pause Cleanup 16M->16M(256M) 0.055ms
[1.721s][info][gc] GC(5) Concurrent Mark Cycle 38.878ms
[2.192s][info][gc] GC(6) Pause Young (Prepare Mixed) (G1 Evacuation Pause) 61M->19M(256M) 13.826ms
[2.215s][info][gc] GC(7) Pause Young (Mixed) (G1 Evacuation Pause) 23M->19M(312M) 12.156ms
[2.784s][info][gc] GC(8) Pause Young (Concurrent Start) (CodeCache GC Threshold) 82M->23M(312M) 5.485ms
[2.784s][info][gc] GC(9) Concurrent Mark Cycle
[2.813s][info][gc] GC(9) Pause Remark 23M->23M(256M) 3.424ms
[2.834s][info][gc] GC(9) Pause Cleanup 25M->25M(256M) 0.044ms
[2.843s][info][gc] GC(9) Concurrent Mark Cycle 58.674ms
[4.842s][info][gc] GC(10) Pause Young (Concurrent Start) (CodeCache GC Threshold) 190M->37M(256M) 17.404ms
[4.842s][info][gc] GC(11) Concurrent Mark Cycle
[4.909s][info][gc] GC(11) Pause Remark 39M->39M(256M) 8.075ms
[4.922s][info][gc] GC(11) Pause Cleanup 40M->40M(256M) 0.048ms
[4.923s][info][gc] GC(11) Concurrent Mark Cycle 81.064ms
[5.916s][info][gc] GC(12) Pause Young (Concurrent Start) (CodeCache GC Threshold) 101M->32M(256M) 16.203ms
[5.916s][info][gc] GC(13) Concurrent Mark Cycle
[5.976s][info][gc] GC(13) Pause Remark 34M->34M(256M) 9.525ms
[6.008s][info][gc] GC(13) Pause Cleanup 35M->35M(256M) 0.055ms
[6.009s][info][gc] GC(13) Concurrent Mark Cycle 93.000ms
[6.462s][info][gc] GC(14) Pause Young (Concurrent Start) (CodeCache GC Threshold) 59M->32M(256M) 9.117ms
[6.462s][info][gc] GC(15) Concurrent Mark Cycle
[6.540s][info][gc] GC(15) Pause Remark 35M->35M(256M) 6.092ms
[6.559s][info][gc] GC(15) Pause Cleanup 35M->35M(256M) 0.061ms
[6.559s][info][gc] GC(15) Concurrent Mark Cycle 96.901ms
[30.966s][info][gc] GC(16) Pause Young (Concurrent Start) (CodeCache GC Threshold) 51M->33M(256M) 16.994ms
[30.966s][info][gc] GC(17) Concurrent Mark Cycle
[31.029s][info][gc] GC(17) Pause Remark 37M->37M(256M) 6.918ms
[31.056s][info][gc] GC(17) Pause Cleanup 37M->37M(256M) 0.061ms
[31.056s][info][gc] GC(17) Concurrent Mark Cycle 90.383ms
[38.742s][info][gc] GC(18) Pause Young (Concurrent Start) (CodeCache GC Threshold) 81M->33M(256M) 16.674ms
[38.742s][info][gc] GC(19) Concurrent Mark Cycle
[38.814s][info][gc] GC(19) Pause Remark 40M->40M(256M) 12.831ms
[38.847s][info][gc] GC(19) Pause Cleanup 40M->40M(256M) 0.063ms
[38.848s][info][gc] GC(19) Concurrent Mark Cycle 105.466ms
[42.469s][info][gc] GC(20) Pause Young (Concurrent Start) (CodeCache GC Threshold) 96M->33M(256M) 13.843ms
[42.469s][info][gc] GC(21) Concurrent Mark Cycle
[42.548s][info][gc] GC(21) Pause Remark 44M->44M(256M) 15.228ms
[42.571s][info][gc] GC(21) Pause Cleanup 44M->44M(256M) 0.051ms
[42.572s][info][gc] GC(21) Concurrent Mark Cycle 102.859ms
[43.257s][info][gc] GC(22) Pause Young (Concurrent Start) (CodeCache GC Threshold) 57M->33M(256M) 12.808ms
[43.257s][info][gc] GC(23) Concurrent Mark Cycle
[43.330s][info][gc] GC(23) Pause Remark 44M->44M(256M) 11.398ms
[43.358s][info][gc] GC(23) Pause Cleanup 44M->44M(256M) 0.045ms
[43.359s][info][gc] GC(23) Concurrent Mark Cycle 101.782ms
[44.083s][info][gc] GC(24) Pause Young (Concurrent Start) (CodeCache GC Threshold) 61M->33M(256M) 15.930ms
[44.083s][info][gc] GC(25) Concurrent Mark Cycle
[44.156s][info][gc] GC(25) Pause Remark 45M->45M(256M) 11.948ms
[44.186s][info][gc] GC(25) Pause Cleanup 45M->45M(256M) 0.061ms
[44.186s][info][gc] GC(25) Concurrent Mark Cycle 103.330ms
[46.841s][info][gc] GC(26) Pause Young (Concurrent Start) (CodeCache GC Threshold) 143M->34M(256M) 12.549ms
[46.841s][info][gc] GC(27) Concurrent Mark Cycle
[46.926s][info][gc] GC(27) Pause Remark 43M->43M(256M) 9.614ms
[46.954s][info][gc] GC(27) Pause Cleanup 44M->44M(256M) 0.053ms
[46.954s][info][gc] GC(27) Concurrent Mark Cycle 113.449ms
[49.547s][info][gc] GC(28) Pause Young (Prepare Mixed) (G1 Evacuation Pause) 176M->35M(308M) 16.115ms
[49.571s][info][gc] GC(29) Pause Young (Mixed) (G1 Evacuation Pause) 39M->34M(308M) 16.753ms
[49.849s][info][gc] GC(30) Pause Young (Concurrent Start) (CodeCache GC Threshold) 54M->34M(308M) 4.846ms
[49.849s][info][gc] GC(31) Concurrent Mark Cycle
[49.925s][info][gc] GC(31) Pause Remark 45M->45M(256M) 9.233ms
[49.971s][info][gc] GC(31) Pause Cleanup 48M->48M(256M) 0.052ms
[49.971s][info][gc] GC(31) Concurrent Mark Cycle 122.554ms
[50.642s][info][gc] GC(32) Pause Young (Concurrent Start) (CodeCache GC Threshold) 88M->34M(256M) 3.742ms
[50.642s][info][gc] GC(33) Concurrent Mark Cycle
[50.733s][info][gc] GC(33) Pause Remark 46M->46M(256M) 10.026ms
[50.764s][info][gc] GC(33) Pause Cleanup 47M->47M(256M) 0.055ms
[50.765s][info][gc] GC(33) Concurrent Mark Cycle 122.494ms
[50.937s][info][gc] GC(34) Pause Young (Concurrent Start) (CodeCache GC Threshold) 58M->34M(256M) 5.023ms
[50.937s][info][gc] GC(35) Concurrent Mark Cycle
[51.049s][info][gc] GC(35) Pause Remark 46M->46M(256M) 10.905ms
[51.093s][info][gc] GC(35) Pause Cleanup 49M->49M(256M) 0.053ms
[51.094s][info][gc] GC(35) Concurrent Mark Cycle 156.834ms
[52.920s][info][gc] GC(36) Pause Young (Concurrent Start) (CodeCache GC Threshold) 170M->34M(256M) 5.662ms
[52.920s][info][gc] GC(37) Concurrent Mark Cycle
[53.005s][info][gc] GC(37) Pause Remark 43M->43M(256M) 11.587ms
[53.046s][info][gc] GC(37) Pause Cleanup 46M->46M(256M) 0.053ms
[53.046s][info][gc] GC(37) Concurrent Mark Cycle 125.811ms
[54.970s][info][gc] GC(38) Pause Young (Prepare Mixed) (G1 Evacuation Pause) 184M->34M(256M) 5.674ms
[55.078s][info][gc] GC(39) Pause Young (Mixed) (G1 Evacuation Pause) 44M->34M(256M) 5.557ms
[56.724s][info][gc] GC(40) Pause Young (Normal) (G1 Evacuation Pause) 184M->34M(256M) 5.222ms
[58.748s][info][gc] GC(41) Pause Young (Normal) (G1 Evacuation Pause) 184M->34M(256M) 4.531ms
[60.762s][info][gc] GC(42) Pause Young (Normal) (G1 Evacuation Pause) 184M->34M(256M) 5.406ms
[62.784s][info][gc] GC(43) Pause Young (Normal) (G1 Evacuation Pause) 184M->34M(256M) 4.719ms
[64.805s][info][gc] GC(44) Pause Young (Normal) (G1 Evacuation Pause) 184M->34M(256M) 3.699ms
[66.825s][info][gc] GC(45) Pause Young (Normal) (G1 Evacuation Pause) 184M->34M(256M) 4.041ms
[68.882s][info][gc] GC(46) Pause Young (Normal) (G1 Evacuation Pause) 184M->34M(256M) 5.442ms
[70.963s][info][gc] GC(47) Pause Young (Normal) (G1 Evacuation Pause) 184M->34M(256M) 5.515ms
[73.001s][info][gc] GC(48) Pause Young (Normal) (G1 Evacuation Pause) 184M->34M(256M) 4.149ms
[75.033s][info][gc] GC(49) Pause Young (Normal) (G1 Evacuation Pause) 184M->34M(256M) 5.566ms
[77.061s][info][gc] GC(50) Pause Young (Normal) (G1 Evacuation Pause) 184M->34M(256M) 5.741ms
[79.087s][info][gc] GC(51) Pause Young (Normal) (G1 Evacuation Pause) 184M->34M(256M) 5.681ms
[81.109s][info][gc] GC(52) Pause Young (Normal) (G1 Evacuation Pause) 184M->34M(256M) 3.646ms
[83.134s][info][gc] GC(53) Pause Young (Normal) (G1 Evacuation Pause) 184M->34M(256M) 5.615ms
[85.160s][info][gc] GC(54) Pause Young (Normal) (G1 Evacuation Pause) 184M->34M(256M) 4.543ms
[87.186s][info][gc] GC(55) Pause Young (Normal) (G1 Evacuation Pause) 184M->34M(256M) 5.625ms
[89.211s][info][gc] GC(56) Pause Young (Normal) (G1 Evacuation Pause) 184M->34M(256M) 5.656ms
[91.232s][info][gc] GC(57) Pause Young (Normal) (G1 Evacuation Pause) 184M->34M(256M) 5.212ms
[93.264s][info][gc] GC(58) Pause Young (Normal) (G1 Evacuation Pause) 184M->34M(256M) 5.467ms
[95.297s][info][gc] GC(59) Pause Young (Normal) (G1 Evacuation Pause) 184M->34M(256M) 4.328ms
[97.330s][info][gc] GC(60) Pause Young (Normal) (G1 Evacuation Pause) 184M->34M(256M) 8.061ms
[99.363s][info][gc] GC(61) Pause Young (Normal) (G1 Evacuation Pause) 184M->34M(256M) 5.889ms
[101.401s][info][gc] GC(62) Pause Young (Normal) (G1 Evacuation Pause) 184M->34M(256M) 11.051ms
[103.436s][info][gc] GC(63) Pause Young (Normal) (G1 Evacuation Pause) 184M->34M(256M) 5.826ms
[105.470s][info][gc] GC(64) Pause Young (Normal) (G1 Evacuation Pause) 184M->34M(256M) 4.924ms
[107.512s][info][gc] GC(65) Pause Young (Normal) (G1 Evacuation Pause) 184M->34M(256M) 5.712ms
[109.537s][info][gc] GC(66) Pause Young (Normal) (G1 Evacuation Pause) 184M->34M(256M) 5.657ms
[111.565s][info][gc] GC(67) Pause Young (Normal) (G1 Evacuation Pause) 184M->34M(256M) 3.756ms
[113.589s][info][gc] GC(68) Pause Young (Normal) (G1 Evacuation Pause) 184M->34M(256M) 3.861ms
[115.620s][info][gc] GC(69) Pause Young (Normal) (G1 Evacuation Pause) 184M->34M(256M) 5.216ms
[117.646s][info][gc] GC(70) Pause Young (Normal) (G1 Evacuation Pause) 184M->34M(256M) 5.583ms
[119.673s][info][gc] GC(71) Pause Young (Normal) (G1 Evacuation Pause) 184M->34M(256M) 5.659ms
[121.699s][info][gc] GC(72) Pause Young (Normal) (G1 Evacuation Pause) 184M->34M(256M) 5.730ms
[123.733s][info][gc] GC(73) Pause Young (Normal) (G1 Evacuation Pause) 184M->34M(256M) 5.587ms
[125.760s][info][gc] GC(74) Pause Young (Normal) (G1 Evacuation Pause) 184M->34M(256M) 4.934ms
[127.784s][info][gc] GC(75) Pause Young (Normal) (G1 Evacuation Pause) 184M->34M(256M) 5.038ms
[129.812s][info][gc] GC(76) Pause Young (Normal) (G1 Evacuation Pause) 184M->34M(256M) 4.854ms
[131.838s][info][gc] GC(77) Pause Young (Normal) (G1 Evacuation Pause) 184M->34M(256M) 5.686ms
[133.865s][info][gc] GC(78) Pause Young (Normal) (G1 Evacuation Pause) 184M->34M(256M) 4.691ms
[135.891s][info][gc] GC(79) Pause Young (Normal) (G1 Evacuation Pause) 184M->34M(256M) 5.729ms
[137.913s][info][gc] GC(80) Pause Young (Normal) (G1 Evacuation Pause) 184M->34M(256M) 3.668ms
[139.941s][info][gc] GC(81) Pause Young (Normal) (G1 Evacuation Pause) 184M->34M(256M) 4.239ms
[141.968s][info][gc] GC(82) Pause Young (Normal) (G1 Evacuation Pause) 184M->34M(256M) 4.967ms
[143.993s][info][gc] GC(83) Pause Young (Normal) (G1 Evacuation Pause) 184M->34M(256M) 3.882ms
[146.020s][info][gc] GC(84) Pause Young (Normal) (G1 Evacuation Pause) 184M->34M(256M) 5.295ms
[148.054s][info][gc] GC(85) Pause Young (Normal) (G1 Evacuation Pause) 184M->34M(256M) 3.251ms
[150.083s][info][gc] GC(86) Pause Young (Normal) (G1 Evacuation Pause) 184M->34M(256M) 5.714ms
[152.109s][info][gc] GC(87) Pause Young (Normal) (G1 Evacuation Pause) 184M->34M(256M) 4.250ms
[154.133s][info][gc] GC(88) Pause Young (Normal) (G1 Evacuation Pause) 184M->34M(256M) 3.622ms
[156.160s][info][gc] GC(89) Pause Young (Normal) (G1 Evacuation Pause) 184M->34M(256M) 5.399ms
[158.184s][info][gc] GC(90) Pause Young (Normal) (G1 Evacuation Pause) 184M->34M(256M) 4.866ms
[160.230s][info][gc] GC(91) Pause Young (Normal) (G1 Evacuation Pause) 184M->34M(256M) 3.479ms
[162.322s][info][gc] GC(92) Pause Young (Normal) (G1 Evacuation Pause) 184M->34M(256M) 5.564ms
[164.350s][info][gc] GC(93) Pause Young (Normal) (G1 Evacuation Pause) 184M->34M(256M) 5.565ms
[166.378s][info][gc] GC(94) Pause Young (Normal) (G1 Evacuation Pause) 184M->34M(256M) 5.684ms
[168.405s][info][gc] GC(95) Pause Young (Normal) (G1 Evacuation Pause) 184M->34M(256M) 5.788ms
[170.436s][info][gc] GC(96) Pause Young (Normal) (G1 Evacuation Pause) 184M->34M(256M) 4.900ms
[172.460s][info][gc] GC(97) Pause Young (Normal) (G1 Evacuation Pause) 184M->34M(256M) 5.065ms
[174.492s][info][gc] GC(98) Pause Young (Normal) (G1 Evacuation Pause) 184M->34M(256M) 4.666ms
[176.520s][info][gc] GC(99) Pause Young (Normal) (G1 Evacuation Pause) 184M->34M(256M) 5.204ms
[178.544s][info][gc] GC(100) Pause Young (Normal) (G1 Evacuation Pause) 184M->34M(256M) 5.796ms
[180.570s][info][gc] GC(101) Pause Young (Normal) (G1 Evacuation Pause) 184M->34M(256M) 3.567ms
[182.593s][info][gc] GC(102) Pause Young (Normal) (G1 Evacuation Pause) 184M->34M(256M) 4.118ms
[184.617s][info][gc] GC(103) Pause Young (Normal) (G1 Evacuation Pause) 184M->34M(256M) 4.462ms
[186.642s][info][gc] GC(104) Pause Young (Normal) (G1 Evacuation Pause) 184M->34M(256M) 5.717ms
[188.666s][info][gc] GC(105) Pause Young (Normal) (G1 Evacuation Pause) 184M->34M(256M) 3.716ms
[190.688s][info][gc] GC(106) Pause Young (Normal) (G1 Evacuation Pause) 184M->34M(256M) 5.321ms
[192.714s][info][gc] GC(107) Pause Young (Normal) (G1 Evacuation Pause) 184M->34M(256M) 5.887ms
[194.740s][info][gc] GC(108) Pause Young (Normal) (G1 Evacuation Pause) 184M->35M(256M) 5.170ms
[196.769s][info][gc] GC(109) Pause Young (Normal) (G1 Evacuation Pause) 185M->35M(256M) 5.050ms
[198.794s][info][gc] GC(110) Pause Young (Normal) (G1 Evacuation Pause) 185M->35M(256M) 4.173ms
[200.817s][info][gc] GC(111) Pause Young (Normal) (G1 Evacuation Pause) 185M->35M(256M) 3.922ms
[202.840s][info][gc] GC(112) Pause Young (Normal) (G1 Evacuation Pause) 185M->34M(256M) 5.719ms
[204.865s][info][gc] GC(113) Pause Young (Normal) (G1 Evacuation Pause) 184M->35M(256M) 4.296ms
[206.889s][info][gc] GC(114) Pause Young (Normal) (G1 Evacuation Pause) 185M->35M(256M) 4.562ms
[208.916s][info][gc] GC(115) Pause Young (Normal) (G1 Evacuation Pause) 185M->35M(256M) 5.224ms
[210.939s][info][gc] GC(116) Pause Young (Normal) (G1 Evacuation Pause) 185M->34M(256M) 3.352ms
[213.049s][info][gc] GC(117) Pause Young (Normal) (G1 Evacuation Pause) 184M->35M(256M) 3.540ms
[215.073s][info][gc] GC(118) Pause Young (Normal) (G1 Evacuation Pause) 185M->35M(256M) 4.045ms
[217.101s][info][gc] GC(119) Pause Young (Normal) (G1 Evacuation Pause) 185M->35M(256M) 3.947ms
[219.127s][info][gc] GC(120) Pause Young (Normal) (G1 Evacuation Pause) 185M->34M(256M) 5.462ms
[221.224s][info][gc] GC(121) Pause Young (Normal) (G1 Evacuation Pause) 184M->35M(256M) 4.776ms
[223.265s][info][gc] GC(122) Pause Young (Normal) (G1 Evacuation Pause) 185M->35M(256M) 4.346ms
[225.297s][info][gc] GC(123) Pause Young (Normal) (G1 Evacuation Pause) 185M->35M(256M) 3.983ms
[227.324s][info][gc] GC(124) Pause Young (Normal) (G1 Evacuation Pause) 185M->35M(256M) 5.733ms
[229.349s][info][gc] GC(125) Pause Young (Normal) (G1 Evacuation Pause) 185M->35M(256M) 5.650ms
[231.378s][info][gc] GC(126) Pause Young (Normal) (G1 Evacuation Pause) 185M->34M(256M) 5.596ms
[233.484s][info][gc] GC(127) Pause Young (Normal) (G1 Evacuation Pause) 184M->35M(256M) 4.550ms
[235.509s][info][gc] GC(128) Pause Young (Normal) (G1 Evacuation Pause) 185M->35M(256M) 5.590ms
[237.533s][info][gc] GC(129) Pause Young (Normal) (G1 Evacuation Pause) 185M->35M(256M) 3.948ms
[239.565s][info][gc] GC(130) Pause Young (Normal) (G1 Evacuation Pause) 185M->35M(256M) 5.382ms
[241.626s][info][gc] GC(131) Pause Young (Normal) (G1 Evacuation Pause) 185M->35M(256M) 5.481ms
[243.710s][info][gc] GC(132) Pause Young (Normal) (G1 Evacuation Pause) 185M->35M(256M) 5.662ms
[245.744s][info][gc] GC(133) Pause Young (Normal) (G1 Evacuation Pause) 185M->35M(256M) 5.064ms
[247.773s][info][gc] GC(134) Pause Young (Normal) (G1 Evacuation Pause) 185M->35M(256M) 4.156ms
[249.805s][info][gc] GC(135) Pause Young (Normal) (G1 Evacuation Pause) 185M->35M(256M) 5.583ms
[251.829s][info][gc] GC(136) Pause Young (Normal) (G1 Evacuation Pause) 185M->35M(256M) 3.922ms
[253.860s][info][gc] GC(137) Pause Young (Normal) (G1 Evacuation Pause) 185M->35M(256M) 5.707ms
[255.892s][info][gc] GC(138) Pause Young (Normal) (G1 Evacuation Pause) 185M->35M(256M) 5.040ms
[257.919s][info][gc] GC(139) Pause Young (Normal) (G1 Evacuation Pause) 185M->35M(256M) 5.622ms
[259.944s][info][gc] GC(140) Pause Young (Normal) (G1 Evacuation Pause) 185M->35M(256M) 5.665ms
[261.968s][info][gc] GC(141) Pause Young (Normal) (G1 Evacuation Pause) 185M->35M(256M) 5.156ms
[263.998s][info][gc] GC(142) Pause Young (Normal) (G1 Evacuation Pause) 185M->35M(256M) 5.644ms
[266.032s][info][gc] GC(143) Pause Young (Normal) (G1 Evacuation Pause) 185M->35M(256M) 4.610ms
[268.057s][info][gc] GC(144) Pause Young (Normal) (G1 Evacuation Pause) 185M->35M(256M) 4.079ms
[270.081s][info][gc] GC(145) Pause Young (Normal) (G1 Evacuation Pause) 185M->35M(256M) 4.373ms
[272.108s][info][gc] GC(146) Pause Young (Normal) (G1 Evacuation Pause) 185M->35M(256M) 5.270ms
[274.213s][info][gc] GC(147) Pause Young (Normal) (G1 Evacuation Pause) 185M->35M(256M) 3.732ms
[276.240s][info][gc] GC(148) Pause Young (Normal) (G1 Evacuation Pause) 185M->35M(256M) 4.524ms
[278.267s][info][gc] GC(149) Pause Young (Normal) (G1 Evacuation Pause) 185M->35M(256M) 5.600ms
[280.291s][info][gc] GC(150) Pause Young (Normal) (G1 Evacuation Pause) 185M->35M(256M) 5.652ms
[282.328s][info][gc] GC(151) Pause Young (Normal) (G1 Evacuation Pause) 185M->35M(256M) 5.798ms
[284.356s][info][gc] GC(152) Pause Young (Normal) (G1 Evacuation Pause) 185M->35M(256M) 5.641ms
[286.381s][info][gc] GC(153) Pause Young (Normal) (G1 Evacuation Pause) 185M->35M(256M) 4.225ms
[288.461s][info][gc] GC(154) Pause Young (Normal) (G1 Evacuation Pause) 185M->35M(256M) 4.290ms
[290.519s][info][gc] GC(155) Pause Young (Normal) (G1 Evacuation Pause) 185M->35M(256M) 5.382ms
[290.541s][info][gc] GC(156) Pause Young (Concurrent Start) (CodeCache GC Threshold) 39M->35M(256M) 4.481ms
[290.541s][info][gc] GC(157) Concurrent Mark Cycle
[290.619s][info][gc] GC(157) Pause Remark 41M->41M(256M) 10.401ms
[290.659s][info][gc] GC(157) Pause Cleanup 43M->43M(256M) 0.062ms
[290.660s][info][gc] GC(157) Concurrent Mark Cycle 118.794ms
[292.608s][info][gc] GC(158) Pause Young (Prepare Mixed) (G1 Evacuation Pause) 185M->35M(256M) 6.096ms
[292.731s][info][gc] GC(159) Pause Young (Mixed) (G1 Evacuation Pause) 45M->34M(256M) 10.047ms
[294.385s][info][gc] GC(160) Pause Young (Normal) (G1 Evacuation Pause) 184M->34M(256M) 6.061ms
[296.416s][info][gc] GC(161) Pause Young (Normal) (G1 Evacuation Pause) 184M->34M(256M) 5.688ms
[298.515s][info][gc] GC(162) Pause Young (Normal) (G1 Evacuation Pause) 184M->34M(256M) 3.280ms
[300.519s][info][gc] GC(163) Pause Young (Normal) (G1 Evacuation Pause) 184M->34M(256M) 3.108ms
[302.576s][info][gc] GC(164) Pause Young (Normal) (G1 Evacuation Pause) 184M->34M(256M) 6.137ms
[304.605s][info][gc] GC(165) Pause Young (Normal) (G1 Evacuation Pause) 184M->34M(256M) 3.893ms
[306.632s][info][gc] GC(166) Pause Young (Normal) (G1 Evacuation Pause) 184M->34M(256M) 5.610ms
[308.659s][info][gc] GC(167) Pause Young (Normal) (G1 Evacuation Pause) 184M->34M(256M) 5.688ms
[310.695s][info][gc] GC(168) Pause Young (Normal) (G1 Evacuation Pause) 184M->34M(256M) 5.686ms
[312.720s][info][gc] GC(169) Pause Young (Normal) (G1 Evacuation Pause) 184M->34M(256M) 4.658ms
[314.744s][info][gc] GC(170) Pause Young (Normal) (G1 Evacuation Pause) 184M->34M(256M) 5.009ms
[316.770s][info][gc] GC(171) Pause Young (Normal) (G1 Evacuation Pause) 184M->34M(256M) 5.816ms
[318.797s][info][gc] GC(172) Pause Young (Normal) (G1 Evacuation Pause) 184M->34M(256M) 4.124ms
[320.821s][info][gc] GC(173) Pause Young (Normal) (G1 Evacuation Pause) 184M->34M(256M) 4.444ms
[322.845s][info][gc] GC(174) Pause Young (Normal) (G1 Evacuation Pause) 184M->34M(256M) 4.210ms
[324.871s][info][gc] GC(175) Pause Young (Normal) (G1 Evacuation Pause) 184M->34M(256M) 5.740ms
[326.897s][info][gc] GC(176) Pause Young (Normal) (G1 Evacuation Pause) 184M->34M(256M) 5.628ms
[328.921s][info][gc] GC(177) Pause Young (Normal) (G1 Evacuation Pause) 184M->34M(256M) 3.913ms
[331.210s][info][gc] GC(178) Pause Young (Normal) (G1 Evacuation Pause) 184M->37M(256M) 6.671ms
[332.587s][info][gc] GC(179) Pause Young (Concurrent Start) (CodeCache GC Threshold) 150M->37M(256M) 5.328ms
[332.587s][info][gc] GC(180) Concurrent Mark Cycle
[332.663s][info][gc] GC(180) Pause Remark 43M->43M(256M) 10.579ms
[332.702s][info][gc] GC(180) Pause Cleanup 47M->47M(256M) 0.056ms
[332.703s][info][gc] GC(180) Concurrent Mark Cycle 116.440ms
[332.910s][info][gc] GC(181) Pause Young (Concurrent Start) (CodeCache GC Threshold) 64M->37M(256M) 6.550ms
[332.910s][info][gc] GC(182) Concurrent Mark Cycle
[333.000s][info][gc] GC(182) Pause Remark 45M->45M(256M) 10.571ms
[333.035s][info][gc] GC(182) Pause Cleanup 50M->50M(256M) 0.056ms
[333.036s][info][gc] GC(182) Concurrent Mark Cycle 125.724ms
[334.596s][info][gc] GC(183) Pause Young (Prepare Mixed) (G1 Evacuation Pause) 185M->37M(256M) 7.677ms
[334.689s][info][gc] GC(184) Pause Young (Mixed) (G1 Evacuation Pause) 45M->36M(256M) 9.470ms
[336.017s][info][gc] GC(185) Pause Young (Normal) (G1 Evacuation Pause) 186M->36M(256M) 5.137ms
[337.584s][info][gc] GC(186) Pause Young (Normal) (G1 Evacuation Pause) 186M->36M(256M) 6.079ms
[339.026s][info][gc] GC(187) Pause Young (Normal) (G1 Evacuation Pause) 186M->37M(256M) 5.753ms
[340.295s][info][gc] GC(188) Pause Young (Normal) (G1 Evacuation Pause) 187M->37M(256M) 8.811ms
[341.443s][info][gc] GC(189) Pause Young (Normal) (G1 Evacuation Pause) 187M->37M(256M) 8.798ms
[342.436s][info][gc] GC(190) Pause Young (Normal) (G1 Evacuation Pause) 185M->37M(256M) 5.960ms
[343.423s][info][gc] GC(191) Pause Young (Normal) (G1 Evacuation Pause) 185M->37M(256M) 6.474ms
[344.403s][info][gc] GC(192) Pause Young (Normal) (G1 Evacuation Pause) 185M->37M(256M) 7.189ms
[345.386s][info][gc] GC(193) Pause Young (Normal) (G1 Evacuation Pause) 185M->37M(256M) 10.308ms
[346.362s][info][gc] GC(194) Pause Young (Normal) (G1 Evacuation Pause) 185M->38M(256M) 7.806ms
[347.347s][info][gc] GC(195) Pause Young (Normal) (G1 Evacuation Pause) 186M->37M(256M) 10.477ms
[348.331s][info][gc] GC(196) Pause Young (Normal) (G1 Evacuation Pause) 185M->37M(256M) 7.213ms
[349.301s][info][gc] GC(197) Pause Young (Normal) (G1 Evacuation Pause) 185M->37M(256M) 8.978ms
[350.271s][info][gc] GC(198) Pause Young (Normal) (G1 Evacuation Pause) 185M->37M(256M) 7.416ms
[351.240s][info][gc] GC(199) Pause Young (Normal) (G1 Evacuation Pause) 185M->37M(256M) 5.842ms
[352.207s][info][gc] GC(200) Pause Young (Normal) (G1 Evacuation Pause) 185M->37M(256M) 7.549ms
[353.184s][info][gc] GC(201) Pause Young (Normal) (G1 Evacuation Pause) 185M->37M(256M) 13.563ms
[354.159s][info][gc] GC(202) Pause Young (Normal) (G1 Evacuation Pause) 185M->38M(256M) 7.412ms
[355.148s][info][gc] GC(203) Pause Young (Normal) (G1 Evacuation Pause) 186M->37M(256M) 5.732ms
[356.123s][info][gc] GC(204) Pause Young (Normal) (G1 Evacuation Pause) 185M->37M(256M) 5.687ms
[357.091s][info][gc] GC(205) Pause Young (Normal) (G1 Evacuation Pause) 185M->37M(256M) 5.766ms
[358.060s][info][gc] GC(206) Pause Young (Normal) (G1 Evacuation Pause) 185M->37M(256M) 5.500ms
[359.028s][info][gc] GC(207) Pause Young (Normal) (G1 Evacuation Pause) 185M->37M(256M) 5.509ms
[360.012s][info][gc] GC(208) Pause Young (Normal) (G1 Evacuation Pause) 187M->37M(256M) 5.711ms
[360.983s][info][gc] GC(209) Pause Young (Normal) (G1 Evacuation Pause) 185M->38M(256M) 6.683ms
[361.958s][info][gc] GC(210) Pause Young (Normal) (G1 Evacuation Pause) 186M->37M(256M) 6.919ms
[362.943s][info][gc] GC(211) Pause Young (Normal) (G1 Evacuation Pause) 187M->38M(256M) 6.430ms
[363.918s][info][gc] GC(212) Pause Young (Normal) (G1 Evacuation Pause) 186M->38M(256M) 7.779ms
[364.893s][info][gc] GC(213) Pause Young (Normal) (G1 Evacuation Pause) 186M->37M(256M) 8.656ms
[365.885s][info][gc] GC(214) Pause Young (Normal) (G1 Evacuation Pause) 187M->38M(256M) 9.415ms
[366.858s][info][gc] GC(215) Pause Young (Normal) (G1 Evacuation Pause) 186M->38M(256M) 6.830ms
[367.835s][info][gc] GC(216) Pause Young (Normal) (G1 Evacuation Pause) 186M->38M(256M) 6.799ms
[368.813s][info][gc] GC(217) Pause Young (Normal) (G1 Evacuation Pause) 186M->38M(256M) 9.777ms
[369.784s][info][gc] GC(218) Pause Young (Normal) (G1 Evacuation Pause) 186M->38M(256M) 6.219ms
[370.762s][info][gc] GC(219) Pause Young (Normal) (G1 Evacuation Pause) 186M->38M(256M) 7.438ms
[371.738s][info][gc] GC(220) Pause Young (Normal) (G1 Evacuation Pause) 186M->38M(256M) 9.627ms
[372.714s][info][gc] GC(221) Pause Young (Normal) (G1 Evacuation Pause) 186M->38M(256M) 5.475ms
[373.695s][info][gc] GC(222) Pause Young (Normal) (G1 Evacuation Pause) 186M->38M(256M) 9.627ms
[374.680s][info][gc] GC(223) Pause Young (Normal) (G1 Evacuation Pause) 186M->38M(256M) 13.524ms
[375.674s][info][gc] GC(224) Pause Young (Normal) (G1 Evacuation Pause) 186M->37M(256M) 7.158ms
[376.668s][info][gc] GC(225) Pause Young (Normal) (G1 Evacuation Pause) 187M->38M(256M) 5.784ms
[377.651s][info][gc] GC(226) Pause Young (Normal) (G1 Evacuation Pause) 186M->38M(256M) 6.634ms
[378.628s][info][gc] GC(227) Pause Young (Normal) (G1 Evacuation Pause) 186M->38M(256M) 9.821ms
[379.604s][info][gc] GC(228) Pause Young (Normal) (G1 Evacuation Pause) 186M->37M(256M) 9.713ms
[380.591s][info][gc] GC(229) Pause Young (Normal) (G1 Evacuation Pause) 187M->38M(256M) 6.035ms
[381.563s][info][gc] GC(230) Pause Young (Normal) (G1 Evacuation Pause) 186M->38M(256M) 5.730ms
[382.532s][info][gc] GC(231) Pause Young (Normal) (G1 Evacuation Pause) 186M->37M(256M) 5.776ms
[383.517s][info][gc] GC(232) Pause Young (Normal) (G1 Evacuation Pause) 187M->38M(256M) 8.335ms
[384.492s][info][gc] GC(233) Pause Young (Normal) (G1 Evacuation Pause) 186M->37M(256M) 9.584ms
[385.475s][info][gc] GC(234) Pause Young (Normal) (G1 Evacuation Pause) 187M->38M(256M) 6.636ms
[386.471s][info][gc] GC(235) Pause Young (Normal) (G1 Evacuation Pause) 188M->38M(256M) 6.461ms
[387.448s][info][gc] GC(236) Pause Young (Normal) (G1 Evacuation Pause) 186M->38M(256M) 5.739ms
[388.434s][info][gc] GC(237) Pause Young (Normal) (G1 Evacuation Pause) 188M->38M(256M) 7.010ms
[389.419s][info][gc] GC(238) Pause Young (Normal) (G1 Evacuation Pause) 186M->38M(256M) 9.686ms
[390.408s][info][gc] GC(239) Pause Young (Normal) (G1 Evacuation Pause) 186M->38M(256M) 9.560ms
[391.391s][info][gc] GC(240) Pause Young (Normal) (G1 Evacuation Pause) 188M->38M(256M) 6.388ms
[392.367s][info][gc] GC(241) Pause Young (Normal) (G1 Evacuation Pause) 186M->38M(256M) 9.369ms
[393.363s][info][gc] GC(242) Pause Young (Normal) (G1 Evacuation Pause) 188M->38M(256M) 6.660ms
[394.361s][info][gc] GC(243) Pause Young (Normal) (G1 Evacuation Pause) 188M->38M(256M) 9.472ms
[395.358s][info][gc] GC(244) Pause Young (Normal) (G1 Evacuation Pause) 188M->38M(256M) 7.497ms
[396.346s][info][gc] GC(245) Pause Young (Normal) (G1 Evacuation Pause) 188M->38M(256M) 7.404ms
[397.342s][info][gc] GC(246) Pause Young (Normal) (G1 Evacuation Pause) 188M->38M(256M) 9.713ms
[398.331s][info][gc] GC(247) Pause Young (Normal) (G1 Evacuation Pause) 188M->38M(256M) 9.992ms
[399.334s][info][gc] GC(248) Pause Young (Normal) (G1 Evacuation Pause) 186M->38M(256M) 8.087ms
[400.314s][info][gc] GC(249) Pause Young (Normal) (G1 Evacuation Pause) 186M->38M(256M) 7.381ms
[401.320s][info][gc] GC(250) Pause Young (Normal) (G1 Evacuation Pause) 188M->38M(256M) 8.591ms
[402.294s][info][gc] GC(251) Pause Young (Normal) (G1 Evacuation Pause) 186M->38M(256M) 6.788ms
[403.273s][info][gc] GC(252) Pause Young (Normal) (G1 Evacuation Pause) 186M->38M(256M) 8.323ms
[404.255s][info][gc] GC(253) Pause Young (Normal) (G1 Evacuation Pause) 186M->38M(256M) 6.054ms
[405.241s][info][gc] GC(254) Pause Young (Normal) (G1 Evacuation Pause) 188M->38M(256M) 7.722ms
[406.234s][info][gc] GC(255) Pause Young (Normal) (G1 Evacuation Pause) 188M->38M(256M) 6.632ms
[407.241s][info][gc] GC(256) Pause Young (Normal) (G1 Evacuation Pause) 188M->38M(256M) 8.150ms
[408.234s][info][gc] GC(257) Pause Young (Normal) (G1 Evacuation Pause) 188M->38M(256M) 7.334ms
[409.215s][info][gc] GC(258) Pause Young (Normal) (G1 Evacuation Pause) 186M->38M(256M) 6.251ms
[410.195s][info][gc] GC(259) Pause Young (Normal) (G1 Evacuation Pause) 186M->38M(256M) 6.624ms
[411.172s][info][gc] GC(260) Pause Young (Normal) (G1 Evacuation Pause) 186M->38M(256M) 9.486ms
[412.155s][info][gc] GC(261) Pause Young (Normal) (G1 Evacuation Pause) 186M->38M(256M) 6.430ms
[413.149s][info][gc] GC(262) Pause Young (Normal) (G1 Evacuation Pause) 188M->38M(256M) 9.575ms
[414.151s][info][gc] GC(263) Pause Young (Normal) (G1 Evacuation Pause) 188M->38M(256M) 5.964ms
[415.127s][info][gc] GC(264) Pause Young (Normal) (G1 Evacuation Pause) 186M->38M(256M) 6.293ms
[416.106s][info][gc] GC(265) Pause Young (Normal) (G1 Evacuation Pause) 186M->38M(256M) 7.211ms
[417.086s][info][gc] GC(266) Pause Young (Normal) (G1 Evacuation Pause) 186M->38M(256M) 9.739ms
[418.080s][info][gc] GC(267) Pause Young (Normal) (G1 Evacuation Pause) 186M->38M(256M) 9.641ms
[419.059s][info][gc] GC(268) Pause Young (Normal) (G1 Evacuation Pause) 186M->38M(256M) 6.492ms
[420.042s][info][gc] GC(269) Pause Young (Normal) (G1 Evacuation Pause) 186M->38M(256M) 6.772ms
[421.023s][info][gc] GC(270) Pause Young (Normal) (G1 Evacuation Pause) 186M->38M(256M) 6.519ms
[422.003s][info][gc] GC(271) Pause Young (Normal) (G1 Evacuation Pause) 186M->38M(256M) 9.535ms
[422.981s][info][gc] GC(272) Pause Young (Normal) (G1 Evacuation Pause) 186M->38M(256M) 8.077ms
[423.962s][info][gc] GC(273) Pause Young (Normal) (G1 Evacuation Pause) 186M->38M(256M) 6.680ms
[424.947s][info][gc] GC(274) Pause Young (Normal) (G1 Evacuation Pause) 186M->38M(256M) 5.949ms
[425.946s][info][gc] GC(275) Pause Young (Normal) (G1 Evacuation Pause) 188M->38M(256M) 6.777ms
[426.943s][info][gc] GC(276) Pause Young (Normal) (G1 Evacuation Pause) 188M->38M(256M) 6.297ms
[427.935s][info][gc] GC(277) Pause Young (Normal) (G1 Evacuation Pause) 186M->38M(256M) 9.569ms
[428.939s][info][gc] GC(278) Pause Young (Normal) (G1 Evacuation Pause) 188M->38M(256M) 9.469ms
[429.916s][info][gc] GC(279) Pause Young (Normal) (G1 Evacuation Pause) 186M->38M(256M) 9.727ms
[430.890s][info][gc] GC(280) Pause Young (Normal) (G1 Evacuation Pause) 186M->38M(256M) 7.163ms
[431.872s][info][gc] GC(281) Pause Young (Normal) (G1 Evacuation Pause) 186M->38M(256M) 9.628ms
[432.846s][info][gc] GC(282) Pause Young (Normal) (G1 Evacuation Pause) 186M->38M(256M) 6.745ms
[433.830s][info][gc] GC(283) Pause Young (Normal) (G1 Evacuation Pause) 186M->38M(256M) 7.422ms
[434.816s][info][gc] GC(284) Pause Young (Normal) (G1 Evacuation Pause) 186M->38M(256M) 8.742ms
[435.795s][info][gc] GC(285) Pause Young (Normal) (G1 Evacuation Pause) 186M->38M(256M) 6.661ms
[436.772s][info][gc] GC(286) Pause Young (Normal) (G1 Evacuation Pause) 186M->38M(256M) 6.413ms
[437.746s][info][gc] GC(287) Pause Young (Normal) (G1 Evacuation Pause) 186M->38M(256M) 7.110ms
[438.722s][info][gc] GC(288) Pause Young (Normal) (G1 Evacuation Pause) 186M->38M(256M) 7.864ms
[439.700s][info][gc] GC(289) Pause Young (Normal) (G1 Evacuation Pause) 186M->38M(256M) 9.610ms
[440.671s][info][gc] GC(290) Pause Young (Normal) (G1 Evacuation Pause) 186M->38M(256M) 6.129ms
[441.640s][info][gc] GC(291) Pause Young (Normal) (G1 Evacuation Pause) 186M->38M(256M) 5.586ms
[442.611s][info][gc] GC(292) Pause Young (Normal) (G1 Evacuation Pause) 186M->38M(256M) 6.498ms
[443.584s][info][gc] GC(293) Pause Young (Normal) (G1 Evacuation Pause) 186M->38M(256M) 8.892ms
[444.558s][info][gc] GC(294) Pause Young (Normal) (G1 Evacuation Pause) 186M->38M(256M) 7.036ms
[445.527s][info][gc] GC(295) Pause Young (Normal) (G1 Evacuation Pause) 186M->38M(256M) 6.006ms
[446.501s][info][gc] GC(296) Pause Young (Normal) (G1 Evacuation Pause) 186M->38M(256M) 9.631ms
[447.493s][info][gc] GC(297) Pause Young (Normal) (G1 Evacuation Pause) 188M->38M(256M) 9.566ms
[448.498s][info][gc] GC(298) Pause Young (Normal) (G1 Evacuation Pause) 188M->38M(256M) 10.379ms
[449.484s][info][gc] GC(299) Pause Young (Normal) (G1 Evacuation Pause) 186M->38M(256M) 5.386ms
[450.483s][info][gc] GC(300) Pause Young (Normal) (G1 Evacuation Pause) 188M->38M(256M) 6.515ms
[451.471s][info][gc] GC(301) Pause Young (Normal) (G1 Evacuation Pause) 188M->38M(256M) 6.626ms
[452.457s][info][gc] GC(302) Pause Young (Normal) (G1 Evacuation Pause) 186M->38M(256M) 9.562ms
[453.443s][info][gc] GC(303) Pause Young (Normal) (G1 Evacuation Pause) 188M->38M(256M) 5.547ms
[454.436s][info][gc] GC(304) Pause Young (Normal) (G1 Evacuation Pause) 188M->38M(256M) 9.574ms
[455.431s][info][gc] GC(305) Pause Young (Normal) (G1 Evacuation Pause) 188M->38M(256M) 6.418ms
[456.440s][info][gc] GC(306) Pause Young (Normal) (G1 Evacuation Pause) 188M->38M(256M) 8.519ms
[457.436s][info][gc] GC(307) Pause Young (Normal) (G1 Evacuation Pause) 188M->38M(256M) 5.406ms
[458.431s][info][gc] GC(308) Pause Young (Normal) (G1 Evacuation Pause) 188M->38M(256M) 9.417ms
[459.426s][info][gc] GC(309) Pause Young (Normal) (G1 Evacuation Pause) 188M->38M(256M) 9.286ms
[460.414s][info][gc] GC(310) Pause Young (Normal) (G1 Evacuation Pause) 188M->38M(256M) 7.016ms
[461.419s][info][gc] GC(311) Pause Young (Normal) (G1 Evacuation Pause) 188M->38M(256M) 9.328ms
[462.407s][info][gc] GC(312) Pause Young (Normal) (G1 Evacuation Pause) 188M->38M(256M) 6.450ms
[463.385s][info][gc] GC(313) Pause Young (Normal) (G1 Evacuation Pause) 186M->38M(256M) 8.642ms
[464.381s][info][gc] GC(314) Pause Young (Normal) (G1 Evacuation Pause) 188M->38M(256M) 9.531ms
[465.366s][info][gc] GC(315) Pause Young (Normal) (G1 Evacuation Pause) 188M->38M(256M) 6.941ms
[466.348s][info][gc] GC(316) Pause Young (Normal) (G1 Evacuation Pause) 186M->38M(256M) 9.554ms
[467.343s][info][gc] GC(317) Pause Young (Normal) (G1 Evacuation Pause) 188M->38M(256M) 9.667ms
[468.335s][info][gc] GC(318) Pause Young (Normal) (G1 Evacuation Pause) 188M->38M(256M) 6.730ms
[469.331s][info][gc] GC(319) Pause Young (Normal) (G1 Evacuation Pause) 188M->38M(256M) 12.583ms
[470.311s][info][gc] GC(320) Pause Young (Normal) (G1 Evacuation Pause) 186M->38M(256M) 6.493ms
[471.299s][info][gc] GC(321) Pause Young (Normal) (G1 Evacuation Pause) 188M->38M(256M) 6.531ms
[472.274s][info][gc] GC(322) Pause Young (Normal) (G1 Evacuation Pause) 186M->38M(256M) 7.320ms
[473.265s][info][gc] GC(323) Pause Young (Normal) (G1 Evacuation Pause) 188M->38M(256M) 7.897ms
[474.262s][info][gc] GC(324) Pause Young (Normal) (G1 Evacuation Pause) 188M->38M(256M) 7.543ms
[475.254s][info][gc] GC(325) Pause Young (Normal) (G1 Evacuation Pause) 188M->38M(256M) 7.145ms
[476.243s][info][gc] GC(326) Pause Young (Normal) (G1 Evacuation Pause) 188M->38M(256M) 5.651ms
[477.231s][info][gc] GC(327) Pause Young (Normal) (G1 Evacuation Pause) 188M->38M(256M) 9.528ms
[478.225s][info][gc] GC(328) Pause Young (Normal) (G1 Evacuation Pause) 188M->38M(256M) 9.513ms
[479.227s][info][gc] GC(329) Pause Young (Normal) (G1 Evacuation Pause) 188M->38M(256M) 6.348ms
[480.218s][info][gc] GC(330) Pause Young (Normal) (G1 Evacuation Pause) 188M->38M(256M) 9.483ms
[481.203s][info][gc] GC(331) Pause Young (Normal) (G1 Evacuation Pause) 188M->38M(256M) 6.534ms
[482.183s][info][gc] GC(332) Pause Young (Normal) (G1 Evacuation Pause) 186M->38M(256M) 9.582ms
[483.178s][info][gc] GC(333) Pause Young (Normal) (G1 Evacuation Pause) 188M->38M(256M) 6.833ms
[484.151s][info][gc] GC(334) Pause Young (Normal) (G1 Evacuation Pause) 186M->38M(256M) 6.614ms
[485.124s][info][gc] GC(335) Pause Young (Normal) (G1 Evacuation Pause) 186M->38M(256M) 9.664ms
[486.108s][info][gc] GC(336) Pause Young (Normal) (G1 Evacuation Pause) 186M->38M(256M) 9.671ms
[487.096s][info][gc] GC(337) Pause Young (Normal) (G1 Evacuation Pause) 188M->38M(256M) 9.726ms
[488.080s][info][gc] GC(338) Pause Young (Normal) (G1 Evacuation Pause) 186M->38M(256M) 9.690ms
[489.059s][info][gc] GC(339) Pause Young (Normal) (G1 Evacuation Pause) 186M->38M(256M) 9.641ms
[490.043s][info][gc] GC(340) Pause Young (Normal) (G1 Evacuation Pause) 188M->38M(256M) 6.465ms
[491.019s][info][gc] GC(341) Pause Young (Normal) (G1 Evacuation Pause) 186M->38M(256M) 11.079ms
[491.990s][info][gc] GC(342) Pause Young (Normal) (G1 Evacuation Pause) 186M->38M(256M) 7.077ms
[492.963s][info][gc] GC(343) Pause Young (Normal) (G1 Evacuation Pause) 186M->38M(256M) 5.559ms
[493.936s][info][gc] GC(344) Pause Young (Normal) (G1 Evacuation Pause) 186M->38M(256M) 5.690ms
[494.910s][info][gc] GC(345) Pause Young (Normal) (G1 Evacuation Pause) 186M->38M(256M) 5.317ms
[495.892s][info][gc] GC(346) Pause Young (Normal) (G1 Evacuation Pause) 186M->38M(256M) 9.631ms
[496.879s][info][gc] GC(347) Pause Young (Normal) (G1 Evacuation Pause) 188M->38M(256M) 6.330ms
[497.861s][info][gc] GC(348) Pause Young (Normal) (G1 Evacuation Pause) 186M->38M(256M) 7.671ms
[498.862s][info][gc] GC(349) Pause Young (Normal) (G1 Evacuation Pause) 188M->38M(256M) 6.474ms
[499.851s][info][gc] GC(350) Pause Young (Normal) (G1 Evacuation Pause) 188M->38M(256M) 5.646ms
[500.842s][info][gc] GC(351) Pause Young (Normal) (G1 Evacuation Pause) 188M->39M(256M) 7.380ms
[501.824s][info][gc] GC(352) Pause Young (Normal) (G1 Evacuation Pause) 187M->38M(256M) 9.842ms
[502.815s][info][gc] GC(353) Pause Young (Normal) (G1 Evacuation Pause) 188M->38M(256M) 9.305ms
[503.813s][info][gc] GC(354) Pause Young (Normal) (G1 Evacuation Pause) 188M->38M(256M) 9.207ms
[504.817s][info][gc] GC(355) Pause Young (Normal) (G1 Evacuation Pause) 188M->38M(256M) 7.765ms
[505.814s][info][gc] GC(356) Pause Young (Normal) (G1 Evacuation Pause) 188M->38M(256M) 9.604ms
[506.802s][info][gc] GC(357) Pause Young (Normal) (G1 Evacuation Pause) 188M->39M(256M) 7.230ms
[507.777s][info][gc] GC(358) Pause Young (Normal) (G1 Evacuation Pause) 187M->39M(256M) 5.354ms
[508.751s][info][gc] GC(359) Pause Young (Normal) (G1 Evacuation Pause) 187M->39M(256M) 5.330ms
[509.726s][info][gc] GC(360) Pause Young (Normal) (G1 Evacuation Pause) 187M->38M(256M) 6.760ms
[510.714s][info][gc] GC(361) Pause Young (Normal) (G1 Evacuation Pause) 188M->38M(256M) 5.181ms
[512.455s][info][gc] GC(362) Pause Young (Concurrent Start) (CodeCache GC Threshold) 80M->37M(256M) 9.200ms
[512.455s][info][gc] GC(363) Concurrent Mark Cycle
[512.567s][info][gc] GC(363) Pause Remark 39M->39M(256M) 9.797ms
[512.631s][info][gc] GC(363) Pause Cleanup 41M->41M(256M) 0.074ms
[512.648s][info][gc] GC(363) Concurrent Mark Cycle 192.705ms
