[0.004s][info][gc] Using G1
[0.371s][info][gc] GC(0) Pause Young (Normal) (G1 Evacuation Pause) 13M->4M(260M) 6.133ms
[0.609s][info][gc] GC(1) Pause Young (Normal) (G1 Evacuation Pause) 14M->6M(260M) 6.555ms
[0.984s][info][gc] GC(2) Pause Young (Normal) (G1 Evacuation Pause) 20M->9M(260M) 7.704ms
[1.586s][info][gc] GC(3) Pause Young (Normal) (G1 Evacuation Pause) 37M->13M(260M) 13.353ms
[1.755s][info][gc] GC(4) Pause Young (Concurrent Start) (Metadata GC Threshold) 20M->15M(312M) 8.410ms
[1.755s][info][gc] GC(5) Concurrent Mark Cycle
[1.777s][info][gc] GC(5) Pause Remark 15M->15M(256M) 4.716ms
[1.790s][info][gc] GC(5) Pause Cleanup 16M->16M(256M) 0.055ms
[1.792s][info][gc] GC(5) Concurrent Mark Cycle 37.782ms
[2.389s][info][gc] GC(6) Pause Young (Prepare Mixed) (G1 Evacuation Pause) 71M->18M(256M) 17.648ms
[2.415s][info][gc] GC(7) Pause Young (Mixed) (G1 Evacuation Pause) 22M->19M(256M) 10.369ms
[2.733s][info][gc] GC(8) Pause Young (Concurrent Start) (CodeCache GC Threshold) 59M->21M(256M) 4.204ms
[2.733s][info][gc] GC(9) Concurrent Mark Cycle
[2.763s][info][gc] GC(9) Pause Remark 21M->21M(256M) 4.409ms
[2.788s][info][gc] GC(9) Pause Cleanup 22M->22M(256M) 0.047ms
[2.797s][info][gc] GC(9) Concurrent Mark Cycle 63.843ms
[4.556s][info][gc] GC(10) Pause Young (Normal) (G1 Evacuation Pause) 169M->34M(256M) 15.686ms
[4.824s][info][gc] GC(11) Pause Young (Concurrent Start) (CodeCache GC Threshold) 49M->27M(256M) 13.578ms
[4.824s][info][gc] GC(12) Concurrent Mark Cycle
[4.885s][info][gc] GC(12) Pause Remark 29M->29M(256M) 8.077ms
[4.916s][info][gc] GC(12) Pause Cleanup 31M->31M(256M) 0.038ms
[4.930s][info][gc] GC(12) Concurrent Mark Cycle 105.381ms
[6.529s][info][gc] GC(13) Pause Young (Concurrent Start) (CodeCache GC Threshold) 127M->35M(256M) 12.419ms
[6.529s][info][gc] GC(14) Concurrent Mark Cycle
[6.608s][info][gc] GC(14) Pause Remark 40M->40M(256M) 7.746ms
[6.644s][info][gc] GC(14) Pause Cleanup 40M->40M(256M) 0.041ms
[6.652s][info][gc] GC(14) Concurrent Mark Cycle 122.215ms
[6.686s][info][gc] GC(15) Pause Young (Concurrent Start) (CodeCache GC Threshold) 41M->32M(256M) 10.851ms
[6.686s][info][gc] GC(16) Concurrent Mark Cycle
[6.780s][info][gc] GC(16) Pause Remark 37M->37M(256M) 5.709ms
[6.834s][info][gc] GC(16) Pause Cleanup 41M->41M(256M) 0.042ms
[6.835s][info][gc] GC(16) Concurrent Mark Cycle 148.917ms
[36.327s][info][gc] GC(17) Pause Young (Concurrent Start) (CodeCache GC Threshold) 84M->34M(256M) 10.013ms
[36.327s][info][gc] GC(18) Concurrent Mark Cycle
[36.412s][info][gc] GC(18) Pause Remark 36M->36M(256M) 10.448ms
[36.441s][info][gc] GC(18) Pause Cleanup 36M->36M(256M) 0.055ms
[36.442s][info][gc] GC(18) Concurrent Mark Cycle 114.865ms
[42.370s][info][gc] GC(19) Pause Young (Concurrent Start) (CodeCache GC Threshold) 110M->34M(256M) 11.841ms
[42.370s][info][gc] GC(20) Concurrent Mark Cycle
[42.475s][info][gc] GC(20) Pause Remark 37M->37M(256M) 10.105ms
[42.523s][info][gc] GC(20) Pause Cleanup 39M->39M(256M) 0.043ms
[42.524s][info][gc] GC(20) Concurrent Mark Cycle 154.372ms
[45.303s][info][gc] GC(21) Pause Young (Concurrent Start) (CodeCache GC Threshold) 118M->35M(256M) 10.987ms
[45.303s][info][gc] GC(22) Concurrent Mark Cycle
[45.405s][info][gc] GC(22) Pause Remark 40M->40M(256M) 9.629ms
[45.435s][info][gc] GC(22) Pause Cleanup 42M->42M(256M) 0.050ms
[45.436s][info][gc] GC(22) Concurrent Mark Cycle 132.624ms
[48.636s][info][gc] GC(23) Pause Young (Prepare Mixed) (G1 Evacuation Pause) 181M->36M(256M) 12.717ms
[48.669s][info][gc] GC(24) Pause Young (Mixed) (G1 Evacuation Pause) 40M->36M(256M) 12.894ms
[49.811s][info][gc] GC(25) Pause Young (Concurrent Start) (CodeCache GC Threshold) 101M->37M(256M) 3.468ms
[49.811s][info][gc] GC(26) Concurrent Mark Cycle
[49.948s][info][gc] GC(26) Pause Remark 46M->46M(256M) 24.631ms
[49.992s][info][gc] GC(26) Pause Cleanup 49M->49M(256M) 0.044ms
[49.992s][info][gc] GC(26) Concurrent Mark Cycle 180.627ms
[50.305s][info][gc] GC(27) Pause Young (Concurrent Start) (CodeCache GC Threshold) 67M->36M(256M) 3.110ms
[50.305s][info][gc] GC(28) Concurrent Mark Cycle
[50.434s][info][gc] GC(28) Pause Remark 44M->44M(256M) 9.206ms
[50.476s][info][gc] GC(28) Pause Cleanup 48M->48M(256M) 0.049ms
[50.476s][info][gc] GC(28) Concurrent Mark Cycle 171.358ms
[52.525s][info][gc] GC(29) Pause Young (Prepare Mixed) (G1 Evacuation Pause) 178M->36M(256M) 6.537ms
[52.637s][info][gc] GC(30) Pause Young (Mixed) (G1 Evacuation Pause) 44M->36M(256M) 6.877ms
[54.823s][info][gc] GC(31) Pause Young (Normal) (G1 Evacuation Pause) 184M->36M(256M) 3.951ms
[56.862s][info][gc] GC(32) Pause Young (Normal) (G1 Evacuation Pause) 186M->36M(256M) 4.098ms
[58.898s][info][gc] GC(33) Pause Young (Normal) (G1 Evacuation Pause) 186M->37M(256M) 4.688ms
[60.918s][info][gc] GC(34) Pause Young (Normal) (G1 Evacuation Pause) 185M->37M(256M) 4.748ms
[62.938s][info][gc] GC(35) Pause Young (Normal) (G1 Evacuation Pause) 185M->37M(256M) 4.555ms
[64.960s][info][gc] GC(36) Pause Young (Normal) (G1 Evacuation Pause) 185M->37M(256M) 3.134ms
[66.986s][info][gc] GC(37) Pause Young (Normal) (G1 Evacuation Pause) 185M->36M(256M) 5.634ms
[69.010s][info][gc] GC(38) Pause Young (Normal) (G1 Evacuation Pause) 184M->36M(256M) 5.751ms
[71.031s][info][gc] GC(39) Pause Young (Normal) (G1 Evacuation Pause) 184M->37M(256M) 3.674ms
[73.054s][info][gc] GC(40) Pause Young (Normal) (G1 Evacuation Pause) 185M->37M(256M) 5.002ms
[75.081s][info][gc] GC(41) Pause Young (Normal) (G1 Evacuation Pause) 185M->36M(256M) 5.644ms
[77.106s][info][gc] GC(42) Pause Young (Normal) (G1 Evacuation Pause) 184M->37M(256M) 4.731ms
[79.135s][info][gc] GC(43) Pause Young (Normal) (G1 Evacuation Pause) 185M->37M(256M) 3.770ms
[81.166s][info][gc] GC(44) Pause Young (Normal) (G1 Evacuation Pause) 185M->37M(256M) 5.500ms
[83.163s][info][gc] GC(45) Pause Young (Normal) (G1 Evacuation Pause) 185M->37M(256M) 3.338ms
[85.215s][info][gc] GC(46) Pause Young (Normal) (G1 Evacuation Pause) 185M->37M(256M) 5.758ms
[87.267s][info][gc] GC(47) Pause Young (Normal) (G1 Evacuation Pause) 185M->37M(256M) 4.411ms
[89.294s][info][gc] GC(48) Pause Young (Normal) (G1 Evacuation Pause) 185M->36M(256M) 4.487ms
[90.339s][info][gc] GC(49) Pause Young (Concurrent Start) (CodeCache GC Threshold) 114M->36M(256M) 5.504ms
[90.339s][info][gc] GC(50) Concurrent Mark Cycle
[90.437s][info][gc] GC(50) Pause Remark 45M->45M(256M) 9.324ms
[90.476s][info][gc] GC(50) Pause Cleanup 48M->48M(256M) 0.051ms
[90.477s][info][gc] GC(50) Concurrent Mark Cycle 138.580ms
[92.388s][info][gc] GC(51) Pause Young (Prepare Mixed) (G1 Evacuation Pause) 186M->36M(256M) 6.411ms
[92.515s][info][gc] GC(52) Pause Young (Mixed) (G1 Evacuation Pause) 46M->36M(256M) 6.762ms
[94.426s][info][gc] GC(53) Pause Young (Normal) (G1 Evacuation Pause) 186M->36M(256M) 4.048ms
[96.474s][info][gc] GC(54) Pause Young (Normal) (G1 Evacuation Pause) 186M->36M(256M) 3.787ms
[98.546s][info][gc] GC(55) Pause Young (Normal) (G1 Evacuation Pause) 186M->36M(256M) 3.757ms
[100.689s][info][gc] GC(56) Pause Young (Normal) (G1 Evacuation Pause) 186M->36M(256M) 4.800ms
[102.749s][info][gc] GC(57) Pause Young (Normal) (G1 Evacuation Pause) 186M->36M(256M) 5.113ms
[104.807s][info][gc] GC(58) Pause Young (Normal) (G1 Evacuation Pause) 186M->36M(256M) 3.627ms
[106.868s][info][gc] GC(59) Pause Young (Normal) (G1 Evacuation Pause) 186M->36M(256M) 5.223ms
[108.910s][info][gc] GC(60) Pause Young (Normal) (G1 Evacuation Pause) 186M->36M(256M) 4.018ms
[110.971s][info][gc] GC(61) Pause Young (Normal) (G1 Evacuation Pause) 186M->36M(256M) 3.439ms
[112.998s][info][gc] GC(62) Pause Young (Normal) (G1 Evacuation Pause) 184M->36M(256M) 4.764ms
[115.054s][info][gc] GC(63) Pause Young (Normal) (G1 Evacuation Pause) 186M->36M(256M) 4.875ms
[117.106s][info][gc] GC(64) Pause Young (Normal) (G1 Evacuation Pause) 186M->37M(256M) 5.507ms
[119.131s][info][gc] GC(65) Pause Young (Normal) (G1 Evacuation Pause) 185M->36M(256M) 4.111ms
[121.161s][info][gc] GC(66) Pause Young (Normal) (G1 Evacuation Pause) 184M->36M(256M) 5.437ms
[123.269s][info][gc] GC(67) Pause Young (Normal) (G1 Evacuation Pause) 186M->36M(256M) 2.918ms
[125.346s][info][gc] GC(68) Pause Young (Normal) (G1 Evacuation Pause) 184M->36M(256M) 4.249ms
[127.395s][info][gc] GC(69) Pause Young (Normal) (G1 Evacuation Pause) 184M->37M(256M) 4.330ms
[129.425s][info][gc] GC(70) Pause Young (Normal) (G1 Evacuation Pause) 185M->36M(256M) 5.436ms
[131.535s][info][gc] GC(71) Pause Young (Normal) (G1 Evacuation Pause) 184M->37M(256M) 4.170ms
[133.568s][info][gc] GC(72) Pause Young (Normal) (G1 Evacuation Pause) 185M->36M(256M) 5.341ms
[135.637s][info][gc] GC(73) Pause Young (Normal) (G1 Evacuation Pause) 186M->36M(256M) 5.254ms
[137.697s][info][gc] GC(74) Pause Young (Normal) (G1 Evacuation Pause) 186M->36M(256M) 5.364ms
[139.766s][info][gc] GC(75) Pause Young (Normal) (G1 Evacuation Pause) 186M->37M(256M) 5.742ms
[141.778s][info][gc] GC(76) Pause Young (Normal) (G1 Evacuation Pause) 185M->37M(256M) 5.276ms
[143.802s][info][gc] GC(77) Pause Young (Normal) (G1 Evacuation Pause) 185M->37M(256M) 3.851ms
[145.824s][info][gc] GC(78) Pause Young (Normal) (G1 Evacuation Pause) 185M->37M(256M) 4.887ms
[147.840s][info][gc] GC(79) Pause Young (Normal) (G1 Evacuation Pause) 185M->37M(256M) 4.497ms
[149.873s][info][gc] GC(80) Pause Young (Normal) (G1 Evacuation Pause) 185M->37M(256M) 5.643ms
[151.906s][info][gc] GC(81) Pause Young (Normal) (G1 Evacuation Pause) 185M->37M(256M) 5.369ms
[153.940s][info][gc] GC(82) Pause Young (Normal) (G1 Evacuation Pause) 185M->37M(256M) 5.589ms
[155.976s][info][gc] GC(83) Pause Young (Normal) (G1 Evacuation Pause) 185M->37M(256M) 6.299ms
[157.986s][info][gc] GC(84) Pause Young (Normal) (G1 Evacuation Pause) 185M->37M(256M) 4.681ms
[160.019s][info][gc] GC(85) Pause Young (Normal) (G1 Evacuation Pause) 185M->37M(256M) 5.227ms
[162.046s][info][gc] GC(86) Pause Young (Normal) (G1 Evacuation Pause) 185M->37M(256M) 4.276ms
[164.077s][info][gc] GC(87) Pause Young (Normal) (G1 Evacuation Pause) 187M->37M(256M) 6.111ms
[166.138s][info][gc] GC(88) Pause Young (Normal) (G1 Evacuation Pause) 187M->37M(256M) 4.797ms
[168.185s][info][gc] GC(89) Pause Young (Normal) (G1 Evacuation Pause) 185M->37M(256M) 4.991ms
[170.322s][info][gc] GC(90) Pause Young (Normal) (G1 Evacuation Pause) 187M->37M(256M) 4.868ms
[172.394s][info][gc] GC(91) Pause Young (Normal) (G1 Evacuation Pause) 187M->37M(256M) 4.729ms
[174.454s][info][gc] GC(92) Pause Young (Normal) (G1 Evacuation Pause) 187M->37M(256M) 4.959ms
[176.527s][info][gc] GC(93) Pause Young (Normal) (G1 Evacuation Pause) 187M->37M(256M) 5.358ms
[178.585s][info][gc] GC(94) Pause Young (Normal) (G1 Evacuation Pause) 187M->37M(256M) 5.492ms
[180.625s][info][gc] GC(95) Pause Young (Normal) (G1 Evacuation Pause) 187M->37M(256M) 5.120ms
[182.646s][info][gc] GC(96) Pause Young (Normal) (G1 Evacuation Pause) 185M->37M(256M) 4.948ms
[184.684s][info][gc] GC(97) Pause Young (Normal) (G1 Evacuation Pause) 187M->37M(256M) 5.421ms
[186.757s][info][gc] GC(98) Pause Young (Normal) (G1 Evacuation Pause) 187M->37M(256M) 5.537ms
[188.827s][info][gc] GC(99) Pause Young (Normal) (G1 Evacuation Pause) 187M->37M(256M) 3.586ms
[190.898s][info][gc] GC(100) Pause Young (Normal) (G1 Evacuation Pause) 187M->37M(256M) 4.335ms
[192.931s][info][gc] GC(101) Pause Young (Normal) (G1 Evacuation Pause) 187M->37M(256M) 4.095ms
[194.966s][info][gc] GC(102) Pause Young (Normal) (G1 Evacuation Pause) 185M->37M(256M) 5.421ms
[196.991s][info][gc] GC(103) Pause Young (Normal) (G1 Evacuation Pause) 185M->37M(256M) 3.857ms
[199.035s][info][gc] GC(104) Pause Young (Normal) (G1 Evacuation Pause) 187M->37M(256M) 5.424ms
[201.090s][info][gc] GC(105) Pause Young (Normal) (G1 Evacuation Pause) 187M->37M(256M) 5.489ms
[203.138s][info][gc] GC(106) Pause Young (Normal) (G1 Evacuation Pause) 185M->37M(256M) 4.843ms
[205.166s][info][gc] GC(107) Pause Young (Normal) (G1 Evacuation Pause) 185M->37M(256M) 4.667ms
[207.181s][info][gc] GC(108) Pause Young (Normal) (G1 Evacuation Pause) 185M->37M(256M) 4.931ms
[209.206s][info][gc] GC(109) Pause Young (Normal) (G1 Evacuation Pause) 185M->37M(256M) 5.282ms
[211.226s][info][gc] GC(110) Pause Young (Normal) (G1 Evacuation Pause) 185M->37M(256M) 3.923ms
[213.266s][info][gc] GC(111) Pause Young (Normal) (G1 Evacuation Pause) 185M->37M(256M) 5.384ms
[215.302s][info][gc] GC(112) Pause Young (Normal) (G1 Evacuation Pause) 187M->37M(256M) 5.017ms
[217.331s][info][gc] GC(113) Pause Young (Normal) (G1 Evacuation Pause) 185M->37M(256M) 3.111ms
[219.422s][info][gc] GC(114) Pause Young (Normal) (G1 Evacuation Pause) 187M->37M(256M) 4.377ms
[221.453s][info][gc] GC(115) Pause Young (Normal) (G1 Evacuation Pause) 185M->37M(256M) 5.064ms
[223.611s][info][gc] GC(116) Pause Young (Normal) (G1 Evacuation Pause) 187M->37M(256M) 3.995ms
[225.639s][info][gc] GC(117) Pause Young (Normal) (G1 Evacuation Pause) 185M->37M(256M) 4.062ms
[227.697s][info][gc] GC(118) Pause Young (Normal) (G1 Evacuation Pause) 187M->38M(256M) 5.596ms
[229.715s][info][gc] GC(119) Pause Young (Normal) (G1 Evacuation Pause) 186M->37M(256M) 3.429ms
[231.732s][info][gc] GC(120) Pause Young (Normal) (G1 Evacuation Pause) 185M->37M(256M) 5.466ms
[233.757s][info][gc] GC(121) Pause Young (Normal) (G1 Evacuation Pause) 185M->38M(256M) 4.132ms
[235.786s][info][gc] GC(122) Pause Young (Normal) (G1 Evacuation Pause) 186M->38M(256M) 5.449ms
[237.814s][info][gc] GC(123) Pause Young (Normal) (G1 Evacuation Pause) 186M->37M(256M) 5.290ms
[239.854s][info][gc] GC(124) Pause Young (Normal) (G1 Evacuation Pause) 185M->38M(256M) 7.433ms
[241.884s][info][gc] GC(125) Pause Young (Normal) (G1 Evacuation Pause) 186M->38M(256M) 5.026ms
[243.919s][info][gc] GC(126) Pause Young (Normal) (G1 Evacuation Pause) 186M->38M(256M) 6.151ms
[245.957s][info][gc] GC(127) Pause Young (Normal) (G1 Evacuation Pause) 186M->37M(256M) 5.071ms
[248.029s][info][gc] GC(128) Pause Young (Normal) (G1 Evacuation Pause) 187M->37M(256M) 5.059ms
[250.090s][info][gc] GC(129) Pause Young (Normal) (G1 Evacuation Pause) 187M->37M(256M) 4.562ms
[252.221s][info][gc] GC(130) Pause Young (Normal) (G1 Evacuation Pause) 187M->37M(256M) 5.235ms
[254.284s][info][gc] GC(131) Pause Young (Normal) (G1 Evacuation Pause) 187M->37M(256M) 5.442ms
[256.367s][info][gc] GC(132) Pause Young (Normal) (G1 Evacuation Pause) 187M->37M(256M) 3.647ms
[258.406s][info][gc] GC(133) Pause Young (Normal) (G1 Evacuation Pause) 187M->37M(256M) 4.685ms
[260.566s][info][gc] GC(134) Pause Young (Normal) (G1 Evacuation Pause) 187M->37M(256M) 3.814ms
[262.630s][info][gc] GC(135) Pause Young (Normal) (G1 Evacuation Pause) 187M->38M(256M) 4.705ms
[264.698s][info][gc] GC(136) Pause Young (Normal) (G1 Evacuation Pause) 188M->38M(256M) 5.336ms
[266.763s][info][gc] GC(137) Pause Young (Normal) (G1 Evacuation Pause) 188M->38M(256M) 3.712ms
[268.778s][info][gc] GC(138) Pause Young (Normal) (G1 Evacuation Pause) 186M->38M(256M) 5.399ms
[270.814s][info][gc] GC(139) Pause Young (Normal) (G1 Evacuation Pause) 188M->38M(256M) 4.634ms
[272.875s][info][gc] GC(140) Pause Young (Normal) (G1 Evacuation Pause) 188M->38M(256M) 3.757ms
[274.931s][info][gc] GC(141) Pause Young (Normal) (G1 Evacuation Pause) 188M->38M(256M) 4.199ms
[276.946s][info][gc] GC(142) Pause Young (Normal) (G1 Evacuation Pause) 186M->38M(256M) 4.698ms
[278.959s][info][gc] GC(143) Pause Young (Normal) (G1 Evacuation Pause) 186M->38M(256M) 3.600ms
[280.983s][info][gc] GC(144) Pause Young (Normal) (G1 Evacuation Pause) 186M->38M(256M) 3.669ms
[283.007s][info][gc] GC(145) Pause Young (Normal) (G1 Evacuation Pause) 186M->38M(256M) 4.094ms
[285.050s][info][gc] GC(146) Pause Young (Normal) (G1 Evacuation Pause) 186M->38M(256M) 4.054ms
[287.114s][info][gc] GC(147) Pause Young (Normal) (G1 Evacuation Pause) 188M->38M(256M) 3.915ms
[289.249s][info][gc] GC(148) Pause Young (Normal) (G1 Evacuation Pause) 188M->38M(256M) 2.912ms
[291.315s][info][gc] GC(149) Pause Young (Normal) (G1 Evacuation Pause) 188M->38M(256M) 5.897ms
[293.382s][info][gc] GC(150) Pause Young (Normal) (G1 Evacuation Pause) 188M->38M(256M) 4.369ms
[295.409s][info][gc] GC(151) Pause Young (Normal) (G1 Evacuation Pause) 186M->38M(256M) 4.984ms
[297.474s][info][gc] GC(152) Pause Young (Normal) (G1 Evacuation Pause) 188M->38M(256M) 4.577ms
[299.497s][info][gc] GC(153) Pause Young (Normal) (G1 Evacuation Pause) 186M->38M(256M) 5.166ms
[301.516s][info][gc] GC(154) Pause Young (Normal) (G1 Evacuation Pause) 186M->38M(256M) 5.370ms
[303.547s][info][gc] GC(155) Pause Young (Normal) (G1 Evacuation Pause) 186M->38M(256M) 3.540ms
[305.577s][info][gc] GC(156) Pause Young (Normal) (G1 Evacuation Pause) 186M->38M(256M) 5.015ms
[307.633s][info][gc] GC(157) Pause Young (Normal) (G1 Evacuation Pause) 186M->38M(256M) 5.238ms
[309.771s][info][gc] GC(158) Pause Young (Normal) (G1 Evacuation Pause) 188M->38M(256M) 5.838ms
[311.854s][info][gc] GC(159) Pause Young (Normal) (G1 Evacuation Pause) 188M->38M(256M) 4.721ms
[313.927s][info][gc] GC(160) Pause Young (Normal) (G1 Evacuation Pause) 188M->38M(256M) 3.255ms
[315.998s][info][gc] GC(161) Pause Young (Normal) (G1 Evacuation Pause) 188M->38M(256M) 5.024ms
[318.103s][info][gc] GC(162) Pause Young (Normal) (G1 Evacuation Pause) 188M->38M(256M) 3.468ms
[320.225s][info][gc] GC(163) Pause Young (Normal) (G1 Evacuation Pause) 188M->38M(256M) 6.211ms
[322.302s][info][gc] GC(164) Pause Young (Normal) (G1 Evacuation Pause) 188M->38M(256M) 5.224ms
[324.358s][info][gc] GC(165) Pause Young (Normal) (G1 Evacuation Pause) 188M->38M(256M) 5.051ms
[326.387s][info][gc] GC(166) Pause Young (Normal) (G1 Evacuation Pause) 186M->38M(256M) 7.097ms
[328.416s][info][gc] GC(167) Pause Young (Normal) (G1 Evacuation Pause) 186M->38M(256M) 4.305ms
[330.391s][info][gc] GC(168) Pause Young (Normal) (G1 Evacuation Pause) 186M->38M(256M) 3.449ms
[332.321s][info][gc] GC(169) Pause Young (Normal) (G1 Evacuation Pause) 188M->41M(256M) 10.137ms
[333.920s][info][gc] GC(170) Pause Young (Normal) (G1 Evacuation Pause) 187M->41M(256M) 5.638ms
[335.454s][info][gc] GC(171) Pause Young (Normal) (G1 Evacuation Pause) 187M->41M(256M) 7.668ms
[336.925s][info][gc] GC(172) Pause Young (Normal) (G1 Evacuation Pause) 187M->41M(256M) 5.451ms
[338.340s][info][gc] GC(173) Pause Young (Normal) (G1 Evacuation Pause) 187M->42M(256M) 6.459ms
[339.572s][info][gc] GC(174) Pause Young (Normal) (G1 Evacuation Pause) 188M->42M(256M) 7.086ms
[340.698s][info][gc] GC(175) Pause Young (Normal) (G1 Evacuation Pause) 188M->43M(256M) 7.000ms
[341.748s][info][gc] GC(176) Pause Young (Normal) (G1 Evacuation Pause) 187M->43M(256M) 8.114ms
[342.749s][info][gc] GC(177) Pause Young (Normal) (G1 Evacuation Pause) 187M->43M(256M) 5.927ms
[342.939s][info][gc] GC(178) Pause Young (Concurrent Start) (CodeCache GC Threshold) 72M->43M(256M) 6.562ms
[342.939s][info][gc] GC(179) Concurrent Mark Cycle
[343.111s][info][gc] GC(179) Pause Remark 71M->71M(256M) 11.422ms
[343.162s][info][gc] GC(179) Pause Cleanup 78M->78M(256M) 0.068ms
[343.163s][info][gc] GC(179) Concurrent Mark Cycle 224.041ms
[343.938s][info][gc] GC(180) Pause Young (Prepare Mixed) (G1 Evacuation Pause) 187M->43M(256M) 11.159ms
[343.957s][info][gc] GC(181) Pause Young (Concurrent Start) (CodeCache GC Threshold) 45M->44M(256M) 10.452ms
[343.957s][info][gc] GC(182) Concurrent Mark Cycle
[344.082s][info][gc] GC(182) Pause Remark 62M->62M(256M) 9.283ms
[344.127s][info][gc] GC(182) Pause Cleanup 70M->70M(256M) 0.052ms
[344.128s][info][gc] GC(182) Concurrent Mark Cycle 170.505ms
[344.874s][info][gc] GC(183) Pause Young (Prepare Mixed) (G1 Evacuation Pause) 194M->46M(256M) 5.860ms
[344.913s][info][gc] GC(184) Pause Young (Mixed) (G1 Evacuation Pause) 54M->45M(256M) 10.131ms
[345.765s][info][gc] GC(185) Pause Young (Normal) (G1 Evacuation Pause) 195M->46M(256M) 5.572ms
[346.652s][info][gc] GC(186) Pause Young (Concurrent Start) (CodeCache GC Threshold) 174M->46M(256M) 6.933ms
[346.652s][info][gc] GC(187) Concurrent Mark Cycle
[346.816s][info][gc] GC(187) Pause Remark 70M->70M(256M) 9.171ms
[346.860s][info][gc] GC(187) Pause Cleanup 78M->78M(256M) 0.053ms
[346.860s][info][gc] GC(187) Concurrent Mark Cycle 207.811ms
[347.667s][info][gc] GC(188) Pause Young (Prepare Mixed) (G1 Evacuation Pause) 194M->46M(256M) 7.490ms
[347.705s][info][gc] GC(189) Pause Young (Mixed) (G1 Evacuation Pause) 54M->44M(256M) 6.803ms
[348.541s][info][gc] GC(190) Pause Young (Normal) (G1 Evacuation Pause) 194M->46M(256M) 6.053ms
[349.543s][info][gc] GC(191) Pause Young (Normal) (G1 Evacuation Pause) 194M->46M(256M) 9.438ms
[350.541s][info][gc] GC(192) Pause Young (Concurrent Start) (G1 Evacuation Pause) 194M->46M(256M) 5.566ms
[350.541s][info][gc] GC(193) Concurrent Mark Cycle
[350.679s][info][gc] GC(193) Pause Remark 66M->66M(256M) 11.194ms
[350.731s][info][gc] GC(193) Pause Cleanup 73M->73M(256M) 0.050ms
[350.731s][info][gc] GC(193) Concurrent Mark Cycle 190.047ms
[351.561s][info][gc] GC(194) Pause Young (Prepare Mixed) (G1 Evacuation Pause) 194M->46M(256M) 5.283ms
[351.606s][info][gc] GC(195) Pause Young (Mixed) (G1 Evacuation Pause) 54M->45M(256M) 6.825ms
[352.484s][info][gc] GC(196) Pause Young (Normal) (G1 Evacuation Pause) 195M->46M(256M) 7.149ms
[353.481s][info][gc] GC(197) Pause Young (Normal) (G1 Evacuation Pause) 194M->46M(256M) 5.174ms
[354.524s][info][gc] GC(198) Pause Young (Concurrent Start) (G1 Evacuation Pause) 194M->46M(256M) 7.190ms
[354.524s][info][gc] GC(199) Concurrent Mark Cycle
[354.660s][info][gc] GC(199) Pause Remark 64M->64M(256M) 10.013ms
[354.705s][info][gc] GC(199) Pause Cleanup 72M->72M(256M) 0.059ms
[354.706s][info][gc] GC(199) Concurrent Mark Cycle 181.673ms
[355.560s][info][gc] GC(200) Pause Young (Prepare Mixed) (G1 Evacuation Pause) 194M->47M(256M) 6.482ms
[355.606s][info][gc] GC(201) Pause Young (Mixed) (G1 Evacuation Pause) 55M->45M(256M) 9.857ms
[356.456s][info][gc] GC(202) Pause Young (Normal) (G1 Evacuation Pause) 195M->46M(256M) 7.114ms
[357.458s][info][gc] GC(203) Pause Young (Normal) (G1 Evacuation Pause) 194M->47M(256M) 5.572ms
[358.464s][info][gc] GC(204) Pause Young (Concurrent Start) (G1 Evacuation Pause) 195M->47M(256M) 7.261ms
[358.464s][info][gc] GC(205) Concurrent Mark Cycle
[358.624s][info][gc] GC(205) Pause Remark 71M->71M(256M) 9.069ms
[358.679s][info][gc] GC(205) Pause Cleanup 79M->79M(256M) 0.053ms
[358.680s][info][gc] GC(205) Concurrent Mark Cycle 215.548ms
[359.473s][info][gc] GC(206) Pause Young (Prepare Mixed) (G1 Evacuation Pause) 195M->47M(256M) 5.773ms
[359.513s][info][gc] GC(207) Pause Young (Mixed) (G1 Evacuation Pause) 55M->45M(256M) 7.088ms
[360.368s][info][gc] GC(208) Pause Young (Normal) (G1 Evacuation Pause) 195M->47M(256M) 7.311ms
[361.373s][info][gc] GC(209) Pause Young (Normal) (G1 Evacuation Pause) 195M->47M(256M) 6.088ms
[362.380s][info][gc] GC(210) Pause Young (Concurrent Start) (G1 Evacuation Pause) 195M->47M(256M) 7.654ms
[362.380s][info][gc] GC(211) Concurrent Mark Cycle
[362.539s][info][gc] GC(211) Pause Remark 71M->71M(256M) 8.721ms
[362.589s][info][gc] GC(211) Pause Cleanup 79M->79M(256M) 0.050ms
[362.589s][info][gc] GC(211) Concurrent Mark Cycle 209.178ms
[363.389s][info][gc] GC(212) Pause Young (Prepare Mixed) (G1 Evacuation Pause) 195M->47M(256M) 6.587ms
[363.428s][info][gc] GC(213) Pause Young (Mixed) (G1 Evacuation Pause) 55M->45M(256M) 5.669ms
[364.265s][info][gc] GC(214) Pause Young (Normal) (G1 Evacuation Pause) 195M->47M(256M) 6.327ms
[365.268s][info][gc] GC(215) Pause Young (Normal) (G1 Evacuation Pause) 195M->47M(256M) 6.875ms
[366.271s][info][gc] GC(216) Pause Young (Concurrent Start) (G1 Evacuation Pause) 195M->47M(256M) 5.521ms
[366.271s][info][gc] GC(217) Concurrent Mark Cycle
[366.419s][info][gc] GC(217) Pause Remark 69M->69M(256M) 10.580ms
[366.468s][info][gc] GC(217) Pause Cleanup 78M->78M(256M) 0.047ms
[366.469s][info][gc] GC(217) Concurrent Mark Cycle 197.767ms
[367.279s][info][gc] GC(218) Pause Young (Prepare Mixed) (G1 Evacuation Pause) 195M->47M(256M) 5.348ms
[367.322s][info][gc] GC(219) Pause Young (Mixed) (G1 Evacuation Pause) 55M->45M(256M) 5.982ms
[368.156s][info][gc] GC(220) Pause Young (Normal) (G1 Evacuation Pause) 195M->47M(256M) 7.186ms
[369.157s][info][gc] GC(221) Pause Young (Normal) (G1 Evacuation Pause) 195M->47M(256M) 5.702ms
[370.157s][info][gc] GC(222) Pause Young (Normal) (G1 Evacuation Pause) 195M->47M(256M) 6.675ms
[371.161s][info][gc] GC(223) Pause Young (Normal) (G1 Evacuation Pause) 195M->47M(256M) 6.382ms
[372.157s][info][gc] GC(224) Pause Young (Normal) (G1 Evacuation Pause) 195M->47M(256M) 6.309ms
[373.157s][info][gc] GC(225) Pause Young (Normal) (G1 Evacuation Pause) 195M->47M(256M) 6.564ms
[374.154s][info][gc] GC(226) Pause Young (Normal) (G1 Evacuation Pause) 195M->47M(256M) 5.487ms
[375.157s][info][gc] GC(227) Pause Young (Normal) (G1 Evacuation Pause) 195M->47M(256M) 5.337ms
[376.157s][info][gc] GC(228) Pause Young (Normal) (G1 Evacuation Pause) 195M->47M(256M) 5.652ms
[377.160s][info][gc] GC(229) Pause Young (Normal) (G1 Evacuation Pause) 195M->47M(256M) 6.910ms
[378.161s][info][gc] GC(230) Pause Young (Normal) (G1 Evacuation Pause) 195M->47M(256M) 6.596ms
[379.166s][info][gc] GC(231) Pause Young (Normal) (G1 Evacuation Pause) 195M->47M(256M) 5.339ms
[380.169s][info][gc] GC(232) Pause Young (Normal) (G1 Evacuation Pause) 195M->47M(256M) 5.424ms
[381.177s][info][gc] GC(233) Pause Young (Normal) (G1 Evacuation Pause) 195M->47M(256M) 6.118ms
[382.192s][info][gc] GC(234) Pause Young (Normal) (G1 Evacuation Pause) 195M->47M(256M) 5.271ms
[383.195s][info][gc] GC(235) Pause Young (Normal) (G1 Evacuation Pause) 195M->47M(256M) 5.520ms
[384.204s][info][gc] GC(236) Pause Young (Normal) (G1 Evacuation Pause) 195M->47M(256M) 4.979ms
[385.212s][info][gc] GC(237) Pause Young (Normal) (G1 Evacuation Pause) 195M->47M(256M) 5.244ms
[386.224s][info][gc] GC(238) Pause Young (Normal) (G1 Evacuation Pause) 195M->47M(256M) 5.008ms
[387.229s][info][gc] GC(239) Pause Young (Normal) (G1 Evacuation Pause) 195M->47M(256M) 5.651ms
[388.244s][info][gc] GC(240) Pause Young (Normal) (G1 Evacuation Pause) 195M->47M(256M) 4.989ms
[389.250s][info][gc] GC(241) Pause Young (Normal) (G1 Evacuation Pause) 195M->47M(256M) 9.089ms
[390.268s][info][gc] GC(242) Pause Young (Normal) (G1 Evacuation Pause) 195M->47M(256M) 5.022ms
[391.286s][info][gc] GC(243) Pause Young (Normal) (G1 Evacuation Pause) 195M->47M(256M) 5.523ms
[392.300s][info][gc] GC(244) Pause Young (Normal) (G1 Evacuation Pause) 195M->47M(256M) 5.623ms
[393.304s][info][gc] GC(245) Pause Young (Normal) (G1 Evacuation Pause) 195M->47M(256M) 7.468ms
[394.325s][info][gc] GC(246) Pause Young (Normal) (G1 Evacuation Pause) 195M->47M(256M) 8.897ms
[395.341s][info][gc] GC(247) Pause Young (Normal) (G1 Evacuation Pause) 195M->47M(256M) 5.732ms
[396.371s][info][gc] GC(248) Pause Young (Normal) (G1 Evacuation Pause) 195M->47M(256M) 6.938ms
[397.401s][info][gc] GC(249) Pause Young (Normal) (G1 Evacuation Pause) 195M->47M(256M) 5.548ms
[398.405s][info][gc] GC(250) Pause Young (Normal) (G1 Evacuation Pause) 195M->47M(256M) 5.590ms
[399.421s][info][gc] GC(251) Pause Young (Normal) (G1 Evacuation Pause) 195M->47M(256M) 5.208ms
[400.420s][info][gc] GC(252) Pause Young (Normal) (G1 Evacuation Pause) 195M->47M(256M) 6.313ms
[401.440s][info][gc] GC(253) Pause Young (Normal) (G1 Evacuation Pause) 195M->47M(256M) 6.927ms
[402.447s][info][gc] GC(254) Pause Young (Normal) (G1 Evacuation Pause) 195M->47M(256M) 7.847ms
[403.469s][info][gc] GC(255) Pause Young (Normal) (G1 Evacuation Pause) 195M->47M(256M) 5.994ms
[404.464s][info][gc] GC(256) Pause Young (Normal) (G1 Evacuation Pause) 195M->47M(256M) 5.218ms
[405.477s][info][gc] GC(257) Pause Young (Normal) (G1 Evacuation Pause) 195M->47M(256M) 9.239ms
[406.479s][info][gc] GC(258) Pause Young (Normal) (G1 Evacuation Pause) 195M->47M(256M) 5.357ms
[407.488s][info][gc] GC(259) Pause Young (Normal) (G1 Evacuation Pause) 195M->47M(256M) 7.113ms
[408.488s][info][gc] GC(260) Pause Young (Normal) (G1 Evacuation Pause) 195M->48M(256M) 5.198ms
[409.480s][info][gc] GC(261) Pause Young (Normal) (G1 Evacuation Pause) 194M->47M(256M) 5.262ms
[410.482s][info][gc] GC(262) Pause Young (Normal) (G1 Evacuation Pause) 195M->48M(256M) 8.752ms
[411.470s][info][gc] GC(263) Pause Young (Normal) (G1 Evacuation Pause) 194M->47M(256M) 5.224ms
[412.476s][info][gc] GC(264) Pause Young (Normal) (G1 Evacuation Pause) 195M->48M(256M) 7.068ms
[413.475s][info][gc] GC(265) Pause Young (Normal) (G1 Evacuation Pause) 196M->47M(256M) 5.309ms
[414.482s][info][gc] GC(266) Pause Young (Normal) (G1 Evacuation Pause) 195M->47M(256M) 5.163ms
[415.491s][info][gc] GC(267) Pause Young (Normal) (G1 Evacuation Pause) 195M->48M(256M) 5.605ms
[416.496s][info][gc] GC(268) Pause Young (Normal) (G1 Evacuation Pause) 196M->48M(256M) 6.954ms
[417.500s][info][gc] GC(269) Pause Young (Normal) (G1 Evacuation Pause) 196M->48M(256M) 7.074ms
[418.489s][info][gc] GC(270) Pause Young (Normal) (G1 Evacuation Pause) 194M->48M(256M) 5.784ms
[419.480s][info][gc] GC(271) Pause Young (Normal) (G1 Evacuation Pause) 194M->48M(256M) 7.326ms
[420.476s][info][gc] GC(272) Pause Young (Normal) (G1 Evacuation Pause) 196M->48M(256M) 7.376ms
[421.473s][info][gc] GC(273) Pause Young (Normal) (G1 Evacuation Pause) 196M->48M(256M) 5.117ms
[422.475s][info][gc] GC(274) Pause Young (Normal) (G1 Evacuation Pause) 196M->48M(256M) 5.116ms
[423.482s][info][gc] GC(275) Pause Young (Normal) (G1 Evacuation Pause) 196M->48M(256M) 5.307ms
[424.489s][info][gc] GC(276) Pause Young (Normal) (G1 Evacuation Pause) 196M->48M(256M) 5.053ms
[425.493s][info][gc] GC(277) Pause Young (Normal) (G1 Evacuation Pause) 196M->48M(256M) 5.994ms
[426.494s][info][gc] GC(278) Pause Young (Normal) (G1 Evacuation Pause) 196M->48M(256M) 5.076ms
[427.496s][info][gc] GC(279) Pause Young (Normal) (G1 Evacuation Pause) 196M->48M(256M) 6.776ms
[428.501s][info][gc] GC(280) Pause Young (Normal) (G1 Evacuation Pause) 196M->48M(256M) 5.632ms
[429.488s][info][gc] GC(281) Pause Young (Normal) (G1 Evacuation Pause) 194M->48M(256M) 5.318ms
[430.489s][info][gc] GC(282) Pause Young (Normal) (G1 Evacuation Pause) 196M->48M(256M) 5.801ms
[431.478s][info][gc] GC(283) Pause Young (Normal) (G1 Evacuation Pause) 194M->48M(256M) 5.235ms
[432.473s][info][gc] GC(284) Pause Young (Normal) (G1 Evacuation Pause) 194M->48M(256M) 5.994ms
[433.476s][info][gc] GC(285) Pause Young (Normal) (G1 Evacuation Pause) 196M->48M(256M) 6.942ms
[434.479s][info][gc] GC(286) Pause Young (Normal) (G1 Evacuation Pause) 196M->48M(256M) 7.564ms
[435.485s][info][gc] GC(287) Pause Young (Normal) (G1 Evacuation Pause) 196M->48M(256M) 5.272ms
[436.493s][info][gc] GC(288) Pause Young (Normal) (G1 Evacuation Pause) 196M->48M(256M) 5.868ms
[437.503s][info][gc] GC(289) Pause Young (Normal) (G1 Evacuation Pause) 196M->48M(256M) 7.219ms
[438.508s][info][gc] GC(290) Pause Young (Normal) (G1 Evacuation Pause) 196M->48M(256M) 5.071ms
[439.531s][info][gc] GC(291) Pause Young (Normal) (G1 Evacuation Pause) 196M->48M(256M) 7.644ms
[440.532s][info][gc] GC(292) Pause Young (Normal) (G1 Evacuation Pause) 196M->48M(256M) 5.393ms
[441.557s][info][gc] GC(293) Pause Young (Normal) (G1 Evacuation Pause) 196M->48M(256M) 5.253ms
[442.560s][info][gc] GC(294) Pause Young (Normal) (G1 Evacuation Pause) 196M->48M(256M) 6.217ms
[443.579s][info][gc] GC(295) Pause Young (Normal) (G1 Evacuation Pause) 196M->48M(256M) 4.905ms
[444.595s][info][gc] GC(296) Pause Young (Normal) (G1 Evacuation Pause) 196M->48M(256M) 7.022ms
[445.594s][info][gc] GC(297) Pause Young (Normal) (G1 Evacuation Pause) 196M->48M(256M) 5.247ms
[446.606s][info][gc] GC(298) Pause Young (Normal) (G1 Evacuation Pause) 196M->48M(256M) 5.205ms
[447.608s][info][gc] GC(299) Pause Young (Normal) (G1 Evacuation Pause) 196M->48M(256M) 4.952ms
[448.617s][info][gc] GC(300) Pause Young (Normal) (G1 Evacuation Pause) 196M->48M(256M) 5.464ms
[449.630s][info][gc] GC(301) Pause Young (Normal) (G1 Evacuation Pause) 196M->48M(256M) 5.243ms
[450.631s][info][gc] GC(302) Pause Young (Normal) (G1 Evacuation Pause) 196M->48M(256M) 5.063ms
[451.640s][info][gc] GC(303) Pause Young (Normal) (G1 Evacuation Pause) 196M->48M(256M) 6.567ms
[452.642s][info][gc] GC(304) Pause Young (Normal) (G1 Evacuation Pause) 196M->48M(256M) 5.133ms
[453.656s][info][gc] GC(305) Pause Young (Normal) (G1 Evacuation Pause) 196M->48M(256M) 5.052ms
[454.656s][info][gc] GC(306) Pause Young (Normal) (G1 Evacuation Pause) 196M->48M(256M) 5.125ms
[455.658s][info][gc] GC(307) Pause Young (Normal) (G1 Evacuation Pause) 196M->49M(256M) 5.203ms
[456.648s][info][gc] GC(308) Pause Young (Normal) (G1 Evacuation Pause) 195M->49M(256M) 5.245ms
[457.635s][info][gc] GC(309) Pause Young (Normal) (G1 Evacuation Pause) 195M->49M(256M) 7.927ms
[458.617s][info][gc] GC(310) Pause Young (Normal) (G1 Evacuation Pause) 195M->49M(256M) 6.080ms
[459.600s][info][gc] GC(311) Pause Young (Normal) (G1 Evacuation Pause) 195M->49M(256M) 5.311ms
[460.588s][info][gc] GC(312) Pause Young (Normal) (G1 Evacuation Pause) 195M->49M(256M) 7.722ms
[461.571s][info][gc] GC(313) Pause Young (Normal) (G1 Evacuation Pause) 195M->49M(256M) 5.419ms
[462.557s][info][gc] GC(314) Pause Young (Normal) (G1 Evacuation Pause) 195M->49M(256M) 5.398ms
[463.545s][info][gc] GC(315) Pause Young (Normal) (G1 Evacuation Pause) 195M->49M(256M) 6.789ms
[464.529s][info][gc] GC(316) Pause Young (Normal) (G1 Evacuation Pause) 195M->49M(256M) 5.303ms
[465.516s][info][gc] GC(317) Pause Young (Normal) (G1 Evacuation Pause) 195M->49M(256M) 7.283ms
[466.512s][info][gc] GC(318) Pause Young (Normal) (G1 Evacuation Pause) 197M->49M(256M) 5.194ms
[467.504s][info][gc] GC(319) Pause Young (Normal) (G1 Evacuation Pause) 195M->49M(256M) 6.786ms
[468.499s][info][gc] GC(320) Pause Young (Normal) (G1 Evacuation Pause) 197M->49M(256M) 5.159ms
[469.499s][info][gc] GC(321) Pause Young (Normal) (G1 Evacuation Pause) 197M->49M(256M) 5.264ms
[470.501s][info][gc] GC(322) Pause Young (Normal) (G1 Evacuation Pause) 197M->49M(256M) 5.220ms
[471.500s][info][gc] GC(323) Pause Young (Normal) (G1 Evacuation Pause) 197M->49M(256M) 5.159ms
[472.486s][info][gc] GC(324) Pause Young (Normal) (G1 Evacuation Pause) 195M->49M(256M) 5.275ms
[473.488s][info][gc] GC(325) Pause Young (Normal) (G1 Evacuation Pause) 197M->49M(256M) 6.694ms
[474.488s][info][gc] GC(326) Pause Young (Normal) (G1 Evacuation Pause) 197M->49M(256M) 5.120ms
[475.489s][info][gc] GC(327) Pause Young (Normal) (G1 Evacuation Pause) 197M->49M(256M) 6.050ms
[476.485s][info][gc] GC(328) Pause Young (Normal) (G1 Evacuation Pause) 197M->49M(256M) 6.071ms
[477.485s][info][gc] GC(329) Pause Young (Normal) (G1 Evacuation Pause) 197M->49M(256M) 5.044ms
[478.490s][info][gc] GC(330) Pause Young (Normal) (G1 Evacuation Pause) 197M->49M(256M) 9.044ms
[479.488s][info][gc] GC(331) Pause Young (Normal) (G1 Evacuation Pause) 197M->49M(256M) 7.263ms
[480.488s][info][gc] GC(332) Pause Young (Normal) (G1 Evacuation Pause) 197M->49M(256M) 5.139ms
[481.485s][info][gc] GC(333) Pause Young (Normal) (G1 Evacuation Pause) 197M->49M(256M) 5.412ms
[482.486s][info][gc] GC(334) Pause Young (Normal) (G1 Evacuation Pause) 197M->49M(256M) 5.124ms
[483.487s][info][gc] GC(335) Pause Young (Normal) (G1 Evacuation Pause) 197M->49M(256M) 5.159ms
[484.492s][info][gc] GC(336) Pause Young (Normal) (G1 Evacuation Pause) 197M->49M(256M) 6.615ms
[485.489s][info][gc] GC(337) Pause Young (Normal) (G1 Evacuation Pause) 197M->49M(256M) 5.193ms
[486.492s][info][gc] GC(338) Pause Young (Normal) (G1 Evacuation Pause) 197M->49M(256M) 5.188ms
[487.480s][info][gc] GC(339) Pause Young (Normal) (G1 Evacuation Pause) 195M->49M(256M) 5.105ms
[488.479s][info][gc] GC(340) Pause Young (Normal) (G1 Evacuation Pause) 197M->49M(256M) 5.378ms
[489.484s][info][gc] GC(341) Pause Young (Normal) (G1 Evacuation Pause) 197M->49M(256M) 7.222ms
[490.473s][info][gc] GC(342) Pause Young (Normal) (G1 Evacuation Pause) 195M->49M(256M) 5.235ms
[491.476s][info][gc] GC(343) Pause Young (Normal) (G1 Evacuation Pause) 197M->49M(256M) 6.991ms
[492.477s][info][gc] GC(344) Pause Young (Normal) (G1 Evacuation Pause) 197M->49M(256M) 5.658ms
[493.485s][info][gc] GC(345) Pause Young (Normal) (G1 Evacuation Pause) 197M->49M(256M) 5.696ms
[494.497s][info][gc] GC(346) Pause Young (Normal) (G1 Evacuation Pause) 197M->49M(256M) 9.140ms
[495.510s][info][gc] GC(347) Pause Young (Normal) (G1 Evacuation Pause) 197M->49M(256M) 5.017ms
[496.513s][info][gc] GC(348) Pause Young (Normal) (G1 Evacuation Pause) 197M->49M(256M) 5.515ms
[497.532s][info][gc] GC(349) Pause Young (Normal) (G1 Evacuation Pause) 197M->49M(256M) 7.062ms
[498.533s][info][gc] GC(350) Pause Young (Normal) (G1 Evacuation Pause) 197M->49M(256M) 5.132ms
[499.549s][info][gc] GC(351) Pause Young (Normal) (G1 Evacuation Pause) 197M->49M(256M) 5.768ms
[500.549s][info][gc] GC(352) Pause Young (Normal) (G1 Evacuation Pause) 197M->49M(256M) 5.087ms
[501.556s][info][gc] GC(353) Pause Young (Normal) (G1 Evacuation Pause) 197M->49M(256M) 5.354ms
[502.552s][info][gc] GC(354) Pause Young (Normal) (G1 Evacuation Pause) 197M->49M(256M) 6.793ms
[503.552s][info][gc] GC(355) Pause Young (Normal) (G1 Evacuation Pause) 197M->49M(256M) 6.410ms
[504.555s][info][gc] GC(356) Pause Young (Normal) (G1 Evacuation Pause) 197M->49M(256M) 5.080ms
[505.556s][info][gc] GC(357) Pause Young (Normal) (G1 Evacuation Pause) 197M->49M(256M) 5.146ms
[506.561s][info][gc] GC(358) Pause Young (Normal) (G1 Evacuation Pause) 197M->49M(256M) 6.174ms
[507.570s][info][gc] GC(359) Pause Young (Normal) (G1 Evacuation Pause) 197M->49M(256M) 9.050ms
[508.581s][info][gc] GC(360) Pause Young (Normal) (G1 Evacuation Pause) 197M->49M(256M) 5.074ms
[509.582s][info][gc] GC(361) Pause Young (Normal) (G1 Evacuation Pause) 197M->49M(256M) 5.164ms
[510.591s][info][gc] GC(362) Pause Young (Normal) (G1 Evacuation Pause) 197M->49M(256M) 5.126ms
