[0.007s][info][gc] Using G1
[0.542s][info][gc] GC(0) Pause Young (Normal) (G1 Evacuation Pause) 23M->5M(258M) 7.419ms
[1.294s][info][gc] GC(1) Pause Young (Normal) (G1 Evacuation Pause) 37M->9M(258M) 9.798ms
[1.466s][info][gc] GC(2) Pause Young (Concurrent Start) (Metadata GC Threshold) 60M->18M(258M) 6.964ms
[1.466s][info][gc] GC(3) Concurrent Mark Cycle
[1.479s][info][gc] GC(3) Pause Remark 20M->20M(256M) 1.623ms
[1.484s][info][gc] GC(3) Pause Cleanup 21M->21M(256M) 0.063ms
[1.485s][info][gc] GC(3) Concurrent Mark Cycle 18.936ms
[2.143s][info][gc] GC(4) Pause Young (Concurrent Start) (CodeCache GC Threshold) 84M->28M(256M) 10.332ms
[2.143s][info][gc] GC(5) Concurrent Mark Cycle
[2.161s][info][gc] GC(5) Pause Remark 29M->29M(256M) 6.289ms
[2.168s][info][gc] GC(5) Pause Cleanup 29M->29M(256M) 0.082ms
[2.169s][info][gc] GC(5) Concurrent Mark Cycle 25.982ms
[3.105s][info][gc] GC(6) Pause Young (Concurrent Start) (CodeCache GC Threshold) 147M->47M(256M) 15.477ms
[3.105s][info][gc] GC(7) Concurrent Mark Cycle
[3.139s][info][gc] GC(7) Pause Remark 50M->50M(256M) 4.312ms
[3.151s][info][gc] GC(7) Pause Cleanup 52M->52M(256M) 0.115ms
[3.152s][info][gc] GC(7) Concurrent Mark Cycle 46.295ms
[3.816s][info][gc] GC(8) Pause Young (Concurrent Start) (CodeCache GC Threshold) 159M->61M(256M) 14.686ms
[3.816s][info][gc] GC(9) Concurrent Mark Cycle
[3.858s][info][gc] GC(9) Pause Remark 68M->68M(256M) 2.857ms
[3.877s][info][gc] GC(9) Pause Cleanup 71M->71M(256M) 0.144ms
[3.878s][info][gc] GC(9) Concurrent Mark Cycle 62.344ms
[4.358s][info][gc] GC(10) Pause Young (Concurrent Start) (CodeCache GC Threshold) 135M->68M(256M) 13.207ms
[4.358s][info][gc] GC(11) Concurrent Mark Cycle
[4.416s][info][gc] GC(11) Pause Remark 70M->70M(256M) 14.294ms
[4.438s][info][gc] GC(11) Pause Cleanup 71M->71M(256M) 0.135ms
[4.439s][info][gc] GC(11) Concurrent Mark Cycle 81.394ms
[4.540s][info][gc] GC(12) Pause Young (Concurrent Start) (CodeCache GC Threshold) 78M->69M(256M) 5.023ms
[4.540s][info][gc] GC(13) Concurrent Mark Cycle
[4.591s][info][gc] GC(13) Pause Remark 75M->75M(256M) 2.790ms
[4.618s][info][gc] GC(13) Pause Cleanup 76M->76M(256M) 0.167ms
[4.618s][info][gc] GC(13) Concurrent Mark Cycle 78.198ms
[5.173s][info][gc] GC(14) Pause Young (Concurrent Start) (CodeCache GC Threshold) 128M->75M(256M) 9.956ms
[5.173s][info][gc] GC(15) Concurrent Mark Cycle
[5.230s][info][gc] GC(15) Pause Remark 78M->78M(256M) 2.958ms
[5.254s][info][gc] GC(15) Pause Cleanup 80M->80M(256M) 0.181ms
[5.254s][info][gc] GC(15) Concurrent Mark Cycle 81.193ms
[6.642s][info][gc] GC(16) Pause Young (Concurrent Start) (CodeCache GC Threshold) 166M->74M(256M) 13.209ms
[6.642s][info][gc] GC(17) Concurrent Mark Cycle
[6.709s][info][gc] GC(17) Pause Remark 78M->78M(256M) 4.249ms
[6.734s][info][gc] GC(17) Pause Cleanup 80M->80M(256M) 0.148ms
[6.734s][info][gc] GC(17) Concurrent Mark Cycle 92.205ms
[7.566s][info][gc] GC(18) Pause Young (Concurrent Start) (CodeCache GC Threshold) 126M->78M(256M) 11.549ms
[7.566s][info][gc] GC(19) Concurrent Mark Cycle
[7.612s][info][gc] GC(19) Pause Remark 81M->77M(256M) 3.768ms
[7.633s][info][gc] GC(19) Pause Cleanup 78M->78M(256M) 0.261ms
[7.633s][info][gc] GC(19) Concurrent Mark Cycle 67.129ms
[7.853s][info][gc] GC(20) Pause Young (Concurrent Start) (CodeCache GC Threshold) 89M->74M(256M) 7.961ms
[7.853s][info][gc] GC(21) Concurrent Mark Cycle
[7.909s][info][gc] GC(21) Pause Remark 77M->77M(256M) 4.147ms
[7.933s][info][gc] GC(21) Pause Cleanup 78M->78M(256M) 0.221ms
[7.933s][info][gc] GC(21) Concurrent Mark Cycle 80.167ms
[8.413s][info][gc] GC(22) Pause Young (Concurrent Start) (CodeCache GC Threshold) 111M->75M(256M) 9.799ms
[8.414s][info][gc] GC(23) Concurrent Mark Cycle
[8.461s][info][gc] GC(23) Pause Remark 76M->76M(256M) 4.307ms
[8.490s][info][gc] GC(23) Pause Cleanup 77M->77M(256M) 0.203ms
[8.490s][info][gc] GC(23) Concurrent Mark Cycle 76.706ms
[30.486s][info][gc] GC(24) Pause Young (Prepare Mixed) (G1 Evacuation Pause) 199M->94M(256M) 15.209ms
[30.496s][info][gc] GC(25) Pause Young (Mixed) (G1 Evacuation Pause) 95M->94M(256M) 8.207ms
[30.690s][info][gc] GC(26) Pause Young (Concurrent Start) (CodeCache GC Threshold) 124M->101M(256M) 7.909ms
[30.690s][info][gc] GC(27) Concurrent Mark Cycle
[30.794s][info][gc] GC(27) Pause Remark 125M->125M(256M) 29.887ms
[30.831s][info][gc] GC(27) Pause Cleanup 125M->125M(256M) 0.162ms
[30.831s][info][gc] GC(27) Concurrent Mark Cycle 141.175ms
[31.620s][info][gc] GC(28) Pause Young (Concurrent Start) (CodeCache GC Threshold) 157M->117M(256M) 15.155ms
[31.620s][info][gc] GC(29) Concurrent Mark Cycle
[31.695s][info][gc] GC(29) Pause Remark 117M->117M(256M) 8.069ms
[31.748s][info][gc] GC(29) Pause Cleanup 123M->123M(256M) 0.223ms
[31.749s][info][gc] GC(29) Concurrent Mark Cycle 129.408ms
[31.972s][info][gc] GC(30) Pause Young (Concurrent Start) (CodeCache GC Threshold) 133M->120M(256M) 8.667ms
[31.973s][info][gc] GC(31) Concurrent Mark Cycle
[32.078s][info][gc] GC(31) Pause Remark 124M->124M(256M) 22.133ms
[32.134s][info][gc] GC(31) Pause Cleanup 126M->126M(256M) 0.222ms
[32.135s][info][gc] GC(31) Concurrent Mark Cycle 161.903ms
[33.363s][info][gc] GC(32) Pause Young (Concurrent Start) (CodeCache GC Threshold) 161M->123M(256M) 7.356ms
[33.363s][info][gc] GC(33) Concurrent Mark Cycle
[33.462s][info][gc] GC(33) Pause Remark 128M->128M(256M) 18.362ms
[33.520s][info][gc] GC(33) Pause Cleanup 128M->128M(256M) 0.229ms
[33.520s][info][gc] GC(33) Concurrent Mark Cycle 157.670ms
[36.041s][info][gc] GC(34) Pause Young (Prepare Mixed) (G1 Evacuation Pause) 195M->131M(256M) 15.892ms
[36.178s][info][gc] GC(35) Pause Young (Mixed) (G1 Evacuation Pause) 133M->127M(256M) 9.372ms
[37.606s][info][gc] GC(36) Pause Young (Concurrent Start) (CodeCache GC Threshold) 173M->132M(256M) 8.647ms
[37.606s][info][gc] GC(37) Concurrent Mark Cycle
[37.690s][info][gc] GC(37) Pause Remark 134M->134M(256M) 5.119ms
[37.744s][info][gc] GC(37) Pause Cleanup 134M->134M(256M) 0.289ms
[37.744s][info][gc] GC(37) Concurrent Mark Cycle 138.839ms
[40.403s][info][gc] GC(38) Pause Young (Prepare Mixed) (G1 Evacuation Pause) 200M->140M(256M) 16.393ms
[40.424s][info][gc] GC(39) Pause Young (Mixed) (G1 Evacuation Pause) 142M->128M(256M) 15.741ms
[42.850s][info][gc] GC(40) Pause Young (Concurrent Start) (G1 Evacuation Pause) 200M->135M(256M) 12.461ms
[42.850s][info][gc] GC(41) Concurrent Mark Cycle
[42.938s][info][gc] GC(41) Pause Remark 138M->138M(256M) 5.215ms
[42.997s][info][gc] GC(41) Pause Cleanup 138M->138M(256M) 0.381ms
[42.997s][info][gc] GC(41) Concurrent Mark Cycle 147.186ms
[45.483s][info][gc] GC(42) Pause Young (Prepare Mixed) (G1 Evacuation Pause) 203M->142M(256M) 18.499ms
[45.634s][info][gc] GC(43) Pause Young (Mixed) (G1 Evacuation Pause) 144M->126M(256M) 17.053ms
[45.895s][info][gc] GC(44) Pause Young (Mixed) (G1 Evacuation Pause) 136M->127M(256M) 9.693ms
[48.484s][info][gc] GC(45) Pause Young (Concurrent Start) (G1 Evacuation Pause) 202M->135M(256M) 17.266ms
[48.484s][info][gc] GC(46) Concurrent Mark Cycle
[48.568s][info][gc] GC(46) Pause Remark 138M->138M(256M) 5.670ms
[48.626s][info][gc] GC(46) Pause Cleanup 139M->139M(256M) 0.313ms
[48.626s][info][gc] GC(46) Concurrent Mark Cycle 141.991ms
[51.115s][info][gc] GC(47) Pause Young (Prepare Mixed) (G1 Evacuation Pause) 204M->142M(256M) 20.207ms
[51.136s][info][gc] GC(48) Pause Young (Mixed) (G1 Evacuation Pause) 144M->129M(256M) 15.993ms
[52.230s][info][gc] GC(49) Pause Young (Concurrent Start) (CodeCache GC Threshold) 159M->132M(256M) 8.621ms
[52.230s][info][gc] GC(50) Concurrent Mark Cycle
[52.314s][info][gc] GC(50) Pause Remark 135M->135M(256M) 5.730ms
[52.367s][info][gc] GC(50) Pause Cleanup 137M->137M(256M) 0.314ms
[52.367s][info][gc] GC(50) Concurrent Mark Cycle 137.386ms
[54.919s][info][gc] GC(51) Pause Young (Prepare Mixed) (G1 Evacuation Pause) 204M->139M(256M) 15.861ms
[54.965s][info][gc] GC(52) Pause Young (Mixed) (G1 Evacuation Pause) 141M->125M(256M) 18.629ms
[55.295s][info][gc] GC(53) Pause Young (Mixed) (G1 Evacuation Pause) 135M->126M(586M) 12.012ms
[65.907s][info][gc] GC(54) Pause Young (Normal) (G1 Evacuation Pause) 436M->154M(586M) 39.340ms
[77.203s][info][gc] GC(55) Pause Young (Normal) (G1 Evacuation Pause) 425M->157M(586M) 29.836ms
[89.058s][info][gc] GC(56) Pause Young (Concurrent Start) (G1 Evacuation Pause) 440M->157M(586M) 26.697ms
[89.058s][info][gc] GC(57) Concurrent Mark Cycle
[89.155s][info][gc] GC(57) Pause Remark 160M->148M(500M) 22.140ms
[89.211s][info][gc] GC(57) Pause Cleanup 150M->150M(500M) 0.354ms
[89.213s][info][gc] GC(57) Concurrent Mark Cycle 154.736ms
[90.616s][info][gc] GC(58) Pause Young (Concurrent Start) (CodeCache GC Threshold) 186M->140M(500M) 17.581ms
[90.617s][info][gc] GC(59) Concurrent Mark Cycle
[90.689s][info][gc] GC(59) Pause Remark 142M->142M(484M) 5.379ms
[90.736s][info][gc] GC(59) Pause Cleanup 143M->143M(484M) 0.361ms
[90.737s][info][gc] GC(59) Concurrent Mark Cycle 120.878ms
[101.316s][info][gc] GC(60) Pause Young (Prepare Mixed) (G1 Evacuation Pause) 397M->144M(484M) 25.597ms
[101.408s][info][gc] GC(61) Pause Young (Mixed) (G1 Evacuation Pause) 148M->128M(484M) 20.277ms
[110.059s][info][gc] GC(62) Pause Young (Normal) (G1 Evacuation Pause) 383M->152M(484M) 27.070ms
[119.587s][info][gc] GC(63) Pause Young (Normal) (G1 Evacuation Pause) 382M->156M(484M) 27.855ms
[129.099s][info][gc] GC(64) Pause Young (Concurrent Start) (G1 Evacuation Pause) 385M->157M(484M) 27.190ms
[129.099s][info][gc] GC(65) Concurrent Mark Cycle
[129.179s][info][gc] GC(65) Pause Remark 162M->161M(484M) 5.527ms
[129.236s][info][gc] GC(65) Pause Cleanup 164M->164M(484M) 0.490ms
[129.237s][info][gc] GC(65) Concurrent Mark Cycle 137.852ms
[138.596s][info][gc] GC(66) Pause Young (Prepare Mixed) (G1 Evacuation Pause) 385M->157M(484M) 28.670ms
[138.747s][info][gc] GC(67) Pause Young (Mixed) (G1 Evacuation Pause) 162M->131M(484M) 25.262ms
[147.282s][info][gc] GC(68) Pause Young (Normal) (G1 Evacuation Pause) 384M->154M(484M) 28.010ms
[156.839s][info][gc] GC(69) Pause Young (Normal) (G1 Evacuation Pause) 383M->159M(484M) 46.481ms
[166.117s][info][gc] GC(70) Pause Young (Concurrent Start) (G1 Evacuation Pause) 385M->160M(484M) 25.167ms
[166.117s][info][gc] GC(71) Concurrent Mark Cycle
[166.212s][info][gc] GC(71) Pause Remark 164M->163M(484M) 22.508ms
[166.268s][info][gc] GC(71) Pause Cleanup 167M->167M(484M) 0.418ms
[166.270s][info][gc] GC(71) Concurrent Mark Cycle 152.702ms
[175.517s][info][gc] GC(72) Pause Young (Prepare Mixed) (G1 Evacuation Pause) 385M->160M(484M) 30.240ms
[175.593s][info][gc] GC(73) Pause Young (Mixed) (G1 Evacuation Pause) 165M->131M(484M) 19.643ms
[184.180s][info][gc] GC(74) Pause Young (Normal) (G1 Evacuation Pause) 382M->155M(484M) 39.502ms
[193.638s][info][gc] GC(75) Pause Young (Normal) (G1 Evacuation Pause) 384M->159M(484M) 28.587ms
[203.089s][info][gc] GC(76) Pause Young (Concurrent Start) (G1 Evacuation Pause) 386M->160M(484M) 29.412ms
[203.089s][info][gc] GC(77) Concurrent Mark Cycle
[203.190s][info][gc] GC(77) Pause Remark 164M->163M(484M) 19.971ms
[203.247s][info][gc] GC(77) Pause Cleanup 167M->167M(484M) 0.467ms
[203.249s][info][gc] GC(77) Concurrent Mark Cycle 160.027ms
[212.478s][info][gc] GC(78) Pause Young (Prepare Mixed) (G1 Evacuation Pause) 386M->159M(484M) 29.157ms
[212.658s][info][gc] GC(79) Pause Young (Mixed) (G1 Evacuation Pause) 164M->131M(484M) 17.779ms
[221.217s][info][gc] GC(80) Pause Young (Normal) (G1 Evacuation Pause) 384M->154M(484M) 27.345ms
[230.686s][info][gc] GC(81) Pause Young (Normal) (G1 Evacuation Pause) 383M->159M(484M) 34.354ms
[240.053s][info][gc] GC(82) Pause Young (Concurrent Start) (G1 Evacuation Pause) 385M->161M(484M) 24.367ms
[240.054s][info][gc] GC(83) Concurrent Mark Cycle
[240.130s][info][gc] GC(83) Pause Remark 163M->161M(484M) 11.416ms
[240.189s][info][gc] GC(83) Pause Cleanup 166M->166M(484M) 0.391ms
[240.191s][info][gc] GC(83) Concurrent Mark Cycle 137.118ms
[249.416s][info][gc] GC(84) Pause Young (Prepare Mixed) (G1 Evacuation Pause) 385M->159M(484M) 24.653ms
[249.572s][info][gc] GC(85) Pause Young (Mixed) (G1 Evacuation Pause) 164M->131M(484M) 18.476ms
[258.095s][info][gc] GC(86) Pause Young (Normal) (G1 Evacuation Pause) 382M->155M(484M) 29.164ms
[267.604s][info][gc] GC(87) Pause Young (Normal) (G1 Evacuation Pause) 384M->160M(484M) 27.692ms
[276.966s][info][gc] GC(88) Pause Young (Concurrent Start) (G1 Evacuation Pause) 386M->160M(484M) 26.357ms
[276.966s][info][gc] GC(89) Concurrent Mark Cycle
[277.038s][info][gc] GC(89) Pause Remark 163M->163M(484M) 6.040ms
[277.093s][info][gc] GC(89) Pause Cleanup 168M->168M(484M) 0.667ms
[277.094s][info][gc] GC(89) Concurrent Mark Cycle 127.948ms
[286.348s][info][gc] GC(90) Pause Young (Prepare Mixed) (G1 Evacuation Pause) 387M->161M(484M) 37.022ms
[286.481s][info][gc] GC(91) Pause Young (Mixed) (G1 Evacuation Pause) 166M->130M(484M) 19.312ms
[295.008s][info][gc] GC(92) Pause Young (Normal) (G1 Evacuation Pause) 382M->155M(484M) 32.086ms
[304.461s][info][gc] GC(93) Pause Young (Normal) (G1 Evacuation Pause) 383M->160M(484M) 28.756ms
[313.774s][info][gc] GC(94) Pause Young (Concurrent Start) (G1 Evacuation Pause) 385M->161M(484M) 28.707ms
[313.774s][info][gc] GC(95) Concurrent Mark Cycle
[313.850s][info][gc] GC(95) Pause Remark 163M->161M(484M) 5.294ms
[313.906s][info][gc] GC(95) Pause Cleanup 163M->163M(484M) 0.565ms
[313.906s][info][gc] GC(95) Concurrent Mark Cycle 132.475ms
[323.199s][info][gc] GC(96) Pause Young (Prepare Mixed) (G1 Evacuation Pause) 385M->160M(484M) 36.832ms
[323.325s][info][gc] GC(97) Pause Young (Mixed) (G1 Evacuation Pause) 165M->132M(484M) 20.562ms
[331.365s][info][gc] GC(98) Pause Young (Normal) (G1 Evacuation Pause) 383M->164M(484M) 29.613ms
[333.401s][info][gc] GC(99) Pause Young (Concurrent Start) (CodeCache GC Threshold) 223M->172M(484M) 31.096ms
[333.401s][info][gc] GC(100) Concurrent Mark Cycle
[333.487s][info][gc] GC(100) Pause Remark 179M->176M(484M) 5.859ms
[333.570s][info][gc] GC(100) Pause Cleanup 177M->177M(484M) 0.563ms
[333.571s][info][gc] GC(100) Concurrent Mark Cycle 169.148ms
[339.261s][info][gc] GC(101) Pause Young (Prepare Mixed) (G1 Evacuation Pause) 359M->196M(484M) 38.190ms
[339.287s][info][gc] GC(102) Pause Young (Mixed) (G1 Evacuation Pause) 197M->193M(484M) 24.087ms
[344.651s][info][gc] GC(103) Pause Young (Normal) (G1 Evacuation Pause) 362M->207M(484M) 18.548ms
[351.149s][info][gc] GC(104) Pause Young (Normal) (G1 Evacuation Pause) 371M->221M(484M) 28.121ms
[357.417s][info][gc] GC(105) Pause Young (Concurrent Start) (G1 Evacuation Pause) 376M->228M(484M) 25.371ms
[357.417s][info][gc] GC(106) Concurrent Mark Cycle
[357.516s][info][gc] GC(106) Pause Remark 229M->225M(484M) 23.074ms
[357.588s][info][gc] GC(106) Pause Cleanup 230M->230M(484M) 0.371ms
[357.589s][info][gc] GC(106) Concurrent Mark Cycle 172.370ms
[363.770s][info][gc] GC(107) Pause Young (Prepare Mixed) (G1 Evacuation Pause) 378M->232M(484M) 26.242ms
[363.994s][info][gc] GC(108) Pause Young (Mixed) (G1 Evacuation Pause) 239M->185M(484M) 18.924ms
[364.619s][info][gc] GC(109) Pause Young (Mixed) (G1 Evacuation Pause) 206M->154M(484M) 17.265ms
[371.820s][info][gc] GC(110) Pause Young (Normal) (G1 Evacuation Pause) 363M->175M(484M) 28.912ms
[379.867s][info][gc] GC(111) Pause Young (Normal) (G1 Evacuation Pause) 371M->181M(484M) 27.194ms
[387.920s][info][gc] GC(112) Pause Young (Normal) (G1 Evacuation Pause) 376M->186M(484M) 31.579ms
[395.933s][info][gc] GC(113) Pause Young (Normal) (G1 Evacuation Pause) 381M->189M(484M) 29.793ms
[403.914s][info][gc] GC(114) Pause Young (Normal) (G1 Evacuation Pause) 384M->194M(484M) 25.322ms
[411.804s][info][gc] GC(115) Pause Young (Normal) (G1 Evacuation Pause) 387M->198M(484M) 24.372ms
[419.651s][info][gc] GC(116) Pause Young (Normal) (G1 Evacuation Pause) 389M->202M(484M) 25.759ms
[427.436s][info][gc] GC(117) Pause Young (Normal) (G1 Evacuation Pause) 390M->206M(484M) 23.574ms
[435.080s][info][gc] GC(118) Pause Young (Normal) (G1 Evacuation Pause) 392M->211M(484M) 23.404ms
[442.668s][info][gc] GC(119) Pause Young (Normal) (G1 Evacuation Pause) 394M->215M(484M) 25.246ms
[450.031s][info][gc] GC(120) Pause Young (Normal) (G1 Evacuation Pause) 394M->220M(484M) 24.154ms
[457.157s][info][gc] GC(121) Pause Young (Normal) (G1 Evacuation Pause) 395M->226M(484M) 23.659ms
[464.145s][info][gc] GC(122) Pause Young (Normal) (G1 Evacuation Pause) 396M->231M(484M) 24.280ms
[470.873s][info][gc] GC(123) Pause Young (Normal) (G1 Evacuation Pause) 396M->239M(484M) 24.040ms
[477.373s][info][gc] GC(124) Pause Young (Normal) (G1 Evacuation Pause) 398M->246M(484M) 25.058ms
[483.584s][info][gc] GC(125) Pause Young (Normal) (G1 Evacuation Pause) 398M->253M(484M) 23.756ms
[489.484s][info][gc] GC(126) Pause Young (Normal) (G1 Evacuation Pause) 399M->261M(484M) 25.707ms
[495.079s][info][gc] GC(127) Pause Young (Normal) (G1 Evacuation Pause) 399M->270M(484M) 24.800ms
[500.391s][info][gc] GC(128) Pause Young (Normal) (G1 Evacuation Pause) 400M->280M(484M) 24.779ms
[505.264s][info][gc] GC(129) Pause Young (Concurrent Start) (G1 Evacuation Pause) 402M->291M(484M) 24.655ms
[505.264s][info][gc] GC(130) Concurrent Mark Cycle
[505.343s][info][gc] GC(130) Pause Remark 293M->241M(484M) 6.269ms
[505.422s][info][gc] GC(130) Pause Cleanup 244M->244M(484M) 0.470ms
[505.423s][info][gc] GC(130) Concurrent Mark Cycle 158.528ms
[509.758s][info][gc] GC(131) Pause Young (Prepare Mixed) (G1 Evacuation Pause) 351M->250M(484M) 26.361ms
[510.064s][info][gc] GC(132) Pause Young (Mixed) (G1 Evacuation Pause) 258M->201M(484M) 19.882ms
[510.703s][info][gc] GC(133) Pause Young (Mixed) (G1 Evacuation Pause) 222M->166M(484M) 19.709ms
[511.483s][info][gc] GC(134) Pause Young (Mixed) (G1 Evacuation Pause) 187M->165M(484M) 14.965ms
[513.984s][info][gc] GC(135) Pause Young (Concurrent Start) (CodeCache GC Threshold) 249M->171M(484M) 8.362ms
[513.984s][info][gc] GC(136) Concurrent Mark Cycle
[514.173s][info][gc] GC(136) Pause Remark 199M->179M(484M) 6.185ms
[514.232s][info][gc] GC(136) Concurrent Mark Cycle 247.401ms
