[0.005s][info][gc] Using G1
[0.546s][info][gc] GC(0) Pause Young (Normal) (G1 Evacuation Pause) 23M->5M(258M) 8.295ms
[1.308s][info][gc] GC(1) Pause Young (Normal) (G1 Evacuation Pause) 37M->9M(258M) 9.978ms
[1.455s][info][gc] GC(2) Pause Young (Concurrent Start) (GCLocker Initiated GC) 61M->18M(258M) 7.675ms
[1.455s][info][gc] GC(3) Concurrent Mark Cycle
[1.470s][info][gc] GC(3) Pause Remark 20M->20M(256M) 1.693ms
[1.472s][info][gc] GC(3) Pause Cleanup 20M->20M(256M) 0.075ms
[1.473s][info][gc] GC(3) Concurrent Mark Cycle 18.006ms
[2.045s][info][gc] GC(4) Pause Young (Concurrent Start) (CodeCache GC Threshold) 79M->27M(256M) 15.896ms
[2.045s][info][gc] GC(5) Concurrent Mark Cycle
[2.060s][info][gc] GC(5) Pause Remark 30M->30M(256M) 3.059ms
[2.069s][info][gc] GC(5) Pause Cleanup 31M->31M(256M) 0.092ms
[2.071s][info][gc] GC(5) Concurrent Mark Cycle 26.206ms
[2.958s][info][gc] GC(6) Pause Young (Concurrent Start) (CodeCache GC Threshold) 139M->45M(256M) 18.665ms
[2.958s][info][gc] GC(7) Concurrent Mark Cycle
[2.982s][info][gc] GC(7) Pause Remark 47M->47M(256M) 4.117ms
[3.002s][info][gc] GC(7) Pause Cleanup 49M->49M(256M) 0.131ms
[3.003s][info][gc] GC(7) Concurrent Mark Cycle 44.573ms
[3.022s][info][gc] GC(8) Pause Young (Concurrent Start) (CodeCache GC Threshold) 50M->48M(256M) 8.580ms
[3.022s][info][gc] GC(9) Concurrent Mark Cycle
[3.049s][info][gc] GC(9) Pause Remark 51M->51M(256M) 2.939ms
[3.071s][info][gc] GC(9) Pause Cleanup 53M->53M(256M) 0.162ms
[3.072s][info][gc] GC(9) Concurrent Mark Cycle 49.449ms
[3.855s][info][gc] GC(10) Pause Young (Prepare Mixed) (G1 Evacuation Pause) 179M->60M(256M) 8.732ms
[3.868s][info][gc] GC(11) Pause Young (Mixed) (G1 Evacuation Pause) 61M->61M(256M) 7.005ms
[4.297s][info][gc] GC(12) Pause Young (Concurrent Start) (CodeCache GC Threshold) 124M->66M(256M) 6.668ms
[4.297s][info][gc] GC(13) Concurrent Mark Cycle
[4.376s][info][gc] GC(13) Pause Remark 68M->68M(256M) 14.829ms
[4.407s][info][gc] GC(13) Pause Cleanup 70M->70M(256M) 0.114ms
[4.408s][info][gc] GC(13) Concurrent Mark Cycle 110.496ms
[5.407s][info][gc] GC(14) Pause Young (Concurrent Start) (CodeCache GC Threshold) 143M->73M(256M) 7.756ms
[5.407s][info][gc] GC(15) Concurrent Mark Cycle
[5.465s][info][gc] GC(15) Pause Remark 75M->75M(256M) 3.142ms
[5.493s][info][gc] GC(15) Pause Cleanup 77M->77M(256M) 0.127ms
[5.494s][info][gc] GC(15) Concurrent Mark Cycle 87.014ms
[5.667s][info][gc] GC(16) Pause Young (Concurrent Start) (CodeCache GC Threshold) 84M->75M(256M) 10.447ms
[5.667s][info][gc] GC(17) Concurrent Mark Cycle
[5.742s][info][gc] GC(17) Pause Remark 78M->78M(256M) 3.288ms
[5.776s][info][gc] GC(17) Pause Cleanup 82M->82M(256M) 0.124ms
[5.776s][info][gc] GC(17) Concurrent Mark Cycle 109.196ms
[7.306s][info][gc] GC(18) Pause Young (Concurrent Start) (CodeCache GC Threshold) 184M->80M(256M) 10.179ms
[7.306s][info][gc] GC(19) Concurrent Mark Cycle
[7.350s][info][gc] GC(19) Pause Remark 82M->82M(256M) 4.442ms
[7.386s][info][gc] GC(19) Pause Cleanup 83M->83M(256M) 0.140ms
[7.386s][info][gc] GC(19) Concurrent Mark Cycle 80.404ms
[8.415s][info][gc] GC(20) Pause Young (Concurrent Start) (CodeCache GC Threshold) 154M->84M(256M) 17.570ms
[8.415s][info][gc] GC(21) Concurrent Mark Cycle
[8.457s][info][gc] GC(21) Pause Remark 86M->78M(256M) 4.342ms
[8.488s][info][gc] GC(21) Pause Cleanup 79M->79M(256M) 0.128ms
[8.488s][info][gc] GC(21) Concurrent Mark Cycle 73.308ms
[8.513s][info][gc] GC(22) Pause Young (Concurrent Start) (CodeCache GC Threshold) 82M->76M(256M) 9.544ms
[8.513s][info][gc] GC(23) Concurrent Mark Cycle
[8.569s][info][gc] GC(23) Pause Remark 90M->90M(256M) 17.976ms
[8.606s][info][gc] GC(23) Pause Cleanup 93M->93M(256M) 0.158ms
[8.607s][info][gc] GC(23) Concurrent Mark Cycle 93.747ms
[8.624s][info][gc] GC(24) Pause Young (Concurrent Start) (CodeCache GC Threshold) 93M->76M(256M) 7.051ms
[8.625s][info][gc] GC(25) Concurrent Mark Cycle
[8.672s][info][gc] GC(25) Pause Remark 79M->79M(256M) 3.705ms
[8.709s][info][gc] GC(25) Pause Cleanup 81M->81M(256M) 0.180ms
[8.709s][info][gc] GC(25) Concurrent Mark Cycle 84.533ms
[30.643s][info][gc] GC(26) Pause Young (Prepare Mixed) (G1 Evacuation Pause) 203M->102M(256M) 18.060ms
[30.654s][info][gc] GC(27) Pause Young (Mixed) (G1 Evacuation Pause) 103M->102M(256M) 9.489ms
[31.454s][info][gc] GC(28) Pause Young (Concurrent Start) (CodeCache GC Threshold) 165M->118M(256M) 12.158ms
[31.454s][info][gc] GC(29) Concurrent Mark Cycle
[31.564s][info][gc] GC(29) Pause Remark 121M->121M(256M) 35.391ms
[31.646s][info][gc] GC(29) Pause Cleanup 132M->132M(256M) 0.224ms
[31.646s][info][gc] GC(29) Concurrent Mark Cycle 192.061ms
[34.043s][info][gc] GC(30) Pause Young (Prepare Mixed) (G1 Evacuation Pause) 188M->128M(256M) 21.189ms
[34.055s][info][gc] GC(31) Pause Young (Mixed) (G1 Evacuation Pause) 130M->125M(256M) 9.339ms
[34.313s][info][gc] GC(32) Pause Young (Concurrent Start) (CodeCache GC Threshold) 137M->126M(256M) 6.478ms
[34.313s][info][gc] GC(33) Concurrent Mark Cycle
[34.420s][info][gc] GC(33) Pause Remark 126M->126M(256M) 21.585ms
[34.502s][info][gc] GC(33) Pause Cleanup 134M->134M(256M) 0.233ms
[34.503s][info][gc] GC(33) Concurrent Mark Cycle 189.753ms
[36.919s][info][gc] GC(34) Pause Young (Prepare Mixed) (G1 Evacuation Pause) 194M->134M(256M) 15.469ms
[37.090s][info][gc] GC(35) Pause Young (Mixed) (G1 Evacuation Pause) 137M->125M(256M) 13.960ms
[39.521s][info][gc] GC(36) Pause Young (Concurrent Start) (G1 Evacuation Pause) 196M->133M(256M) 12.607ms
[39.521s][info][gc] GC(37) Concurrent Mark Cycle
[39.602s][info][gc] GC(37) Pause Remark 134M->134M(256M) 5.575ms
[39.680s][info][gc] GC(37) Pause Cleanup 136M->136M(256M) 0.257ms
[39.681s][info][gc] GC(37) Concurrent Mark Cycle 159.630ms
[39.911s][info][gc] GC(38) Pause Young (Concurrent Start) (CodeCache GC Threshold) 142M->133M(256M) 11.173ms
[39.911s][info][gc] GC(39) Concurrent Mark Cycle
[39.988s][info][gc] GC(39) Pause Remark 138M->138M(256M) 5.777ms
[40.101s][info][gc] GC(39) Pause Cleanup 141M->141M(256M) 0.435ms
[40.102s][info][gc] GC(39) Concurrent Mark Cycle 190.458ms
[40.889s][info][gc] GC(40) Pause Young (Concurrent Start) (CodeCache GC Threshold) 158M->135M(256M) 10.780ms
[40.889s][info][gc] GC(41) Concurrent Mark Cycle
[40.982s][info][gc] GC(41) Pause Remark 142M->142M(256M) 6.345ms
[41.085s][info][gc] GC(41) Pause Cleanup 143M->143M(256M) 0.391ms
[41.085s][info][gc] GC(41) Concurrent Mark Cycle 196.386ms
[41.906s][info][gc] GC(42) Pause Young (Concurrent Start) (CodeCache GC Threshold) 161M->138M(256M) 11.813ms
[41.906s][info][gc] GC(43) Concurrent Mark Cycle
[41.991s][info][gc] GC(43) Pause Remark 144M->144M(256M) 5.355ms
[42.095s][info][gc] GC(43) Pause Cleanup 145M->145M(256M) 0.315ms
[42.095s][info][gc] GC(43) Concurrent Mark Cycle 189.406ms
[44.357s][info][gc] GC(44) Pause Young (Prepare Mixed) (G1 Evacuation Pause) 200M->144M(256M) 16.148ms
[44.546s][info][gc] GC(45) Pause Young (Mixed) (G1 Evacuation Pause) 147M->128M(256M) 20.206ms
[44.911s][info][gc] GC(46) Pause Young (Mixed) (G1 Evacuation Pause) 138M->126M(256M) 11.223ms
[47.372s][info][gc] GC(47) Pause Young (Concurrent Start) (G1 Evacuation Pause) 199M->134M(256M) 13.616ms
[47.372s][info][gc] GC(48) Concurrent Mark Cycle
[47.446s][info][gc] GC(48) Pause Remark 135M->135M(256M) 4.905ms
[47.551s][info][gc] GC(48) Pause Cleanup 138M->138M(256M) 0.290ms
[47.551s][info][gc] GC(48) Concurrent Mark Cycle 179.240ms
[50.146s][info][gc] GC(49) Pause Young (Prepare Mixed) (G1 Evacuation Pause) 202M->141M(256M) 19.120ms
[50.176s][info][gc] GC(50) Pause Young (Mixed) (G1 Evacuation Pause) 143M->125M(256M) 14.592ms
[52.803s][info][gc] GC(51) Pause Young (Concurrent Start) (G1 Evacuation Pause) 201M->132M(256M) 16.013ms
[52.803s][info][gc] GC(52) Concurrent Mark Cycle
[52.894s][info][gc] GC(52) Pause Remark 134M->134M(256M) 19.825ms
[52.991s][info][gc] GC(52) Pause Cleanup 138M->138M(256M) 0.387ms
[52.993s][info][gc] GC(52) Concurrent Mark Cycle 189.571ms
[55.592s][info][gc] GC(53) Pause Young (Prepare Mixed) (G1 Evacuation Pause) 203M->140M(256M) 19.269ms
[55.614s][info][gc] GC(54) Pause Young (Mixed) (G1 Evacuation Pause) 141M->127M(256M) 18.263ms
[58.237s][info][gc] GC(55) Pause Young (Concurrent Start) (G1 Evacuation Pause) 203M->135M(256M) 14.228ms
[58.237s][info][gc] GC(56) Concurrent Mark Cycle
[58.330s][info][gc] GC(56) Pause Remark 136M->136M(256M) 12.944ms
[58.433s][info][gc] GC(56) Pause Cleanup 141M->141M(256M) 0.314ms
[58.433s][info][gc] GC(56) Concurrent Mark Cycle 195.942ms
[60.988s][info][gc] GC(57) Pause Young (Prepare Mixed) (G1 Evacuation Pause) 205M->142M(256M) 17.786ms
[61.024s][info][gc] GC(58) Pause Young (Mixed) (G1 Evacuation Pause) 144M->126M(256M) 17.799ms
[61.361s][info][gc] GC(59) Pause Young (Mixed) (G1 Evacuation Pause) 136M->127M(256M) 9.847ms
[64.011s][info][gc] GC(60) Pause Young (Normal) (G1 Evacuation Pause) 204M->135M(256M) 11.745ms
[66.678s][info][gc] GC(61) Pause Young (Normal) (G1 Evacuation Pause) 206M->143M(256M) 18.348ms
[69.187s][info][gc] GC(62) Pause Young (Concurrent Start) (G1 Evacuation Pause) 208M->149M(256M) 17.389ms
[69.187s][info][gc] GC(63) Concurrent Mark Cycle
[69.273s][info][gc] GC(63) Pause Remark 153M->152M(260M) 4.658ms
[69.389s][info][gc] GC(63) Pause Cleanup 153M->153M(260M) 0.347ms
[69.389s][info][gc] GC(63) Concurrent Mark Cycle 202.624ms
[71.428s][info][gc] GC(64) Pause Young (Prepare Mixed) (G1 Evacuation Pause) 207M->154M(260M) 15.165ms
[71.509s][info][gc] GC(65) Pause Young (Mixed) (G1 Evacuation Pause) 158M->137M(260M) 18.054ms
[71.867s][info][gc] GC(66) Pause Young (Mixed) (G1 Evacuation Pause) 148M->135M(260M) 14.036ms
[74.453s][info][gc] GC(67) Pause Young (Normal) (G1 Evacuation Pause) 209M->142M(260M) 13.456ms
[77.024s][info][gc] GC(68) Pause Young (Normal) (G1 Evacuation Pause) 210M->149M(260M) 15.796ms
[79.375s][info][gc] GC(69) Pause Young (Concurrent Start) (G1 Evacuation Pause) 212M->156M(260M) 16.631ms
[79.375s][info][gc] GC(70) Concurrent Mark Cycle
[79.451s][info][gc] GC(70) Pause Remark 157M->156M(265M) 5.374ms
[79.569s][info][gc] GC(70) Pause Cleanup 160M->160M(265M) 0.295ms
[79.569s][info][gc] GC(70) Concurrent Mark Cycle 194.306ms
[81.488s][info][gc] GC(71) Pause Young (Prepare Mixed) (G1 Evacuation Pause) 212M->160M(265M) 15.115ms
[81.674s][info][gc] GC(72) Pause Young (Mixed) (G1 Evacuation Pause) 164M->140M(265M) 14.941ms
[82.050s][info][gc] GC(73) Pause Young (Mixed) (G1 Evacuation Pause) 151M->134M(265M) 13.168ms
[84.711s][info][gc] GC(74) Pause Young (Normal) (G1 Evacuation Pause) 213M->142M(265M) 12.174ms
[87.508s][info][gc] GC(75) Pause Young (Normal) (G1 Evacuation Pause) 214M->149M(265M) 19.430ms
[90.035s][info][gc] GC(76) Pause Young (Concurrent Start) (G1 Evacuation Pause) 216M->156M(265M) 22.107ms
[90.035s][info][gc] GC(77) Concurrent Mark Cycle
[90.122s][info][gc] GC(77) Pause Remark 158M->158M(269M) 5.552ms
[90.219s][info][gc] GC(77) Pause Cleanup 162M->162M(269M) 0.476ms
[90.220s][info][gc] GC(77) Concurrent Mark Cycle 184.724ms
[92.292s][info][gc] GC(78) Pause Young (Prepare Mixed) (G1 Evacuation Pause) 216M->162M(269M) 16.869ms
[92.352s][info][gc] GC(79) Pause Young (Mixed) (G1 Evacuation Pause) 166M->141M(269M) 13.711ms
[92.748s][info][gc] GC(80) Pause Young (Mixed) (G1 Evacuation Pause) 152M->135M(269M) 14.281ms
[95.553s][info][gc] GC(81) Pause Young (Normal) (G1 Evacuation Pause) 216M->144M(269M) 16.485ms
[98.361s][info][gc] GC(82) Pause Young (Normal) (G1 Evacuation Pause) 218M->151M(269M) 19.010ms
[100.935s][info][gc] GC(83) Pause Young (Concurrent Start) (G1 Evacuation Pause) 219M->159M(269M) 18.635ms
[100.935s][info][gc] GC(84) Concurrent Mark Cycle
[101.027s][info][gc] GC(84) Pause Remark 162M->162M(275M) 5.310ms
[101.145s][info][gc] GC(84) Pause Cleanup 165M->165M(275M) 0.349ms
[101.145s][info][gc] GC(84) Concurrent Mark Cycle 209.890ms
[103.203s][info][gc] GC(85) Pause Young (Prepare Mixed) (G1 Evacuation Pause) 220M->165M(275M) 17.082ms
[103.390s][info][gc] GC(86) Pause Young (Mixed) (G1 Evacuation Pause) 169M->142M(275M) 14.864ms
[103.758s][info][gc] GC(87) Pause Young (Mixed) (G1 Evacuation Pause) 153M->136M(275M) 14.232ms
[106.616s][info][gc] GC(88) Pause Young (Normal) (G1 Evacuation Pause) 220M->145M(275M) 12.904ms
[109.594s][info][gc] GC(89) Pause Young (Normal) (G1 Evacuation Pause) 222M->153M(275M) 20.251ms
[112.282s][info][gc] GC(90) Pause Young (Concurrent Start) (G1 Evacuation Pause) 224M->160M(275M) 21.203ms
[112.282s][info][gc] GC(91) Concurrent Mark Cycle
[112.359s][info][gc] GC(91) Pause Remark 162M->162M(275M) 5.081ms
[112.478s][info][gc] GC(91) Pause Cleanup 166M->166M(275M) 0.283ms
[112.478s][info][gc] GC(91) Concurrent Mark Cycle 196.385ms
[114.744s][info][gc] GC(92) Pause Young (Prepare Mixed) (G1 Evacuation Pause) 224M->166M(275M) 21.891ms
[114.835s][info][gc] GC(93) Pause Young (Mixed) (G1 Evacuation Pause) 169M->145M(275M) 14.656ms
[115.232s][info][gc] GC(94) Pause Young (Mixed) (G1 Evacuation Pause) 156M->138M(275M) 13.882ms
[118.059s][info][gc] GC(95) Pause Young (Normal) (G1 Evacuation Pause) 221M->147M(275M) 13.105ms
[121.000s][info][gc] GC(96) Pause Young (Normal) (G1 Evacuation Pause) 223M->155M(275M) 16.631ms
[123.671s][info][gc] GC(97) Pause Young (Concurrent Start) (G1 Evacuation Pause) 224M->162M(275M) 17.731ms
[123.671s][info][gc] GC(98) Concurrent Mark Cycle
[123.749s][info][gc] GC(98) Pause Remark 165M->165M(280M) 5.489ms
[123.867s][info][gc] GC(98) Pause Cleanup 167M->167M(280M) 0.327ms
[123.867s][info][gc] GC(98) Concurrent Mark Cycle 196.580ms
[126.097s][info][gc] GC(99) Pause Young (Prepare Mixed) (G1 Evacuation Pause) 226M->168M(280M) 17.470ms
[126.229s][info][gc] GC(100) Pause Young (Mixed) (G1 Evacuation Pause) 172M->145M(280M) 13.863ms
[126.646s][info][gc] GC(101) Pause Young (Mixed) (G1 Evacuation Pause) 157M->138M(280M) 14.028ms
[129.636s][info][gc] GC(102) Pause Young (Normal) (G1 Evacuation Pause) 225M->147M(280M) 12.998ms
[132.732s][info][gc] GC(103) Pause Young (Normal) (G1 Evacuation Pause) 227M->156M(280M) 16.927ms
[135.518s][info][gc] GC(104) Pause Young (Concurrent Start) (G1 Evacuation Pause) 228M->163M(280M) 18.701ms
[135.518s][info][gc] GC(105) Concurrent Mark Cycle
[135.594s][info][gc] GC(105) Pause Remark 166M->165M(282M) 5.649ms
[135.714s][info][gc] GC(105) Pause Cleanup 168M->168M(282M) 0.314ms
[135.715s][info][gc] GC(105) Concurrent Mark Cycle 196.424ms
[137.967s][info][gc] GC(106) Pause Young (Prepare Mixed) (G1 Evacuation Pause) 227M->169M(282M) 17.488ms
[138.145s][info][gc] GC(107) Pause Young (Mixed) (G1 Evacuation Pause) 173M->145M(282M) 16.856ms
[138.561s][info][gc] GC(108) Pause Young (Mixed) (G1 Evacuation Pause) 157M->139M(282M) 13.260ms
[141.567s][info][gc] GC(109) Pause Young (Normal) (G1 Evacuation Pause) 226M->148M(282M) 12.922ms
[144.602s][info][gc] GC(110) Pause Young (Normal) (G1 Evacuation Pause) 228M->156M(282M) 18.764ms
[147.443s][info][gc] GC(111) Pause Young (Concurrent Start) (G1 Evacuation Pause) 229M->164M(282M) 17.543ms
[147.443s][info][gc] GC(112) Concurrent Mark Cycle
[147.531s][info][gc] GC(112) Pause Remark 166M->164M(282M) 5.387ms
[147.649s][info][gc] GC(112) Pause Cleanup 168M->168M(282M) 0.291ms
[147.650s][info][gc] GC(112) Concurrent Mark Cycle 206.869ms
[150.009s][info][gc] GC(113) Pause Young (Prepare Mixed) (G1 Evacuation Pause) 229M->168M(282M) 16.906ms
[150.167s][info][gc] GC(114) Pause Young (Mixed) (G1 Evacuation Pause) 172M->145M(282M) 14.186ms
[150.581s][info][gc] GC(115) Pause Young (Mixed) (G1 Evacuation Pause) 157M->139M(282M) 12.257ms
[153.524s][info][gc] GC(116) Pause Young (Normal) (G1 Evacuation Pause) 225M->148M(282M) 14.228ms
[156.551s][info][gc] GC(117) Pause Young (Normal) (G1 Evacuation Pause) 227M->157M(282M) 18.860ms
[159.292s][info][gc] GC(118) Pause Young (Concurrent Start) (G1 Evacuation Pause) 229M->164M(282M) 19.597ms
[159.292s][info][gc] GC(119) Concurrent Mark Cycle
[159.367s][info][gc] GC(119) Pause Remark 166M->166M(284M) 5.552ms
[159.485s][info][gc] GC(119) Pause Cleanup 170M->170M(284M) 0.314ms
[159.485s][info][gc] GC(119) Concurrent Mark Cycle 193.521ms
[161.835s][info][gc] GC(120) Pause Young (Prepare Mixed) (G1 Evacuation Pause) 230M->171M(284M) 19.342ms
[161.957s][info][gc] GC(121) Pause Young (Mixed) (G1 Evacuation Pause) 175M->146M(284M) 13.134ms
[162.372s][info][gc] GC(122) Pause Young (Mixed) (G1 Evacuation Pause) 158M->139M(284M) 14.058ms
[165.402s][info][gc] GC(123) Pause Young (Normal) (G1 Evacuation Pause) 227M->149M(284M) 13.594ms
[168.476s][info][gc] GC(124) Pause Young (Normal) (G1 Evacuation Pause) 229M->157M(284M) 21.585ms
[171.345s][info][gc] GC(125) Pause Young (Concurrent Start) (G1 Evacuation Pause) 231M->164M(284M) 22.253ms
[171.345s][info][gc] GC(126) Concurrent Mark Cycle
[171.422s][info][gc] GC(126) Pause Remark 166M->164M(284M) 6.265ms
[171.543s][info][gc] GC(126) Pause Cleanup 169M->169M(284M) 0.448ms
[171.544s][info][gc] GC(126) Concurrent Mark Cycle 198.745ms
[173.916s][info][gc] GC(127) Pause Young (Prepare Mixed) (G1 Evacuation Pause) 229M->169M(284M) 18.483ms
[174.077s][info][gc] GC(128) Pause Young (Mixed) (G1 Evacuation Pause) 173M->146M(284M) 14.440ms
[174.493s][info][gc] GC(129) Pause Young (Mixed) (G1 Evacuation Pause) 158M->140M(284M) 14.071ms
[177.519s][info][gc] GC(130) Pause Young (Normal) (G1 Evacuation Pause) 227M->149M(284M) 16.973ms
[180.553s][info][gc] GC(131) Pause Young (Normal) (G1 Evacuation Pause) 229M->157M(284M) 17.629ms
[183.393s][info][gc] GC(132) Pause Young (Concurrent Start) (G1 Evacuation Pause) 230M->165M(284M) 19.702ms
[183.394s][info][gc] GC(133) Concurrent Mark Cycle
[183.490s][info][gc] GC(133) Pause Remark 167M->167M(285M) 27.592ms
[183.611s][info][gc] GC(133) Pause Cleanup 172M->172M(285M) 0.481ms
[183.612s][info][gc] GC(133) Concurrent Mark Cycle 218.249ms
[185.965s][info][gc] GC(134) Pause Young (Prepare Mixed) (G1 Evacuation Pause) 232M->172M(285M) 19.339ms
[186.115s][info][gc] GC(135) Pause Young (Mixed) (G1 Evacuation Pause) 176M->147M(285M) 13.180ms
[186.533s][info][gc] GC(136) Pause Young (Mixed) (G1 Evacuation Pause) 159M->140M(285M) 13.463ms
[189.564s][info][gc] GC(137) Pause Young (Normal) (G1 Evacuation Pause) 228M->149M(285M) 12.827ms
[192.667s][info][gc] GC(138) Pause Young (Normal) (G1 Evacuation Pause) 230M->157M(285M) 18.887ms
[195.581s][info][gc] GC(139) Pause Young (Concurrent Start) (G1 Evacuation Pause) 231M->164M(285M) 21.555ms
[195.581s][info][gc] GC(140) Concurrent Mark Cycle
[195.667s][info][gc] GC(140) Pause Remark 169M->169M(287M) 5.418ms
[195.773s][info][gc] GC(140) Pause Cleanup 171M->171M(287M) 0.301ms
[195.773s][info][gc] GC(140) Concurrent Mark Cycle 192.303ms
[198.208s][info][gc] GC(141) Pause Young (Prepare Mixed) (G1 Evacuation Pause) 232M->172M(287M) 17.754ms
[198.298s][info][gc] GC(142) Pause Young (Mixed) (G1 Evacuation Pause) 176M->147M(287M) 13.318ms
[198.715s][info][gc] GC(143) Pause Young (Mixed) (G1 Evacuation Pause) 159M->140M(287M) 15.035ms
[201.840s][info][gc] GC(144) Pause Young (Normal) (G1 Evacuation Pause) 230M->149M(287M) 19.126ms
[205.023s][info][gc] GC(145) Pause Young (Normal) (G1 Evacuation Pause) 231M->157M(287M) 17.495ms
[207.956s][info][gc] GC(146) Pause Young (Normal) (G1 Evacuation Pause) 233M->165M(287M) 19.062ms
[210.639s][info][gc] GC(147) Pause Young (Concurrent Start) (G1 Evacuation Pause) 234M->172M(287M) 21.300ms
[210.640s][info][gc] GC(148) Concurrent Mark Cycle
[210.721s][info][gc] GC(148) Pause Remark 177M->163M(287M) 6.040ms
[210.836s][info][gc] GC(148) Pause Cleanup 164M->164M(287M) 0.398ms
[210.836s][info][gc] GC(148) Concurrent Mark Cycle 196.629ms
[213.072s][info][gc] GC(149) Pause Young (Prepare Mixed) (G1 Evacuation Pause) 221M->164M(287M) 18.189ms
[213.185s][info][gc] GC(150) Pause Young (Mixed) (G1 Evacuation Pause) 169M->141M(287M) 14.661ms
[213.601s][info][gc] GC(151) Pause Young (Mixed) (G1 Evacuation Pause) 153M->138M(287M) 12.092ms
[216.704s][info][gc] GC(152) Pause Young (Normal) (G1 Evacuation Pause) 229M->147M(287M) 14.314ms
[219.964s][info][gc] GC(153) Pause Young (Normal) (G1 Evacuation Pause) 231M->156M(287M) 21.045ms
[222.921s][info][gc] GC(154) Pause Young (Normal) (G1 Evacuation Pause) 232M->164M(287M) 17.672ms
[225.699s][info][gc] GC(155) Pause Young (Normal) (G1 Evacuation Pause) 235M->171M(287M) 19.843ms
[228.127s][info][gc] GC(156) Pause Young (Normal) (G1 Evacuation Pause) 235M->178M(287M) 16.872ms
[230.326s][info][gc] GC(157) Pause Young (Normal) (G1 Evacuation Pause) 236M->184M(287M) 15.914ms
[232.303s][info][gc] GC(158) Pause Young (Normal) (G1 Evacuation Pause) 238M->189M(287M) 14.072ms
[234.151s][info][gc] GC(159) Pause Young (Normal) (G1 Evacuation Pause) 239M->194M(287M) 13.273ms
[235.772s][info][gc] GC(160) Pause Young (Normal) (G1 Evacuation Pause) 240M->199M(287M) 12.694ms
[237.283s][info][gc] GC(161) Pause Young (Concurrent Start) (G1 Evacuation Pause) 242M->203M(287M) 12.692ms
[237.283s][info][gc] GC(162) Concurrent Mark Cycle
[237.367s][info][gc] GC(162) Pause Remark 204M->171M(290M) 6.225ms
[237.471s][info][gc] GC(162) Pause Cleanup 176M->176M(290M) 0.373ms
[237.472s][info][gc] GC(162) Concurrent Mark Cycle 188.477ms
[238.640s][info][gc] GC(163) Pause Young (Prepare Mixed) (G1 Evacuation Pause) 210M->173M(290M) 11.399ms
[238.984s][info][gc] GC(164) Pause Young (Mixed) (G1 Evacuation Pause) 181M->146M(290M) 11.256ms
[239.385s][info][gc] GC(165) Pause Young (Mixed) (G1 Evacuation Pause) 158M->130M(290M) 14.255ms
[239.795s][info][gc] GC(166) Pause Young (Mixed) (G1 Evacuation Pause) 142M->131M(290M) 7.951ms
[243.225s][info][gc] GC(167) Pause Young (Normal) (G1 Evacuation Pause) 231M->142M(290M) 15.787ms
[246.837s][info][gc] GC(168) Pause Young (Normal) (G1 Evacuation Pause) 234M->151M(290M) 21.613ms
[250.070s][info][gc] GC(169) Pause Young (Normal) (G1 Evacuation Pause) 234M->160M(290M) 21.263ms
[253.072s][info][gc] GC(170) Pause Young (Normal) (G1 Evacuation Pause) 236M->167M(290M) 17.718ms
[255.705s][info][gc] GC(171) Pause Young (Normal) (G1 Evacuation Pause) 237M->174M(290M) 17.132ms
[258.136s][info][gc] GC(172) Pause Young (Normal) (G1 Evacuation Pause) 237M->181M(290M) 23.138ms
[260.362s][info][gc] GC(173) Pause Young (Normal) (G1 Evacuation Pause) 240M->187M(290M) 19.120ms
[262.461s][info][gc] GC(174) Pause Young (Normal) (G1 Evacuation Pause) 242M->192M(290M) 13.694ms
[264.314s][info][gc] GC(175) Pause Young (Normal) (G1 Evacuation Pause) 243M->197M(290M) 14.105ms
[265.938s][info][gc] GC(176) Pause Young (Normal) (G1 Evacuation Pause) 243M->202M(290M) 14.591ms
[267.518s][info][gc] GC(177) Pause Young (Normal) (G1 Evacuation Pause) 245M->205M(290M) 12.423ms
[268.890s][info][gc] GC(178) Pause Young (Normal) (G1 Evacuation Pause) 245M->209M(290M) 10.921ms
[270.143s][info][gc] GC(179) Pause Young (Normal) (G1 Evacuation Pause) 246M->213M(290M) 11.050ms
[271.340s][info][gc] GC(180) Pause Young (Normal) (G1 Evacuation Pause) 247M->216M(290M) 10.725ms
[272.403s][info][gc] GC(181) Pause Young (Normal) (G1 Evacuation Pause) 248M->219M(290M) 12.378ms
[273.453s][info][gc] GC(182) Pause Young (Normal) (G1 Evacuation Pause) 249M->221M(290M) 11.077ms
[274.366s][info][gc] GC(183) Pause Young (Normal) (G1 Evacuation Pause) 248M->223M(290M) 9.982ms
[275.270s][info][gc] GC(184) Pause Young (Normal) (G1 Evacuation Pause) 249M->226M(290M) 10.886ms
[276.103s][info][gc] GC(185) Pause Young (Normal) (G1 Evacuation Pause) 250M->228M(290M) 9.204ms
[276.783s][info][gc] GC(186) Pause Young (Normal) (G1 Evacuation Pause) 249M->230M(290M) 8.531ms
[277.505s][info][gc] GC(187) Pause Young (Normal) (G1 Evacuation Pause) 250M->232M(290M) 8.007ms
[278.167s][info][gc] GC(188) Pause Young (Normal) (G1 Evacuation Pause) 251M->234M(290M) 9.132ms
[278.723s][info][gc] GC(189) Pause Young (Normal) (G1 Evacuation Pause) 251M->236M(290M) 7.631ms
[279.231s][info][gc] GC(190) Pause Young (Normal) (G1 Evacuation Pause) 252M->237M(290M) 7.670ms
[279.780s][info][gc] GC(191) Pause Young (Normal) (G1 Evacuation Pause) 252M->239M(290M) 7.307ms
[280.191s][info][gc] GC(192) Pause Young (Normal) (G1 Evacuation Pause) 252M->240M(290M) 7.147ms
[280.603s][info][gc] GC(193) Pause Young (Normal) (G1 Evacuation Pause) 253M->241M(290M) 7.233ms
[281.011s][info][gc] GC(194) Pause Young (Normal) (G1 Evacuation Pause) 253M->243M(290M) 6.633ms
[281.420s][info][gc] GC(195) Pause Young (Normal) (G1 Evacuation Pause) 255M->245M(290M) 6.845ms
[281.831s][info][gc] GC(196) Pause Young (Concurrent Start) (G1 Evacuation Pause) 257M->246M(290M) 9.497ms
[281.831s][info][gc] GC(197) Concurrent Mark Cycle
[281.924s][info][gc] GC(197) Pause Remark 249M->170M(290M) 5.962ms
[282.036s][info][gc] GC(197) Pause Cleanup 174M->174M(290M) 0.327ms
[282.036s][info][gc] GC(197) Concurrent Mark Cycle 205.171ms
[282.241s][info][gc] GC(198) Pause Young (Prepare Mixed) (G1 Evacuation Pause) 179M->169M(290M) 7.019ms
[282.652s][info][gc] GC(199) Pause Young (Mixed) (G1 Evacuation Pause) 181M->143M(290M) 9.328ms
[283.069s][info][gc] GC(200) Pause Young (Mixed) (G1 Evacuation Pause) 155M->125M(290M) 15.009ms
[283.481s][info][gc] GC(201) Pause Young (Mixed) (G1 Evacuation Pause) 137M->124M(290M) 10.084ms
[287.135s][info][gc] GC(202) Pause Young (Normal) (G1 Evacuation Pause) 230M->135M(290M) 15.820ms
[290.921s][info][gc] GC(203) Pause Young (Normal) (G1 Evacuation Pause) 232M->145M(290M) 20.357ms
[294.353s][info][gc] GC(204) Pause Young (Normal) (G1 Evacuation Pause) 232M->154M(290M) 22.751ms
[297.450s][info][gc] GC(205) Pause Young (Normal) (G1 Evacuation Pause) 234M->163M(290M) 20.191ms
[300.279s][info][gc] GC(206) Pause Young (Normal) (G1 Evacuation Pause) 236M->170M(290M) 19.345ms
[302.880s][info][gc] GC(207) Pause Young (Normal) (G1 Evacuation Pause) 237M->177M(290M) 16.603ms
[305.243s][info][gc] GC(208) Pause Young (Normal) (G1 Evacuation Pause) 239M->183M(290M) 15.470ms
[307.403s][info][gc] GC(209) Pause Young (Normal) (G1 Evacuation Pause) 241M->189M(290M) 13.968ms
[309.316s][info][gc] GC(210) Pause Young (Normal) (G1 Evacuation Pause) 241M->194M(290M) 14.729ms
[311.074s][info][gc] GC(211) Pause Young (Normal) (G1 Evacuation Pause) 242M->198M(290M) 13.731ms
[312.693s][info][gc] GC(212) Pause Young (Normal) (G1 Evacuation Pause) 243M->203M(290M) 12.813ms
[314.164s][info][gc] GC(213) Pause Young (Normal) (G1 Evacuation Pause) 245M->207M(290M) 12.442ms
[315.479s][info][gc] GC(214) Pause Young (Normal) (G1 Evacuation Pause) 245M->210M(290M) 10.574ms
[316.714s][info][gc] GC(215) Pause Young (Normal) (G1 Evacuation Pause) 246M->213M(290M) 10.621ms
[317.840s][info][gc] GC(216) Pause Young (Normal) (G1 Evacuation Pause) 246M->216M(290M) 9.960ms
[318.934s][info][gc] GC(217) Pause Young (Normal) (G1 Evacuation Pause) 248M->219M(290M) 10.326ms
[319.975s][info][gc] GC(218) Pause Young (Normal) (G1 Evacuation Pause) 249M->222M(290M) 9.425ms
[320.904s][info][gc] GC(219) Pause Young (Normal) (G1 Evacuation Pause) 249M->224M(290M) 9.513ms
[321.804s][info][gc] GC(220) Pause Young (Normal) (G1 Evacuation Pause) 250M->227M(290M) 9.021ms
[322.592s][info][gc] GC(221) Pause Young (Normal) (G1 Evacuation Pause) 250M->229M(290M) 8.983ms
[323.307s][info][gc] GC(222) Pause Young (Normal) (G1 Evacuation Pause) 250M->231M(290M) 8.177ms
[323.993s][info][gc] GC(223) Pause Young (Normal) (G1 Evacuation Pause) 251M->232M(290M) 7.864ms
[324.634s][info][gc] GC(224) Pause Young (Normal) (G1 Evacuation Pause) 251M->234M(290M) 8.779ms
[325.207s][info][gc] GC(225) Pause Young (Normal) (G1 Evacuation Pause) 251M->236M(290M) 7.472ms
[325.744s][info][gc] GC(226) Pause Young (Normal) (G1 Evacuation Pause) 252M->237M(290M) 7.455ms
[326.234s][info][gc] GC(227) Pause Young (Normal) (G1 Evacuation Pause) 251M->239M(290M) 7.169ms
[326.649s][info][gc] GC(228) Pause Young (Normal) (G1 Evacuation Pause) 252M->240M(290M) 7.097ms
[327.079s][info][gc] GC(229) Pause Young (Normal) (G1 Evacuation Pause) 253M->242M(290M) 7.872ms
[327.500s][info][gc] GC(230) Pause Young (Normal) (G1 Evacuation Pause) 254M->243M(290M) 6.703ms
[327.909s][info][gc] GC(231) Pause Young (Normal) (G1 Evacuation Pause) 255M->245M(290M) 6.720ms
[328.318s][info][gc] GC(232) Pause Young (Normal) (G1 Evacuation Pause) 257M->247M(290M) 6.698ms
[328.727s][info][gc] GC(233) Pause Young (Concurrent Start) (G1 Evacuation Pause) 259M->248M(290M) 7.724ms
[328.728s][info][gc] GC(234) Concurrent Mark Cycle
[328.842s][info][gc] GC(234) Pause Remark 251M->197M(334M) 26.251ms
[328.954s][info][gc] GC(234) Pause Cleanup 202M->202M(334M) 0.354ms
[328.955s][info][gc] GC(234) Concurrent Mark Cycle 227.863ms
[329.163s][info][gc] GC(235) Pause Young (Prepare Mixed) (G1 Evacuation Pause) 208M->196M(334M) 7.396ms
[329.657s][info][gc] GC(236) Pause Young (Mixed) (G1 Evacuation Pause) 210M->164M(334M) 8.539ms
[330.145s][info][gc] GC(237) Pause Young (Mixed) (G1 Evacuation Pause) 178M->137M(334M) 12.509ms
[330.580s][info][gc] GC(238) Pause Young (Mixed) (G1 Evacuation Pause) 151M->127M(334M) 12.137ms
[334.335s][info][gc] GC(239) Pause Young (Normal) (G1 Evacuation Pause) 261M->152M(334M) 24.989ms
[337.974s][info][gc] GC(240) Pause Young (Normal) (G1 Evacuation Pause) 260M->167M(334M) 27.348ms
[340.809s][info][gc] GC(241) Pause Young (Normal) (G1 Evacuation Pause) 265M->182M(334M) 23.984ms
[344.059s][info][gc] GC(242) Pause Young (Normal) (G1 Evacuation Pause) 266M->194M(334M) 22.166ms
[346.892s][info][gc] GC(243) Pause Young (Normal) (G1 Evacuation Pause) 268M->202M(334M) 20.205ms
[349.457s][info][gc] GC(244) Pause Young (Normal) (G1 Evacuation Pause) 271M->211M(334M) 19.771ms
[352.028s][info][gc] GC(245) Pause Young (Normal) (G1 Evacuation Pause) 276M->219M(334M) 17.242ms
[354.256s][info][gc] GC(246) Pause Young (Normal) (G1 Evacuation Pause) 278M->225M(334M) 15.900ms
[356.278s][info][gc] GC(247) Pause Young (Normal) (G1 Evacuation Pause) 279M->230M(334M) 15.196ms
[358.100s][info][gc] GC(248) Pause Young (Normal) (G1 Evacuation Pause) 280M->235M(334M) 14.713ms
[359.253s][info][gc] GC(249) Pause Young (Concurrent Start) (CodeCache GC Threshold) 268M->238M(334M) 14.118ms
[359.254s][info][gc] GC(250) Concurrent Mark Cycle
[359.343s][info][gc] GC(250) Pause Remark 242M->229M(389M) 6.291ms
[359.467s][info][gc] GC(250) Pause Cleanup 231M->231M(389M) 0.315ms
[359.468s][info][gc] GC(250) Concurrent Mark Cycle 214.272ms
[360.684s][info][gc] GC(251) Pause Young (Prepare Mixed) (G1 Evacuation Pause) 265M->229M(389M) 13.402ms
[361.104s][info][gc] GC(252) Pause Young (Mixed) (G1 Evacuation Pause) 242M->192M(389M) 11.002ms
[361.648s][info][gc] GC(253) Pause Young (Mixed) (G1 Evacuation Pause) 208M->161M(389M) 14.988ms
[362.139s][info][gc] GC(254) Pause Young (Mixed) (G1 Evacuation Pause) 177M->138M(389M) 19.146ms
[362.724s][info][gc] GC(255) Pause Young (Mixed) (G1 Evacuation Pause) 154M->138M(389M) 9.375ms
[368.036s][info][gc] GC(256) Pause Young (Normal) (G1 Evacuation Pause) 291M->154M(389M) 23.785ms
[373.903s][info][gc] GC(257) Pause Young (Normal) (G1 Evacuation Pause) 297M->164M(389M) 25.702ms
[379.559s][info][gc] GC(258) Pause Young (Normal) (G1 Evacuation Pause) 302M->173M(389M) 25.508ms
[385.002s][info][gc] GC(259) Pause Young (Normal) (G1 Evacuation Pause) 306M->182M(389M) 26.516ms
[390.209s][info][gc] GC(260) Pause Young (Normal) (G1 Evacuation Pause) 309M->193M(389M) 22.800ms
[395.054s][info][gc] GC(261) Pause Young (Normal) (G1 Evacuation Pause) 312M->203M(389M) 25.803ms
[399.588s][info][gc] GC(262) Pause Young (Normal) (G1 Evacuation Pause) 314M->215M(389M) 24.350ms
[403.672s][info][gc] GC(263) Pause Young (Normal) (G1 Evacuation Pause) 316M->227M(389M) 25.096ms
[407.314s][info][gc] GC(264) Pause Young (Normal) (G1 Evacuation Pause) 319M->236M(389M) 22.414ms
[410.712s][info][gc] GC(265) Pause Young (Normal) (G1 Evacuation Pause) 320M->245M(389M) 21.806ms
[413.776s][info][gc] GC(266) Pause Young (Normal) (G1 Evacuation Pause) 323M->253M(389M) 19.960ms
[416.552s][info][gc] GC(267) Pause Young (Normal) (G1 Evacuation Pause) 324M->260M(389M) 22.546ms
[419.099s][info][gc] GC(268) Pause Young (Normal) (G1 Evacuation Pause) 326M->267M(389M) 22.645ms
[421.420s][info][gc] GC(269) Pause Young (Normal) (G1 Evacuation Pause) 328M->273M(389M) 16.962ms
[423.560s][info][gc] GC(270) Pause Young (Normal) (G1 Evacuation Pause) 330M->279M(389M) 15.583ms
[425.475s][info][gc] GC(271) Pause Young (Normal) (G1 Evacuation Pause) 331M->284M(389M) 13.969ms
[427.221s][info][gc] GC(272) Pause Young (Normal) (G1 Evacuation Pause) 332M->288M(389M) 14.166ms
[428.851s][info][gc] GC(273) Pause Young (Normal) (G1 Evacuation Pause) 333M->292M(389M) 12.367ms
[430.275s][info][gc] GC(274) Pause Young (Normal) (G1 Evacuation Pause) 333M->296M(389M) 14.569ms
[431.603s][info][gc] GC(275) Pause Young (Normal) (G1 Evacuation Pause) 335M->300M(389M) 12.060ms
[432.874s][info][gc] GC(276) Pause Young (Normal) (G1 Evacuation Pause) 336M->303M(389M) 11.827ms
[434.001s][info][gc] GC(277) Pause Young (Normal) (G1 Evacuation Pause) 336M->306M(389M) 11.129ms
[435.051s][info][gc] GC(278) Pause Young (Normal) (G1 Evacuation Pause) 337M->309M(389M) 11.296ms
[436.032s][info][gc] GC(279) Pause Young (Normal) (G1 Evacuation Pause) 338M->311M(389M) 9.866ms
[436.927s][info][gc] GC(280) Pause Young (Normal) (G1 Evacuation Pause) 337M->313M(389M) 9.920ms
[437.787s][info][gc] GC(281) Pause Young (Normal) (G1 Evacuation Pause) 338M->316M(389M) 9.837ms
[438.587s][info][gc] GC(282) Pause Young (Normal) (G1 Evacuation Pause) 339M->318M(389M) 9.720ms
[439.300s][info][gc] GC(283) Pause Young (Normal) (G1 Evacuation Pause) 339M->320M(389M) 8.394ms
[439.922s][info][gc] GC(284) Pause Young (Normal) (G1 Evacuation Pause) 339M->321M(389M) 9.867ms
[440.557s][info][gc] GC(285) Pause Young (Normal) (G1 Evacuation Pause) 339M->323M(389M) 8.047ms
[441.122s][info][gc] GC(286) Pause Young (Normal) (G1 Evacuation Pause) 340M->325M(389M) 7.983ms
[441.690s][info][gc] GC(287) Pause Young (Normal) (G1 Evacuation Pause) 341M->327M(389M) 7.506ms
[442.229s][info][gc] GC(288) Pause Young (Normal) (G1 Evacuation Pause) 343M->328M(389M) 8.261ms
[442.772s][info][gc] GC(289) Pause Young (Normal) (G1 Evacuation Pause) 344M->330M(389M) 7.539ms
[443.319s][info][gc] GC(290) Pause Young (Normal) (G1 Evacuation Pause) 346M->331M(389M) 7.566ms
[443.844s][info][gc] GC(291) Pause Young (Normal) (G1 Evacuation Pause) 347M->333M(389M) 7.909ms
[444.384s][info][gc] GC(292) Pause Young (Normal) (G1 Evacuation Pause) 349M->334M(389M) 7.148ms
[444.932s][info][gc] GC(293) Pause Young (Normal) (G1 Evacuation Pause) 350M->335M(389M) 7.561ms
[445.457s][info][gc] GC(294) Pause Young (Normal) (G1 Evacuation Pause) 351M->337M(389M) 7.452ms
[446.014s][info][gc] GC(295) Pause Young (Normal) (G1 Evacuation Pause) 353M->338M(389M) 7.638ms
[446.547s][info][gc] GC(296) Pause Young (Normal) (G1 Evacuation Pause) 354M->340M(389M) 7.523ms
[447.116s][info][gc] GC(297) Pause Young (Normal) (G1 Evacuation Pause) 356M->341M(389M) 7.271ms
[447.654s][info][gc] GC(298) Pause Young (Concurrent Start) (G1 Evacuation Pause) 357M->343M(389M) 10.055ms
[447.654s][info][gc] GC(299) Concurrent Mark Cycle
[447.746s][info][gc] GC(299) Pause Remark 346M->224M(389M) 6.497ms
[447.864s][info][gc] GC(299) Pause Cleanup 228M->228M(389M) 0.552ms
[447.865s][info][gc] GC(299) Concurrent Mark Cycle 211.185ms
[448.195s][info][gc] GC(300) Pause Young (Prepare Mixed) (G1 Evacuation Pause) 237M->222M(389M) 8.396ms
[448.749s][info][gc] GC(301) Pause Young (Mixed) (G1 Evacuation Pause) 238M->185M(389M) 7.929ms
[449.273s][info][gc] GC(302) Pause Young (Mixed) (G1 Evacuation Pause) 201M->150M(389M) 11.740ms
[449.820s][info][gc] GC(303) Pause Young (Mixed) (G1 Evacuation Pause) 166M->128M(389M) 19.342ms
[455.879s][info][gc] GC(304) Pause Young (Normal) (G1 Evacuation Pause) 302M->146M(389M) 24.954ms
[462.366s][info][gc] GC(305) Pause Young (Normal) (G1 Evacuation Pause) 304M->154M(389M) 26.869ms
[468.667s][info][gc] GC(306) Pause Young (Normal) (G1 Evacuation Pause) 307M->163M(389M) 25.392ms
[474.708s][info][gc] GC(307) Pause Young (Normal) (G1 Evacuation Pause) 309M->172M(389M) 26.424ms
[480.482s][info][gc] GC(308) Pause Young (Normal) (G1 Evacuation Pause) 312M->180M(389M) 26.303ms
[485.972s][info][gc] GC(309) Pause Young (Normal) (G1 Evacuation Pause) 313M->190M(389M) 23.887ms
[491.131s][info][gc] GC(310) Pause Young (Normal) (G1 Evacuation Pause) 315M->199M(389M) 23.165ms
[495.884s][info][gc] GC(311) Pause Young (Normal) (G1 Evacuation Pause) 316M->210M(389M) 25.274ms
[500.292s][info][gc] GC(312) Pause Young (Normal) (G1 Evacuation Pause) 318M->221M(389M) 23.460ms
[504.296s][info][gc] GC(313) Pause Young (Normal) (G1 Evacuation Pause) 319M->232M(389M) 30.369ms
[507.818s][info][gc] GC(314) Pause Young (Normal) (G1 Evacuation Pause) 320M->241M(389M) 19.198ms
[511.025s][info][gc] GC(315) Pause Young (Normal) (G1 Evacuation Pause) 322M->250M(389M) 20.017ms
[513.901s][info][gc] GC(316) Pause Young (Normal) (G1 Evacuation Pause) 325M->255M(389M) 14.456ms
[514.314s][info][gc] GC(317) Pause Young (Concurrent Start) (CodeCache GC Threshold) 304M->258M(389M) 8.026ms
[514.314s][info][gc] GC(318) Concurrent Mark Cycle
[514.322s][info][gc] GC(318) Concurrent Mark Cycle 7.569ms
