[0.007s][info][gc] Using G1
[0.547s][info][gc] GC(0) Pause Young (Normal) (G1 Evacuation Pause) 23M->5M(258M) 6.415ms
[1.281s][info][gc] GC(1) Pause Young (Normal) (G1 Evacuation Pause) 37M->9M(258M) 9.828ms
[1.420s][info][gc] GC(2) Pause Young (Concurrent Start) (Metadata GC Threshold) 60M->18M(258M) 7.759ms
[1.421s][info][gc] GC(3) Concurrent Mark Cycle
[1.433s][info][gc] GC(3) Pause Remark 20M->20M(256M) 1.611ms
[1.438s][info][gc] GC(3) Pause Cleanup 21M->21M(256M) 0.090ms
[1.440s][info][gc] GC(3) Concurrent Mark Cycle 18.864ms
[2.067s][info][gc] GC(4) Pause Young (Concurrent Start) (CodeCache GC Threshold) 84M->28M(256M) 10.864ms
[2.067s][info][gc] GC(5) Concurrent Mark Cycle
[2.081s][info][gc] GC(5) Pause Remark 29M->29M(256M) 2.478ms
[2.086s][info][gc] GC(5) Pause Cleanup 29M->29M(256M) 0.070ms
[2.087s][info][gc] GC(5) Concurrent Mark Cycle 19.575ms
[2.995s][info][gc] GC(6) Pause Young (Concurrent Start) (CodeCache GC Threshold) 145M->47M(256M) 13.364ms
[2.995s][info][gc] GC(7) Concurrent Mark Cycle
[3.027s][info][gc] GC(7) Pause Remark 49M->49M(256M) 3.891ms
[3.042s][info][gc] GC(7) Pause Cleanup 51M->51M(256M) 0.113ms
[3.043s][info][gc] GC(7) Concurrent Mark Cycle 47.299ms
[3.052s][info][gc] GC(8) Pause Young (Concurrent Start) (CodeCache GC Threshold) 51M->49M(256M) 8.859ms
[3.053s][info][gc] GC(9) Concurrent Mark Cycle
[3.080s][info][gc] GC(9) Pause Remark 51M->51M(256M) 2.720ms
[3.102s][info][gc] GC(9) Pause Cleanup 54M->54M(256M) 0.114ms
[3.103s][info][gc] GC(9) Concurrent Mark Cycle 50.152ms
[3.979s][info][gc] GC(10) Pause Young (Prepare Mixed) (G1 Evacuation Pause) 179M->62M(256M) 8.853ms
[3.994s][info][gc] GC(11) Pause Young (Mixed) (G1 Evacuation Pause) 63M->62M(256M) 7.811ms
[4.388s][info][gc] GC(12) Pause Young (Concurrent Start) (CodeCache GC Threshold) 115M->67M(256M) 5.638ms
[4.389s][info][gc] GC(13) Concurrent Mark Cycle
[4.477s][info][gc] GC(13) Pause Remark 72M->72M(256M) 14.360ms
[4.514s][info][gc] GC(13) Pause Cleanup 76M->76M(256M) 0.116ms
[4.515s][info][gc] GC(13) Concurrent Mark Cycle 126.104ms
[5.441s][info][gc] GC(14) Pause Young (Concurrent Start) (CodeCache GC Threshold) 151M->75M(256M) 8.943ms
[5.441s][info][gc] GC(15) Concurrent Mark Cycle
[5.529s][info][gc] GC(15) Pause Remark 79M->79M(256M) 2.947ms
[5.562s][info][gc] GC(15) Pause Cleanup 81M->81M(256M) 0.123ms
[5.563s][info][gc] GC(15) Concurrent Mark Cycle 122.121ms
[7.184s][info][gc] GC(16) Pause Young (Concurrent Start) (CodeCache GC Threshold) 189M->78M(256M) 13.219ms
[7.184s][info][gc] GC(17) Concurrent Mark Cycle
[7.233s][info][gc] GC(17) Pause Remark 80M->80M(256M) 5.171ms
[7.277s][info][gc] GC(17) Pause Cleanup 81M->81M(256M) 0.164ms
[7.278s][info][gc] GC(17) Concurrent Mark Cycle 93.581ms
[7.612s][info][gc] GC(18) Pause Young (Concurrent Start) (CodeCache GC Threshold) 103M->80M(256M) 14.315ms
[7.613s][info][gc] GC(19) Concurrent Mark Cycle
[7.654s][info][gc] GC(19) Pause Remark 82M->72M(256M) 4.331ms
[7.695s][info][gc] GC(19) Pause Cleanup 75M->75M(256M) 0.147ms
[7.696s][info][gc] GC(19) Concurrent Mark Cycle 83.315ms
[30.049s][info][gc] GC(20) Pause Young (Prepare Mixed) (GCLocker Initiated GC) 191M->75M(256M) 11.523ms
[30.065s][info][gc] GC(21) Pause Young (Mixed) (G1 Evacuation Pause) 76M->74M(256M) 9.176ms
[30.515s][info][gc] GC(22) Pause Young (Concurrent Start) (CodeCache GC Threshold) 110M->82M(256M) 10.168ms
[30.515s][info][gc] GC(23) Concurrent Mark Cycle
[30.610s][info][gc] GC(23) Pause Remark 109M->109M(256M) 33.997ms
[30.658s][info][gc] GC(23) Pause Cleanup 114M->114M(256M) 0.165ms
[30.659s][info][gc] GC(23) Concurrent Mark Cycle 144.351ms
[32.240s][info][gc] GC(24) Pause Young (Prepare Mixed) (G1 Evacuation Pause) 193M->129M(256M) 48.756ms
[32.257s][info][gc] GC(25) Pause Young (Mixed) (G1 Evacuation Pause) 130M->132M(256M) 13.306ms
[32.397s][info][gc] GC(26) Pause Young (Concurrent Start) (CodeCache GC Threshold) 152M->133M(256M) 4.743ms
[32.397s][info][gc] GC(27) Concurrent Mark Cycle
[32.544s][info][gc] GC(27) Pause Remark 142M->142M(256M) 36.989ms
[32.664s][info][gc] GC(27) Pause Cleanup 143M->143M(256M) 0.236ms
[32.664s][info][gc] GC(27) Concurrent Mark Cycle 266.834ms
[33.190s][info][gc] GC(28) Pause Young (Concurrent Start) (CodeCache GC Threshold) 149M->141M(256M) 14.940ms
[33.190s][info][gc] GC(29) Concurrent Mark Cycle
[33.286s][info][gc] GC(29) Pause Remark 143M->143M(256M) 5.931ms
[33.399s][info][gc] GC(29) Pause Cleanup 144M->144M(256M) 0.308ms
[33.400s][info][gc] GC(29) Concurrent Mark Cycle 209.469ms
[35.473s][info][gc] GC(30) Pause Young (Prepare Mixed) (G1 Evacuation Pause) 186M->164M(256M) 17.815ms
[35.627s][info][gc] GC(31) Pause Young (Mixed) (G1 Evacuation Pause) 169M->165M(256M) 10.255ms
[39.507s][info][gc] GC(32) Pause Young (Concurrent Start) (G1 Evacuation Pause) 193M->171M(256M) 15.418ms
[39.507s][info][gc] GC(33) Concurrent Mark Cycle
[39.631s][info][gc] GC(33) Pause Remark 172M->172M(292M) 16.668ms
[39.733s][info][gc] GC(33) Pause Cleanup 172M->172M(292M) 0.447ms
[39.734s][info][gc] GC(33) Concurrent Mark Cycle 226.471ms
[43.533s][info][gc] GC(34) Pause Young (Prepare Mixed) (G1 Evacuation Pause) 196M->174M(292M) 12.898ms
[45.500s][info][gc] GC(35) Pause Young (Mixed) (G1 Evacuation Pause) 184M->171M(292M) 14.089ms
[49.565s][info][gc] GC(36) Pause Young (Concurrent Start) (CodeCache GC Threshold) 201M->174M(292M) 12.410ms
[49.565s][info][gc] GC(37) Concurrent Mark Cycle
[49.678s][info][gc] GC(37) Pause Remark 175M->175M(295M) 8.455ms
[49.817s][info][gc] GC(37) Pause Cleanup 175M->175M(295M) 0.374ms
[49.818s][info][gc] GC(37) Concurrent Mark Cycle 252.747ms
[58.519s][info][gc] GC(38) Pause Young (Prepare Mixed) (G1 Evacuation Pause) 222M->179M(295M) 14.671ms
[59.539s][info][gc] GC(39) Pause Young (Mixed) (G1 Evacuation Pause) 186M->174M(295M) 14.728ms
[66.609s][info][gc] GC(40) Pause Young (Concurrent Start) (CodeCache GC Threshold) 221M->179M(295M) 9.104ms
[66.609s][info][gc] GC(41) Concurrent Mark Cycle
[66.729s][info][gc] GC(41) Pause Remark 179M->179M(304M) 10.060ms
[66.850s][info][gc] GC(41) Pause Cleanup 179M->179M(304M) 0.738ms
[66.851s][info][gc] GC(41) Concurrent Mark Cycle 242.433ms
[76.570s][info][gc] GC(42) Pause Young (Prepare Mixed) (G1 Evacuation Pause) 231M->185M(304M) 16.488ms
[77.590s][info][gc] GC(43) Pause Young (Mixed) (G1 Evacuation Pause) 192M->180M(304M) 15.068ms
[87.610s][info][gc] GC(44) Pause Young (Concurrent Start) (G1 Evacuation Pause) 239M->186M(304M) 13.450ms
[87.610s][info][gc] GC(45) Concurrent Mark Cycle
[87.746s][info][gc] GC(45) Pause Remark 189M->189M(319M) 5.860ms
[87.900s][info][gc] GC(45) Pause Cleanup 189M->189M(319M) 0.381ms
[87.901s][info][gc] GC(45) Concurrent Mark Cycle 291.400ms
[97.602s][info][gc] GC(46) Pause Young (Prepare Mixed) (G1 Evacuation Pause) 243M->192M(319M) 18.575ms
[98.643s][info][gc] GC(47) Pause Young (Mixed) (G1 Evacuation Pause) 199M->181M(319M) 22.777ms
[104.573s][info][gc] GC(48) Pause Young (Concurrent Start) (CodeCache GC Threshold) 215M->185M(319M) 11.087ms
[104.573s][info][gc] GC(49) Concurrent Mark Cycle
[104.699s][info][gc] GC(49) Pause Remark 189M->189M(320M) 6.025ms
[104.854s][info][gc] GC(49) Pause Cleanup 189M->189M(320M) 0.610ms
[104.855s][info][gc] GC(49) Concurrent Mark Cycle 281.472ms
[117.611s][info][gc] GC(50) Pause Young (Prepare Mixed) (G1 Evacuation Pause) 256M->192M(320M) 18.568ms
[118.639s][info][gc] GC(51) Pause Young (Mixed) (G1 Evacuation Pause) 198M->181M(320M) 25.928ms
[131.605s][info][gc] GC(52) Pause Young (Concurrent Start) (G1 Evacuation Pause) 257M->190M(320M) 15.932ms
[131.605s][info][gc] GC(53) Concurrent Mark Cycle
[131.751s][info][gc] GC(53) Pause Remark 194M->194M(329M) 31.290ms
[131.901s][info][gc] GC(53) Pause Cleanup 194M->194M(329M) 0.361ms
[131.901s][info][gc] GC(53) Concurrent Mark Cycle 295.870ms
[143.800s][info][gc] GC(54) Pause Young (Prepare Mixed) (G1 Evacuation Pause) 259M->197M(329M) 18.728ms
[145.594s][info][gc] GC(55) Pause Young (Mixed) (G1 Evacuation Pause) 203M->187M(329M) 21.830ms
[158.674s][info][gc] GC(56) Pause Young (Concurrent Start) (G1 Evacuation Pause) 266M->195M(329M) 15.610ms
[158.674s][info][gc] GC(57) Concurrent Mark Cycle
[158.797s][info][gc] GC(57) Pause Remark 199M->199M(337M) 6.210ms
[158.951s][info][gc] GC(57) Pause Cleanup 199M->199M(337M) 0.495ms
[158.951s][info][gc] GC(57) Concurrent Mark Cycle 276.972ms
[171.711s][info][gc] GC(58) Pause Young (Prepare Mixed) (G1 Evacuation Pause) 267M->203M(337M) 21.661ms
[172.729s][info][gc] GC(59) Pause Young (Mixed) (G1 Evacuation Pause) 209M->187M(337M) 26.713ms
[187.650s][info][gc] GC(60) Pause Young (Concurrent Start) (G1 Evacuation Pause) 273M->196M(337M) 17.058ms
[187.650s][info][gc] GC(61) Concurrent Mark Cycle
[187.767s][info][gc] GC(61) Pause Remark 201M->201M(339M) 6.349ms
[187.923s][info][gc] GC(61) Pause Cleanup 201M->201M(339M) 0.426ms
[187.923s][info][gc] GC(61) Concurrent Mark Cycle 273.457ms
[202.653s][info][gc] GC(62) Pause Young (Prepare Mixed) (G1 Evacuation Pause) 275M->205M(339M) 22.721ms
[203.654s][info][gc] GC(63) Pause Young (Mixed) (G1 Evacuation Pause) 210M->189M(339M) 26.635ms
[205.673s][info][gc] GC(64) Pause Young (Mixed) (G1 Evacuation Pause) 203M->191M(339M) 10.297ms
[219.730s][info][gc] GC(65) Pause Young (Concurrent Start) (G1 Evacuation Pause) 276M->201M(339M) 16.260ms
[219.730s][info][gc] GC(66) Concurrent Mark Cycle
[219.843s][info][gc] GC(66) Pause Remark 203M->203M(342M) 6.662ms
[220.000s][info][gc] GC(66) Pause Cleanup 203M->203M(342M) 0.470ms
[220.001s][info][gc] GC(66) Concurrent Mark Cycle 270.244ms
[234.694s][info][gc] GC(67) Pause Young (Prepare Mixed) (G1 Evacuation Pause) 278M->209M(342M) 21.788ms
[235.699s][info][gc] GC(68) Pause Young (Mixed) (G1 Evacuation Pause) 215M->190M(342M) 26.491ms
[237.723s][info][gc] GC(69) Pause Young (Mixed) (G1 Evacuation Pause) 204M->188M(342M) 16.416ms
[252.764s][info][gc] GC(70) Pause Young (Concurrent Start) (G1 Evacuation Pause) 277M->197M(342M) 27.002ms
[252.764s][info][gc] GC(71) Concurrent Mark Cycle
[252.891s][info][gc] GC(71) Pause Remark 200M->200M(342M) 6.552ms
[253.045s][info][gc] GC(71) Pause Cleanup 200M->200M(342M) 0.896ms
[253.045s][info][gc] GC(71) Concurrent Mark Cycle 281.412ms
[268.745s][info][gc] GC(72) Pause Young (Prepare Mixed) (G1 Evacuation Pause) 280M->206M(342M) 25.103ms
[268.944s][info][gc] GC(73) Pause Young (Mixed) (G1 Evacuation Pause) 211M->189M(342M) 28.340ms
[284.722s][info][gc] GC(74) Pause Young (Concurrent Start) (G1 Evacuation Pause) 278M->198M(342M) 17.284ms
[284.722s][info][gc] GC(75) Concurrent Mark Cycle
[284.867s][info][gc] GC(75) Pause Remark 203M->203M(344M) 24.799ms
[285.027s][info][gc] GC(75) Pause Cleanup 203M->203M(344M) 0.633ms
[285.028s][info][gc] GC(75) Concurrent Mark Cycle 305.795ms
[299.812s][info][gc] GC(76) Pause Young (Prepare Mixed) (G1 Evacuation Pause) 280M->207M(344M) 22.981ms
[300.797s][info][gc] GC(77) Pause Young (Mixed) (G1 Evacuation Pause) 212M->190M(344M) 26.651ms
[302.829s][info][gc] GC(78) Pause Young (Mixed) (G1 Evacuation Pause) 204M->194M(344M) 9.291ms
[317.825s][info][gc] GC(79) Pause Young (Concurrent Start) (G1 Evacuation Pause) 281M->202M(344M) 16.308ms
[317.825s][info][gc] GC(80) Concurrent Mark Cycle
[317.943s][info][gc] GC(80) Pause Remark 205M->205M(349M) 8.016ms
[318.105s][info][gc] GC(80) Pause Cleanup 205M->205M(349M) 0.527ms
[318.106s][info][gc] GC(80) Concurrent Mark Cycle 280.913ms
[332.858s][info][gc] GC(81) Pause Young (Prepare Mixed) (G1 Evacuation Pause) 282M->211M(349M) 22.520ms
[333.814s][info][gc] GC(82) Pause Young (Mixed) (G1 Evacuation Pause) 216M->191M(349M) 25.149ms
[335.878s][info][gc] GC(83) Pause Young (Mixed) (G1 Evacuation Pause) 205M->190M(349M) 13.818ms
[351.893s][info][gc] GC(84) Pause Young (Concurrent Start) (G1 Evacuation Pause) 284M->199M(349M) 19.058ms
[351.893s][info][gc] GC(85) Concurrent Mark Cycle
[352.013s][info][gc] GC(85) Pause Remark 201M->201M(349M) 5.596ms
[352.171s][info][gc] GC(85) Pause Cleanup 201M->201M(349M) 0.382ms
[352.172s][info][gc] GC(85) Concurrent Mark Cycle 278.761ms
[367.852s][info][gc] GC(86) Pause Young (Prepare Mixed) (G1 Evacuation Pause) 286M->209M(349M) 23.773ms
[367.901s][info][gc] GC(87) Pause Young (Mixed) (G1 Evacuation Pause) 213M->195M(349M) 27.351ms
[368.926s][info][gc] GC(88) Pause Young (Mixed) (G1 Evacuation Pause) 209M->200M(349M) 13.977ms
[376.953s][info][gc] GC(89) Pause Young (Concurrent Start) (G1 Evacuation Pause) 283M->227M(349M) 35.578ms
[376.953s][info][gc] GC(90) Concurrent Mark Cycle
[377.081s][info][gc] GC(90) Pause Remark 229M->229M(387M) 11.373ms
[377.265s][info][gc] GC(90) Pause Cleanup 229M->229M(387M) 0.887ms
[377.266s][info][gc] GC(90) Concurrent Mark Cycle 312.302ms
[383.126s][info][gc] GC(91) Pause Young (Prepare Mixed) (G1 Evacuation Pause) 277M->239M(387M) 21.091ms
[384.127s][info][gc] GC(92) Pause Young (Mixed) (G1 Evacuation Pause) 250M->224M(387M) 27.991ms
[385.890s][info][gc] GC(93) Pause Young (Mixed) (G1 Evacuation Pause) 240M->225M(387M) 23.206ms
[394.845s][info][gc] GC(94) Pause Young (Concurrent Start) (G1 Evacuation Pause) 301M->239M(387M) 22.348ms
[394.846s][info][gc] GC(95) Concurrent Mark Cycle
[395.008s][info][gc] GC(95) Pause Remark 244M->244M(412M) 8.058ms
[395.197s][info][gc] GC(95) Pause Cleanup 244M->244M(412M) 0.785ms
[395.197s][info][gc] GC(95) Concurrent Mark Cycle 351.716ms
[401.003s][info][gc] GC(96) Pause Young (Prepare Mixed) (G1 Evacuation Pause) 305M->258M(412M) 29.130ms
[402.034s][info][gc] GC(97) Pause Young (Mixed) (G1 Evacuation Pause) 268M->240M(412M) 29.320ms
[404.049s][info][gc] GC(98) Pause Young (Mixed) (G1 Evacuation Pause) 257M->242M(412M) 11.846ms
[412.953s][info][gc] GC(99) Pause Young (Concurrent Start) (G1 Evacuation Pause) 318M->248M(412M) 13.436ms
[412.953s][info][gc] GC(100) Concurrent Mark Cycle
[413.113s][info][gc] GC(100) Pause Remark 251M->251M(424M) 7.177ms
[413.313s][info][gc] GC(100) Pause Cleanup 251M->251M(424M) 0.411ms
[413.313s][info][gc] GC(100) Concurrent Mark Cycle 360.003ms
[422.998s][info][gc] GC(101) Pause Young (Prepare Mixed) (G1 Evacuation Pause) 325M->251M(424M) 14.796ms
[425.042s][info][gc] GC(102) Pause Young (Mixed) (G1 Evacuation Pause) 266M->227M(424M) 23.354ms
[427.078s][info][gc] GC(103) Pause Young (Mixed) (G1 Evacuation Pause) 245M->226M(424M) 11.575ms
[438.088s][info][gc] GC(104) Pause Young (Concurrent Start) (G1 Evacuation Pause) 334M->237M(424M) 17.524ms
[438.089s][info][gc] GC(105) Concurrent Mark Cycle
[438.226s][info][gc] GC(105) Pause Remark 239M->239M(424M) 6.149ms
[438.409s][info][gc] GC(105) Pause Cleanup 239M->239M(424M) 0.483ms
[438.410s][info][gc] GC(105) Concurrent Mark Cycle 321.415ms
[450.905s][info][gc] GC(106) Pause Young (Prepare Mixed) (G1 Evacuation Pause) 336M->241M(424M) 18.518ms
[452.846s][info][gc] GC(107) Pause Young (Mixed) (G1 Evacuation Pause) 255M->219M(424M) 24.652ms
[454.795s][info][gc] GC(108) Pause Young (Mixed) (G1 Evacuation Pause) 237M->215M(424M) 13.411ms
[467.985s][info][gc] GC(109) Pause Young (Concurrent Start) (G1 Evacuation Pause) 337M->219M(424M) 13.840ms
[467.986s][info][gc] GC(110) Concurrent Mark Cycle
[468.146s][info][gc] GC(110) Pause Remark 222M->222M(424M) 32.972ms
[468.296s][info][gc] GC(110) Pause Cleanup 223M->223M(424M) 0.506ms
[468.298s][info][gc] GC(110) Concurrent Mark Cycle 312.013ms
[491.181s][info][gc] GC(111) Pause Young (Prepare Mixed) (G1 Evacuation Pause) 343M->232M(424M) 21.870ms
[492.006s][info][gc] GC(112) Pause Young (Mixed) (G1 Evacuation Pause) 236M->203M(424M) 25.424ms
[494.991s][info][gc] GC(113) Pause Young (Mixed) (G1 Evacuation Pause) 221M->200M(424M) 15.179ms
[517.938s][info][gc] GC(114) Pause Young (Normal) (G1 Evacuation Pause) 338M->218M(424M) 23.137ms
[541.931s][info][gc] GC(115) Pause Young (Concurrent Start) (G1 Evacuation Pause) 339M->233M(424M) 33.394ms
[541.931s][info][gc] GC(116) Concurrent Mark Cycle
[542.046s][info][gc] GC(116) Pause Remark 237M->235M(424M) 5.791ms
[542.224s][info][gc] GC(116) Pause Cleanup 237M->237M(424M) 0.808ms
[542.225s][info][gc] GC(116) Concurrent Mark Cycle 293.152ms
[563.242s][info][gc] GC(117) Pause Young (Prepare Mixed) (G1 Evacuation Pause) 341M->244M(424M) 28.442ms
[564.096s][info][gc] GC(118) Pause Young (Mixed) (G1 Evacuation Pause) 249M->217M(424M) 26.717ms
[567.071s][info][gc] GC(119) Pause Young (Mixed) (G1 Evacuation Pause) 235M->215M(424M) 15.038ms
[588.276s][info][gc] GC(120) Pause Young (Concurrent Start) (G1 Evacuation Pause) 337M->226M(424M) 17.954ms
[588.276s][info][gc] GC(121) Concurrent Mark Cycle
[588.397s][info][gc] GC(121) Pause Remark 226M->226M(424M) 5.555ms
[588.558s][info][gc] GC(121) Pause Cleanup 226M->226M(424M) 0.389ms
[588.558s][info][gc] GC(121) Concurrent Mark Cycle 282.677ms
[589.839s][info][gc] GC(122) Pause Young (Concurrent Start) (CodeCache GC Threshold) 239M->225M(424M) 13.211ms
[589.839s][info][gc] GC(123) Concurrent Mark Cycle
[590.077s][info][gc] GC(123) Pause Remark 257M->257M(432M) 5.990ms
[590.404s][info][gc] GC(124) Pause Young (Normal) (G1 Evacuation Pause) 335M->240M(432M) 16.418ms
[590.426s][info][gc] GC(123) Concurrent Mark Cycle 586.846ms
