[2024-06-29T08:12:58.053-0600][0.002s][trace][gc] MarkStackSize: 4096k  MarkStackSizeMax: 524288k
[2024-06-29T08:12:58.056-0600][0.006s][info ][gc] Using G1
[2024-06-29T08:12:58.057-0600][0.007s][debug][gc] ConcGCThreads: 1 offset 6
[2024-06-29T08:12:58.057-0600][0.007s][debug][gc] ParallelGCThreads: 3
[2024-06-29T08:12:58.057-0600][0.007s][debug][gc] Initialize mark stack with 4096 chunks, maximum 524288
[2024-06-29T08:12:59.297-0600][1.247s][info ][gc] GC(0) Pause Young (Normal) (G1 Evacuation Pause) 97M->9M(2064M) 13.010ms
[2024-06-29T08:12:59.588-0600][1.537s][info ][gc] GC(1) Pause Young (Normal) (G1 Evacuation Pause) 89M->11M(2064M) 12.978ms
[2024-06-29T08:12:59.824-0600][1.773s][info ][gc] GC(2) Pause Young (Normal) (G1 Evacuation Pause) 91M->11M(2064M) 3.237ms
[2024-06-29T08:13:00.103-0600][2.052s][info ][gc] GC(3) Pause Young (Normal) (G1 Evacuation Pause) 91M->11M(2064M) 2.597ms
[2024-06-29T08:13:00.773-0600][2.722s][info ][gc] GC(4) Pause Young (Concurrent Start) (Metadata GC Threshold) 59M->14M(2064M) 5.924ms
[2024-06-29T08:13:00.773-0600][2.722s][info ][gc] GC(5) Concurrent Mark Cycle
[2024-06-29T08:13:00.798-0600][2.747s][info ][gc] GC(5) Pause Remark 17M->17M(224M) 4.365ms
[2024-06-29T08:13:00.808-0600][2.757s][info ][gc] GC(5) Pause Cleanup 17M->17M(224M) 0.085ms
[2024-06-29T08:13:00.810-0600][2.760s][info ][gc] GC(5) Concurrent Mark Cycle 37.664ms
[2024-06-29T08:13:02.404-0600][4.354s][info ][gc] GC(6) Pause Young (Prepare Mixed) (G1 Evacuation Pause) 126M->20M(224M) 24.222ms
[2024-06-29T08:13:02.652-0600][4.601s][info ][gc] GC(7) Pause Young (Mixed) (Metadata GC Threshold) 35M->21M(224M) 27.751ms
[2024-06-29T08:13:02.676-0600][4.625s][info ][gc] GC(8) Pause Young (Concurrent Start) (Metadata GC Threshold) 25M->20M(1136M) 9.884ms
[2024-06-29T08:13:02.676-0600][4.625s][info ][gc] GC(9) Concurrent Mark Cycle
[2024-06-29T08:13:02.712-0600][4.661s][info ][gc] GC(9) Pause Remark 25M->25M(224M) 6.713ms
[2024-06-29T08:13:02.719-0600][4.668s][info ][gc] GC(9) Pause Cleanup 26M->26M(224M) 0.066ms
[2024-06-29T08:13:02.719-0600][4.669s][info ][gc] GC(9) Concurrent Mark Cycle 43.712ms
[2024-06-29T08:13:58.475-0600][60.424s][info ][gc] GC(10) Pause Young (Prepare Mixed) (G1 Evacuation Pause) 132M->37M(224M) 13.482ms
[2024-06-29T08:13:59.947-0600][61.896s][info ][gc] GC(11) Pause Young (Mixed) (G1 Evacuation Pause) 133M->79M(224M) 36.159ms
[2024-06-29T08:13:59.998-0600][61.948s][info ][gc] GC(12) Pause Young (Normal) (G1 Evacuation Pause) 95M->85M(224M) 6.807ms
[2024-06-29T08:14:02.671-0600][64.621s][info ][gc] GC(13) Pause Young (Normal) (G1 Evacuation Pause) 149M->90M(224M) 8.921ms
[2024-06-29T08:14:05.881-0600][67.830s][info ][gc] GC(14) Pause Young (Normal) (G1 Evacuation Pause) 154M->89M(224M) 8.848ms
[2024-06-29T08:14:09.405-0600][71.354s][info ][gc] GC(15) Pause Young (Normal) (G1 Evacuation Pause) 153M->91M(224M) 12.992ms
[2024-06-29T08:14:13.041-0600][74.991s][info ][gc] GC(16) Pause Young (Normal) (G1 Evacuation Pause) 155M->89M(224M) 12.052ms
[2024-06-29T08:14:17.664-0600][79.613s][info ][gc] GC(17) Pause Young (Normal) (G1 Evacuation Pause) 169M->89M(224M) 10.966ms
[2024-06-29T08:14:22.296-0600][84.246s][info ][gc] GC(18) Pause Young (Normal) (G1 Evacuation Pause) 169M->90M(224M) 15.852ms
[2024-06-29T08:14:27.002-0600][88.951s][info ][gc] GC(19) Pause Young (Normal) (G1 Evacuation Pause) 170M->90M(224M) 14.665ms
[2024-06-29T08:14:31.683-0600][93.632s][info ][gc] GC(20) Pause Young (Normal) (G1 Evacuation Pause) 170M->90M(224M) 18.700ms
[2024-06-29T08:14:36.313-0600][98.263s][info ][gc] GC(21) Pause Young (Normal) (G1 Evacuation Pause) 170M->90M(224M) 14.184ms
[2024-06-29T08:14:40.940-0600][102.889s][info ][gc] GC(22) Pause Young (Normal) (G1 Evacuation Pause) 170M->89M(224M) 15.604ms
[2024-06-29T08:14:45.535-0600][107.485s][info ][gc] GC(23) Pause Young (Normal) (G1 Evacuation Pause) 169M->90M(224M) 19.826ms
[2024-06-29T08:14:50.101-0600][112.050s][info ][gc] GC(24) Pause Young (Normal) (G1 Evacuation Pause) 170M->90M(224M) 14.063ms
[2024-06-29T08:14:54.600-0600][116.549s][info ][gc] GC(25) Pause Young (Normal) (G1 Evacuation Pause) 170M->89M(224M) 15.299ms
[2024-06-29T08:14:59.208-0600][121.157s][info ][gc] GC(26) Pause Young (Normal) (G1 Evacuation Pause) 169M->90M(224M) 18.753ms
[2024-06-29T08:15:03.806-0600][125.755s][info ][gc] GC(27) Pause Young (Normal) (G1 Evacuation Pause) 170M->90M(224M) 13.902ms
[2024-06-29T08:15:08.364-0600][130.314s][info ][gc] GC(28) Pause Young (Normal) (G1 Evacuation Pause) 170M->90M(224M) 16.088ms
[2024-06-29T08:15:12.860-0600][134.809s][info ][gc] GC(29) Pause Young (Normal) (G1 Evacuation Pause) 170M->90M(224M) 10.243ms
[2024-06-29T08:15:17.458-0600][139.407s][info ][gc] GC(30) Pause Young (Normal) (G1 Evacuation Pause) 170M->89M(224M) 10.323ms
[2024-06-29T08:15:22.057-0600][144.007s][info ][gc] GC(31) Pause Young (Normal) (G1 Evacuation Pause) 169M->89M(224M) 10.145ms
[2024-06-29T08:15:26.596-0600][148.545s][info ][gc] GC(32) Pause Young (Normal) (G1 Evacuation Pause) 169M->89M(224M) 10.909ms
[2024-06-29T08:15:31.104-0600][153.053s][info ][gc] GC(33) Pause Young (Normal) (G1 Evacuation Pause) 169M->89M(224M) 11.784ms
[2024-06-29T08:15:35.704-0600][157.653s][info ][gc] GC(34) Pause Young (Normal) (G1 Evacuation Pause) 169M->89M(224M) 9.462ms
[2024-06-29T08:15:40.267-0600][162.217s][info ][gc] GC(35) Pause Young (Normal) (G1 Evacuation Pause) 169M->89M(224M) 9.434ms
[2024-06-29T08:15:44.776-0600][166.726s][info ][gc] GC(36) Pause Young (Normal) (G1 Evacuation Pause) 169M->89M(224M) 9.174ms
[2024-06-29T08:15:49.352-0600][171.301s][info ][gc] GC(37) Pause Young (Normal) (G1 Evacuation Pause) 169M->89M(224M) 12.902ms
[2024-06-29T08:15:53.941-0600][175.891s][info ][gc] GC(38) Pause Young (Normal) (G1 Evacuation Pause) 169M->89M(224M) 9.416ms
[2024-06-29T08:15:58.489-0600][180.439s][info ][gc] GC(39) Pause Young (Normal) (G1 Evacuation Pause) 169M->89M(224M) 14.985ms
[2024-06-29T08:16:02.996-0600][184.946s][info ][gc] GC(40) Pause Young (Normal) (G1 Evacuation Pause) 169M->89M(224M) 9.232ms
[2024-06-29T08:16:07.583-0600][189.533s][info ][gc] GC(41) Pause Young (Normal) (G1 Evacuation Pause) 169M->89M(224M) 9.469ms
[2024-06-29T08:16:12.150-0600][194.100s][info ][gc] GC(42) Pause Young (Normal) (G1 Evacuation Pause) 169M->89M(224M) 11.563ms
[2024-06-29T08:16:16.658-0600][198.607s][info ][gc] GC(43) Pause Young (Normal) (G1 Evacuation Pause) 169M->89M(224M) 9.098ms
[2024-06-29T08:16:21.228-0600][203.177s][info ][gc] GC(44) Pause Young (Normal) (G1 Evacuation Pause) 169M->89M(224M) 9.250ms
[2024-06-29T08:16:25.823-0600][207.772s][info ][gc] GC(45) Pause Young (Normal) (G1 Evacuation Pause) 169M->89M(224M) 11.586ms
[2024-06-29T08:16:30.368-0600][212.317s][info ][gc] GC(46) Pause Young (Normal) (G1 Evacuation Pause) 169M->89M(224M) 9.228ms
[2024-06-29T08:16:34.878-0600][216.827s][info ][gc] GC(47) Pause Young (Normal) (G1 Evacuation Pause) 169M->89M(224M) 9.278ms
[2024-06-29T08:16:39.473-0600][221.423s][info ][gc] GC(48) Pause Young (Normal) (G1 Evacuation Pause) 169M->89M(224M) 11.341ms
[2024-06-29T08:16:44.032-0600][225.982s][info ][gc] GC(49) Pause Young (Normal) (G1 Evacuation Pause) 169M->89M(224M) 9.333ms
[2024-06-29T08:16:48.572-0600][230.522s][info ][gc] GC(50) Pause Young (Normal) (G1 Evacuation Pause) 169M->89M(224M) 9.167ms
[2024-06-29T08:16:53.118-0600][235.068s][info ][gc] GC(51) Pause Young (Normal) (G1 Evacuation Pause) 169M->89M(224M) 10.421ms
[2024-06-29T08:16:57.704-0600][239.653s][info ][gc] GC(52) Pause Young (Normal) (G1 Evacuation Pause) 169M->89M(224M) 9.792ms
[2024-06-29T08:17:02.250-0600][244.199s][info ][gc] GC(53) Pause Young (Normal) (G1 Evacuation Pause) 169M->89M(224M) 9.592ms
[2024-06-29T08:17:06.763-0600][248.713s][info ][gc] GC(54) Pause Young (Normal) (G1 Evacuation Pause) 169M->89M(224M) 9.464ms
[2024-06-29T08:17:11.355-0600][253.304s][info ][gc] GC(55) Pause Young (Normal) (G1 Evacuation Pause) 169M->89M(224M) 12.204ms
[2024-06-29T08:17:15.913-0600][257.862s][info ][gc] GC(56) Pause Young (Normal) (G1 Evacuation Pause) 169M->89M(224M) 9.636ms
[2024-06-29T08:17:20.451-0600][262.401s][info ][gc] GC(57) Pause Young (Normal) (G1 Evacuation Pause) 169M->89M(224M) 9.209ms
[2024-06-29T08:17:24.999-0600][266.949s][info ][gc] GC(58) Pause Young (Normal) (G1 Evacuation Pause) 169M->89M(224M) 10.334ms
[2024-06-29T08:17:29.574-0600][271.523s][info ][gc] GC(59) Pause Young (Normal) (G1 Evacuation Pause) 169M->89M(224M) 9.402ms
[2024-06-29T08:17:34.122-0600][276.072s][info ][gc] GC(60) Pause Young (Normal) (G1 Evacuation Pause) 169M->89M(224M) 12.277ms
[2024-06-29T08:17:38.643-0600][280.593s][info ][gc] GC(61) Pause Young (Normal) (G1 Evacuation Pause) 169M->89M(224M) 9.378ms
[2024-06-29T08:17:43.221-0600][285.170s][info ][gc] GC(62) Pause Young (Normal) (G1 Evacuation Pause) 169M->89M(224M) 9.419ms
[2024-06-29T08:17:47.769-0600][289.719s][info ][gc] GC(63) Pause Young (Normal) (G1 Evacuation Pause) 169M->89M(224M) 11.996ms
[2024-06-29T08:17:52.310-0600][294.260s][info ][gc] GC(64) Pause Young (Normal) (G1 Evacuation Pause) 169M->89M(224M) 9.073ms
[2024-06-29T08:17:56.881-0600][298.831s][info ][gc] GC(65) Pause Young (Normal) (G1 Evacuation Pause) 169M->89M(224M) 13.508ms
[2024-06-29T08:18:01.442-0600][303.392s][info ][gc] GC(66) Pause Young (Normal) (G1 Evacuation Pause) 169M->89M(224M) 9.356ms
[2024-06-29T08:18:06.002-0600][307.952s][info ][gc] GC(67) Pause Young (Normal) (G1 Evacuation Pause) 169M->89M(224M) 9.863ms
[2024-06-29T08:18:10.529-0600][312.479s][info ][gc] GC(68) Pause Young (Normal) (G1 Evacuation Pause) 169M->89M(224M) 13.695ms
[2024-06-29T08:18:15.087-0600][317.036s][info ][gc] GC(69) Pause Young (Normal) (G1 Evacuation Pause) 169M->89M(224M) 10.797ms
[2024-06-29T08:18:19.645-0600][321.595s][info ][gc] GC(70) Pause Young (Normal) (G1 Evacuation Pause) 169M->89M(224M) 10.031ms
[2024-06-29T08:18:24.190-0600][326.140s][info ][gc] GC(71) Pause Young (Normal) (G1 Evacuation Pause) 169M->89M(224M) 10.549ms
[2024-06-29T08:18:28.744-0600][330.693s][info ][gc] GC(72) Pause Young (Normal) (G1 Evacuation Pause) 169M->89M(224M) 9.495ms
[2024-06-29T08:18:33.296-0600][335.246s][info ][gc] GC(73) Pause Young (Normal) (G1 Evacuation Pause) 169M->89M(224M) 13.627ms
[2024-06-29T08:18:37.843-0600][339.792s][info ][gc] GC(74) Pause Young (Normal) (G1 Evacuation Pause) 169M->89M(224M) 18.441ms
[2024-06-29T08:18:42.411-0600][344.360s][info ][gc] GC(75) Pause Young (Normal) (G1 Evacuation Pause) 169M->90M(224M) 11.485ms
[2024-06-29T08:18:46.966-0600][348.915s][info ][gc] GC(76) Pause Young (Normal) (G1 Evacuation Pause) 170M->89M(224M) 9.344ms
[2024-06-29T08:18:51.515-0600][353.464s][info ][gc] GC(77) Pause Young (Normal) (G1 Evacuation Pause) 169M->89M(224M) 9.358ms
[2024-06-29T08:18:56.053-0600][358.003s][info ][gc] GC(78) Pause Young (Normal) (G1 Evacuation Pause) 169M->89M(224M) 9.512ms
[2024-06-29T08:18:59.444-0600][361.394s][info ][gc] GC(79) Pause Young (Normal) (G1 Evacuation Pause) 169M->106M(224M) 13.512ms
[2024-06-29T08:19:00.777-0600][362.726s][info ][gc] GC(80) Pause Young (Concurrent Start) (G1 Evacuation Pause) 170M->146M(240M) 33.637ms
[2024-06-29T08:19:00.777-0600][362.726s][info ][gc] GC(81) Concurrent Mark Cycle
[2024-06-29T08:19:00.877-0600][362.827s][info ][gc] GC(81) Pause Remark 150M->150M(304M) 20.638ms
[2024-06-29T08:19:00.912-0600][362.861s][info ][gc] GC(81) Pause Cleanup 151M->151M(304M) 0.096ms
[2024-06-29T08:19:00.913-0600][362.863s][info ][gc] GC(81) Concurrent Mark Cycle 136.512ms
[2024-06-29T08:19:02.307-0600][364.257s][info ][gc] GC(82) Pause Young (Prepare Mixed) (G1 Evacuation Pause) 178M->150M(304M) 20.003ms
[2024-06-29T08:19:05.487-0600][367.436s][info ][gc] GC(83) Pause Young (Mixed) (G1 Evacuation Pause) 214M->149M(304M) 56.375ms
[2024-06-29T08:19:08.915-0600][370.865s][info ][gc] GC(84) Pause Young (Concurrent Start) (G1 Evacuation Pause) 213M->149M(304M) 10.174ms
[2024-06-29T08:19:08.916-0600][370.865s][info ][gc] GC(85) Concurrent Mark Cycle
[2024-06-29T08:19:09.036-0600][370.985s][info ][gc] GC(85) Pause Remark 150M->150M(320M) 27.070ms
[2024-06-29T08:19:09.071-0600][371.021s][info ][gc] GC(85) Pause Cleanup 151M->151M(320M) 0.106ms
[2024-06-29T08:19:09.072-0600][371.021s][info ][gc] GC(85) Concurrent Mark Cycle 156.097ms
[2024-06-29T08:19:12.466-0600][374.415s][info ][gc] GC(86) Pause Young (Prepare Mixed) (G1 Evacuation Pause) 213M->149M(320M) 12.783ms
[2024-06-29T08:19:17.738-0600][379.688s][info ][gc] GC(87) Pause Young (Mixed) (G1 Evacuation Pause) 245M->145M(320M) 13.859ms
[2024-06-29T08:19:23.245-0600][385.195s][info ][gc] GC(88) Pause Young (Concurrent Start) (G1 Evacuation Pause) 241M->145M(320M) 11.409ms
[2024-06-29T08:19:23.245-0600][385.195s][info ][gc] GC(89) Concurrent Mark Cycle
[2024-06-29T08:19:23.347-0600][385.297s][info ][gc] GC(89) Pause Remark 148M->148M(320M) 8.466ms
[2024-06-29T08:19:23.379-0600][385.329s][info ][gc] GC(89) Pause Cleanup 150M->150M(320M) 0.110ms
[2024-06-29T08:19:23.380-0600][385.329s][info ][gc] GC(89) Concurrent Mark Cycle 134.466ms
[2024-06-29T08:19:29.699-0600][391.648s][info ][gc] GC(90) Pause Young (Prepare Mixed) (G1 Evacuation Pause) 257M->145M(320M) 12.204ms
[2024-06-29T08:19:36.186-0600][398.135s][info ][gc] GC(91) Pause Young (Mixed) (G1 Evacuation Pause) 257M->141M(320M) 25.189ms
[2024-06-29T08:19:43.622-0600][405.571s][info ][gc] GC(92) Pause Young (Concurrent Start) (G1 Evacuation Pause) 269M->141M(320M) 13.007ms
[2024-06-29T08:19:43.622-0600][405.572s][info ][gc] GC(93) Concurrent Mark Cycle
[2024-06-29T08:19:43.688-0600][405.638s][info ][gc] GC(93) Pause Remark 142M->142M(320M) 7.401ms
[2024-06-29T08:19:43.722-0600][405.672s][info ][gc] GC(93) Pause Cleanup 142M->142M(320M) 0.091ms
[2024-06-29T08:19:43.723-0600][405.672s][info ][gc] GC(93) Concurrent Mark Cycle 100.547ms
[2024-06-29T08:19:51.164-0600][413.114s][info ][gc] GC(94) Pause Young (Prepare Mixed) (G1 Evacuation Pause) 269M->141M(320M) 14.385ms
[2024-06-29T08:19:58.658-0600][420.608s][info ][gc] GC(95) Pause Young (Mixed) (G1 Evacuation Pause) 269M->138M(320M) 19.798ms
[2024-06-29T08:20:06.194-0600][428.144s][info ][gc] GC(96) Pause Young (Concurrent Start) (G1 Evacuation Pause) 266M->138M(320M) 13.467ms
[2024-06-29T08:20:06.195-0600][428.144s][info ][gc] GC(97) Concurrent Mark Cycle
[2024-06-29T08:20:06.265-0600][428.215s][info ][gc] GC(97) Pause Remark 140M->140M(320M) 8.842ms
[2024-06-29T08:20:06.296-0600][428.246s][info ][gc] GC(97) Pause Cleanup 142M->142M(320M) 0.119ms
[2024-06-29T08:20:06.297-0600][428.247s][info ][gc] GC(97) Concurrent Mark Cycle 102.502ms
[2024-06-29T08:20:13.707-0600][435.657s][info ][gc] GC(98) Pause Young (Prepare Mixed) (G1 Evacuation Pause) 266M->138M(320M) 12.712ms
[2024-06-29T08:20:21.276-0600][443.225s][info ][gc] GC(99) Pause Young (Mixed) (G1 Evacuation Pause) 266M->136M(320M) 44.775ms
[2024-06-29T08:20:28.720-0600][450.669s][info ][gc] GC(100) Pause Young (Concurrent Start) (G1 Evacuation Pause) 264M->136M(320M) 15.561ms
[2024-06-29T08:20:28.720-0600][450.669s][info ][gc] GC(101) Concurrent Mark Cycle
[2024-06-29T08:20:28.814-0600][450.764s][info ][gc] GC(101) Pause Remark 138M->138M(320M) 7.562ms
[2024-06-29T08:20:28.839-0600][450.788s][info ][gc] GC(101) Pause Cleanup 139M->139M(320M) 0.104ms
[2024-06-29T08:20:28.839-0600][450.789s][info ][gc] GC(101) Concurrent Mark Cycle 119.591ms
[2024-06-29T08:20:36.214-0600][458.163s][info ][gc] GC(102) Pause Young (Normal) (G1 Evacuation Pause) 264M->136M(320M) 18.554ms
[2024-06-29T08:20:43.744-0600][465.694s][info ][gc] GC(103) Pause Young (Concurrent Start) (G1 Evacuation Pause) 264M->136M(320M) 12.142ms
[2024-06-29T08:20:43.744-0600][465.694s][info ][gc] GC(104) Concurrent Mark Cycle
[2024-06-29T08:20:43.853-0600][465.802s][info ][gc] GC(104) Pause Remark 139M->139M(320M) 45.406ms
[2024-06-29T08:20:43.906-0600][465.855s][info ][gc] GC(104) Pause Cleanup 140M->140M(320M) 0.154ms
[2024-06-29T08:20:43.907-0600][465.856s][info ][gc] GC(104) Concurrent Mark Cycle 162.591ms
[2024-06-29T08:20:51.207-0600][473.156s][info ][gc] GC(105) Pause Young (Normal) (G1 Evacuation Pause) 264M->136M(320M) 13.066ms
[2024-06-29T08:20:58.777-0600][480.726s][info ][gc] GC(106) Pause Young (Concurrent Start) (G1 Evacuation Pause) 264M->136M(320M) 16.814ms
[2024-06-29T08:20:58.777-0600][480.726s][info ][gc] GC(107) Concurrent Mark Cycle
[2024-06-29T08:20:58.846-0600][480.795s][info ][gc] GC(107) Pause Remark 140M->140M(320M) 2.675ms
[2024-06-29T08:20:58.868-0600][480.817s][info ][gc] GC(107) Pause Cleanup 140M->140M(320M) 0.094ms
[2024-06-29T08:20:58.868-0600][480.818s][info ][gc] GC(107) Concurrent Mark Cycle 91.741ms
[2024-06-29T08:21:06.217-0600][488.167s][info ][gc] GC(108) Pause Young (Normal) (G1 Evacuation Pause) 264M->136M(320M) 12.085ms
[2024-06-29T08:21:13.740-0600][495.689s][info ][gc] GC(109) Pause Young (Concurrent Start) (G1 Evacuation Pause) 264M->136M(320M) 14.854ms
[2024-06-29T08:21:13.740-0600][495.689s][info ][gc] GC(110) Concurrent Mark Cycle
[2024-06-29T08:21:13.804-0600][495.753s][info ][gc] GC(110) Pause Remark 138M->138M(320M) 2.122ms
[2024-06-29T08:21:13.830-0600][495.779s][info ][gc] GC(110) Pause Cleanup 139M->139M(320M) 0.144ms
[2024-06-29T08:21:13.831-0600][495.780s][info ][gc] GC(110) Concurrent Mark Cycle 90.472ms
[2024-06-29T08:21:21.244-0600][503.194s][info ][gc] GC(111) Pause Young (Normal) (G1 Evacuation Pause) 264M->136M(320M) 12.550ms
[2024-06-29T08:21:28.687-0600][510.637s][info ][gc] GC(112) Pause Young (Concurrent Start) (G1 Evacuation Pause) 264M->136M(320M) 11.283ms
[2024-06-29T08:21:28.688-0600][510.637s][info ][gc] GC(113) Concurrent Mark Cycle
[2024-06-29T08:21:28.749-0600][510.699s][info ][gc] GC(113) Pause Remark 138M->138M(320M) 2.145ms
[2024-06-29T08:21:28.771-0600][510.721s][info ][gc] GC(113) Pause Cleanup 138M->138M(320M) 0.094ms
[2024-06-29T08:21:28.772-0600][510.722s][info ][gc] GC(113) Concurrent Mark Cycle 84.445ms
[2024-06-29T08:21:36.209-0600][518.159s][info ][gc] GC(114) Pause Young (Normal) (G1 Evacuation Pause) 264M->136M(320M) 11.684ms
[2024-06-29T08:21:43.713-0600][525.663s][info ][gc] GC(115) Pause Young (Concurrent Start) (G1 Evacuation Pause) 264M->137M(320M) 14.126ms
[2024-06-29T08:21:43.713-0600][525.663s][info ][gc] GC(116) Concurrent Mark Cycle
[2024-06-29T08:21:43.803-0600][525.753s][info ][gc] GC(116) Pause Remark 139M->139M(320M) 3.263ms
[2024-06-29T08:21:43.827-0600][525.776s][info ][gc] GC(116) Pause Cleanup 139M->139M(320M) 0.102ms
[2024-06-29T08:21:43.828-0600][525.778s][info ][gc] GC(116) Concurrent Mark Cycle 114.898ms
[2024-06-29T08:21:51.156-0600][533.106s][info ][gc] GC(117) Pause Young (Normal) (G1 Evacuation Pause) 265M->137M(320M) 14.855ms
[2024-06-29T08:21:58.730-0600][540.679s][info ][gc] GC(118) Pause Young (Concurrent Start) (G1 Evacuation Pause) 265M->136M(320M) 15.622ms
[2024-06-29T08:21:58.730-0600][540.680s][info ][gc] GC(119) Concurrent Mark Cycle
[2024-06-29T08:21:58.835-0600][540.784s][info ][gc] GC(119) Pause Remark 140M->140M(320M) 3.637ms
[2024-06-29T08:21:58.860-0600][540.810s][info ][gc] GC(119) Pause Cleanup 141M->141M(320M) 0.104ms
[2024-06-29T08:21:58.861-0600][540.811s][info ][gc] GC(119) Concurrent Mark Cycle 131.139ms
