[0.006s][info][gc] Using G1
[0.516s][info][gc] GC(0) Pause Young (Normal) (G1 Evacuation Pause) 23M->5M(258M) 7.049ms
[1.268s][info][gc] GC(1) Pause Young (Normal) (G1 Evacuation Pause) 37M->9M(258M) 9.043ms
[1.434s][info][gc] GC(2) Pause Young (Concurrent Start) (GCLocker Initiated GC) 62M->19M(258M) 7.849ms
[1.434s][info][gc] GC(3) Concurrent Mark Cycle
[1.445s][info][gc] GC(3) Pause Remark 21M->21M(256M) 1.856ms
[1.447s][info][gc] GC(3) Pause Cleanup 22M->22M(256M) 0.076ms
[1.449s][info][gc] GC(3) Concurrent Mark Cycle 14.858ms
[2.144s][info][gc] GC(4) Pause Young (Concurrent Start) (CodeCache GC Threshold) 88M->29M(256M) 16.214ms
[2.144s][info][gc] GC(5) Concurrent Mark Cycle
[2.165s][info][gc] GC(5) Pause Remark 30M->30M(256M) 3.130ms
[2.173s][info][gc] GC(5) Pause Cleanup 31M->31M(256M) 0.100ms
[2.174s][info][gc] GC(5) Concurrent Mark Cycle 29.772ms
[2.918s][info][gc] GC(6) Pause Young (Concurrent Start) (CodeCache GC Threshold) 139M->46M(256M) 12.319ms
[2.918s][info][gc] GC(7) Concurrent Mark Cycle
[2.945s][info][gc] GC(7) Pause Remark 49M->49M(256M) 3.728ms
[2.960s][info][gc] GC(7) Pause Cleanup 51M->51M(256M) 0.114ms
[2.960s][info][gc] GC(7) Concurrent Mark Cycle 42.756ms
[2.972s][info][gc] GC(8) Pause Young (Concurrent Start) (CodeCache GC Threshold) 51M->48M(256M) 8.889ms
[2.973s][info][gc] GC(9) Concurrent Mark Cycle
[3.006s][info][gc] GC(9) Pause Remark 52M->52M(256M) 2.354ms
[3.028s][info][gc] GC(9) Pause Cleanup 55M->55M(256M) 0.100ms
[3.028s][info][gc] GC(9) Concurrent Mark Cycle 55.807ms
[3.836s][info][gc] GC(10) Pause Young (Prepare Mixed) (G1 Evacuation Pause) 182M->61M(256M) 9.784ms
[3.849s][info][gc] GC(11) Pause Young (Mixed) (G1 Evacuation Pause) 62M->62M(256M) 7.793ms
[4.253s][info][gc] GC(12) Pause Young (Concurrent Start) (CodeCache GC Threshold) 116M->67M(256M) 5.420ms
[4.253s][info][gc] GC(13) Concurrent Mark Cycle
[4.334s][info][gc] GC(13) Pause Remark 69M->69M(256M) 14.218ms
[4.375s][info][gc] GC(13) Pause Cleanup 72M->72M(256M) 0.158ms
[4.377s][info][gc] GC(13) Concurrent Mark Cycle 123.329ms
[5.052s][info][gc] GC(14) Pause Young (Concurrent Start) (CodeCache GC Threshold) 129M->72M(256M) 6.151ms
[5.052s][info][gc] GC(15) Concurrent Mark Cycle
[5.108s][info][gc] GC(15) Pause Remark 78M->78M(256M) 3.025ms
[5.158s][info][gc] GC(15) Pause Cleanup 82M->82M(256M) 0.119ms
[5.159s][info][gc] GC(15) Concurrent Mark Cycle 106.733ms
[6.472s][info][gc] GC(16) Pause Young (Concurrent Start) (CodeCache GC Threshold) 157M->74M(256M) 11.082ms
[6.472s][info][gc] GC(17) Concurrent Mark Cycle
[6.519s][info][gc] GC(17) Pause Remark 77M->77M(256M) 4.450ms
[6.557s][info][gc] GC(17) Pause Cleanup 79M->79M(256M) 0.194ms
[6.558s][info][gc] GC(17) Concurrent Mark Cycle 85.992ms
[7.149s][info][gc] GC(18) Pause Young (Concurrent Start) (CodeCache GC Threshold) 120M->77M(256M) 16.819ms
[7.149s][info][gc] GC(19) Concurrent Mark Cycle
[7.198s][info][gc] GC(19) Pause Remark 79M->76M(256M) 3.995ms
[7.234s][info][gc] GC(19) Pause Cleanup 77M->77M(256M) 0.162ms
[7.234s][info][gc] GC(19) Concurrent Mark Cycle 85.120ms
[7.551s][info][gc] GC(20) Pause Young (Concurrent Start) (CodeCache GC Threshold) 98M->75M(256M) 7.751ms
[7.552s][info][gc] GC(21) Concurrent Mark Cycle
[7.605s][info][gc] GC(21) Pause Remark 77M->77M(256M) 4.024ms
[7.638s][info][gc] GC(21) Pause Cleanup 79M->79M(256M) 0.154ms
[7.638s][info][gc] GC(21) Concurrent Mark Cycle 86.941ms
[8.449s][info][gc] GC(22) Pause Young (Concurrent Start) (CodeCache GC Threshold) 136M->78M(256M) 13.240ms
[8.449s][info][gc] GC(23) Concurrent Mark Cycle
[8.505s][info][gc] GC(23) Pause Remark 93M->93M(256M) 3.821ms
[8.538s][info][gc] GC(23) Pause Cleanup 94M->94M(256M) 0.176ms
[8.539s][info][gc] GC(23) Concurrent Mark Cycle 89.629ms
[30.477s][info][gc] GC(24) Pause Young (Prepare Mixed) (G1 Evacuation Pause) 204M->99M(256M) 15.722ms
[30.489s][info][gc] GC(25) Pause Young (Mixed) (G1 Evacuation Pause) 100M->97M(256M) 10.454ms
[30.724s][info][gc] GC(26) Pause Young (Concurrent Start) (CodeCache GC Threshold) 122M->98M(256M) 5.054ms
[30.724s][info][gc] GC(27) Concurrent Mark Cycle
[30.835s][info][gc] GC(27) Pause Remark 99M->99M(256M) 48.633ms
[30.922s][info][gc] GC(27) Pause Cleanup 118M->118M(256M) 0.174ms
[30.924s][info][gc] GC(27) Concurrent Mark Cycle 200.512ms
[31.536s][info][gc] GC(28) Pause Young (Concurrent Start) (CodeCache GC Threshold) 157M->102M(256M) 6.449ms
[31.536s][info][gc] GC(29) Concurrent Mark Cycle
[31.614s][info][gc] GC(29) Pause Remark 111M->111M(256M) 11.430ms
[31.679s][info][gc] GC(29) Pause Cleanup 116M->116M(256M) 0.178ms
[31.680s][info][gc] GC(29) Concurrent Mark Cycle 144.173ms
[31.952s][info][gc] GC(30) Pause Young (Concurrent Start) (CodeCache GC Threshold) 130M->104M(256M) 8.640ms
[31.952s][info][gc] GC(31) Concurrent Mark Cycle
[32.030s][info][gc] GC(31) Pause Remark 114M->114M(256M) 4.588ms
[32.091s][info][gc] GC(31) Pause Cleanup 117M->117M(256M) 0.193ms
[32.091s][info][gc] GC(31) Concurrent Mark Cycle 139.790ms
[33.383s][info][gc] GC(32) Pause Young (Concurrent Start) (CodeCache GC Threshold) 185M->111M(256M) 12.715ms
[33.383s][info][gc] GC(33) Concurrent Mark Cycle
[33.457s][info][gc] GC(33) Pause Remark 121M->121M(256M) 4.695ms
[33.522s][info][gc] GC(33) Pause Cleanup 126M->126M(256M) 0.214ms
[33.522s][info][gc] GC(33) Concurrent Mark Cycle 138.971ms
[34.798s][info][gc] GC(34) Pause Young (Concurrent Start) (CodeCache GC Threshold) 185M->114M(256M) 13.855ms
[34.798s][info][gc] GC(35) Concurrent Mark Cycle
[34.882s][info][gc] GC(35) Pause Remark 121M->121M(256M) 18.608ms
[34.964s][info][gc] GC(35) Pause Cleanup 128M->128M(256M) 0.199ms
[34.964s][info][gc] GC(35) Concurrent Mark Cycle 166.069ms
[36.681s][info][gc] GC(36) Pause Young (Prepare Mixed) (G1 Evacuation Pause) 204M->119M(256M) 16.615ms
[36.701s][info][gc] GC(37) Pause Young (Mixed) (G1 Evacuation Pause) 120M->115M(256M) 19.179ms
[38.266s][info][gc] GC(38) Pause Young (Normal) (G1 Evacuation Pause) 203M->123M(256M) 14.494ms
[39.900s][info][gc] GC(39) Pause Young (Concurrent Start) (G1 Evacuation Pause) 203M->128M(256M) 18.665ms
[39.901s][info][gc] GC(40) Concurrent Mark Cycle
[39.965s][info][gc] GC(40) Pause Remark 131M->131M(256M) 5.128ms
[40.043s][info][gc] GC(40) Pause Cleanup 135M->135M(256M) 0.311ms
[40.043s][info][gc] GC(40) Concurrent Mark Cycle 142.688ms
[41.499s][info][gc] GC(41) Pause Young (Prepare Mixed) (G1 Evacuation Pause) 204M->132M(256M) 16.851ms
[41.527s][info][gc] GC(42) Pause Young (Mixed) (G1 Evacuation Pause) 135M->113M(256M) 17.457ms
[43.102s][info][gc] GC(43) Pause Young (Concurrent Start) (G1 Evacuation Pause) 202M->122M(256M) 13.687ms
[43.102s][info][gc] GC(44) Concurrent Mark Cycle
[43.176s][info][gc] GC(44) Pause Remark 127M->123M(256M) 5.070ms
[43.242s][info][gc] GC(44) Pause Cleanup 128M->128M(256M) 0.283ms
[43.243s][info][gc] GC(44) Concurrent Mark Cycle 140.874ms
[44.732s][info][gc] GC(45) Pause Young (Prepare Mixed) (G1 Evacuation Pause) 200M->122M(256M) 13.819ms
[44.783s][info][gc] GC(46) Pause Young (Mixed) (G1 Evacuation Pause) 124M->107M(256M) 10.394ms
[46.439s][info][gc] GC(47) Pause Young (Concurrent Start) (G1 Evacuation Pause) 201M->116M(256M) 17.836ms
[46.439s][info][gc] GC(48) Concurrent Mark Cycle
[46.522s][info][gc] GC(48) Pause Remark 121M->121M(256M) 19.489ms
[46.589s][info][gc] GC(48) Pause Cleanup 125M->125M(256M) 0.242ms
[46.591s][info][gc] GC(48) Concurrent Mark Cycle 151.438ms
[48.166s][info][gc] GC(49) Pause Young (Prepare Mixed) (G1 Evacuation Pause) 202M->120M(256M) 16.525ms
[48.185s][info][gc] GC(50) Pause Young (Mixed) (G1 Evacuation Pause) 122M->109M(256M) 13.373ms
[49.812s][info][gc] GC(51) Pause Young (Concurrent Start) (G1 Evacuation Pause) 202M->119M(289M) 15.094ms
[49.812s][info][gc] GC(52) Concurrent Mark Cycle
[49.889s][info][gc] GC(52) Pause Remark 123M->123M(289M) 5.073ms
[49.954s][info][gc] GC(52) Pause Cleanup 127M->127M(289M) 0.250ms
[49.955s][info][gc] GC(52) Concurrent Mark Cycle 143.419ms
[51.984s][info][gc] GC(53) Pause Young (Prepare Mixed) (G1 Evacuation Pause) 228M->124M(289M) 15.854ms
[52.018s][info][gc] GC(54) Pause Young (Mixed) (G1 Evacuation Pause) 126M->110M(289M) 12.937ms
[52.734s][info][gc] GC(55) Pause Young (Concurrent Start) (CodeCache GC Threshold) 151M->114M(289M) 9.693ms
[52.734s][info][gc] GC(56) Concurrent Mark Cycle
[52.819s][info][gc] GC(56) Pause Remark 119M->119M(289M) 5.090ms
[52.883s][info][gc] GC(56) Pause Cleanup 122M->122M(289M) 0.242ms
[52.884s][info][gc] GC(56) Concurrent Mark Cycle 150.046ms
[55.023s][info][gc] GC(57) Pause Young (Prepare Mixed) (G1 Evacuation Pause) 227M->123M(289M) 20.998ms
[55.045s][info][gc] GC(58) Pause Young (Mixed) (G1 Evacuation Pause) 124M->109M(289M) 11.536ms
[57.074s][info][gc] GC(59) Pause Young (Normal) (G1 Evacuation Pause) 225M->121M(289M) 15.242ms
[59.231s][info][gc] GC(60) Pause Young (Normal) (G1 Evacuation Pause) 228M->124M(289M) 15.211ms
[61.390s][info][gc] GC(61) Pause Young (Concurrent Start) (G1 Evacuation Pause) 230M->125M(289M) 13.997ms
[61.391s][info][gc] GC(62) Concurrent Mark Cycle
[61.454s][info][gc] GC(62) Pause Remark 129M->129M(289M) 5.056ms
[61.514s][info][gc] GC(62) Pause Cleanup 133M->133M(289M) 0.326ms
[61.514s][info][gc] GC(62) Concurrent Mark Cycle 123.816ms
[63.547s][info][gc] GC(63) Pause Young (Prepare Mixed) (G1 Evacuation Pause) 231M->126M(289M) 13.755ms
[63.614s][info][gc] GC(64) Pause Young (Mixed) (G1 Evacuation Pause) 130M->102M(289M) 9.779ms
[65.804s][info][gc] GC(65) Pause Young (Normal) (G1 Evacuation Pause) 227M->114M(289M) 18.256ms
[68.138s][info][gc] GC(66) Pause Young (Normal) (G1 Evacuation Pause) 228M->116M(289M) 20.760ms
[70.467s][info][gc] GC(67) Pause Young (Concurrent Start) (G1 Evacuation Pause) 230M->117M(289M) 15.045ms
[70.467s][info][gc] GC(68) Concurrent Mark Cycle
[70.528s][info][gc] GC(68) Pause Remark 121M->121M(289M) 5.405ms
[70.592s][info][gc] GC(68) Pause Cleanup 125M->125M(289M) 0.239ms
[70.592s][info][gc] GC(68) Concurrent Mark Cycle 125.332ms
[72.808s][info][gc] GC(69) Pause Young (Prepare Mixed) (G1 Evacuation Pause) 231M->117M(289M) 25.778ms
[72.852s][info][gc] GC(70) Pause Young (Mixed) (G1 Evacuation Pause) 120M->99M(289M) 12.037ms
[75.142s][info][gc] GC(71) Pause Young (Normal) (G1 Evacuation Pause) 229M->112M(289M) 20.300ms
[77.571s][info][gc] GC(72) Pause Young (Normal) (G1 Evacuation Pause) 230M->114M(289M) 16.748ms
[79.959s][info][gc] GC(73) Pause Young (Concurrent Start) (G1 Evacuation Pause) 231M->115M(289M) 18.750ms
[79.959s][info][gc] GC(74) Concurrent Mark Cycle
[80.030s][info][gc] GC(74) Pause Remark 121M->119M(289M) 5.021ms
[80.075s][info][gc] GC(74) Pause Cleanup 120M->120M(289M) 0.392ms
[80.075s][info][gc] GC(74) Concurrent Mark Cycle 116.559ms
[82.339s][info][gc] GC(75) Pause Young (Prepare Mixed) (G1 Evacuation Pause) 230M->113M(289M) 17.608ms
[82.410s][info][gc] GC(76) Pause Young (Mixed) (G1 Evacuation Pause) 116M->99M(289M) 12.047ms
[84.724s][info][gc] GC(77) Pause Young (Normal) (G1 Evacuation Pause) 231M->112M(289M) 16.060ms
[87.154s][info][gc] GC(78) Pause Young (Normal) (G1 Evacuation Pause) 230M->113M(289M) 16.431ms
[89.587s][info][gc] GC(79) Pause Young (Concurrent Start) (G1 Evacuation Pause) 231M->114M(289M) 18.994ms
[89.587s][info][gc] GC(80) Concurrent Mark Cycle
[89.655s][info][gc] GC(80) Pause Remark 119M->117M(289M) 4.990ms
[89.712s][info][gc] GC(80) Pause Cleanup 121M->121M(289M) 0.315ms
[89.712s][info][gc] GC(80) Concurrent Mark Cycle 125.202ms
[91.996s][info][gc] GC(81) Pause Young (Prepare Mixed) (G1 Evacuation Pause) 230M->112M(289M) 19.697ms
[92.021s][info][gc] GC(82) Pause Young (Mixed) (G1 Evacuation Pause) 115M->99M(289M) 10.711ms
[94.349s][info][gc] GC(83) Pause Young (Normal) (G1 Evacuation Pause) 232M->112M(289M) 15.668ms
[96.779s][info][gc] GC(84) Pause Young (Normal) (G1 Evacuation Pause) 230M->113M(289M) 16.475ms
[99.209s][info][gc] GC(85) Pause Young (Concurrent Start) (G1 Evacuation Pause) 231M->113M(289M) 17.398ms
[99.209s][info][gc] GC(86) Concurrent Mark Cycle
[99.273s][info][gc] GC(86) Pause Remark 119M->119M(289M) 5.472ms
[99.325s][info][gc] GC(86) Pause Cleanup 121M->121M(289M) 0.293ms
[99.326s][info][gc] GC(86) Concurrent Mark Cycle 116.055ms
[101.651s][info][gc] GC(87) Pause Young (Prepare Mixed) (G1 Evacuation Pause) 232M->114M(289M) 13.806ms
[101.684s][info][gc] GC(88) Pause Young (Mixed) (G1 Evacuation Pause) 117M->101M(289M) 21.028ms
[103.985s][info][gc] GC(89) Pause Young (Normal) (G1 Evacuation Pause) 232M->114M(289M) 19.491ms
[106.359s][info][gc] GC(90) Pause Young (Normal) (G1 Evacuation Pause) 230M->115M(289M) 15.583ms
[108.737s][info][gc] GC(91) Pause Young (Concurrent Start) (G1 Evacuation Pause) 231M->115M(289M) 19.387ms
[108.737s][info][gc] GC(92) Concurrent Mark Cycle
[108.808s][info][gc] GC(92) Pause Remark 119M->118M(289M) 5.397ms
[108.862s][info][gc] GC(92) Pause Cleanup 122M->122M(289M) 0.263ms
[108.863s][info][gc] GC(92) Concurrent Mark Cycle 125.445ms
[111.166s][info][gc] GC(93) Pause Young (Prepare Mixed) (G1 Evacuation Pause) 232M->114M(289M) 17.423ms
[111.207s][info][gc] GC(94) Pause Young (Mixed) (G1 Evacuation Pause) 117M->98M(289M) 11.938ms
[113.550s][info][gc] GC(95) Pause Young (Normal) (G1 Evacuation Pause) 232M->111M(289M) 16.512ms
[116.007s][info][gc] GC(96) Pause Young (Normal) (G1 Evacuation Pause) 230M->112M(289M) 15.932ms
[118.455s][info][gc] GC(97) Pause Young (Concurrent Start) (G1 Evacuation Pause) 231M->113M(289M) 16.190ms
[118.455s][info][gc] GC(98) Concurrent Mark Cycle
[118.514s][info][gc] GC(98) Pause Remark 117M->114M(289M) 5.736ms
[118.568s][info][gc] GC(98) Pause Cleanup 118M->118M(289M) 0.256ms
[118.569s][info][gc] GC(98) Concurrent Mark Cycle 113.305ms
[120.899s][info][gc] GC(99) Pause Young (Prepare Mixed) (G1 Evacuation Pause) 230M->110M(289M) 14.231ms
[120.945s][info][gc] GC(100) Pause Young (Mixed) (G1 Evacuation Pause) 113M->99M(289M) 10.799ms
[123.299s][info][gc] GC(101) Pause Young (Normal) (G1 Evacuation Pause) 232M->112M(289M) 17.667ms
[125.734s][info][gc] GC(102) Pause Young (Normal) (G1 Evacuation Pause) 230M->114M(289M) 23.827ms
[128.165s][info][gc] GC(103) Pause Young (Concurrent Start) (G1 Evacuation Pause) 232M->114M(289M) 16.038ms
[128.166s][info][gc] GC(104) Concurrent Mark Cycle
[128.257s][info][gc] GC(104) Pause Remark 119M->115M(289M) 24.485ms
[128.311s][info][gc] GC(104) Pause Cleanup 119M->119M(289M) 0.248ms
[128.312s][info][gc] GC(104) Concurrent Mark Cycle 146.324ms
[130.598s][info][gc] GC(105) Pause Young (Prepare Mixed) (G1 Evacuation Pause) 229M->110M(289M) 16.650ms
[130.632s][info][gc] GC(106) Pause Young (Mixed) (G1 Evacuation Pause) 113M->101M(289M) 21.315ms
[132.936s][info][gc] GC(107) Pause Young (Normal) (G1 Evacuation Pause) 232M->115M(289M) 21.100ms
[135.310s][info][gc] GC(108) Pause Young (Normal) (G1 Evacuation Pause) 230M->116M(289M) 16.718ms
[137.651s][info][gc] GC(109) Pause Young (Concurrent Start) (G1 Evacuation Pause) 231M->116M(289M) 16.805ms
[137.651s][info][gc] GC(110) Concurrent Mark Cycle
[137.719s][info][gc] GC(110) Pause Remark 119M->117M(289M) 5.366ms
[137.773s][info][gc] GC(110) Pause Cleanup 122M->122M(289M) 0.294ms
[137.774s][info][gc] GC(110) Concurrent Mark Cycle 122.887ms
[140.055s][info][gc] GC(111) Pause Young (Prepare Mixed) (G1 Evacuation Pause) 230M->115M(289M) 18.842ms
[140.082s][info][gc] GC(112) Pause Young (Mixed) (G1 Evacuation Pause) 118M->100M(289M) 17.517ms
[142.388s][info][gc] GC(113) Pause Young (Normal) (G1 Evacuation Pause) 231M->114M(289M) 16.219ms
[144.769s][info][gc] GC(114) Pause Young (Normal) (G1 Evacuation Pause) 230M->115M(289M) 16.246ms
[147.160s][info][gc] GC(115) Pause Young (Concurrent Start) (G1 Evacuation Pause) 232M->115M(289M) 15.285ms
[147.161s][info][gc] GC(116) Concurrent Mark Cycle
[147.223s][info][gc] GC(116) Pause Remark 121M->118M(289M) 5.291ms
[147.276s][info][gc] GC(116) Pause Cleanup 119M->119M(289M) 0.260ms
[147.277s][info][gc] GC(116) Concurrent Mark Cycle 116.107ms
[149.541s][info][gc] GC(117) Pause Young (Prepare Mixed) (G1 Evacuation Pause) 229M->112M(289M) 14.889ms
[149.629s][info][gc] GC(118) Pause Young (Mixed) (G1 Evacuation Pause) 116M->98M(289M) 11.815ms
[151.960s][info][gc] GC(119) Pause Young (Normal) (G1 Evacuation Pause) 231M->112M(289M) 16.992ms
[154.396s][info][gc] GC(120) Pause Young (Normal) (G1 Evacuation Pause) 231M->113M(289M) 22.762ms
[156.837s][info][gc] GC(121) Pause Young (Normal) (G1 Evacuation Pause) 232M->114M(289M) 14.756ms
[159.266s][info][gc] GC(122) Pause Young (Normal) (G1 Evacuation Pause) 233M->114M(289M) 13.654ms
[161.748s][info][gc] GC(123) Pause Young (Normal) (G1 Evacuation Pause) 233M->114M(289M) 19.905ms
[164.182s][info][gc] GC(124) Pause Young (Normal) (G1 Evacuation Pause) 233M->114M(289M) 17.970ms
[166.648s][info][gc] GC(125) Pause Young (Normal) (G1 Evacuation Pause) 234M->114M(289M) 21.481ms
[169.122s][info][gc] GC(126) Pause Young (Normal) (G1 Evacuation Pause) 234M->115M(289M) 14.377ms
[171.608s][info][gc] GC(127) Pause Young (Normal) (G1 Evacuation Pause) 235M->115M(289M) 14.808ms
[174.065s][info][gc] GC(128) Pause Young (Normal) (G1 Evacuation Pause) 235M->115M(289M) 17.604ms
[176.550s][info][gc] GC(129) Pause Young (Normal) (G1 Evacuation Pause) 234M->115M(289M) 18.947ms
[179.002s][info][gc] GC(130) Pause Young (Normal) (G1 Evacuation Pause) 235M->115M(289M) 15.361ms
[181.494s][info][gc] GC(131) Pause Young (Normal) (G1 Evacuation Pause) 235M->115M(289M) 18.308ms
[183.971s][info][gc] GC(132) Pause Young (Normal) (G1 Evacuation Pause) 236M->116M(289M) 22.453ms
[186.453s][info][gc] GC(133) Pause Young (Normal) (G1 Evacuation Pause) 236M->116M(289M) 15.913ms
[188.948s][info][gc] GC(134) Pause Young (Normal) (G1 Evacuation Pause) 236M->116M(289M) 19.143ms
[191.395s][info][gc] GC(135) Pause Young (Normal) (G1 Evacuation Pause) 235M->116M(289M) 19.938ms
[193.843s][info][gc] GC(136) Pause Young (Normal) (G1 Evacuation Pause) 235M->116M(289M) 14.881ms
[196.298s][info][gc] GC(137) Pause Young (Normal) (G1 Evacuation Pause) 235M->116M(289M) 14.587ms
[198.749s][info][gc] GC(138) Pause Young (Normal) (G1 Evacuation Pause) 235M->117M(289M) 18.188ms
[201.193s][info][gc] GC(139) Pause Young (Normal) (G1 Evacuation Pause) 236M->117M(289M) 14.229ms
[203.654s][info][gc] GC(140) Pause Young (Normal) (G1 Evacuation Pause) 236M->117M(289M) 20.103ms
[204.075s][info][gc] GC(141) Pause Young (Concurrent Start) (CodeCache GC Threshold) 139M->115M(289M) 9.871ms
[204.075s][info][gc] GC(142) Concurrent Mark Cycle
[204.151s][info][gc] GC(142) Pause Remark 120M->117M(289M) 5.166ms
[204.215s][info][gc] GC(142) Pause Cleanup 121M->121M(289M) 0.251ms
[204.217s][info][gc] GC(142) Concurrent Mark Cycle 141.673ms
[206.544s][info][gc] GC(143) Pause Young (Prepare Mixed) (G1 Evacuation Pause) 231M->123M(289M) 17.927ms
[206.578s][info][gc] GC(144) Pause Young (Mixed) (G1 Evacuation Pause) 124M->110M(289M) 31.190ms
[208.676s][info][gc] GC(145) Pause Young (Normal) (G1 Evacuation Pause) 230M->122M(289M) 21.088ms
[210.907s][info][gc] GC(146) Pause Young (Normal) (G1 Evacuation Pause) 231M->124M(289M) 20.617ms
[213.042s][info][gc] GC(147) Pause Young (Normal) (G1 Evacuation Pause) 231M->126M(289M) 13.927ms
[215.246s][info][gc] GC(148) Pause Young (Normal) (G1 Evacuation Pause) 233M->127M(289M) 15.214ms
[217.378s][info][gc] GC(149) Pause Young (Normal) (G1 Evacuation Pause) 233M->128M(289M) 14.437ms
[219.584s][info][gc] GC(150) Pause Young (Normal) (G1 Evacuation Pause) 235M->130M(289M) 15.387ms
[221.713s][info][gc] GC(151) Pause Young (Normal) (G1 Evacuation Pause) 235M->130M(289M) 14.816ms
[223.851s][info][gc] GC(152) Pause Young (Normal) (G1 Evacuation Pause) 235M->132M(289M) 14.486ms
[225.987s][info][gc] GC(153) Pause Young (Normal) (G1 Evacuation Pause) 236M->133M(289M) 14.518ms
[228.061s][info][gc] GC(154) Pause Young (Normal) (G1 Evacuation Pause) 236M->134M(289M) 14.603ms
[230.155s][info][gc] GC(155) Pause Young (Normal) (G1 Evacuation Pause) 237M->136M(289M) 19.488ms
[232.232s][info][gc] GC(156) Pause Young (Normal) (G1 Evacuation Pause) 237M->137M(289M) 14.816ms
[234.259s][info][gc] GC(157) Pause Young (Normal) (G1 Evacuation Pause) 237M->139M(289M) 14.867ms
[236.283s][info][gc] GC(158) Pause Young (Normal) (G1 Evacuation Pause) 238M->141M(289M) 15.034ms
[238.218s][info][gc] GC(159) Pause Young (Normal) (G1 Evacuation Pause) 238M->142M(289M) 17.114ms
[240.143s][info][gc] GC(160) Pause Young (Normal) (G1 Evacuation Pause) 237M->144M(289M) 14.639ms
[242.029s][info][gc] GC(161) Pause Young (Normal) (G1 Evacuation Pause) 237M->147M(289M) 15.566ms
[243.856s][info][gc] GC(162) Pause Young (Normal) (G1 Evacuation Pause) 238M->149M(289M) 14.683ms
[245.642s][info][gc] GC(163) Pause Young (Normal) (G1 Evacuation Pause) 238M->152M(289M) 15.050ms
[247.367s][info][gc] GC(164) Pause Young (Normal) (G1 Evacuation Pause) 238M->155M(289M) 15.002ms
[248.999s][info][gc] GC(165) Pause Young (Normal) (G1 Evacuation Pause) 238M->158M(289M) 14.529ms
[250.604s][info][gc] GC(166) Pause Young (Normal) (G1 Evacuation Pause) 239M->162M(289M) 13.386ms
[252.129s][info][gc] GC(167) Pause Young (Normal) (G1 Evacuation Pause) 239M->166M(289M) 14.625ms
[253.573s][info][gc] GC(168) Pause Young (Normal) (G1 Evacuation Pause) 239M->170M(289M) 14.824ms
[254.922s][info][gc] GC(169) Pause Young (Normal) (G1 Evacuation Pause) 240M->175M(289M) 14.511ms
[256.199s][info][gc] GC(170) Pause Young (Normal) (G1 Evacuation Pause) 240M->180M(289M) 13.291ms
[257.350s][info][gc] GC(171) Pause Young (Normal) (G1 Evacuation Pause) 241M->186M(289M) 14.422ms
[258.429s][info][gc] GC(172) Pause Young (Normal) (G1 Evacuation Pause) 242M->191M(289M) 15.972ms
[259.350s][info][gc] GC(173) Pause Young (Normal) (G1 Evacuation Pause) 241M->196M(289M) 13.521ms
[260.183s][info][gc] GC(174) Pause Young (Normal) (G1 Evacuation Pause) 243M->200M(289M) 13.357ms
[260.984s][info][gc] GC(175) Pause Young (Normal) (G1 Evacuation Pause) 244M->205M(289M) 13.066ms
[261.700s][info][gc] GC(176) Pause Young (Normal) (G1 Evacuation Pause) 245M->208M(289M) 12.097ms
[262.356s][info][gc] GC(177) Pause Young (Normal) (G1 Evacuation Pause) 245M->212M(289M) 10.746ms
[262.941s][info][gc] GC(178) Pause Young (Normal) (G1 Evacuation Pause) 246M->214M(289M) 10.712ms
[263.490s][info][gc] GC(179) Pause Young (Normal) (G1 Evacuation Pause) 247M->218M(289M) 10.124ms
[264.003s][info][gc] GC(180) Pause Young (Normal) (G1 Evacuation Pause) 247M->220M(289M) 9.975ms
[264.487s][info][gc] GC(181) Pause Young (Normal) (G1 Evacuation Pause) 248M->223M(289M) 9.596ms
[264.929s][info][gc] GC(182) Pause Young (Normal) (G1 Evacuation Pause) 249M->225M(289M) 8.442ms
[265.363s][info][gc] GC(183) Pause Young (Normal) (G1 Evacuation Pause) 249M->227M(289M) 8.432ms
[265.731s][info][gc] GC(184) Pause Young (Normal) (G1 Evacuation Pause) 249M->229M(289M) 8.328ms
[266.103s][info][gc] GC(185) Pause Young (Normal) (G1 Evacuation Pause) 250M->231M(289M) 8.474ms
[266.415s][info][gc] GC(186) Pause Young (Concurrent Start) (G1 Evacuation Pause) 249M->233M(289M) 8.302ms
[266.416s][info][gc] GC(187) Concurrent Mark Cycle
[266.501s][info][gc] GC(187) Pause Remark 238M->165M(289M) 5.526ms
[266.573s][info][gc] GC(187) Pause Cleanup 169M->169M(289M) 0.384ms
[266.573s][info][gc] GC(187) Concurrent Mark Cycle 157.876ms
[266.692s][info][gc] GC(188) Pause Young (Prepare Mixed) (G1 Evacuation Pause) 177M->161M(289M) 5.997ms
[266.887s][info][gc] GC(189) Pause Young (Mixed) (G1 Evacuation Pause) 172M->133M(289M) 6.029ms
[267.096s][info][gc] GC(190) Pause Young (Mixed) (G1 Evacuation Pause) 145M->109M(289M) 8.160ms
[267.305s][info][gc] GC(191) Pause Young (Mixed) (G1 Evacuation Pause) 121M->105M(289M) 7.099ms
[269.430s][info][gc] GC(192) Pause Young (Normal) (G1 Evacuation Pause) 226M->117M(289M) 15.326ms
[271.658s][info][gc] GC(193) Pause Young (Normal) (G1 Evacuation Pause) 227M->119M(289M) 15.999ms
[273.886s][info][gc] GC(194) Pause Young (Normal) (G1 Evacuation Pause) 229M->121M(289M) 14.448ms
[276.117s][info][gc] GC(195) Pause Young (Normal) (G1 Evacuation Pause) 231M->122M(289M) 18.418ms
[278.348s][info][gc] GC(196) Pause Young (Normal) (G1 Evacuation Pause) 231M->123M(289M) 18.075ms
[280.575s][info][gc] GC(197) Pause Young (Normal) (G1 Evacuation Pause) 232M->124M(289M) 14.876ms
[282.805s][info][gc] GC(198) Pause Young (Normal) (G1 Evacuation Pause) 234M->124M(289M) 14.553ms
[285.034s][info][gc] GC(199) Pause Young (Normal) (G1 Evacuation Pause) 234M->125M(289M) 14.367ms
[287.325s][info][gc] GC(200) Pause Young (Normal) (G1 Evacuation Pause) 235M->126M(289M) 19.293ms
[289.553s][info][gc] GC(201) Pause Young (Normal) (G1 Evacuation Pause) 235M->127M(289M) 15.161ms
[291.781s][info][gc] GC(202) Pause Young (Normal) (G1 Evacuation Pause) 236M->127M(289M) 14.655ms
[294.010s][info][gc] GC(203) Pause Young (Normal) (G1 Evacuation Pause) 236M->128M(289M) 14.653ms
[296.218s][info][gc] GC(204) Pause Young (Normal) (G1 Evacuation Pause) 236M->129M(289M) 14.318ms
[298.426s][info][gc] GC(205) Pause Young (Normal) (G1 Evacuation Pause) 237M->130M(289M) 13.683ms
[300.600s][info][gc] GC(206) Pause Young (Normal) (G1 Evacuation Pause) 237M->131M(289M) 14.358ms
[302.764s][info][gc] GC(207) Pause Young (Normal) (G1 Evacuation Pause) 237M->132M(289M) 13.873ms
[304.892s][info][gc] GC(208) Pause Young (Normal) (G1 Evacuation Pause) 237M->133M(289M) 14.978ms
[307.018s][info][gc] GC(209) Pause Young (Normal) (G1 Evacuation Pause) 237M->134M(289M) 14.585ms
[309.109s][info][gc] GC(210) Pause Young (Normal) (G1 Evacuation Pause) 237M->135M(289M) 14.571ms
[311.163s][info][gc] GC(211) Pause Young (Normal) (G1 Evacuation Pause) 236M->137M(289M) 14.153ms
[313.204s][info][gc] GC(212) Pause Young (Normal) (G1 Evacuation Pause) 237M->138M(289M) 15.665ms
[315.199s][info][gc] GC(213) Pause Young (Normal) (G1 Evacuation Pause) 237M->140M(289M) 15.645ms
[317.161s][info][gc] GC(214) Pause Young (Normal) (G1 Evacuation Pause) 237M->142M(289M) 14.248ms
[319.087s][info][gc] GC(215) Pause Young (Normal) (G1 Evacuation Pause) 237M->144M(289M) 14.174ms
[320.956s][info][gc] GC(216) Pause Young (Normal) (G1 Evacuation Pause) 237M->146M(289M) 14.155ms
[322.783s][info][gc] GC(217) Pause Young (Normal) (G1 Evacuation Pause) 237M->149M(289M) 14.261ms
[324.570s][info][gc] GC(218) Pause Young (Normal) (G1 Evacuation Pause) 238M->152M(289M) 14.160ms
[326.297s][info][gc] GC(219) Pause Young (Normal) (G1 Evacuation Pause) 239M->155M(289M) 14.464ms
[327.985s][info][gc] GC(220) Pause Young (Normal) (G1 Evacuation Pause) 239M->158M(289M) 14.054ms
[329.576s][info][gc] GC(221) Pause Young (Normal) (G1 Evacuation Pause) 239M->162M(289M) 13.663ms
[330.996s][info][gc] GC(222) Pause Young (Normal) (G1 Evacuation Pause) 240M->169M(289M) 12.223ms
[332.099s][info][gc] GC(223) Pause Young (Normal) (G1 Evacuation Pause) 237M->185M(289M) 21.396ms
[333.122s][info][gc] GC(224) Pause Young (Normal) (G1 Evacuation Pause) 237M->191M(289M) 14.746ms
[333.997s][info][gc] GC(225) Pause Young (Normal) (G1 Evacuation Pause) 239M->196M(289M) 12.393ms
[334.826s][info][gc] GC(226) Pause Young (Normal) (G1 Evacuation Pause) 242M->201M(289M) 12.744ms
[335.551s][info][gc] GC(227) Pause Young (Normal) (G1 Evacuation Pause) 243M->204M(289M) 12.658ms
[336.249s][info][gc] GC(228) Pause Young (Normal) (G1 Evacuation Pause) 243M->208M(289M) 11.163ms
[336.906s][info][gc] GC(229) Pause Young (Normal) (G1 Evacuation Pause) 245M->212M(289M) 11.995ms
[337.471s][info][gc] GC(230) Pause Young (Normal) (G1 Evacuation Pause) 246M->214M(289M) 10.853ms
[338.028s][info][gc] GC(231) Pause Young (Normal) (G1 Evacuation Pause) 246M->218M(289M) 10.602ms
[338.541s][info][gc] GC(232) Pause Young (Normal) (G1 Evacuation Pause) 247M->220M(289M) 9.893ms
[339.029s][info][gc] GC(233) Pause Young (Normal) (G1 Evacuation Pause) 248M->223M(289M) 9.771ms
[339.456s][info][gc] GC(234) Pause Young (Normal) (G1 Evacuation Pause) 248M->225M(289M) 9.014ms
[339.872s][info][gc] GC(235) Pause Young (Normal) (G1 Evacuation Pause) 249M->227M(289M) 10.593ms
[340.246s][info][gc] GC(236) Pause Young (Normal) (G1 Evacuation Pause) 249M->229M(289M) 8.187ms
[340.617s][info][gc] GC(237) Pause Young (Normal) (G1 Evacuation Pause) 250M->231M(289M) 8.144ms
[340.936s][info][gc] GC(238) Pause Young (Concurrent Start) (G1 Evacuation Pause) 250M->232M(289M) 8.623ms
[340.936s][info][gc] GC(239) Concurrent Mark Cycle
[341.011s][info][gc] GC(239) Pause Remark 237M->187M(315M) 12.894ms
[341.090s][info][gc] GC(239) Pause Cleanup 193M->193M(315M) 0.414ms
[341.091s][info][gc] GC(239) Concurrent Mark Cycle 154.790ms
[341.247s][info][gc] GC(240) Pause Young (Prepare Mixed) (G1 Evacuation Pause) 200M->184M(315M) 6.515ms
[341.455s][info][gc] GC(241) Pause Young (Mixed) (G1 Evacuation Pause) 196M->154M(315M) 6.547ms
[341.676s][info][gc] GC(242) Pause Young (Mixed) (G1 Evacuation Pause) 167M->126M(315M) 8.972ms
[341.897s][info][gc] GC(243) Pause Young (Mixed) (G1 Evacuation Pause) 139M->109M(315M) 13.926ms
[344.255s][info][gc] GC(244) Pause Young (Normal) (G1 Evacuation Pause) 244M->123M(315M) 15.642ms
[346.782s][info][gc] GC(245) Pause Young (Normal) (G1 Evacuation Pause) 247M->124M(315M) 14.584ms
[349.309s][info][gc] GC(246) Pause Young (Normal) (G1 Evacuation Pause) 248M->124M(315M) 11.571ms
[351.913s][info][gc] GC(247) Pause Young (Normal) (G1 Evacuation Pause) 250M->125M(315M) 15.787ms
[354.536s][info][gc] GC(248) Pause Young (Normal) (G1 Evacuation Pause) 252M->125M(315M) 14.793ms
[357.172s][info][gc] GC(249) Pause Young (Normal) (G1 Evacuation Pause) 254M->125M(315M) 14.778ms
[359.882s][info][gc] GC(250) Pause Young (Normal) (G1 Evacuation Pause) 255M->125M(315M) 17.479ms
[362.587s][info][gc] GC(251) Pause Young (Normal) (G1 Evacuation Pause) 255M->125M(315M) 14.478ms
[365.230s][info][gc] GC(252) Pause Young (Normal) (G1 Evacuation Pause) 255M->126M(315M) 16.595ms
[367.958s][info][gc] GC(253) Pause Young (Normal) (G1 Evacuation Pause) 257M->126M(315M) 14.452ms
[370.671s][info][gc] GC(254) Pause Young (Normal) (G1 Evacuation Pause) 257M->126M(315M) 16.300ms
[373.400s][info][gc] GC(255) Pause Young (Normal) (G1 Evacuation Pause) 257M->126M(315M) 14.646ms
[376.166s][info][gc] GC(256) Pause Young (Normal) (G1 Evacuation Pause) 258M->126M(315M) 20.962ms
[378.896s][info][gc] GC(257) Pause Young (Normal) (G1 Evacuation Pause) 257M->126M(315M) 15.564ms
[381.630s][info][gc] GC(258) Pause Young (Normal) (G1 Evacuation Pause) 257M->127M(315M) 21.277ms
[384.358s][info][gc] GC(259) Pause Young (Normal) (G1 Evacuation Pause) 258M->127M(315M) 15.244ms
[387.088s][info][gc] GC(260) Pause Young (Normal) (G1 Evacuation Pause) 258M->127M(315M) 15.419ms
[389.820s][info][gc] GC(261) Pause Young (Normal) (G1 Evacuation Pause) 258M->127M(315M) 20.386ms
[391.215s][info][gc] GC(262) Pause Young (Concurrent Start) (CodeCache GC Threshold) 196M->126M(315M) 13.295ms
[391.215s][info][gc] GC(263) Concurrent Mark Cycle
[391.296s][info][gc] GC(263) Pause Remark 131M->119M(315M) 5.501ms
[391.346s][info][gc] GC(263) Pause Cleanup 124M->124M(315M) 0.342ms
[391.347s][info][gc] GC(263) Concurrent Mark Cycle 131.550ms
[393.960s][info][gc] GC(264) Pause Young (Prepare Mixed) (G1 Evacuation Pause) 246M->120M(315M) 17.012ms
[393.979s][info][gc] GC(265) Pause Young (Mixed) (G1 Evacuation Pause) 121M->107M(315M) 15.931ms
[396.529s][info][gc] GC(266) Pause Young (Normal) (G1 Evacuation Pause) 254M->120M(315M) 17.038ms
[399.227s][info][gc] GC(267) Pause Young (Normal) (G1 Evacuation Pause) 251M->122M(315M) 15.824ms
[401.991s][info][gc] GC(268) Pause Young (Normal) (G1 Evacuation Pause) 254M->122M(315M) 15.588ms
[404.744s][info][gc] GC(269) Pause Young (Normal) (G1 Evacuation Pause) 255M->122M(315M) 15.307ms
[407.480s][info][gc] GC(270) Pause Young (Normal) (G1 Evacuation Pause) 254M->122M(315M) 18.186ms
[410.242s][info][gc] GC(271) Pause Young (Normal) (G1 Evacuation Pause) 255M->123M(315M) 14.739ms
[413.024s][info][gc] GC(272) Pause Young (Normal) (G1 Evacuation Pause) 257M->122M(315M) 18.049ms
[415.810s][info][gc] GC(273) Pause Young (Normal) (G1 Evacuation Pause) 256M->123M(315M) 15.155ms
[418.597s][info][gc] GC(274) Pause Young (Normal) (G1 Evacuation Pause) 257M->123M(315M) 14.785ms
[421.378s][info][gc] GC(275) Pause Young (Normal) (G1 Evacuation Pause) 257M->123M(315M) 14.841ms
[424.167s][info][gc] GC(276) Pause Young (Normal) (G1 Evacuation Pause) 257M->123M(315M) 16.529ms
[426.955s][info][gc] GC(277) Pause Young (Normal) (G1 Evacuation Pause) 257M->123M(315M) 18.535ms
[429.735s][info][gc] GC(278) Pause Young (Normal) (G1 Evacuation Pause) 257M->124M(315M) 17.747ms
[432.522s][info][gc] GC(279) Pause Young (Normal) (G1 Evacuation Pause) 258M->124M(315M) 14.808ms
[435.308s][info][gc] GC(280) Pause Young (Normal) (G1 Evacuation Pause) 258M->124M(315M) 15.168ms
[438.092s][info][gc] GC(281) Pause Young (Normal) (G1 Evacuation Pause) 258M->124M(315M) 17.443ms
[440.855s][info][gc] GC(282) Pause Young (Normal) (G1 Evacuation Pause) 257M->124M(315M) 15.347ms
[443.634s][info][gc] GC(283) Pause Young (Normal) (G1 Evacuation Pause) 257M->125M(315M) 15.783ms
[446.395s][info][gc] GC(284) Pause Young (Normal) (G1 Evacuation Pause) 258M->125M(315M) 15.937ms
[449.176s][info][gc] GC(285) Pause Young (Normal) (G1 Evacuation Pause) 258M->125M(315M) 15.509ms
[451.936s][info][gc] GC(286) Pause Young (Normal) (G1 Evacuation Pause) 258M->125M(315M) 16.338ms
[454.671s][info][gc] GC(287) Pause Young (Normal) (G1 Evacuation Pause) 258M->126M(315M) 16.986ms
[457.401s][info][gc] GC(288) Pause Young (Normal) (G1 Evacuation Pause) 257M->126M(315M) 15.569ms
[460.142s][info][gc] GC(289) Pause Young (Normal) (G1 Evacuation Pause) 258M->126M(315M) 15.378ms
[462.896s][info][gc] GC(290) Pause Young (Normal) (G1 Evacuation Pause) 258M->127M(315M) 15.583ms
[465.625s][info][gc] GC(291) Pause Young (Normal) (G1 Evacuation Pause) 258M->126M(315M) 15.011ms
[468.354s][info][gc] GC(292) Pause Young (Normal) (G1 Evacuation Pause) 257M->126M(315M) 15.601ms
[471.082s][info][gc] GC(293) Pause Young (Normal) (G1 Evacuation Pause) 257M->127M(315M) 15.310ms
[473.812s][info][gc] GC(294) Pause Young (Normal) (G1 Evacuation Pause) 258M->127M(315M) 15.098ms
[476.541s][info][gc] GC(295) Pause Young (Normal) (G1 Evacuation Pause) 258M->127M(315M) 15.474ms
[479.225s][info][gc] GC(296) Pause Young (Normal) (G1 Evacuation Pause) 257M->127M(315M) 14.972ms
[481.890s][info][gc] GC(297) Pause Young (Normal) (G1 Evacuation Pause) 257M->128M(315M) 15.281ms
[484.598s][info][gc] GC(298) Pause Young (Normal) (G1 Evacuation Pause) 258M->128M(315M) 15.139ms
[487.310s][info][gc] GC(299) Pause Young (Normal) (G1 Evacuation Pause) 258M->128M(315M) 17.491ms
[490.015s][info][gc] GC(300) Pause Young (Normal) (G1 Evacuation Pause) 258M->128M(315M) 14.420ms
[492.703s][info][gc] GC(301) Pause Young (Normal) (G1 Evacuation Pause) 258M->128M(315M) 15.282ms
[495.365s][info][gc] GC(302) Pause Young (Normal) (G1 Evacuation Pause) 258M->128M(315M) 14.673ms
[498.073s][info][gc] GC(303) Pause Young (Normal) (G1 Evacuation Pause) 257M->129M(315M) 15.258ms
[500.756s][info][gc] GC(304) Pause Young (Normal) (G1 Evacuation Pause) 258M->129M(315M) 19.022ms
[503.415s][info][gc] GC(305) Pause Young (Normal) (G1 Evacuation Pause) 258M->129M(315M) 15.203ms
[506.105s][info][gc] GC(306) Pause Young (Normal) (G1 Evacuation Pause) 258M->129M(315M) 18.651ms
[508.758s][info][gc] GC(307) Pause Young (Normal) (G1 Evacuation Pause) 258M->129M(315M) 14.863ms
[511.452s][info][gc] GC(308) Pause Young (Normal) (G1 Evacuation Pause) 258M->128M(315M) 17.133ms
[513.631s][info][gc] GC(309) Pause Young (Concurrent Start) (CodeCache GC Threshold) 229M->122M(315M) 8.734ms
[513.632s][info][gc] GC(310) Concurrent Mark Cycle
[513.643s][info][gc] GC(310) Concurrent Mark Cycle 11.969ms
