[0.006s][info][gc] Using G1
[0.549s][info][gc] GC(0) Pause Young (Normal) (G1 Evacuation Pause) 23M->5M(258M) 6.417ms
[1.288s][info][gc] GC(1) Pause Young (Normal) (G1 Evacuation Pause) 37M->9M(258M) 9.983ms
[1.441s][info][gc] GC(2) Pause Young (Concurrent Start) (Metadata GC Threshold) 60M->18M(258M) 7.603ms
[1.442s][info][gc] GC(3) Concurrent Mark Cycle
[1.450s][info][gc] GC(3) Pause Remark 19M->19M(256M) 1.872ms
[1.456s][info][gc] GC(3) Pause Cleanup 20M->20M(256M) 0.091ms
[1.457s][info][gc] GC(3) Concurrent Mark Cycle 15.677ms
[2.164s][info][gc] GC(4) Pause Young (Concurrent Start) (CodeCache GC Threshold) 83M->28M(256M) 11.697ms
[2.164s][info][gc] GC(5) Concurrent Mark Cycle
[2.181s][info][gc] GC(5) Pause Remark 29M->29M(256M) 3.388ms
[2.191s][info][gc] GC(5) Pause Cleanup 30M->30M(256M) 0.132ms
[2.192s][info][gc] GC(5) Concurrent Mark Cycle 27.999ms
[3.022s][info][gc] GC(6) Pause Young (Concurrent Start) (CodeCache GC Threshold) 142M->46M(256M) 13.917ms
[3.022s][info][gc] GC(7) Concurrent Mark Cycle
[3.046s][info][gc] GC(7) Pause Remark 48M->48M(256M) 4.315ms
[3.060s][info][gc] GC(7) Pause Cleanup 50M->50M(256M) 0.100ms
[3.060s][info][gc] GC(7) Concurrent Mark Cycle 38.209ms
[3.078s][info][gc] GC(8) Pause Young (Concurrent Start) (CodeCache GC Threshold) 51M->50M(256M) 9.571ms
[3.079s][info][gc] GC(9) Concurrent Mark Cycle
[3.105s][info][gc] GC(9) Pause Remark 53M->53M(256M) 2.385ms
[3.125s][info][gc] GC(9) Pause Cleanup 55M->55M(256M) 0.114ms
[3.125s][info][gc] GC(9) Concurrent Mark Cycle 46.479ms
[3.986s][info][gc] GC(10) Pause Young (Prepare Mixed) (G1 Evacuation Pause) 177M->61M(256M) 10.000ms
[4.000s][info][gc] GC(11) Pause Young (Mixed) (G1 Evacuation Pause) 62M->62M(256M) 8.988ms
[4.412s][info][gc] GC(12) Pause Young (Concurrent Start) (CodeCache GC Threshold) 119M->67M(256M) 5.759ms
[4.413s][info][gc] GC(13) Concurrent Mark Cycle
[4.513s][info][gc] GC(13) Pause Remark 73M->73M(256M) 13.464ms
[4.541s][info][gc] GC(13) Pause Cleanup 75M->75M(256M) 0.129ms
[4.541s][info][gc] GC(13) Concurrent Mark Cycle 128.817ms
[5.143s][info][gc] GC(14) Pause Young (Concurrent Start) (CodeCache GC Threshold) 121M->72M(256M) 6.104ms
[5.143s][info][gc] GC(15) Concurrent Mark Cycle
[5.204s][info][gc] GC(15) Pause Remark 78M->78M(256M) 2.787ms
[5.239s][info][gc] GC(15) Pause Cleanup 80M->80M(256M) 0.178ms
[5.240s][info][gc] GC(15) Concurrent Mark Cycle 96.729ms
[6.522s][info][gc] GC(16) Pause Young (Concurrent Start) (CodeCache GC Threshold) 160M->74M(256M) 12.178ms
[6.522s][info][gc] GC(17) Concurrent Mark Cycle
[6.566s][info][gc] GC(17) Pause Remark 76M->76M(256M) 4.370ms
[6.603s][info][gc] GC(17) Pause Cleanup 78M->78M(256M) 0.194ms
[6.604s][info][gc] GC(17) Concurrent Mark Cycle 81.691ms
[7.118s][info][gc] GC(18) Pause Young (Concurrent Start) (CodeCache GC Threshold) 117M->77M(256M) 11.107ms
[7.118s][info][gc] GC(19) Concurrent Mark Cycle
[7.183s][info][gc] GC(19) Pause Remark 80M->74M(256M) 4.754ms
[7.218s][info][gc] GC(19) Pause Cleanup 76M->76M(256M) 0.195ms
[7.219s][info][gc] GC(19) Concurrent Mark Cycle 100.812ms
[7.649s][info][gc] GC(20) Pause Young (Concurrent Start) (CodeCache GC Threshold) 101M->72M(256M) 7.642ms
[7.649s][info][gc] GC(21) Concurrent Mark Cycle
[7.692s][info][gc] GC(21) Pause Remark 75M->75M(256M) 4.127ms
[7.721s][info][gc] GC(21) Pause Cleanup 76M->76M(256M) 0.152ms
[7.721s][info][gc] GC(21) Concurrent Mark Cycle 71.468ms
[8.345s][info][gc] GC(22) Pause Young (Concurrent Start) (CodeCache GC Threshold) 107M->74M(256M) 12.580ms
[8.346s][info][gc] GC(23) Concurrent Mark Cycle
[8.402s][info][gc] GC(23) Pause Remark 85M->85M(256M) 4.862ms
[8.435s][info][gc] GC(23) Pause Cleanup 91M->91M(256M) 0.185ms
[8.435s][info][gc] GC(23) Concurrent Mark Cycle 89.444ms
[30.201s][info][gc] GC(24) Pause Young (Prepare Mixed) (G1 Evacuation Pause) 203M->85M(256M) 12.013ms
[30.212s][info][gc] GC(25) Pause Young (Mixed) (G1 Evacuation Pause) 86M->83M(256M) 9.507ms
[30.542s][info][gc] GC(26) Pause Young (Concurrent Start) (CodeCache GC Threshold) 116M->94M(256M) 7.890ms
[30.542s][info][gc] GC(27) Concurrent Mark Cycle
[30.632s][info][gc] GC(27) Pause Remark 111M->111M(256M) 31.822ms
[30.680s][info][gc] GC(27) Pause Cleanup 114M->114M(256M) 0.190ms
[30.681s][info][gc] GC(27) Concurrent Mark Cycle 139.411ms
[31.450s][info][gc] GC(28) Pause Young (Concurrent Start) (CodeCache GC Threshold) 159M->98M(256M) 12.161ms
[31.450s][info][gc] GC(29) Concurrent Mark Cycle
[31.521s][info][gc] GC(29) Pause Remark 107M->107M(256M) 14.551ms
[31.579s][info][gc] GC(29) Pause Cleanup 112M->112M(256M) 0.171ms
[31.579s][info][gc] GC(29) Concurrent Mark Cycle 129.209ms
[31.851s][info][gc] GC(30) Pause Young (Concurrent Start) (CodeCache GC Threshold) 126M->99M(256M) 6.912ms
[31.851s][info][gc] GC(31) Concurrent Mark Cycle
[31.926s][info][gc] GC(31) Pause Remark 109M->109M(256M) 4.992ms
[31.982s][info][gc] GC(31) Pause Cleanup 112M->112M(256M) 0.216ms
[31.984s][info][gc] GC(31) Concurrent Mark Cycle 133.143ms
[32.839s][info][gc] GC(32) Pause Young (Concurrent Start) (CodeCache GC Threshold) 159M->104M(256M) 11.089ms
[32.839s][info][gc] GC(33) Concurrent Mark Cycle
[32.914s][info][gc] GC(33) Pause Remark 114M->114M(256M) 4.380ms
[32.963s][info][gc] GC(33) Pause Cleanup 116M->116M(256M) 0.190ms
[32.964s][info][gc] GC(33) Concurrent Mark Cycle 124.551ms
[34.622s][info][gc] GC(34) Pause Young (Prepare Mixed) (G1 Evacuation Pause) 198M->110M(256M) 12.942ms
[34.640s][info][gc] GC(35) Pause Young (Mixed) (G1 Evacuation Pause) 111M->108M(256M) 16.825ms
[34.857s][info][gc] GC(36) Pause Young (Concurrent Start) (CodeCache GC Threshold) 121M->109M(256M) 6.133ms
[34.857s][info][gc] GC(37) Concurrent Mark Cycle
[34.937s][info][gc] GC(37) Pause Remark 115M->115M(256M) 4.548ms
[34.995s][info][gc] GC(37) Pause Cleanup 119M->119M(256M) 0.268ms
[34.996s][info][gc] GC(37) Concurrent Mark Cycle 138.309ms
[36.717s][info][gc] GC(38) Pause Young (Prepare Mixed) (G1 Evacuation Pause) 199M->120M(256M) 21.630ms
[36.735s][info][gc] GC(39) Pause Young (Mixed) (G1 Evacuation Pause) 121M->107M(256M) 15.504ms
[38.314s][info][gc] GC(40) Pause Young (Concurrent Start) (G1 Evacuation Pause) 198M->116M(256M) 15.885ms
[38.314s][info][gc] GC(41) Concurrent Mark Cycle
[38.388s][info][gc] GC(41) Pause Remark 122M->121M(256M) 5.535ms
[38.444s][info][gc] GC(41) Pause Cleanup 123M->123M(256M) 0.327ms
[38.445s][info][gc] GC(41) Concurrent Mark Cycle 130.646ms
[38.663s][info][gc] GC(42) Pause Young (Concurrent Start) (CodeCache GC Threshold) 135M->116M(256M) 12.196ms
[38.663s][info][gc] GC(43) Concurrent Mark Cycle
[38.727s][info][gc] GC(43) Pause Remark 119M->119M(256M) 5.339ms
[38.792s][info][gc] GC(43) Pause Cleanup 124M->124M(256M) 0.260ms
[38.792s][info][gc] GC(43) Concurrent Mark Cycle 129.436ms
[40.388s][info][gc] GC(44) Pause Young (Prepare Mixed) (G1 Evacuation Pause) 200M->125M(256M) 16.073ms
[40.411s][info][gc] GC(45) Pause Young (Mixed) (G1 Evacuation Pause) 126M->117M(256M) 20.800ms
[41.856s][info][gc] GC(46) Pause Young (Concurrent Start) (G1 Evacuation Pause) 201M->125M(256M) 14.213ms
[41.856s][info][gc] GC(47) Concurrent Mark Cycle
[41.919s][info][gc] GC(47) Pause Remark 129M->126M(256M) 4.585ms
[41.979s][info][gc] GC(47) Pause Cleanup 132M->132M(256M) 0.241ms
[41.979s][info][gc] GC(47) Concurrent Mark Cycle 123.560ms
[43.384s][info][gc] GC(48) Pause Young (Prepare Mixed) (G1 Evacuation Pause) 200M->128M(256M) 14.177ms
[43.440s][info][gc] GC(49) Pause Young (Mixed) (G1 Evacuation Pause) 130M->107M(256M) 11.435ms
[45.013s][info][gc] GC(50) Pause Young (Concurrent Start) (G1 Evacuation Pause) 200M->116M(289M) 19.903ms
[45.013s][info][gc] GC(51) Concurrent Mark Cycle
[45.074s][info][gc] GC(51) Pause Remark 119M->119M(289M) 5.515ms
[45.131s][info][gc] GC(51) Pause Cleanup 122M->122M(289M) 0.290ms
[45.132s][info][gc] GC(51) Concurrent Mark Cycle 118.206ms
[47.205s][info][gc] GC(52) Pause Young (Prepare Mixed) (G1 Evacuation Pause) 226M->121M(289M) 18.587ms
[47.239s][info][gc] GC(53) Pause Young (Mixed) (G1 Evacuation Pause) 124M->111M(289M) 12.902ms
[49.212s][info][gc] GC(54) Pause Young (Normal) (G1 Evacuation Pause) 226M->122M(289M) 16.319ms
[51.320s][info][gc] GC(55) Pause Young (Normal) (G1 Evacuation Pause) 228M->125M(289M) 16.410ms
[53.403s][info][gc] GC(56) Pause Young (Concurrent Start) (G1 Evacuation Pause) 230M->127M(289M) 15.921ms
[53.403s][info][gc] GC(57) Concurrent Mark Cycle
[53.467s][info][gc] GC(57) Pause Remark 131M->126M(289M) 5.301ms
[53.520s][info][gc] GC(57) Pause Cleanup 129M->129M(289M) 0.294ms
[53.520s][info][gc] GC(57) Concurrent Mark Cycle 117.109ms
[55.493s][info][gc] GC(58) Pause Young (Prepare Mixed) (G1 Evacuation Pause) 227M->123M(289M) 14.851ms
[55.557s][info][gc] GC(59) Pause Young (Mixed) (G1 Evacuation Pause) 127M->103M(289M) 11.221ms
[57.720s][info][gc] GC(60) Pause Young (Normal) (G1 Evacuation Pause) 228M->116M(289M) 17.270ms
[59.984s][info][gc] GC(61) Pause Young (Normal) (G1 Evacuation Pause) 230M->118M(289M) 20.969ms
[62.260s][info][gc] GC(62) Pause Young (Concurrent Start) (G1 Evacuation Pause) 231M->119M(289M) 16.492ms
[62.260s][info][gc] GC(63) Concurrent Mark Cycle
[62.326s][info][gc] GC(63) Pause Remark 124M->123M(289M) 5.391ms
[62.376s][info][gc] GC(63) Pause Cleanup 125M->125M(289M) 0.319ms
[62.376s][info][gc] GC(63) Concurrent Mark Cycle 115.558ms
[64.521s][info][gc] GC(64) Pause Young (Prepare Mixed) (G1 Evacuation Pause) 231M->118M(289M) 15.398ms
[64.585s][info][gc] GC(65) Pause Young (Mixed) (G1 Evacuation Pause) 122M->101M(289M) 11.369ms
[66.813s][info][gc] GC(66) Pause Young (Normal) (G1 Evacuation Pause) 230M->113M(289M) 16.530ms
[69.145s][info][gc] GC(67) Pause Young (Normal) (G1 Evacuation Pause) 230M->115M(289M) 17.257ms
[71.478s][info][gc] GC(68) Pause Young (Concurrent Start) (G1 Evacuation Pause) 231M->116M(289M) 18.458ms
[71.478s][info][gc] GC(69) Concurrent Mark Cycle
[71.571s][info][gc] GC(69) Pause Remark 121M->121M(289M) 28.619ms
[71.612s][info][gc] GC(69) Pause Cleanup 125M->125M(289M) 0.298ms
[71.613s][info][gc] GC(69) Concurrent Mark Cycle 134.935ms
[73.807s][info][gc] GC(70) Pause Young (Prepare Mixed) (G1 Evacuation Pause) 232M->116M(289M) 15.129ms
[73.896s][info][gc] GC(71) Pause Young (Mixed) (G1 Evacuation Pause) 120M->99M(289M) 11.917ms
[76.128s][info][gc] GC(72) Pause Young (Normal) (G1 Evacuation Pause) 230M->112M(289M) 16.579ms
[78.482s][info][gc] GC(73) Pause Young (Normal) (G1 Evacuation Pause) 230M->114M(289M) 16.557ms
[80.869s][info][gc] GC(74) Pause Young (Concurrent Start) (G1 Evacuation Pause) 232M->115M(289M) 15.911ms
[80.869s][info][gc] GC(75) Concurrent Mark Cycle
[80.955s][info][gc] GC(75) Pause Remark 120M->120M(289M) 5.704ms
[80.994s][info][gc] GC(75) Pause Cleanup 123M->123M(289M) 0.231ms
[80.995s][info][gc] GC(75) Concurrent Mark Cycle 125.786ms
[83.249s][info][gc] GC(76) Pause Young (Prepare Mixed) (G1 Evacuation Pause) 233M->115M(289M) 14.953ms
[83.295s][info][gc] GC(77) Pause Young (Mixed) (G1 Evacuation Pause) 118M->99M(289M) 11.543ms
[85.527s][info][gc] GC(78) Pause Young (Normal) (G1 Evacuation Pause) 230M->112M(289M) 15.871ms
[87.903s][info][gc] GC(79) Pause Young (Normal) (G1 Evacuation Pause) 230M->114M(289M) 17.469ms
[90.273s][info][gc] GC(80) Pause Young (Concurrent Start) (G1 Evacuation Pause) 232M->114M(289M) 21.904ms
[90.273s][info][gc] GC(81) Concurrent Mark Cycle
[90.349s][info][gc] GC(81) Pause Remark 120M->119M(289M) 5.138ms
[90.387s][info][gc] GC(81) Pause Cleanup 121M->121M(289M) 0.235ms
[90.388s][info][gc] GC(81) Concurrent Mark Cycle 114.569ms
[92.645s][info][gc] GC(82) Pause Young (Prepare Mixed) (G1 Evacuation Pause) 231M->114M(289M) 20.366ms
[92.685s][info][gc] GC(83) Pause Young (Mixed) (G1 Evacuation Pause) 117M->101M(289M) 24.022ms
[94.923s][info][gc] GC(84) Pause Young (Normal) (G1 Evacuation Pause) 231M->114M(289M) 25.393ms
[97.262s][info][gc] GC(85) Pause Young (Normal) (G1 Evacuation Pause) 231M->116M(289M) 17.610ms
[99.601s][info][gc] GC(86) Pause Young (Concurrent Start) (G1 Evacuation Pause) 233M->116M(289M) 20.143ms
[99.601s][info][gc] GC(87) Concurrent Mark Cycle
[99.679s][info][gc] GC(87) Pause Remark 120M->120M(289M) 5.280ms
[99.722s][info][gc] GC(87) Pause Cleanup 124M->124M(289M) 0.229ms
[99.722s][info][gc] GC(87) Concurrent Mark Cycle 120.898ms
[101.934s][info][gc] GC(88) Pause Young (Prepare Mixed) (G1 Evacuation Pause) 232M->117M(289M) 16.215ms
[102.004s][info][gc] GC(89) Pause Young (Mixed) (G1 Evacuation Pause) 120M->99M(289M) 12.780ms
[104.236s][info][gc] GC(90) Pause Young (Normal) (G1 Evacuation Pause) 230M->112M(289M) 17.699ms
[106.596s][info][gc] GC(91) Pause Young (Normal) (G1 Evacuation Pause) 230M->114M(289M) 15.713ms
[108.954s][info][gc] GC(92) Pause Young (Concurrent Start) (G1 Evacuation Pause) 231M->115M(289M) 14.844ms
[108.954s][info][gc] GC(93) Concurrent Mark Cycle
[109.022s][info][gc] GC(93) Pause Remark 120M->119M(289M) 5.362ms
[109.063s][info][gc] GC(93) Pause Cleanup 121M->121M(289M) 0.259ms
[109.064s][info][gc] GC(93) Concurrent Mark Cycle 109.397ms
[111.315s][info][gc] GC(94) Pause Young (Prepare Mixed) (G1 Evacuation Pause) 232M->114M(289M) 15.075ms
[111.376s][info][gc] GC(95) Pause Young (Mixed) (G1 Evacuation Pause) 117M->100M(289M) 10.793ms
[113.607s][info][gc] GC(96) Pause Young (Normal) (G1 Evacuation Pause) 231M->112M(289M) 15.395ms
[115.974s][info][gc] GC(97) Pause Young (Normal) (G1 Evacuation Pause) 230M->114M(289M) 17.107ms
[118.326s][info][gc] GC(98) Pause Young (Concurrent Start) (G1 Evacuation Pause) 231M->114M(289M) 16.406ms
[118.326s][info][gc] GC(99) Concurrent Mark Cycle
[118.411s][info][gc] GC(99) Pause Remark 118M->118M(289M) 27.787ms
[118.458s][info][gc] GC(99) Pause Cleanup 123M->123M(289M) 0.377ms
[118.459s][info][gc] GC(99) Concurrent Mark Cycle 133.218ms
[120.695s][info][gc] GC(100) Pause Young (Prepare Mixed) (G1 Evacuation Pause) 232M->114M(289M) 21.170ms
[120.754s][info][gc] GC(101) Pause Young (Mixed) (G1 Evacuation Pause) 118M->99M(289M) 13.132ms
[123.057s][info][gc] GC(102) Pause Young (Normal) (G1 Evacuation Pause) 231M->112M(289M) 20.615ms
[125.392s][info][gc] GC(103) Pause Young (Normal) (G1 Evacuation Pause) 230M->113M(289M) 16.998ms
[127.797s][info][gc] GC(104) Pause Young (Concurrent Start) (G1 Evacuation Pause) 231M->114M(289M) 16.225ms
[127.798s][info][gc] GC(105) Concurrent Mark Cycle
[127.889s][info][gc] GC(105) Pause Remark 120M->120M(289M) 5.073ms
[127.941s][info][gc] GC(105) Pause Cleanup 123M->123M(289M) 0.350ms
[127.942s][info][gc] GC(105) Concurrent Mark Cycle 144.305ms
[130.140s][info][gc] GC(106) Pause Young (Prepare Mixed) (G1 Evacuation Pause) 232M->114M(289M) 15.684ms
[130.224s][info][gc] GC(107) Pause Young (Mixed) (G1 Evacuation Pause) 117M->100M(289M) 13.056ms
[132.459s][info][gc] GC(108) Pause Young (Normal) (G1 Evacuation Pause) 232M->113M(289M) 16.642ms
[134.863s][info][gc] GC(109) Pause Young (Normal) (G1 Evacuation Pause) 231M->114M(289M) 17.925ms
[137.200s][info][gc] GC(110) Pause Young (Concurrent Start) (G1 Evacuation Pause) 232M->115M(289M) 15.630ms
[137.200s][info][gc] GC(111) Concurrent Mark Cycle
[137.267s][info][gc] GC(111) Pause Remark 117M->117M(289M) 4.995ms
[137.317s][info][gc] GC(111) Pause Cleanup 122M->122M(289M) 0.251ms
[137.317s][info][gc] GC(111) Concurrent Mark Cycle 117.330ms
[139.604s][info][gc] GC(112) Pause Young (Prepare Mixed) (G1 Evacuation Pause) 233M->115M(289M) 15.628ms
[139.633s][info][gc] GC(113) Pause Young (Mixed) (G1 Evacuation Pause) 118M->102M(289M) 20.604ms
[141.863s][info][gc] GC(114) Pause Young (Normal) (G1 Evacuation Pause) 232M->114M(289M) 16.411ms
[144.225s][info][gc] GC(115) Pause Young (Normal) (G1 Evacuation Pause) 231M->116M(289M) 15.851ms
[146.559s][info][gc] GC(116) Pause Young (Concurrent Start) (G1 Evacuation Pause) 232M->117M(289M) 18.927ms
[146.559s][info][gc] GC(117) Concurrent Mark Cycle
[146.638s][info][gc] GC(117) Pause Remark 121M->119M(289M) 22.869ms
[146.691s][info][gc] GC(117) Pause Cleanup 124M->124M(289M) 0.338ms
[146.692s][info][gc] GC(117) Concurrent Mark Cycle 133.110ms
[148.895s][info][gc] GC(118) Pause Young (Prepare Mixed) (G1 Evacuation Pause) 231M->115M(289M) 20.940ms
[148.963s][info][gc] GC(119) Pause Young (Mixed) (G1 Evacuation Pause) 119M->100M(289M) 11.501ms
[151.200s][info][gc] GC(120) Pause Young (Normal) (G1 Evacuation Pause) 231M->113M(289M) 17.172ms
[153.539s][info][gc] GC(121) Pause Young (Normal) (G1 Evacuation Pause) 231M->115M(289M) 17.168ms
[155.911s][info][gc] GC(122) Pause Young (Normal) (G1 Evacuation Pause) 232M->115M(289M) 15.307ms
[158.258s][info][gc] GC(123) Pause Young (Normal) (G1 Evacuation Pause) 232M->116M(289M) 18.864ms
[160.595s][info][gc] GC(124) Pause Young (Normal) (G1 Evacuation Pause) 233M->116M(289M) 20.013ms
[162.968s][info][gc] GC(125) Pause Young (Normal) (G1 Evacuation Pause) 233M->116M(289M) 15.150ms
[165.339s][info][gc] GC(126) Pause Young (Normal) (G1 Evacuation Pause) 234M->116M(289M) 21.471ms
[167.716s][info][gc] GC(127) Pause Young (Normal) (G1 Evacuation Pause) 234M->116M(289M) 14.424ms
[170.117s][info][gc] GC(128) Pause Young (Normal) (G1 Evacuation Pause) 235M->117M(289M) 14.617ms
[172.468s][info][gc] GC(129) Pause Young (Normal) (G1 Evacuation Pause) 234M->117M(289M) 25.416ms
[174.856s][info][gc] GC(130) Pause Young (Normal) (G1 Evacuation Pause) 235M->117M(289M) 15.265ms
[177.214s][info][gc] GC(131) Pause Young (Normal) (G1 Evacuation Pause) 235M->117M(289M) 17.105ms
[179.597s][info][gc] GC(132) Pause Young (Normal) (G1 Evacuation Pause) 235M->117M(289M) 14.985ms
[181.988s][info][gc] GC(133) Pause Young (Normal) (G1 Evacuation Pause) 235M->118M(289M) 14.741ms
[184.342s][info][gc] GC(134) Pause Young (Normal) (G1 Evacuation Pause) 236M->118M(289M) 16.404ms
[186.730s][info][gc] GC(135) Pause Young (Normal) (G1 Evacuation Pause) 236M->118M(289M) 15.865ms
[189.083s][info][gc] GC(136) Pause Young (Normal) (G1 Evacuation Pause) 235M->118M(289M) 15.106ms
[191.449s][info][gc] GC(137) Pause Young (Normal) (G1 Evacuation Pause) 235M->118M(289M) 15.191ms
[193.798s][info][gc] GC(138) Pause Young (Normal) (G1 Evacuation Pause) 235M->118M(289M) 15.893ms
[196.143s][info][gc] GC(139) Pause Young (Normal) (G1 Evacuation Pause) 235M->118M(289M) 17.890ms
[198.500s][info][gc] GC(140) Pause Young (Normal) (G1 Evacuation Pause) 235M->119M(289M) 15.151ms
[200.849s][info][gc] GC(141) Pause Young (Normal) (G1 Evacuation Pause) 236M->118M(289M) 14.749ms
[203.218s][info][gc] GC(142) Pause Young (Normal) (G1 Evacuation Pause) 235M->119M(289M) 14.316ms
[205.548s][info][gc] GC(143) Pause Young (Normal) (G1 Evacuation Pause) 235M->119M(289M) 15.194ms
[207.878s][info][gc] GC(144) Pause Young (Normal) (G1 Evacuation Pause) 235M->119M(289M) 15.328ms
[210.207s][info][gc] GC(145) Pause Young (Normal) (G1 Evacuation Pause) 235M->120M(289M) 14.847ms
[212.540s][info][gc] GC(146) Pause Young (Normal) (G1 Evacuation Pause) 236M->120M(289M) 17.163ms
[214.866s][info][gc] GC(147) Pause Young (Normal) (G1 Evacuation Pause) 236M->120M(289M) 14.511ms
[217.201s][info][gc] GC(148) Pause Young (Normal) (G1 Evacuation Pause) 235M->121M(289M) 22.975ms
[219.464s][info][gc] GC(149) Pause Young (Normal) (G1 Evacuation Pause) 235M->121M(289M) 15.386ms
[221.790s][info][gc] GC(150) Pause Young (Normal) (G1 Evacuation Pause) 236M->122M(289M) 14.387ms
[224.066s][info][gc] GC(151) Pause Young (Normal) (G1 Evacuation Pause) 236M->122M(289M) 15.160ms
[226.363s][info][gc] GC(152) Pause Young (Normal) (G1 Evacuation Pause) 236M->122M(289M) 14.702ms
[228.640s][info][gc] GC(153) Pause Young (Normal) (G1 Evacuation Pause) 235M->123M(289M) 15.053ms
[230.901s][info][gc] GC(154) Pause Young (Normal) (G1 Evacuation Pause) 236M->123M(289M) 14.798ms
[233.162s][info][gc] GC(155) Pause Young (Normal) (G1 Evacuation Pause) 235M->124M(289M) 18.488ms
[235.399s][info][gc] GC(156) Pause Young (Normal) (G1 Evacuation Pause) 236M->125M(289M) 14.745ms
[237.648s][info][gc] GC(157) Pause Young (Normal) (G1 Evacuation Pause) 237M->126M(289M) 14.788ms
[239.841s][info][gc] GC(158) Pause Young (Normal) (G1 Evacuation Pause) 236M->126M(289M) 17.495ms
[242.085s][info][gc] GC(159) Pause Young (Normal) (G1 Evacuation Pause) 237M->127M(289M) 15.265ms
[244.276s][info][gc] GC(160) Pause Young (Normal) (G1 Evacuation Pause) 237M->128M(289M) 14.542ms
[246.464s][info][gc] GC(161) Pause Young (Normal) (G1 Evacuation Pause) 237M->129M(289M) 14.950ms
[248.631s][info][gc] GC(162) Pause Young (Normal) (G1 Evacuation Pause) 237M->130M(289M) 15.099ms
[250.761s][info][gc] GC(163) Pause Young (Normal) (G1 Evacuation Pause) 237M->131M(289M) 15.419ms
[252.892s][info][gc] GC(164) Pause Young (Normal) (G1 Evacuation Pause) 237M->132M(289M) 18.811ms
[254.978s][info][gc] GC(165) Pause Young (Normal) (G1 Evacuation Pause) 237M->134M(289M) 15.188ms
[257.031s][info][gc] GC(166) Pause Young (Normal) (G1 Evacuation Pause) 237M->135M(289M) 15.507ms
[259.064s][info][gc] GC(167) Pause Young (Normal) (G1 Evacuation Pause) 237M->137M(289M) 20.229ms
[261.070s][info][gc] GC(168) Pause Young (Normal) (G1 Evacuation Pause) 238M->138M(289M) 17.439ms
[263.032s][info][gc] GC(169) Pause Young (Normal) (G1 Evacuation Pause) 237M->141M(289M) 15.958ms
[264.962s][info][gc] GC(170) Pause Young (Normal) (G1 Evacuation Pause) 238M->142M(289M) 15.748ms
[266.830s][info][gc] GC(171) Pause Young (Normal) (G1 Evacuation Pause) 237M->145M(289M) 15.179ms
[268.679s][info][gc] GC(172) Pause Young (Normal) (G1 Evacuation Pause) 238M->147M(289M) 15.187ms
[270.462s][info][gc] GC(173) Pause Young (Normal) (G1 Evacuation Pause) 238M->150M(289M) 15.041ms
[272.189s][info][gc] GC(174) Pause Young (Normal) (G1 Evacuation Pause) 238M->153M(289M) 15.694ms
[273.844s][info][gc] GC(175) Pause Young (Normal) (G1 Evacuation Pause) 238M->156M(289M) 18.407ms
[275.428s][info][gc] GC(176) Pause Young (Normal) (G1 Evacuation Pause) 238M->160M(289M) 14.798ms
[276.953s][info][gc] GC(177) Pause Young (Normal) (G1 Evacuation Pause) 239M->164M(289M) 14.614ms
[278.387s][info][gc] GC(178) Pause Young (Normal) (G1 Evacuation Pause) 239M->168M(289M) 15.558ms
[279.764s][info][gc] GC(179) Pause Young (Normal) (G1 Evacuation Pause) 239M->173M(289M) 14.846ms
[281.052s][info][gc] GC(180) Pause Young (Normal) (G1 Evacuation Pause) 241M->178M(289M) 15.138ms
[282.232s][info][gc] GC(181) Pause Young (Normal) (G1 Evacuation Pause) 241M->184M(289M) 13.859ms
[283.307s][info][gc] GC(182) Pause Young (Normal) (G1 Evacuation Pause) 242M->189M(289M) 15.270ms
[284.300s][info][gc] GC(183) Pause Young (Normal) (G1 Evacuation Pause) 242M->194M(289M) 13.384ms
[285.164s][info][gc] GC(184) Pause Young (Normal) (G1 Evacuation Pause) 243M->199M(289M) 12.757ms
[285.968s][info][gc] GC(185) Pause Young (Normal) (G1 Evacuation Pause) 244M->203M(289M) 13.842ms
[286.709s][info][gc] GC(186) Pause Young (Normal) (G1 Evacuation Pause) 245M->207M(289M) 11.337ms
[287.339s][info][gc] GC(187) Pause Young (Normal) (G1 Evacuation Pause) 245M->210M(289M) 12.137ms
[287.956s][info][gc] GC(188) Pause Young (Normal) (G1 Evacuation Pause) 246M->213M(289M) 10.589ms
[288.535s][info][gc] GC(189) Pause Young (Normal) (G1 Evacuation Pause) 246M->216M(289M) 13.129ms
[289.052s][info][gc] GC(190) Pause Young (Normal) (G1 Evacuation Pause) 247M->219M(289M) 9.603ms
[289.553s][info][gc] GC(191) Pause Young (Normal) (G1 Evacuation Pause) 248M->222M(289M) 10.858ms
[289.977s][info][gc] GC(192) Pause Young (Normal) (G1 Evacuation Pause) 248M->224M(289M) 10.377ms
[290.397s][info][gc] GC(193) Pause Young (Normal) (G1 Evacuation Pause) 249M->226M(289M) 9.184ms
[290.793s][info][gc] GC(194) Pause Young (Normal) (G1 Evacuation Pause) 249M->228M(289M) 9.251ms
[291.172s][info][gc] GC(195) Pause Young (Normal) (G1 Evacuation Pause) 250M->230M(289M) 8.911ms
[291.507s][info][gc] GC(196) Pause Young (Normal) (G1 Evacuation Pause) 250M->232M(289M) 8.421ms
[291.819s][info][gc] GC(197) Pause Young (Concurrent Start) (G1 Evacuation Pause) 250M->234M(289M) 9.312ms
[291.819s][info][gc] GC(198) Concurrent Mark Cycle
[291.933s][info][gc] GC(198) Pause Remark 240M->164M(289M) 19.897ms
[291.997s][info][gc] GC(198) Pause Cleanup 169M->169M(289M) 0.306ms
[291.998s][info][gc] GC(198) Concurrent Mark Cycle 179.158ms
[292.088s][info][gc] GC(199) Pause Young (Prepare Mixed) (G1 Evacuation Pause) 175M->159M(289M) 7.224ms
[292.286s][info][gc] GC(200) Pause Young (Mixed) (G1 Evacuation Pause) 170M->131M(289M) 6.949ms
[292.498s][info][gc] GC(201) Pause Young (Mixed) (G1 Evacuation Pause) 143M->107M(289M) 10.181ms
[292.709s][info][gc] GC(202) Pause Young (Mixed) (G1 Evacuation Pause) 119M->107M(289M) 9.123ms
[294.742s][info][gc] GC(203) Pause Young (Normal) (G1 Evacuation Pause) 226M->119M(289M) 18.804ms
[296.876s][info][gc] GC(204) Pause Young (Normal) (G1 Evacuation Pause) 228M->120M(289M) 16.902ms
[299.056s][info][gc] GC(205) Pause Young (Normal) (G1 Evacuation Pause) 229M->122M(289M) 14.772ms
[301.217s][info][gc] GC(206) Pause Young (Normal) (G1 Evacuation Pause) 231M->123M(289M) 18.121ms
[303.400s][info][gc] GC(207) Pause Young (Normal) (G1 Evacuation Pause) 232M->124M(289M) 17.744ms
[305.558s][info][gc] GC(208) Pause Young (Normal) (G1 Evacuation Pause) 233M->125M(289M) 18.266ms
[307.737s][info][gc] GC(209) Pause Young (Normal) (G1 Evacuation Pause) 233M->126M(289M) 15.766ms
[309.872s][info][gc] GC(210) Pause Young (Normal) (G1 Evacuation Pause) 234M->128M(289M) 15.428ms
[312.005s][info][gc] GC(211) Pause Young (Normal) (G1 Evacuation Pause) 235M->129M(289M) 15.445ms
[314.162s][info][gc] GC(212) Pause Young (Normal) (G1 Evacuation Pause) 236M->130M(289M) 15.232ms
[316.287s][info][gc] GC(213) Pause Young (Normal) (G1 Evacuation Pause) 236M->131M(289M) 14.701ms
[318.360s][info][gc] GC(214) Pause Young (Normal) (G1 Evacuation Pause) 236M->132M(289M) 17.262ms
[320.434s][info][gc] GC(215) Pause Young (Normal) (G1 Evacuation Pause) 236M->134M(289M) 14.855ms
[322.495s][info][gc] GC(216) Pause Young (Normal) (G1 Evacuation Pause) 237M->135M(289M) 15.127ms
[324.477s][info][gc] GC(217) Pause Young (Normal) (G1 Evacuation Pause) 236M->137M(289M) 13.951ms
[326.478s][info][gc] GC(218) Pause Young (Normal) (G1 Evacuation Pause) 237M->139M(289M) 14.895ms
[328.438s][info][gc] GC(219) Pause Young (Normal) (G1 Evacuation Pause) 237M->141M(289M) 14.173ms
[330.317s][info][gc] GC(220) Pause Young (Normal) (G1 Evacuation Pause) 237M->143M(289M) 15.122ms
[331.780s][info][gc] GC(221) Pause Young (Normal) (G1 Evacuation Pause) 237M->159M(289M) 23.147ms
[333.206s][info][gc] GC(222) Pause Young (Normal) (G1 Evacuation Pause) 229M->167M(289M) 17.707ms
[333.699s][info][gc] GC(223) Pause Young (Concurrent Start) (CodeCache GC Threshold) 194M->170M(289M) 10.087ms
[333.699s][info][gc] GC(224) Concurrent Mark Cycle
[333.780s][info][gc] GC(224) Pause Remark 176M->150M(289M) 5.658ms
[333.838s][info][gc] GC(224) Pause Cleanup 154M->154M(289M) 0.246ms
[333.839s][info][gc] GC(224) Concurrent Mark Cycle 139.393ms
[334.836s][info][gc] GC(225) Pause Young (Prepare Mixed) (G1 Evacuation Pause) 206M->150M(289M) 13.250ms
[334.932s][info][gc] GC(226) Pause Young (Mixed) (G1 Evacuation Pause) 155M->124M(289M) 10.865ms
[335.141s][info][gc] GC(227) Pause Young (Mixed) (G1 Evacuation Pause) 136M->122M(289M) 8.367ms
[336.870s][info][gc] GC(228) Pause Young (Normal) (G1 Evacuation Pause) 223M->132M(289M) 17.121ms
[338.678s][info][gc] GC(229) Pause Young (Normal) (G1 Evacuation Pause) 225M->136M(289M) 16.998ms
[340.483s][info][gc] GC(230) Pause Young (Normal) (G1 Evacuation Pause) 228M->139M(289M) 15.719ms
[342.258s][info][gc] GC(231) Pause Young (Normal) (G1 Evacuation Pause) 230M->142M(289M) 17.019ms
[344.019s][info][gc] GC(232) Pause Young (Normal) (G1 Evacuation Pause) 232M->145M(289M) 16.046ms
[345.742s][info][gc] GC(233) Pause Young (Normal) (G1 Evacuation Pause) 233M->148M(289M) 14.059ms
[347.402s][info][gc] GC(234) Pause Young (Normal) (G1 Evacuation Pause) 234M->152M(289M) 15.678ms
[349.056s][info][gc] GC(235) Pause Young (Normal) (G1 Evacuation Pause) 236M->155M(289M) 15.764ms
[350.614s][info][gc] GC(236) Pause Young (Normal) (G1 Evacuation Pause) 236M->159M(289M) 15.310ms
[352.136s][info][gc] GC(237) Pause Young (Normal) (G1 Evacuation Pause) 237M->163M(289M) 15.636ms
[353.565s][info][gc] GC(238) Pause Young (Normal) (G1 Evacuation Pause) 238M->167M(289M) 14.078ms
[354.965s][info][gc] GC(239) Pause Young (Normal) (G1 Evacuation Pause) 239M->172M(289M) 15.966ms
[356.209s][info][gc] GC(240) Pause Young (Normal) (G1 Evacuation Pause) 239M->177M(289M) 15.718ms
[357.411s][info][gc] GC(241) Pause Young (Normal) (G1 Evacuation Pause) 240M->183M(289M) 15.768ms
[358.501s][info][gc] GC(242) Pause Young (Normal) (G1 Evacuation Pause) 241M->189M(289M) 15.413ms
[359.442s][info][gc] GC(243) Pause Young (Normal) (G1 Evacuation Pause) 242M->193M(289M) 14.850ms
[360.342s][info][gc] GC(244) Pause Young (Normal) (G1 Evacuation Pause) 242M->198M(289M) 15.155ms
[361.163s][info][gc] GC(245) Pause Young (Normal) (G1 Evacuation Pause) 244M->202M(289M) 14.294ms
[361.914s][info][gc] GC(246) Pause Young (Normal) (G1 Evacuation Pause) 244M->206M(289M) 16.291ms
[362.537s][info][gc] GC(247) Pause Young (Normal) (G1 Evacuation Pause) 244M->210M(289M) 12.157ms
[363.154s][info][gc] GC(248) Pause Young (Normal) (G1 Evacuation Pause) 246M->213M(289M) 11.599ms
[363.736s][info][gc] GC(249) Pause Young (Normal) (G1 Evacuation Pause) 246M->216M(289M) 10.404ms
[364.253s][info][gc] GC(250) Pause Young (Normal) (G1 Evacuation Pause) 247M->219M(289M) 9.911ms
[364.753s][info][gc] GC(251) Pause Young (Normal) (G1 Evacuation Pause) 248M->221M(289M) 10.379ms
[365.173s][info][gc] GC(252) Pause Young (Normal) (G1 Evacuation Pause) 247M->223M(289M) 9.666ms
[365.597s][info][gc] GC(253) Pause Young (Normal) (G1 Evacuation Pause) 249M->226M(289M) 9.328ms
[365.998s][info][gc] GC(254) Pause Young (Normal) (G1 Evacuation Pause) 249M->228M(289M) 9.644ms
[366.376s][info][gc] GC(255) Pause Young (Normal) (G1 Evacuation Pause) 250M->230M(289M) 9.309ms
[366.712s][info][gc] GC(256) Pause Young (Normal) (G1 Evacuation Pause) 250M->231M(289M) 8.999ms
[367.047s][info][gc] GC(257) Pause Young (Normal) (G1 Evacuation Pause) 250M->233M(289M) 7.383ms
[367.326s][info][gc] GC(258) Pause Young (Normal) (G1 Evacuation Pause) 250M->235M(289M) 8.877ms
[367.594s][info][gc] GC(259) Pause Young (Normal) (G1 Evacuation Pause) 251M->237M(289M) 8.648ms
[367.838s][info][gc] GC(260) Pause Young (Concurrent Start) (G1 Evacuation Pause) 251M->238M(289M) 8.731ms
[367.838s][info][gc] GC(261) Concurrent Mark Cycle
[367.909s][info][gc] GC(261) Pause Remark 243M->159M(289M) 6.299ms
[367.972s][info][gc] GC(261) Pause Cleanup 163M->163M(289M) 0.286ms
[367.973s][info][gc] GC(261) Concurrent Mark Cycle 134.843ms
[368.059s][info][gc] GC(262) Pause Young (Prepare Mixed) (G1 Evacuation Pause) 167M->155M(289M) 6.078ms
[368.267s][info][gc] GC(263) Pause Young (Mixed) (G1 Evacuation Pause) 167M->128M(289M) 6.375ms
[368.478s][info][gc] GC(264) Pause Young (Mixed) (G1 Evacuation Pause) 140M->106M(289M) 9.017ms
[368.687s][info][gc] GC(265) Pause Young (Mixed) (G1 Evacuation Pause) 118M->105M(289M) 7.440ms
[370.720s][info][gc] GC(266) Pause Young (Normal) (G1 Evacuation Pause) 225M->118M(289M) 17.227ms
[372.884s][info][gc] GC(267) Pause Young (Normal) (G1 Evacuation Pause) 228M->119M(289M) 21.928ms
[375.060s][info][gc] GC(268) Pause Young (Normal) (G1 Evacuation Pause) 229M->120M(289M) 15.813ms
[377.266s][info][gc] GC(269) Pause Young (Normal) (G1 Evacuation Pause) 230M->122M(289M) 15.749ms
[379.454s][info][gc] GC(270) Pause Young (Normal) (G1 Evacuation Pause) 232M->123M(289M) 14.871ms
[381.662s][info][gc] GC(271) Pause Young (Normal) (G1 Evacuation Pause) 233M->123M(289M) 16.112ms
[383.854s][info][gc] GC(272) Pause Young (Normal) (G1 Evacuation Pause) 233M->125M(289M) 18.301ms
[386.026s][info][gc] GC(273) Pause Young (Normal) (G1 Evacuation Pause) 235M->126M(289M) 15.122ms
[388.213s][info][gc] GC(274) Pause Young (Normal) (G1 Evacuation Pause) 235M->127M(289M) 14.925ms
[390.362s][info][gc] GC(275) Pause Young (Normal) (G1 Evacuation Pause) 235M->128M(289M) 14.776ms
[392.529s][info][gc] GC(276) Pause Young (Normal) (G1 Evacuation Pause) 236M->129M(289M) 15.503ms
[394.657s][info][gc] GC(277) Pause Young (Normal) (G1 Evacuation Pause) 236M->130M(289M) 15.264ms
[396.784s][info][gc] GC(278) Pause Young (Normal) (G1 Evacuation Pause) 236M->132M(289M) 14.890ms
[398.876s][info][gc] GC(279) Pause Young (Normal) (G1 Evacuation Pause) 237M->133M(289M) 15.219ms
[400.925s][info][gc] GC(280) Pause Young (Normal) (G1 Evacuation Pause) 237M->135M(289M) 15.191ms
[402.968s][info][gc] GC(281) Pause Young (Normal) (G1 Evacuation Pause) 237M->136M(289M) 15.047ms
[404.961s][info][gc] GC(282) Pause Young (Normal) (G1 Evacuation Pause) 237M->137M(289M) 14.689ms
[406.949s][info][gc] GC(283) Pause Young (Normal) (G1 Evacuation Pause) 237M->139M(289M) 15.747ms
[408.893s][info][gc] GC(284) Pause Young (Normal) (G1 Evacuation Pause) 237M->141M(289M) 12.750ms
[410.782s][info][gc] GC(285) Pause Young (Normal) (G1 Evacuation Pause) 237M->143M(289M) 13.757ms
[412.651s][info][gc] GC(286) Pause Young (Normal) (G1 Evacuation Pause) 237M->146M(289M) 13.669ms
[414.456s][info][gc] GC(287) Pause Young (Normal) (G1 Evacuation Pause) 238M->149M(289M) 13.326ms
[416.215s][info][gc] GC(288) Pause Young (Normal) (G1 Evacuation Pause) 239M->152M(289M) 12.750ms
[417.913s][info][gc] GC(289) Pause Young (Normal) (G1 Evacuation Pause) 239M->155M(289M) 14.186ms
[419.545s][info][gc] GC(290) Pause Young (Normal) (G1 Evacuation Pause) 239M->158M(289M) 13.116ms
[421.112s][info][gc] GC(291) Pause Young (Normal) (G1 Evacuation Pause) 239M->162M(289M) 13.405ms
[422.612s][info][gc] GC(292) Pause Young (Normal) (G1 Evacuation Pause) 239M->166M(289M) 12.427ms
[424.019s][info][gc] GC(293) Pause Young (Normal) (G1 Evacuation Pause) 239M->170M(289M) 14.753ms
[425.344s][info][gc] GC(294) Pause Young (Normal) (G1 Evacuation Pause) 240M->175M(289M) 14.349ms
[426.597s][info][gc] GC(295) Pause Young (Normal) (G1 Evacuation Pause) 241M->181M(289M) 19.916ms
[427.720s][info][gc] GC(296) Pause Young (Normal) (G1 Evacuation Pause) 241M->186M(289M) 14.514ms
[428.760s][info][gc] GC(297) Pause Young (Normal) (G1 Evacuation Pause) 242M->191M(289M) 17.115ms
[429.683s][info][gc] GC(298) Pause Young (Normal) (G1 Evacuation Pause) 242M->196M(289M) 15.591ms
[430.504s][info][gc] GC(299) Pause Young (Normal) (G1 Evacuation Pause) 242M->201M(289M) 13.100ms
[431.265s][info][gc] GC(300) Pause Young (Normal) (G1 Evacuation Pause) 244M->204M(289M) 12.416ms
[431.950s][info][gc] GC(301) Pause Young (Normal) (G1 Evacuation Pause) 244M->208M(289M) 12.237ms
[432.592s][info][gc] GC(302) Pause Young (Normal) (G1 Evacuation Pause) 246M->212M(289M) 11.397ms
[433.174s][info][gc] GC(303) Pause Young (Normal) (G1 Evacuation Pause) 246M->214M(289M) 12.800ms
[433.733s][info][gc] GC(304) Pause Young (Normal) (G1 Evacuation Pause) 247M->217M(289M) 10.834ms
[434.248s][info][gc] GC(305) Pause Young (Normal) (G1 Evacuation Pause) 247M->220M(289M) 10.691ms
[434.715s][info][gc] GC(306) Pause Young (Normal) (G1 Evacuation Pause) 248M->223M(289M) 9.574ms
[435.163s][info][gc] GC(307) Pause Young (Normal) (G1 Evacuation Pause) 249M->225M(289M) 9.492ms
[435.575s][info][gc] GC(308) Pause Young (Normal) (G1 Evacuation Pause) 249M->227M(289M) 9.034ms
[435.932s][info][gc] GC(309) Pause Young (Normal) (G1 Evacuation Pause) 249M->229M(289M) 8.934ms
[436.292s][info][gc] GC(310) Pause Young (Normal) (G1 Evacuation Pause) 250M->231M(289M) 9.197ms
[436.607s][info][gc] GC(311) Pause Young (Normal) (G1 Evacuation Pause) 250M->232M(289M) 8.420ms
[436.917s][info][gc] GC(312) Pause Young (Normal) (G1 Evacuation Pause) 250M->234M(289M) 8.084ms
[437.207s][info][gc] GC(313) Pause Young (Normal) (G1 Evacuation Pause) 251M->236M(289M) 8.276ms
[437.449s][info][gc] GC(314) Pause Young (Normal) (G1 Evacuation Pause) 251M->237M(289M) 7.656ms
[437.696s][info][gc] GC(315) Pause Young (Normal) (G1 Evacuation Pause) 251M->239M(289M) 7.764ms
[437.919s][info][gc] GC(316) Pause Young (Normal) (G1 Evacuation Pause) 252M->239M(289M) 7.289ms
[438.133s][info][gc] GC(317) Pause Young (Normal) (G1 Evacuation Pause) 252M->241M(289M) 7.896ms
[438.345s][info][gc] GC(318) Pause Young (Concurrent Start) (G1 Evacuation Pause) 253M->243M(289M) 10.059ms
[438.345s][info][gc] GC(319) Concurrent Mark Cycle
[438.435s][info][gc] GC(319) Pause Remark 249M->147M(289M) 5.730ms
[438.494s][info][gc] GC(319) Pause Cleanup 151M->151M(289M) 0.328ms
[438.495s][info][gc] GC(319) Concurrent Mark Cycle 150.168ms
[438.553s][info][gc] GC(320) Pause Young (Prepare Mixed) (G1 Evacuation Pause) 153M->142M(289M) 4.892ms
[438.760s][info][gc] GC(321) Pause Young (Mixed) (G1 Evacuation Pause) 154M->115M(289M) 6.046ms
[438.970s][info][gc] GC(322) Pause Young (Mixed) (G1 Evacuation Pause) 127M->104M(289M) 9.011ms
[441.022s][info][gc] GC(323) Pause Young (Normal) (G1 Evacuation Pause) 225M->116M(289M) 20.415ms
[443.212s][info][gc] GC(324) Pause Young (Normal) (G1 Evacuation Pause) 227M->119M(289M) 18.327ms
[445.367s][info][gc] GC(325) Pause Young (Normal) (G1 Evacuation Pause) 228M->120M(289M) 14.950ms
[447.593s][info][gc] GC(326) Pause Young (Normal) (G1 Evacuation Pause) 231M->121M(289M) 14.750ms
[449.777s][info][gc] GC(327) Pause Young (Normal) (G1 Evacuation Pause) 231M->123M(289M) 14.318ms
[451.976s][info][gc] GC(328) Pause Young (Normal) (G1 Evacuation Pause) 233M->124M(289M) 15.726ms
[454.151s][info][gc] GC(329) Pause Young (Normal) (G1 Evacuation Pause) 233M->125M(289M) 13.564ms
[456.317s][info][gc] GC(330) Pause Young (Normal) (G1 Evacuation Pause) 234M->126M(289M) 16.418ms
[458.489s][info][gc] GC(331) Pause Young (Normal) (G1 Evacuation Pause) 235M->127M(289M) 15.056ms
[460.654s][info][gc] GC(332) Pause Young (Normal) (G1 Evacuation Pause) 235M->128M(289M) 15.267ms
[462.806s][info][gc] GC(333) Pause Young (Normal) (G1 Evacuation Pause) 236M->129M(289M) 15.191ms
[464.938s][info][gc] GC(334) Pause Young (Normal) (G1 Evacuation Pause) 236M->130M(289M) 16.674ms
[467.065s][info][gc] GC(335) Pause Young (Normal) (G1 Evacuation Pause) 236M->131M(289M) 14.581ms
[469.151s][info][gc] GC(336) Pause Young (Normal) (G1 Evacuation Pause) 236M->133M(289M) 13.892ms
[471.219s][info][gc] GC(337) Pause Young (Normal) (G1 Evacuation Pause) 237M->134M(289M) 14.271ms
[473.251s][info][gc] GC(338) Pause Young (Normal) (G1 Evacuation Pause) 236M->136M(289M) 15.881ms
[475.256s][info][gc] GC(339) Pause Young (Normal) (G1 Evacuation Pause) 237M->138M(289M) 15.003ms
[477.244s][info][gc] GC(340) Pause Young (Normal) (G1 Evacuation Pause) 238M->140M(289M) 14.798ms
[479.195s][info][gc] GC(341) Pause Young (Normal) (G1 Evacuation Pause) 238M->142M(289M) 15.253ms
[481.081s][info][gc] GC(342) Pause Young (Normal) (G1 Evacuation Pause) 238M->143M(289M) 15.713ms
[482.957s][info][gc] GC(343) Pause Young (Normal) (G1 Evacuation Pause) 237M->146M(289M) 19.905ms
[484.762s][info][gc] GC(344) Pause Young (Normal) (G1 Evacuation Pause) 238M->149M(289M) 16.642ms
[486.526s][info][gc] GC(345) Pause Young (Normal) (G1 Evacuation Pause) 239M->152M(289M) 19.633ms
[488.227s][info][gc] GC(346) Pause Young (Normal) (G1 Evacuation Pause) 239M->155M(289M) 14.829ms
[489.860s][info][gc] GC(347) Pause Young (Normal) (G1 Evacuation Pause) 239M->158M(289M) 14.779ms
[491.425s][info][gc] GC(348) Pause Young (Normal) (G1 Evacuation Pause) 239M->162M(289M) 14.824ms
[492.920s][info][gc] GC(349) Pause Young (Normal) (G1 Evacuation Pause) 239M->166M(289M) 14.893ms
[494.326s][info][gc] GC(350) Pause Young (Normal) (G1 Evacuation Pause) 239M->171M(289M) 14.770ms
[495.658s][info][gc] GC(351) Pause Young (Normal) (G1 Evacuation Pause) 241M->175M(289M) 13.916ms
[496.892s][info][gc] GC(352) Pause Young (Normal) (G1 Evacuation Pause) 240M->181M(289M) 14.976ms
[498.016s][info][gc] GC(353) Pause Young (Normal) (G1 Evacuation Pause) 241M->187M(289M) 14.768ms
[499.037s][info][gc] GC(354) Pause Young (Normal) (G1 Evacuation Pause) 242M->192M(289M) 14.198ms
[499.961s][info][gc] GC(355) Pause Young (Normal) (G1 Evacuation Pause) 243M->197M(289M) 14.827ms
[500.781s][info][gc] GC(356) Pause Young (Normal) (G1 Evacuation Pause) 243M->201M(289M) 12.772ms
[501.543s][info][gc] GC(357) Pause Young (Normal) (G1 Evacuation Pause) 244M->205M(289M) 12.696ms
[502.203s][info][gc] GC(358) Pause Young (Normal) (G1 Evacuation Pause) 244M->208M(289M) 11.362ms
[502.833s][info][gc] GC(359) Pause Young (Normal) (G1 Evacuation Pause) 245M->212M(289M) 11.387ms
[503.424s][info][gc] GC(360) Pause Young (Normal) (G1 Evacuation Pause) 246M->215M(289M) 12.831ms
[503.967s][info][gc] GC(361) Pause Young (Normal) (G1 Evacuation Pause) 247M->218M(289M) 10.557ms
[504.479s][info][gc] GC(362) Pause Young (Normal) (G1 Evacuation Pause) 248M->220M(289M) 9.758ms
[504.916s][info][gc] GC(363) Pause Young (Normal) (G1 Evacuation Pause) 247M->222M(289M) 11.280ms
[505.357s][info][gc] GC(364) Pause Young (Normal) (G1 Evacuation Pause) 248M->225M(289M) 10.335ms
[505.773s][info][gc] GC(365) Pause Young (Normal) (G1 Evacuation Pause) 249M->227M(289M) 9.366ms
[506.148s][info][gc] GC(366) Pause Young (Normal) (G1 Evacuation Pause) 249M->229M(289M) 8.592ms
[506.499s][info][gc] GC(367) Pause Young (Normal) (G1 Evacuation Pause) 249M->231M(289M) 9.770ms
[506.813s][info][gc] GC(368) Pause Young (Normal) (G1 Evacuation Pause) 250M->233M(289M) 8.346ms
[507.112s][info][gc] GC(369) Pause Young (Normal) (G1 Evacuation Pause) 250M->234M(289M) 7.944ms
[507.365s][info][gc] GC(370) Pause Young (Normal) (G1 Evacuation Pause) 250M->236M(289M) 8.691ms
[507.628s][info][gc] GC(371) Pause Young (Normal) (G1 Evacuation Pause) 251M->237M(289M) 8.648ms
[507.841s][info][gc] GC(372) Pause Young (Normal) (G1 Evacuation Pause) 250M->238M(289M) 7.531ms
[508.054s][info][gc] GC(373) Pause Young (Normal) (G1 Evacuation Pause) 251M->240M(289M) 7.160ms
[508.264s][info][gc] GC(374) Pause Young (Concurrent Start) (G1 Evacuation Pause) 252M->242M(289M) 7.919ms
[508.264s][info][gc] GC(375) Concurrent Mark Cycle
[508.367s][info][gc] GC(375) Pause Remark 247M->141M(289M) 22.372ms
[508.429s][info][gc] GC(375) Pause Cleanup 146M->146M(289M) 0.313ms
[508.430s][info][gc] GC(375) Concurrent Mark Cycle 165.644ms
[508.476s][info][gc] GC(376) Pause Young (Prepare Mixed) (G1 Evacuation Pause) 148M->137M(289M) 5.664ms
[508.685s][info][gc] GC(377) Pause Young (Mixed) (G1 Evacuation Pause) 149M->111M(289M) 7.887ms
[508.896s][info][gc] GC(378) Pause Young (Mixed) (G1 Evacuation Pause) 123M->104M(289M) 8.805ms
[510.926s][info][gc] GC(379) Pause Young (Normal) (G1 Evacuation Pause) 224M->116M(289M) 15.047ms
[513.154s][info][gc] GC(380) Pause Young (Normal) (G1 Evacuation Pause) 226M->113M(289M) 12.851ms
[513.649s][info][gc] GC(381) Pause Young (Concurrent Start) (CodeCache GC Threshold) 134M->110M(289M) 4.219ms
[513.649s][info][gc] GC(382) Concurrent Mark Cycle
[513.710s][info][gc] GC(382) Pause Remark 113M->108M(289M) 4.879ms
[513.715s][info][gc] GC(382) Concurrent Mark Cycle 65.993ms
