[2024-06-28T16:12:53.991-0600][0.002s][trace][gc] MarkStackSize: 4096k  MarkStackSizeMax: 524288k
[2024-06-28T16:12:53.995-0600][0.006s][info ][gc] Using G1
[2024-06-28T16:12:53.996-0600][0.007s][debug][gc] ConcGCThreads: 1 offset 6
[2024-06-28T16:12:53.996-0600][0.007s][debug][gc] ParallelGCThreads: 3
[2024-06-28T16:12:53.996-0600][0.007s][debug][gc] Initialize mark stack with 4096 chunks, maximum 524288
[2024-06-28T16:12:55.266-0600][1.277s][info ][gc] GC(0) Pause Young (Normal) (G1 Evacuation Pause) 97M->9M(2064M) 13.826ms
[2024-06-28T16:12:55.548-0600][1.559s][info ][gc] GC(1) Pause Young (Normal) (G1 Evacuation Pause) 89M->10M(2064M) 12.709ms
[2024-06-28T16:12:55.780-0600][1.791s][info ][gc] GC(2) Pause Young (Normal) (GCLocker Initiated GC) 90M->11M(2064M) 3.707ms
[2024-06-28T16:12:56.092-0600][2.103s][info ][gc] GC(3) Pause Young (Normal) (G1 Evacuation Pause) 91M->11M(2064M) 3.969ms
[2024-06-28T16:12:56.716-0600][2.727s][info ][gc] GC(4) Pause Young (Concurrent Start) (Metadata GC Threshold) 57M->13M(2480M) 5.892ms
[2024-06-28T16:12:56.716-0600][2.727s][info ][gc] GC(5) Concurrent Mark Cycle
[2024-06-28T16:12:56.739-0600][2.750s][info ][gc] GC(5) Pause Remark 15M->15M(224M) 4.051ms
[2024-06-28T16:12:56.746-0600][2.757s][info ][gc] GC(5) Pause Cleanup 17M->17M(224M) 0.067ms
[2024-06-28T16:12:56.747-0600][2.758s][info ][gc] GC(5) Concurrent Mark Cycle 30.866ms
[2024-06-28T16:12:58.331-0600][4.342s][info ][gc] GC(6) Pause Young (Prepare Mixed) (G1 Evacuation Pause) 125M->20M(224M) 24.995ms
[2024-06-28T16:12:58.533-0600][4.544s][info ][gc] GC(7) Pause Young (Mixed) (Metadata GC Threshold) 33M->20M(224M) 18.963ms
[2024-06-28T16:12:58.562-0600][4.573s][info ][gc] GC(8) Pause Young (Concurrent Start) (Metadata GC Threshold) 25M->21M(224M) 7.441ms
[2024-06-28T16:12:58.562-0600][4.573s][info ][gc] GC(9) Concurrent Mark Cycle
[2024-06-28T16:12:58.598-0600][4.609s][info ][gc] GC(9) Pause Remark 26M->26M(224M) 7.208ms
[2024-06-28T16:12:58.608-0600][4.619s][info ][gc] GC(9) Pause Cleanup 26M->26M(224M) 0.073ms
[2024-06-28T16:12:58.609-0600][4.620s][info ][gc] GC(9) Concurrent Mark Cycle 47.303ms
[2024-06-28T16:13:54.339-0600][60.350s][info ][gc] GC(10) Pause Young (Prepare Mixed) (G1 Evacuation Pause) 133M->37M(224M) 20.023ms
[2024-06-28T16:13:54.715-0600][60.726s][info ][gc] GC(11) Pause Young (Mixed) (G1 Evacuation Pause) 117M->52M(224M) 22.249ms
[2024-06-28T16:13:56.856-0600][62.867s][info ][gc] GC(12) Pause Young (Normal) (G1 Evacuation Pause) 164M->55M(224M) 11.448ms
[2024-06-28T16:13:59.207-0600][65.218s][info ][gc] GC(13) Pause Young (Normal) (G1 Evacuation Pause) 167M->55M(224M) 6.709ms
[2024-06-28T16:14:01.371-0600][67.382s][info ][gc] GC(14) Pause Young (Normal) (G1 Evacuation Pause) 167M->55M(224M) 4.248ms
[2024-06-28T16:14:02.912-0600][68.923s][info ][gc] GC(15) Pause Young (Normal) (G1 Evacuation Pause) 167M->56M(224M) 5.880ms
[2024-06-28T16:14:04.281-0600][70.292s][info ][gc] GC(16) Pause Young (Normal) (G1 Evacuation Pause) 168M->55M(224M) 10.577ms
[2024-06-28T16:14:05.713-0600][71.724s][info ][gc] GC(17) Pause Young (Normal) (G1 Evacuation Pause) 167M->55M(224M) 8.495ms
[2024-06-28T16:14:07.212-0600][73.223s][info ][gc] GC(18) Pause Young (Normal) (G1 Evacuation Pause) 167M->55M(224M) 9.838ms
[2024-06-28T16:14:08.750-0600][74.761s][info ][gc] GC(19) Pause Young (Normal) (G1 Evacuation Pause) 167M->55M(224M) 7.848ms
[2024-06-28T16:14:10.331-0600][76.342s][info ][gc] GC(20) Pause Young (Normal) (G1 Evacuation Pause) 167M->55M(224M) 7.117ms
[2024-06-28T16:14:11.935-0600][77.946s][info ][gc] GC(21) Pause Young (Normal) (G1 Evacuation Pause) 167M->55M(224M) 10.479ms
[2024-06-28T16:14:13.544-0600][79.555s][info ][gc] GC(22) Pause Young (Normal) (G1 Evacuation Pause) 167M->55M(224M) 9.287ms
[2024-06-28T16:14:15.188-0600][81.199s][info ][gc] GC(23) Pause Young (Normal) (G1 Evacuation Pause) 167M->55M(224M) 7.783ms
[2024-06-28T16:14:16.862-0600][82.873s][info ][gc] GC(24) Pause Young (Normal) (G1 Evacuation Pause) 167M->55M(224M) 12.432ms
[2024-06-28T16:14:18.543-0600][84.554s][info ][gc] GC(25) Pause Young (Normal) (G1 Evacuation Pause) 167M->55M(224M) 9.515ms
[2024-06-28T16:14:20.218-0600][86.229s][info ][gc] GC(26) Pause Young (Normal) (G1 Evacuation Pause) 167M->55M(224M) 14.266ms
[2024-06-28T16:14:21.896-0600][87.907s][info ][gc] GC(27) Pause Young (Normal) (G1 Evacuation Pause) 167M->55M(224M) 9.974ms
[2024-06-28T16:14:23.564-0600][89.575s][info ][gc] GC(28) Pause Young (Normal) (G1 Evacuation Pause) 167M->55M(224M) 9.594ms
[2024-06-28T16:14:25.241-0600][91.252s][info ][gc] GC(29) Pause Young (Normal) (G1 Evacuation Pause) 167M->55M(224M) 11.293ms
[2024-06-28T16:14:26.916-0600][92.927s][info ][gc] GC(30) Pause Young (Normal) (G1 Evacuation Pause) 167M->55M(224M) 10.518ms
[2024-06-28T16:14:28.556-0600][94.567s][info ][gc] GC(31) Pause Young (Normal) (G1 Evacuation Pause) 167M->55M(224M) 5.370ms
[2024-06-28T16:14:30.211-0600][96.222s][info ][gc] GC(32) Pause Young (Normal) (G1 Evacuation Pause) 167M->55M(224M) 5.548ms
[2024-06-28T16:14:31.873-0600][97.884s][info ][gc] GC(33) Pause Young (Normal) (G1 Evacuation Pause) 167M->55M(224M) 5.741ms
[2024-06-28T16:14:33.535-0600][99.546s][info ][gc] GC(34) Pause Young (Normal) (G1 Evacuation Pause) 167M->55M(224M) 6.461ms
[2024-06-28T16:14:35.199-0600][101.210s][info ][gc] GC(35) Pause Young (Normal) (G1 Evacuation Pause) 167M->55M(224M) 6.058ms
[2024-06-28T16:14:36.866-0600][102.877s][info ][gc] GC(36) Pause Young (Normal) (G1 Evacuation Pause) 167M->55M(224M) 6.722ms
[2024-06-28T16:14:38.534-0600][104.545s][info ][gc] GC(37) Pause Young (Normal) (G1 Evacuation Pause) 167M->55M(224M) 8.355ms
[2024-06-28T16:14:40.214-0600][106.225s][info ][gc] GC(38) Pause Young (Normal) (G1 Evacuation Pause) 167M->55M(224M) 10.185ms
[2024-06-28T16:14:41.890-0600][107.901s][info ][gc] GC(39) Pause Young (Normal) (G1 Evacuation Pause) 167M->55M(224M) 9.502ms
[2024-06-28T16:14:43.570-0600][109.581s][info ][gc] GC(40) Pause Young (Normal) (G1 Evacuation Pause) 167M->55M(224M) 13.384ms
[2024-06-28T16:14:45.247-0600][111.258s][info ][gc] GC(41) Pause Young (Normal) (G1 Evacuation Pause) 167M->55M(224M) 9.640ms
[2024-06-28T16:14:46.924-0600][112.935s][info ][gc] GC(42) Pause Young (Normal) (G1 Evacuation Pause) 167M->55M(224M) 11.124ms
[2024-06-28T16:14:48.594-0600][114.605s][info ][gc] GC(43) Pause Young (Normal) (G1 Evacuation Pause) 167M->55M(224M) 6.381ms
[2024-06-28T16:14:50.269-0600][116.280s][info ][gc] GC(44) Pause Young (Normal) (G1 Evacuation Pause) 167M->55M(224M) 9.748ms
[2024-06-28T16:14:51.943-0600][117.954s][info ][gc] GC(45) Pause Young (Normal) (G1 Evacuation Pause) 167M->55M(224M) 7.615ms
[2024-06-28T16:14:53.620-0600][119.631s][info ][gc] GC(46) Pause Young (Normal) (G1 Evacuation Pause) 167M->55M(224M) 10.962ms
[2024-06-28T16:14:55.295-0600][121.306s][info ][gc] GC(47) Pause Young (Normal) (G1 Evacuation Pause) 167M->55M(224M) 7.693ms
[2024-06-28T16:14:56.960-0600][122.971s][info ][gc] GC(48) Pause Young (Normal) (G1 Evacuation Pause) 167M->55M(224M) 5.430ms
[2024-06-28T16:14:58.634-0600][124.645s][info ][gc] GC(49) Pause Young (Normal) (G1 Evacuation Pause) 167M->55M(224M) 8.147ms
[2024-06-28T16:15:00.308-0600][126.319s][info ][gc] GC(50) Pause Young (Normal) (G1 Evacuation Pause) 167M->55M(224M) 7.907ms
[2024-06-28T16:15:01.987-0600][127.998s][info ][gc] GC(51) Pause Young (Normal) (G1 Evacuation Pause) 167M->55M(224M) 13.818ms
[2024-06-28T16:15:03.644-0600][129.655s][info ][gc] GC(52) Pause Young (Normal) (G1 Evacuation Pause) 167M->55M(224M) 7.434ms
[2024-06-28T16:15:05.301-0600][131.312s][info ][gc] GC(53) Pause Young (Normal) (G1 Evacuation Pause) 167M->55M(224M) 9.296ms
[2024-06-28T16:15:06.973-0600][132.984s][info ][gc] GC(54) Pause Young (Normal) (G1 Evacuation Pause) 167M->55M(224M) 7.456ms
[2024-06-28T16:15:08.644-0600][134.655s][info ][gc] GC(55) Pause Young (Normal) (G1 Evacuation Pause) 167M->55M(224M) 7.443ms
[2024-06-28T16:15:10.320-0600][136.330s][info ][gc] GC(56) Pause Young (Normal) (G1 Evacuation Pause) 167M->55M(224M) 10.294ms
[2024-06-28T16:15:11.994-0600][138.005s][info ][gc] GC(57) Pause Young (Normal) (G1 Evacuation Pause) 167M->55M(224M) 9.534ms
[2024-06-28T16:15:13.669-0600][139.680s][info ][gc] GC(58) Pause Young (Normal) (G1 Evacuation Pause) 167M->55M(224M) 10.277ms
[2024-06-28T16:15:15.344-0600][141.355s][info ][gc] GC(59) Pause Young (Normal) (G1 Evacuation Pause) 167M->55M(224M) 10.909ms
[2024-06-28T16:15:17.022-0600][143.033s][info ][gc] GC(60) Pause Young (Normal) (G1 Evacuation Pause) 167M->55M(224M) 13.036ms
[2024-06-28T16:15:18.697-0600][144.708s][info ][gc] GC(61) Pause Young (Normal) (G1 Evacuation Pause) 167M->55M(224M) 10.389ms
[2024-06-28T16:15:20.368-0600][146.379s][info ][gc] GC(62) Pause Young (Normal) (G1 Evacuation Pause) 167M->55M(224M) 5.147ms
[2024-06-28T16:15:22.016-0600][148.027s][info ][gc] GC(63) Pause Young (Normal) (G1 Evacuation Pause) 167M->55M(224M) 12.026ms
[2024-06-28T16:15:23.677-0600][149.688s][info ][gc] GC(64) Pause Young (Normal) (G1 Evacuation Pause) 167M->55M(224M) 9.726ms
[2024-06-28T16:15:25.339-0600][151.350s][info ][gc] GC(65) Pause Young (Normal) (G1 Evacuation Pause) 167M->55M(224M) 10.751ms
[2024-06-28T16:15:26.994-0600][153.005s][info ][gc] GC(66) Pause Young (Normal) (G1 Evacuation Pause) 167M->55M(224M) 8.157ms
[2024-06-28T16:15:28.647-0600][154.658s][info ][gc] GC(67) Pause Young (Normal) (G1 Evacuation Pause) 167M->55M(224M) 5.259ms
[2024-06-28T16:15:30.312-0600][156.322s][info ][gc] GC(68) Pause Young (Normal) (G1 Evacuation Pause) 167M->55M(224M) 9.194ms
[2024-06-28T16:15:31.960-0600][157.970s][info ][gc] GC(69) Pause Young (Normal) (G1 Evacuation Pause) 167M->55M(224M) 5.795ms
[2024-06-28T16:15:33.612-0600][159.623s][info ][gc] GC(70) Pause Young (Normal) (G1 Evacuation Pause) 167M->55M(224M) 5.869ms
[2024-06-28T16:15:35.272-0600][161.283s][info ][gc] GC(71) Pause Young (Normal) (G1 Evacuation Pause) 167M->55M(224M) 5.321ms
[2024-06-28T16:15:36.936-0600][162.946s][info ][gc] GC(72) Pause Young (Normal) (G1 Evacuation Pause) 167M->55M(224M) 9.333ms
[2024-06-28T16:15:38.585-0600][164.596s][info ][gc] GC(73) Pause Young (Normal) (G1 Evacuation Pause) 167M->55M(224M) 5.175ms
[2024-06-28T16:15:40.239-0600][166.250s][info ][gc] GC(74) Pause Young (Normal) (G1 Evacuation Pause) 167M->55M(224M) 6.818ms
[2024-06-28T16:15:41.894-0600][167.905s][info ][gc] GC(75) Pause Young (Normal) (G1 Evacuation Pause) 167M->55M(224M) 6.268ms
[2024-06-28T16:15:43.552-0600][169.563s][info ][gc] GC(76) Pause Young (Normal) (G1 Evacuation Pause) 167M->55M(224M) 7.676ms
[2024-06-28T16:15:45.203-0600][171.214s][info ][gc] GC(77) Pause Young (Normal) (G1 Evacuation Pause) 167M->55M(224M) 5.212ms
[2024-06-28T16:15:46.859-0600][172.870s][info ][gc] GC(78) Pause Young (Normal) (G1 Evacuation Pause) 167M->55M(224M) 6.379ms
[2024-06-28T16:15:48.512-0600][174.523s][info ][gc] GC(79) Pause Young (Normal) (G1 Evacuation Pause) 167M->55M(224M) 5.146ms
[2024-06-28T16:15:50.170-0600][176.181s][info ][gc] GC(80) Pause Young (Normal) (G1 Evacuation Pause) 167M->55M(224M) 5.346ms
[2024-06-28T16:15:51.823-0600][177.834s][info ][gc] GC(81) Pause Young (Normal) (G1 Evacuation Pause) 167M->55M(224M) 6.212ms
[2024-06-28T16:15:53.480-0600][179.491s][info ][gc] GC(82) Pause Young (Normal) (G1 Evacuation Pause) 167M->55M(224M) 8.309ms
[2024-06-28T16:15:55.135-0600][181.146s][info ][gc] GC(83) Pause Young (Normal) (G1 Evacuation Pause) 167M->55M(224M) 8.089ms
[2024-06-28T16:15:56.788-0600][182.799s][info ][gc] GC(84) Pause Young (Normal) (G1 Evacuation Pause) 167M->55M(224M) 5.627ms
[2024-06-28T16:15:58.440-0600][184.451s][info ][gc] GC(85) Pause Young (Normal) (G1 Evacuation Pause) 167M->55M(224M) 5.352ms
[2024-06-28T16:16:00.099-0600][186.110s][info ][gc] GC(86) Pause Young (Normal) (G1 Evacuation Pause) 167M->55M(224M) 5.423ms
[2024-06-28T16:16:01.749-0600][187.760s][info ][gc] GC(87) Pause Young (Normal) (G1 Evacuation Pause) 167M->55M(224M) 6.314ms
[2024-06-28T16:16:03.401-0600][189.412s][info ][gc] GC(88) Pause Young (Normal) (G1 Evacuation Pause) 167M->55M(224M) 5.211ms
[2024-06-28T16:16:05.057-0600][191.068s][info ][gc] GC(89) Pause Young (Normal) (G1 Evacuation Pause) 167M->55M(224M) 7.140ms
[2024-06-28T16:16:06.714-0600][192.725s][info ][gc] GC(90) Pause Young (Normal) (G1 Evacuation Pause) 167M->55M(224M) 5.658ms
[2024-06-28T16:16:08.371-0600][194.382s][info ][gc] GC(91) Pause Young (Normal) (G1 Evacuation Pause) 167M->55M(224M) 7.297ms
[2024-06-28T16:16:10.022-0600][196.033s][info ][gc] GC(92) Pause Young (Normal) (G1 Evacuation Pause) 167M->55M(224M) 6.470ms
[2024-06-28T16:16:11.676-0600][197.687s][info ][gc] GC(93) Pause Young (Normal) (G1 Evacuation Pause) 167M->55M(224M) 5.321ms
[2024-06-28T16:16:13.335-0600][199.346s][info ][gc] GC(94) Pause Young (Normal) (G1 Evacuation Pause) 167M->55M(224M) 10.091ms
[2024-06-28T16:16:14.984-0600][200.995s][info ][gc] GC(95) Pause Young (Normal) (G1 Evacuation Pause) 167M->55M(224M) 5.423ms
[2024-06-28T16:16:16.637-0600][202.648s][info ][gc] GC(96) Pause Young (Normal) (G1 Evacuation Pause) 167M->55M(224M) 5.325ms
[2024-06-28T16:16:18.294-0600][204.305s][info ][gc] GC(97) Pause Young (Normal) (G1 Evacuation Pause) 167M->55M(224M) 5.494ms
[2024-06-28T16:16:19.948-0600][205.959s][info ][gc] GC(98) Pause Young (Normal) (G1 Evacuation Pause) 167M->55M(224M) 4.335ms
[2024-06-28T16:16:21.603-0600][207.614s][info ][gc] GC(99) Pause Young (Normal) (G1 Evacuation Pause) 167M->55M(224M) 9.530ms
[2024-06-28T16:16:23.251-0600][209.262s][info ][gc] GC(100) Pause Young (Normal) (G1 Evacuation Pause) 167M->55M(224M) 6.513ms
[2024-06-28T16:16:24.902-0600][210.913s][info ][gc] GC(101) Pause Young (Normal) (G1 Evacuation Pause) 167M->55M(224M) 4.420ms
[2024-06-28T16:16:26.557-0600][212.568s][info ][gc] GC(102) Pause Young (Normal) (G1 Evacuation Pause) 167M->55M(224M) 4.607ms
[2024-06-28T16:16:28.210-0600][214.221s][info ][gc] GC(103) Pause Young (Normal) (G1 Evacuation Pause) 167M->55M(224M) 5.598ms
[2024-06-28T16:16:29.862-0600][215.873s][info ][gc] GC(104) Pause Young (Normal) (G1 Evacuation Pause) 167M->55M(224M) 4.494ms
[2024-06-28T16:16:31.515-0600][217.526s][info ][gc] GC(105) Pause Young (Normal) (G1 Evacuation Pause) 167M->55M(224M) 5.700ms
[2024-06-28T16:16:33.167-0600][219.178s][info ][gc] GC(106) Pause Young (Normal) (G1 Evacuation Pause) 167M->55M(224M) 4.413ms
[2024-06-28T16:16:34.820-0600][220.831s][info ][gc] GC(107) Pause Young (Normal) (G1 Evacuation Pause) 167M->55M(224M) 4.322ms
[2024-06-28T16:16:36.470-0600][222.481s][info ][gc] GC(108) Pause Young (Normal) (G1 Evacuation Pause) 167M->55M(224M) 4.945ms
[2024-06-28T16:16:38.123-0600][224.134s][info ][gc] GC(109) Pause Young (Normal) (G1 Evacuation Pause) 167M->55M(224M) 4.621ms
[2024-06-28T16:16:39.774-0600][225.785s][info ][gc] GC(110) Pause Young (Normal) (G1 Evacuation Pause) 167M->55M(224M) 4.443ms
[2024-06-28T16:16:41.430-0600][227.441s][info ][gc] GC(111) Pause Young (Normal) (G1 Evacuation Pause) 167M->55M(224M) 7.159ms
[2024-06-28T16:16:43.080-0600][229.091s][info ][gc] GC(112) Pause Young (Normal) (G1 Evacuation Pause) 167M->55M(224M) 4.496ms
[2024-06-28T16:16:44.735-0600][230.746s][info ][gc] GC(113) Pause Young (Normal) (G1 Evacuation Pause) 167M->55M(224M) 8.196ms
[2024-06-28T16:16:46.385-0600][232.396s][info ][gc] GC(114) Pause Young (Normal) (G1 Evacuation Pause) 167M->55M(224M) 4.414ms
[2024-06-28T16:16:48.042-0600][234.053s][info ][gc] GC(115) Pause Young (Normal) (G1 Evacuation Pause) 167M->55M(224M) 6.270ms
[2024-06-28T16:16:49.692-0600][235.703s][info ][gc] GC(116) Pause Young (Normal) (G1 Evacuation Pause) 167M->55M(224M) 4.764ms
[2024-06-28T16:16:51.343-0600][237.354s][info ][gc] GC(117) Pause Young (Normal) (G1 Evacuation Pause) 167M->55M(224M) 5.022ms
[2024-06-28T16:16:52.998-0600][239.009s][info ][gc] GC(118) Pause Young (Normal) (G1 Evacuation Pause) 167M->55M(224M) 4.292ms
[2024-06-28T16:16:54.652-0600][240.663s][info ][gc] GC(119) Pause Young (Normal) (G1 Evacuation Pause) 167M->55M(224M) 4.260ms
[2024-06-28T16:16:56.304-0600][242.315s][info ][gc] GC(120) Pause Young (Normal) (G1 Evacuation Pause) 167M->55M(224M) 4.802ms
[2024-06-28T16:16:57.956-0600][243.967s][info ][gc] GC(121) Pause Young (Normal) (G1 Evacuation Pause) 167M->55M(224M) 4.245ms
[2024-06-28T16:16:59.607-0600][245.618s][info ][gc] GC(122) Pause Young (Normal) (G1 Evacuation Pause) 167M->55M(224M) 4.476ms
[2024-06-28T16:17:01.259-0600][247.270s][info ][gc] GC(123) Pause Young (Normal) (G1 Evacuation Pause) 167M->55M(224M) 4.716ms
[2024-06-28T16:17:02.912-0600][248.923s][info ][gc] GC(124) Pause Young (Normal) (G1 Evacuation Pause) 167M->55M(224M) 5.510ms
[2024-06-28T16:17:04.566-0600][250.577s][info ][gc] GC(125) Pause Young (Normal) (G1 Evacuation Pause) 167M->55M(224M) 6.503ms
[2024-06-28T16:17:06.219-0600][252.230s][info ][gc] GC(126) Pause Young (Normal) (G1 Evacuation Pause) 167M->55M(224M) 4.902ms
[2024-06-28T16:17:07.875-0600][253.886s][info ][gc] GC(127) Pause Young (Normal) (G1 Evacuation Pause) 167M->55M(224M) 5.923ms
[2024-06-28T16:17:09.527-0600][255.538s][info ][gc] GC(128) Pause Young (Normal) (G1 Evacuation Pause) 167M->55M(224M) 4.369ms
[2024-06-28T16:17:11.175-0600][257.186s][info ][gc] GC(129) Pause Young (Normal) (G1 Evacuation Pause) 167M->55M(224M) 5.133ms
[2024-06-28T16:17:12.829-0600][258.840s][info ][gc] GC(130) Pause Young (Normal) (G1 Evacuation Pause) 167M->55M(224M) 4.385ms
[2024-06-28T16:17:14.482-0600][260.493s][info ][gc] GC(131) Pause Young (Normal) (G1 Evacuation Pause) 167M->55M(224M) 4.773ms
[2024-06-28T16:17:16.132-0600][262.143s][info ][gc] GC(132) Pause Young (Normal) (G1 Evacuation Pause) 167M->55M(224M) 4.350ms
[2024-06-28T16:17:17.782-0600][263.793s][info ][gc] GC(133) Pause Young (Normal) (G1 Evacuation Pause) 167M->55M(224M) 4.430ms
[2024-06-28T16:17:19.437-0600][265.448s][info ][gc] GC(134) Pause Young (Normal) (G1 Evacuation Pause) 167M->55M(224M) 6.804ms
[2024-06-28T16:17:21.089-0600][267.100s][info ][gc] GC(135) Pause Young (Normal) (G1 Evacuation Pause) 167M->55M(224M) 4.586ms
[2024-06-28T16:17:22.741-0600][268.752s][info ][gc] GC(136) Pause Young (Normal) (G1 Evacuation Pause) 167M->55M(224M) 4.373ms
[2024-06-28T16:17:24.396-0600][270.407s][info ][gc] GC(137) Pause Young (Normal) (G1 Evacuation Pause) 167M->55M(224M) 4.529ms
[2024-06-28T16:17:26.049-0600][272.060s][info ][gc] GC(138) Pause Young (Normal) (G1 Evacuation Pause) 167M->55M(224M) 4.508ms
[2024-06-28T16:17:27.702-0600][273.713s][info ][gc] GC(139) Pause Young (Normal) (G1 Evacuation Pause) 167M->55M(224M) 4.357ms
[2024-06-28T16:17:29.356-0600][275.367s][info ][gc] GC(140) Pause Young (Normal) (G1 Evacuation Pause) 167M->55M(224M) 4.791ms
[2024-06-28T16:17:31.008-0600][277.019s][info ][gc] GC(141) Pause Young (Normal) (G1 Evacuation Pause) 167M->55M(224M) 4.675ms
[2024-06-28T16:17:32.661-0600][278.671s][info ][gc] GC(142) Pause Young (Normal) (G1 Evacuation Pause) 167M->55M(224M) 4.418ms
[2024-06-28T16:17:34.312-0600][280.323s][info ][gc] GC(143) Pause Young (Normal) (G1 Evacuation Pause) 167M->55M(224M) 6.642ms
[2024-06-28T16:17:35.967-0600][281.978s][info ][gc] GC(144) Pause Young (Normal) (G1 Evacuation Pause) 167M->55M(224M) 6.813ms
[2024-06-28T16:17:37.619-0600][283.630s][info ][gc] GC(145) Pause Young (Normal) (G1 Evacuation Pause) 167M->55M(224M) 9.591ms
[2024-06-28T16:17:39.269-0600][285.280s][info ][gc] GC(146) Pause Young (Normal) (G1 Evacuation Pause) 167M->55M(224M) 6.746ms
[2024-06-28T16:17:40.920-0600][286.931s][info ][gc] GC(147) Pause Young (Normal) (G1 Evacuation Pause) 167M->55M(224M) 4.513ms
[2024-06-28T16:17:42.575-0600][288.586s][info ][gc] GC(148) Pause Young (Normal) (G1 Evacuation Pause) 167M->55M(224M) 4.492ms
[2024-06-28T16:17:44.231-0600][290.242s][info ][gc] GC(149) Pause Young (Normal) (G1 Evacuation Pause) 167M->55M(224M) 7.311ms
[2024-06-28T16:17:45.881-0600][291.892s][info ][gc] GC(150) Pause Young (Normal) (G1 Evacuation Pause) 167M->55M(224M) 4.557ms
[2024-06-28T16:17:47.536-0600][293.547s][info ][gc] GC(151) Pause Young (Normal) (G1 Evacuation Pause) 167M->55M(224M) 4.905ms
[2024-06-28T16:17:49.188-0600][295.199s][info ][gc] GC(152) Pause Young (Normal) (G1 Evacuation Pause) 167M->55M(224M) 7.885ms
[2024-06-28T16:17:50.839-0600][296.850s][info ][gc] GC(153) Pause Young (Normal) (G1 Evacuation Pause) 167M->55M(224M) 6.045ms
[2024-06-28T16:17:52.489-0600][298.500s][info ][gc] GC(154) Pause Young (Normal) (G1 Evacuation Pause) 167M->55M(224M) 4.537ms
[2024-06-28T16:17:54.143-0600][300.153s][info ][gc] GC(155) Pause Young (Normal) (G1 Evacuation Pause) 167M->55M(224M) 4.463ms
[2024-06-28T16:17:55.798-0600][301.809s][info ][gc] GC(156) Pause Young (Normal) (G1 Evacuation Pause) 167M->55M(224M) 4.545ms
[2024-06-28T16:17:57.448-0600][303.459s][info ][gc] GC(157) Pause Young (Normal) (G1 Evacuation Pause) 167M->55M(224M) 4.623ms
[2024-06-28T16:17:59.101-0600][305.112s][info ][gc] GC(158) Pause Young (Normal) (G1 Evacuation Pause) 167M->55M(224M) 5.694ms
[2024-06-28T16:18:00.752-0600][306.763s][info ][gc] GC(159) Pause Young (Normal) (G1 Evacuation Pause) 167M->55M(224M) 4.837ms
[2024-06-28T16:18:02.411-0600][308.422s][info ][gc] GC(160) Pause Young (Normal) (G1 Evacuation Pause) 167M->55M(224M) 9.124ms
[2024-06-28T16:18:04.060-0600][310.071s][info ][gc] GC(161) Pause Young (Normal) (G1 Evacuation Pause) 167M->55M(224M) 5.044ms
[2024-06-28T16:18:05.711-0600][311.722s][info ][gc] GC(162) Pause Young (Normal) (G1 Evacuation Pause) 167M->55M(224M) 5.238ms
[2024-06-28T16:18:07.364-0600][313.375s][info ][gc] GC(163) Pause Young (Normal) (G1 Evacuation Pause) 167M->55M(224M) 4.455ms
[2024-06-28T16:18:09.017-0600][315.028s][info ][gc] GC(164) Pause Young (Normal) (G1 Evacuation Pause) 167M->55M(224M) 4.489ms
[2024-06-28T16:18:10.670-0600][316.681s][info ][gc] GC(165) Pause Young (Normal) (G1 Evacuation Pause) 167M->55M(224M) 4.445ms
[2024-06-28T16:18:12.320-0600][318.331s][info ][gc] GC(166) Pause Young (Normal) (G1 Evacuation Pause) 167M->55M(224M) 4.565ms
[2024-06-28T16:18:13.973-0600][319.984s][info ][gc] GC(167) Pause Young (Normal) (G1 Evacuation Pause) 167M->55M(224M) 4.441ms
[2024-06-28T16:18:15.630-0600][321.641s][info ][gc] GC(168) Pause Young (Normal) (G1 Evacuation Pause) 167M->55M(224M) 6.380ms
[2024-06-28T16:18:17.279-0600][323.290s][info ][gc] GC(169) Pause Young (Normal) (G1 Evacuation Pause) 167M->55M(224M) 5.389ms
[2024-06-28T16:18:18.935-0600][324.946s][info ][gc] GC(170) Pause Young (Normal) (G1 Evacuation Pause) 167M->55M(224M) 8.317ms
[2024-06-28T16:18:20.584-0600][326.595s][info ][gc] GC(171) Pause Young (Normal) (G1 Evacuation Pause) 167M->55M(224M) 4.365ms
[2024-06-28T16:18:22.236-0600][328.247s][info ][gc] GC(172) Pause Young (Normal) (G1 Evacuation Pause) 167M->55M(224M) 5.309ms
[2024-06-28T16:18:23.888-0600][329.898s][info ][gc] GC(173) Pause Young (Normal) (G1 Evacuation Pause) 167M->55M(224M) 4.550ms
[2024-06-28T16:18:25.544-0600][331.555s][info ][gc] GC(174) Pause Young (Normal) (G1 Evacuation Pause) 167M->55M(224M) 10.321ms
[2024-06-28T16:18:27.191-0600][333.202s][info ][gc] GC(175) Pause Young (Normal) (G1 Evacuation Pause) 167M->55M(224M) 4.448ms
[2024-06-28T16:18:28.848-0600][334.859s][info ][gc] GC(176) Pause Young (Normal) (G1 Evacuation Pause) 167M->55M(224M) 4.431ms
[2024-06-28T16:18:30.499-0600][336.509s][info ][gc] GC(177) Pause Young (Normal) (G1 Evacuation Pause) 167M->55M(224M) 5.156ms
[2024-06-28T16:18:32.152-0600][338.163s][info ][gc] GC(178) Pause Young (Normal) (G1 Evacuation Pause) 167M->55M(224M) 5.238ms
[2024-06-28T16:18:33.804-0600][339.814s][info ][gc] GC(179) Pause Young (Normal) (G1 Evacuation Pause) 167M->55M(224M) 4.433ms
[2024-06-28T16:18:35.459-0600][341.470s][info ][gc] GC(180) Pause Young (Normal) (G1 Evacuation Pause) 167M->55M(224M) 8.575ms
[2024-06-28T16:18:37.110-0600][343.121s][info ][gc] GC(181) Pause Young (Normal) (G1 Evacuation Pause) 167M->55M(224M) 4.428ms
[2024-06-28T16:18:38.760-0600][344.771s][info ][gc] GC(182) Pause Young (Normal) (G1 Evacuation Pause) 167M->55M(224M) 4.751ms
[2024-06-28T16:18:40.414-0600][346.425s][info ][gc] GC(183) Pause Young (Normal) (G1 Evacuation Pause) 167M->55M(224M) 6.331ms
[2024-06-28T16:18:42.067-0600][348.078s][info ][gc] GC(184) Pause Young (Normal) (G1 Evacuation Pause) 167M->55M(224M) 4.370ms
[2024-06-28T16:18:43.718-0600][349.729s][info ][gc] GC(185) Pause Young (Normal) (G1 Evacuation Pause) 167M->55M(224M) 4.333ms
[2024-06-28T16:18:45.371-0600][351.382s][info ][gc] GC(186) Pause Young (Normal) (G1 Evacuation Pause) 167M->55M(224M) 6.118ms
[2024-06-28T16:18:47.022-0600][353.033s][info ][gc] GC(187) Pause Young (Normal) (G1 Evacuation Pause) 167M->55M(224M) 6.691ms
[2024-06-28T16:18:48.675-0600][354.686s][info ][gc] GC(188) Pause Young (Normal) (G1 Evacuation Pause) 167M->55M(224M) 6.375ms
[2024-06-28T16:18:50.326-0600][356.337s][info ][gc] GC(189) Pause Young (Normal) (G1 Evacuation Pause) 167M->55M(224M) 4.482ms
[2024-06-28T16:18:51.980-0600][357.991s][info ][gc] GC(190) Pause Young (Normal) (G1 Evacuation Pause) 167M->55M(224M) 5.088ms
[2024-06-28T16:18:53.634-0600][359.645s][info ][gc] GC(191) Pause Young (Normal) (G1 Evacuation Pause) 167M->55M(224M) 4.475ms
[2024-06-28T16:18:55.719-0600][361.730s][info ][gc] GC(192) Pause Young (Normal) (G1 Evacuation Pause) 167M->56M(224M) 7.011ms
[2024-06-28T16:18:57.224-0600][363.235s][info ][gc] GC(193) Pause Young (Normal) (G1 Evacuation Pause) 168M->67M(224M) 10.908ms
[2024-06-28T16:18:58.872-0600][364.883s][info ][gc] GC(194) Pause Young (Normal) (G1 Evacuation Pause) 179M->67M(224M) 9.465ms
[2024-06-28T16:19:00.277-0600][366.288s][info ][gc] GC(195) Pause Young (Normal) (G1 Evacuation Pause) 163M->66M(224M) 4.939ms
[2024-06-28T16:19:01.668-0600][367.679s][info ][gc] GC(196) Pause Young (Normal) (G1 Evacuation Pause) 162M->66M(224M) 5.453ms
[2024-06-28T16:19:03.072-0600][369.083s][info ][gc] GC(197) Pause Young (Normal) (G1 Evacuation Pause) 162M->66M(224M) 4.757ms
[2024-06-28T16:19:04.472-0600][370.483s][info ][gc] GC(198) Pause Young (Normal) (G1 Evacuation Pause) 162M->66M(224M) 4.794ms
[2024-06-28T16:19:05.879-0600][371.890s][info ][gc] GC(199) Pause Young (Normal) (G1 Evacuation Pause) 162M->66M(224M) 14.815ms
[2024-06-28T16:19:07.270-0600][373.281s][info ][gc] GC(200) Pause Young (Normal) (G1 Evacuation Pause) 162M->66M(224M) 4.969ms
[2024-06-28T16:19:08.669-0600][374.680s][info ][gc] GC(201) Pause Young (Normal) (G1 Evacuation Pause) 162M->66M(224M) 4.726ms
[2024-06-28T16:19:10.067-0600][376.078s][info ][gc] GC(202) Pause Young (Normal) (G1 Evacuation Pause) 162M->66M(224M) 6.383ms
[2024-06-28T16:19:11.464-0600][377.475s][info ][gc] GC(203) Pause Young (Normal) (G1 Evacuation Pause) 162M->66M(224M) 4.761ms
[2024-06-28T16:19:12.866-0600][378.877s][info ][gc] GC(204) Pause Young (Normal) (G1 Evacuation Pause) 162M->66M(224M) 4.991ms
[2024-06-28T16:19:14.264-0600][380.275s][info ][gc] GC(205) Pause Young (Normal) (G1 Evacuation Pause) 162M->66M(224M) 5.113ms
[2024-06-28T16:19:15.659-0600][381.670s][info ][gc] GC(206) Pause Young (Normal) (G1 Evacuation Pause) 162M->66M(224M) 4.615ms
[2024-06-28T16:19:17.058-0600][383.069s][info ][gc] GC(207) Pause Young (Normal) (G1 Evacuation Pause) 162M->66M(224M) 6.194ms
[2024-06-28T16:19:18.457-0600][384.468s][info ][gc] GC(208) Pause Young (Normal) (G1 Evacuation Pause) 162M->66M(224M) 4.686ms
[2024-06-28T16:19:19.855-0600][385.866s][info ][gc] GC(209) Pause Young (Normal) (G1 Evacuation Pause) 162M->66M(224M) 4.688ms
[2024-06-28T16:19:21.251-0600][387.262s][info ][gc] GC(210) Pause Young (Normal) (G1 Evacuation Pause) 162M->66M(224M) 5.391ms
[2024-06-28T16:19:22.654-0600][388.665s][info ][gc] GC(211) Pause Young (Normal) (G1 Evacuation Pause) 162M->66M(224M) 7.997ms
[2024-06-28T16:19:24.048-0600][390.059s][info ][gc] GC(212) Pause Young (Normal) (G1 Evacuation Pause) 162M->66M(224M) 4.872ms
[2024-06-28T16:19:25.445-0600][391.456s][info ][gc] GC(213) Pause Young (Normal) (G1 Evacuation Pause) 162M->66M(224M) 4.907ms
[2024-06-28T16:19:26.846-0600][392.857s][info ][gc] GC(214) Pause Young (Normal) (G1 Evacuation Pause) 162M->66M(224M) 6.416ms
[2024-06-28T16:19:28.243-0600][394.254s][info ][gc] GC(215) Pause Young (Normal) (G1 Evacuation Pause) 162M->66M(224M) 6.850ms
[2024-06-28T16:19:29.638-0600][395.649s][info ][gc] GC(216) Pause Young (Normal) (G1 Evacuation Pause) 162M->66M(224M) 4.736ms
[2024-06-28T16:19:31.040-0600][397.051s][info ][gc] GC(217) Pause Young (Normal) (G1 Evacuation Pause) 162M->66M(224M) 5.731ms
[2024-06-28T16:19:32.434-0600][398.445s][info ][gc] GC(218) Pause Young (Normal) (G1 Evacuation Pause) 162M->66M(224M) 5.499ms
[2024-06-28T16:19:33.834-0600][399.845s][info ][gc] GC(219) Pause Young (Normal) (G1 Evacuation Pause) 162M->66M(224M) 4.933ms
[2024-06-28T16:19:35.234-0600][401.245s][info ][gc] GC(220) Pause Young (Normal) (G1 Evacuation Pause) 162M->66M(224M) 4.979ms
[2024-06-28T16:19:36.631-0600][402.642s][info ][gc] GC(221) Pause Young (Normal) (G1 Evacuation Pause) 162M->66M(224M) 4.901ms
[2024-06-28T16:19:38.026-0600][404.037s][info ][gc] GC(222) Pause Young (Normal) (G1 Evacuation Pause) 162M->66M(224M) 4.568ms
[2024-06-28T16:19:39.425-0600][405.436s][info ][gc] GC(223) Pause Young (Normal) (G1 Evacuation Pause) 162M->66M(224M) 4.851ms
[2024-06-28T16:19:40.826-0600][406.837s][info ][gc] GC(224) Pause Young (Normal) (G1 Evacuation Pause) 162M->66M(224M) 5.500ms
[2024-06-28T16:19:42.224-0600][408.235s][info ][gc] GC(225) Pause Young (Normal) (G1 Evacuation Pause) 162M->66M(224M) 5.202ms
[2024-06-28T16:19:43.620-0600][409.631s][info ][gc] GC(226) Pause Young (Normal) (G1 Evacuation Pause) 162M->66M(224M) 4.858ms
[2024-06-28T16:19:45.019-0600][411.030s][info ][gc] GC(227) Pause Young (Normal) (G1 Evacuation Pause) 162M->66M(224M) 4.746ms
[2024-06-28T16:19:46.417-0600][412.428s][info ][gc] GC(228) Pause Young (Normal) (G1 Evacuation Pause) 162M->66M(224M) 4.738ms
[2024-06-28T16:19:47.815-0600][413.826s][info ][gc] GC(229) Pause Young (Normal) (G1 Evacuation Pause) 162M->66M(224M) 7.069ms
[2024-06-28T16:19:49.214-0600][415.225s][info ][gc] GC(230) Pause Young (Normal) (G1 Evacuation Pause) 162M->66M(224M) 7.142ms
[2024-06-28T16:19:50.610-0600][416.621s][info ][gc] GC(231) Pause Young (Normal) (G1 Evacuation Pause) 162M->66M(224M) 4.826ms
[2024-06-28T16:19:52.011-0600][418.022s][info ][gc] GC(232) Pause Young (Normal) (G1 Evacuation Pause) 162M->66M(224M) 8.809ms
[2024-06-28T16:19:53.406-0600][419.417s][info ][gc] GC(233) Pause Young (Normal) (G1 Evacuation Pause) 162M->66M(224M) 5.014ms
[2024-06-28T16:19:54.805-0600][420.816s][info ][gc] GC(234) Pause Young (Normal) (G1 Evacuation Pause) 162M->66M(224M) 5.266ms
[2024-06-28T16:19:56.203-0600][422.214s][info ][gc] GC(235) Pause Young (Normal) (G1 Evacuation Pause) 162M->66M(224M) 5.250ms
[2024-06-28T16:19:57.601-0600][423.612s][info ][gc] GC(236) Pause Young (Normal) (G1 Evacuation Pause) 162M->66M(224M) 4.855ms
[2024-06-28T16:19:59.001-0600][425.012s][info ][gc] GC(237) Pause Young (Normal) (G1 Evacuation Pause) 162M->66M(224M) 8.939ms
[2024-06-28T16:20:00.400-0600][426.411s][info ][gc] GC(238) Pause Young (Normal) (G1 Evacuation Pause) 162M->66M(224M) 4.851ms
[2024-06-28T16:20:01.794-0600][427.805s][info ][gc] GC(239) Pause Young (Normal) (G1 Evacuation Pause) 162M->66M(224M) 4.808ms
[2024-06-28T16:20:03.196-0600][429.207s][info ][gc] GC(240) Pause Young (Normal) (G1 Evacuation Pause) 162M->66M(224M) 7.014ms
[2024-06-28T16:20:04.592-0600][430.603s][info ][gc] GC(241) Pause Young (Normal) (G1 Evacuation Pause) 162M->66M(224M) 4.822ms
[2024-06-28T16:20:05.991-0600][432.002s][info ][gc] GC(242) Pause Young (Normal) (G1 Evacuation Pause) 162M->66M(224M) 6.136ms
[2024-06-28T16:20:07.389-0600][433.400s][info ][gc] GC(243) Pause Young (Normal) (G1 Evacuation Pause) 162M->66M(224M) 4.878ms
[2024-06-28T16:20:08.788-0600][434.799s][info ][gc] GC(244) Pause Young (Normal) (G1 Evacuation Pause) 162M->66M(224M) 4.917ms
[2024-06-28T16:20:10.183-0600][436.194s][info ][gc] GC(245) Pause Young (Normal) (G1 Evacuation Pause) 162M->66M(224M) 5.279ms
[2024-06-28T16:20:11.583-0600][437.594s][info ][gc] GC(246) Pause Young (Normal) (G1 Evacuation Pause) 162M->66M(224M) 5.929ms
[2024-06-28T16:20:12.980-0600][438.991s][info ][gc] GC(247) Pause Young (Normal) (G1 Evacuation Pause) 162M->66M(224M) 4.967ms
[2024-06-28T16:20:14.377-0600][440.388s][info ][gc] GC(248) Pause Young (Normal) (G1 Evacuation Pause) 162M->66M(224M) 4.925ms
[2024-06-28T16:20:15.777-0600][441.788s][info ][gc] GC(249) Pause Young (Normal) (G1 Evacuation Pause) 162M->66M(224M) 4.739ms
[2024-06-28T16:20:17.175-0600][443.186s][info ][gc] GC(250) Pause Young (Normal) (G1 Evacuation Pause) 162M->66M(224M) 5.051ms
[2024-06-28T16:20:18.572-0600][444.583s][info ][gc] GC(251) Pause Young (Normal) (G1 Evacuation Pause) 162M->66M(224M) 5.113ms
[2024-06-28T16:20:19.970-0600][445.981s][info ][gc] GC(252) Pause Young (Normal) (G1 Evacuation Pause) 162M->66M(224M) 4.958ms
[2024-06-28T16:20:21.366-0600][447.377s][info ][gc] GC(253) Pause Young (Normal) (G1 Evacuation Pause) 162M->66M(224M) 4.634ms
[2024-06-28T16:20:22.766-0600][448.777s][info ][gc] GC(254) Pause Young (Normal) (G1 Evacuation Pause) 162M->66M(224M) 4.982ms
[2024-06-28T16:20:24.164-0600][450.175s][info ][gc] GC(255) Pause Young (Normal) (G1 Evacuation Pause) 162M->66M(224M) 5.629ms
[2024-06-28T16:20:25.560-0600][451.571s][info ][gc] GC(256) Pause Young (Normal) (G1 Evacuation Pause) 162M->66M(224M) 5.012ms
[2024-06-28T16:20:26.960-0600][452.971s][info ][gc] GC(257) Pause Young (Normal) (G1 Evacuation Pause) 162M->66M(224M) 5.066ms
[2024-06-28T16:20:28.359-0600][454.370s][info ][gc] GC(258) Pause Young (Normal) (G1 Evacuation Pause) 162M->66M(224M) 5.631ms
[2024-06-28T16:20:29.755-0600][455.766s][info ][gc] GC(259) Pause Young (Normal) (G1 Evacuation Pause) 162M->66M(224M) 6.413ms
[2024-06-28T16:20:31.153-0600][457.164s][info ][gc] GC(260) Pause Young (Normal) (G1 Evacuation Pause) 162M->66M(224M) 4.785ms
[2024-06-28T16:20:32.557-0600][458.568s][info ][gc] GC(261) Pause Young (Normal) (G1 Evacuation Pause) 162M->66M(224M) 10.220ms
[2024-06-28T16:20:33.949-0600][459.960s][info ][gc] GC(262) Pause Young (Normal) (G1 Evacuation Pause) 162M->66M(224M) 4.883ms
[2024-06-28T16:20:35.345-0600][461.356s][info ][gc] GC(263) Pause Young (Normal) (G1 Evacuation Pause) 162M->66M(224M) 4.995ms
[2024-06-28T16:20:36.751-0600][462.762s][info ][gc] GC(264) Pause Young (Normal) (G1 Evacuation Pause) 162M->66M(224M) 7.013ms
[2024-06-28T16:20:38.145-0600][464.156s][info ][gc] GC(265) Pause Young (Normal) (G1 Evacuation Pause) 162M->66M(224M) 5.006ms
[2024-06-28T16:20:39.544-0600][465.555s][info ][gc] GC(266) Pause Young (Normal) (G1 Evacuation Pause) 162M->66M(224M) 5.909ms
[2024-06-28T16:20:40.942-0600][466.953s][info ][gc] GC(267) Pause Young (Normal) (G1 Evacuation Pause) 162M->67M(224M) 5.881ms
[2024-06-28T16:20:42.339-0600][468.350s][info ][gc] GC(268) Pause Young (Normal) (G1 Evacuation Pause) 163M->66M(224M) 4.762ms
[2024-06-28T16:20:43.738-0600][469.749s][info ][gc] GC(269) Pause Young (Normal) (G1 Evacuation Pause) 162M->66M(224M) 4.939ms
[2024-06-28T16:20:45.137-0600][471.148s][info ][gc] GC(270) Pause Young (Normal) (G1 Evacuation Pause) 162M->66M(224M) 4.865ms
[2024-06-28T16:20:46.535-0600][472.546s][info ][gc] GC(271) Pause Young (Normal) (G1 Evacuation Pause) 162M->66M(224M) 5.786ms
[2024-06-28T16:20:47.933-0600][473.944s][info ][gc] GC(272) Pause Young (Normal) (G1 Evacuation Pause) 162M->66M(224M) 4.849ms
[2024-06-28T16:20:49.332-0600][475.343s][info ][gc] GC(273) Pause Young (Normal) (G1 Evacuation Pause) 162M->66M(224M) 6.419ms
[2024-06-28T16:20:50.727-0600][476.738s][info ][gc] GC(274) Pause Young (Normal) (G1 Evacuation Pause) 162M->66M(224M) 4.873ms
[2024-06-28T16:20:52.127-0600][478.138s][info ][gc] GC(275) Pause Young (Normal) (G1 Evacuation Pause) 162M->66M(224M) 4.889ms
[2024-06-28T16:20:53.523-0600][479.534s][info ][gc] GC(276) Pause Young (Normal) (G1 Evacuation Pause) 162M->66M(224M) 5.086ms
[2024-06-28T16:20:54.923-0600][480.934s][info ][gc] GC(277) Pause Young (Normal) (G1 Evacuation Pause) 162M->66M(224M) 4.690ms
[2024-06-28T16:20:56.321-0600][482.331s][info ][gc] GC(278) Pause Young (Normal) (G1 Evacuation Pause) 162M->66M(224M) 4.903ms
[2024-06-28T16:20:57.716-0600][483.727s][info ][gc] GC(279) Pause Young (Normal) (G1 Evacuation Pause) 162M->66M(224M) 4.817ms
[2024-06-28T16:20:59.118-0600][485.129s][info ][gc] GC(280) Pause Young (Normal) (G1 Evacuation Pause) 162M->66M(224M) 7.063ms
[2024-06-28T16:21:00.512-0600][486.523s][info ][gc] GC(281) Pause Young (Normal) (G1 Evacuation Pause) 162M->66M(224M) 4.777ms
[2024-06-28T16:21:01.910-0600][487.921s][info ][gc] GC(282) Pause Young (Normal) (G1 Evacuation Pause) 162M->66M(224M) 4.774ms
[2024-06-28T16:21:03.310-0600][489.321s][info ][gc] GC(283) Pause Young (Normal) (G1 Evacuation Pause) 162M->66M(224M) 4.805ms
[2024-06-28T16:21:04.705-0600][490.716s][info ][gc] GC(284) Pause Young (Normal) (G1 Evacuation Pause) 162M->66M(224M) 4.952ms
[2024-06-28T16:21:06.105-0600][492.116s][info ][gc] GC(285) Pause Young (Normal) (G1 Evacuation Pause) 162M->66M(224M) 4.958ms
[2024-06-28T16:21:07.504-0600][493.515s][info ][gc] GC(286) Pause Young (Normal) (G1 Evacuation Pause) 162M->66M(224M) 5.178ms
[2024-06-28T16:21:08.899-0600][494.910s][info ][gc] GC(287) Pause Young (Normal) (G1 Evacuation Pause) 162M->66M(224M) 4.963ms
[2024-06-28T16:21:10.298-0600][496.309s][info ][gc] GC(288) Pause Young (Normal) (G1 Evacuation Pause) 162M->66M(224M) 6.874ms
[2024-06-28T16:21:11.701-0600][497.712s][info ][gc] GC(289) Pause Young (Normal) (G1 Evacuation Pause) 162M->66M(224M) 8.369ms
[2024-06-28T16:21:13.096-0600][499.107s][info ][gc] GC(290) Pause Young (Normal) (G1 Evacuation Pause) 162M->66M(224M) 4.848ms
[2024-06-28T16:21:14.493-0600][500.504s][info ][gc] GC(291) Pause Young (Normal) (G1 Evacuation Pause) 162M->66M(224M) 4.847ms
[2024-06-28T16:21:15.895-0600][501.906s][info ][gc] GC(292) Pause Young (Normal) (G1 Evacuation Pause) 162M->67M(224M) 7.346ms
[2024-06-28T16:21:17.290-0600][503.301s][info ][gc] GC(293) Pause Young (Normal) (G1 Evacuation Pause) 163M->66M(224M) 5.507ms
[2024-06-28T16:21:18.689-0600][504.700s][info ][gc] GC(294) Pause Young (Normal) (G1 Evacuation Pause) 162M->66M(224M) 7.046ms
[2024-06-28T16:21:20.088-0600][506.099s][info ][gc] GC(295) Pause Young (Normal) (G1 Evacuation Pause) 162M->66M(224M) 7.383ms
[2024-06-28T16:21:21.483-0600][507.494s][info ][gc] GC(296) Pause Young (Normal) (G1 Evacuation Pause) 162M->66M(224M) 4.757ms
[2024-06-28T16:21:22.881-0600][508.892s][info ][gc] GC(297) Pause Young (Normal) (G1 Evacuation Pause) 162M->66M(224M) 4.820ms
[2024-06-28T16:21:24.280-0600][510.291s][info ][gc] GC(298) Pause Young (Normal) (G1 Evacuation Pause) 162M->66M(224M) 4.622ms
[2024-06-28T16:21:25.679-0600][511.690s][info ][gc] GC(299) Pause Young (Normal) (G1 Evacuation Pause) 162M->67M(224M) 6.998ms
[2024-06-28T16:21:27.073-0600][513.084s][info ][gc] GC(300) Pause Young (Normal) (G1 Evacuation Pause) 163M->67M(224M) 4.853ms
[2024-06-28T16:21:28.475-0600][514.486s][info ][gc] GC(301) Pause Young (Normal) (G1 Evacuation Pause) 163M->67M(224M) 6.679ms
[2024-06-28T16:21:29.872-0600][515.883s][info ][gc] GC(302) Pause Young (Normal) (G1 Evacuation Pause) 163M->66M(224M) 4.589ms
[2024-06-28T16:21:31.273-0600][517.284s][info ][gc] GC(303) Pause Young (Normal) (G1 Evacuation Pause) 162M->66M(224M) 7.958ms
[2024-06-28T16:21:32.671-0600][518.682s][info ][gc] GC(304) Pause Young (Normal) (G1 Evacuation Pause) 162M->67M(224M) 7.184ms
[2024-06-28T16:21:34.067-0600][520.078s][info ][gc] GC(305) Pause Young (Normal) (G1 Evacuation Pause) 163M->66M(224M) 5.783ms
[2024-06-28T16:21:35.464-0600][521.475s][info ][gc] GC(306) Pause Young (Normal) (G1 Evacuation Pause) 162M->66M(224M) 4.710ms
[2024-06-28T16:21:36.865-0600][522.875s][info ][gc] GC(307) Pause Young (Normal) (G1 Evacuation Pause) 162M->66M(224M) 4.956ms
[2024-06-28T16:21:38.262-0600][524.273s][info ][gc] GC(308) Pause Young (Normal) (G1 Evacuation Pause) 162M->66M(224M) 4.828ms
[2024-06-28T16:21:39.660-0600][525.671s][info ][gc] GC(309) Pause Young (Normal) (G1 Evacuation Pause) 162M->67M(224M) 6.241ms
[2024-06-28T16:21:41.059-0600][527.070s][info ][gc] GC(310) Pause Young (Normal) (G1 Evacuation Pause) 163M->67M(224M) 6.658ms
[2024-06-28T16:21:42.456-0600][528.467s][info ][gc] GC(311) Pause Young (Normal) (G1 Evacuation Pause) 163M->66M(224M) 4.787ms
[2024-06-28T16:21:43.860-0600][529.871s][info ][gc] GC(312) Pause Young (Normal) (G1 Evacuation Pause) 162M->66M(224M) 11.258ms
[2024-06-28T16:21:45.252-0600][531.263s][info ][gc] GC(313) Pause Young (Normal) (G1 Evacuation Pause) 162M->66M(224M) 4.864ms
[2024-06-28T16:21:46.650-0600][532.661s][info ][gc] GC(314) Pause Young (Normal) (G1 Evacuation Pause) 162M->66M(224M) 4.786ms
[2024-06-28T16:21:48.051-0600][534.062s][info ][gc] GC(315) Pause Young (Normal) (G1 Evacuation Pause) 162M->66M(224M) 6.890ms
[2024-06-28T16:21:49.451-0600][535.462s][info ][gc] GC(316) Pause Young (Normal) (G1 Evacuation Pause) 162M->66M(224M) 6.741ms
[2024-06-28T16:21:50.847-0600][536.858s][info ][gc] GC(317) Pause Young (Normal) (G1 Evacuation Pause) 162M->67M(224M) 5.854ms
[2024-06-28T16:21:52.242-0600][538.253s][info ][gc] GC(318) Pause Young (Normal) (G1 Evacuation Pause) 163M->66M(224M) 4.841ms
[2024-06-28T16:21:53.643-0600][539.654s][info ][gc] GC(319) Pause Young (Normal) (G1 Evacuation Pause) 162M->66M(224M) 4.693ms
[2024-06-28T16:21:55.042-0600][541.053s][info ][gc] GC(320) Pause Young (Normal) (G1 Evacuation Pause) 162M->66M(224M) 4.784ms
