[2024-06-28T16:03:32.210-0600][0.003s][trace][gc] MarkStackSize: 4096k  MarkStackSizeMax: 524288k
[2024-06-28T16:03:32.215-0600][0.008s][info ][gc] Using G1
[2024-06-28T16:03:32.216-0600][0.009s][debug][gc] ConcGCThreads: 1 offset 6
[2024-06-28T16:03:32.216-0600][0.009s][debug][gc] ParallelGCThreads: 3
[2024-06-28T16:03:32.216-0600][0.009s][debug][gc] Initialize mark stack with 4096 chunks, maximum 524288
[2024-06-28T16:03:33.516-0600][1.309s][info ][gc] GC(0) Pause Young (Normal) (G1 Evacuation Pause) 97M->9M(2064M) 15.185ms
[2024-06-28T16:03:33.810-0600][1.603s][info ][gc] GC(1) Pause Young (Normal) (G1 Evacuation Pause) 89M->11M(2064M) 13.133ms
[2024-06-28T16:03:34.054-0600][1.847s][info ][gc] GC(2) Pause Young (Normal) (G1 Evacuation Pause) 91M->11M(2064M) 3.205ms
[2024-06-28T16:03:34.337-0600][2.130s][info ][gc] GC(3) Pause Young (Normal) (G1 Evacuation Pause) 91M->11M(2064M) 3.755ms
[2024-06-28T16:03:34.993-0600][2.786s][info ][gc] GC(4) Pause Young (Concurrent Start) (Metadata GC Threshold) 59M->13M(2480M) 4.278ms
[2024-06-28T16:03:34.993-0600][2.786s][info ][gc] GC(5) Concurrent Mark Cycle
[2024-06-28T16:03:35.010-0600][2.803s][info ][gc] GC(5) Pause Remark 15M->15M(224M) 4.761ms
[2024-06-28T16:03:35.015-0600][2.808s][info ][gc] GC(5) Pause Cleanup 16M->16M(224M) 0.064ms
[2024-06-28T16:03:35.021-0600][2.813s][info ][gc] GC(5) Concurrent Mark Cycle 27.621ms
[2024-06-28T16:03:36.588-0600][4.381s][info ][gc] GC(6) Pause Young (Prepare Mixed) (G1 Evacuation Pause) 125M->20M(224M) 14.971ms
[2024-06-28T16:03:36.806-0600][4.598s][info ][gc] GC(7) Pause Young (Mixed) (Metadata GC Threshold) 36M->21M(224M) 17.416ms
[2024-06-28T16:03:36.849-0600][4.642s][info ][gc] GC(8) Pause Young (Concurrent Start) (Metadata GC Threshold) 26M->21M(224M) 9.416ms
[2024-06-28T16:03:36.849-0600][4.642s][info ][gc] GC(9) Concurrent Mark Cycle
[2024-06-28T16:03:36.892-0600][4.684s][info ][gc] GC(9) Pause Remark 26M->26M(224M) 6.291ms
[2024-06-28T16:03:36.902-0600][4.695s][info ][gc] GC(9) Pause Cleanup 26M->26M(224M) 0.070ms
[2024-06-28T16:03:36.908-0600][4.701s][info ][gc] GC(9) Concurrent Mark Cycle 59.391ms
[2024-06-28T16:04:32.663-0600][60.456s][info ][gc] GC(10) Pause Young (Prepare Mixed) (G1 Evacuation Pause) 133M->37M(224M) 13.864ms
[2024-06-28T16:04:34.023-0600][61.816s][info ][gc] GC(11) Pause Young (Mixed) (G1 Evacuation Pause) 133M->55M(224M) 24.022ms
[2024-06-28T16:04:35.620-0600][63.413s][info ][gc] GC(12) Pause Young (Normal) (G1 Evacuation Pause) 167M->57M(224M) 8.602ms
[2024-06-28T16:04:37.055-0600][64.847s][info ][gc] GC(13) Pause Young (Normal) (G1 Evacuation Pause) 169M->56M(224M) 4.336ms
[2024-06-28T16:04:38.420-0600][66.213s][info ][gc] GC(14) Pause Young (Normal) (G1 Evacuation Pause) 168M->56M(224M) 10.043ms
[2024-06-28T16:04:39.862-0600][67.655s][info ][gc] GC(15) Pause Young (Normal) (G1 Evacuation Pause) 168M->56M(224M) 5.766ms
[2024-06-28T16:04:41.385-0600][69.177s][info ][gc] GC(16) Pause Young (Normal) (G1 Evacuation Pause) 168M->56M(224M) 5.802ms
[2024-06-28T16:04:42.945-0600][70.738s][info ][gc] GC(17) Pause Young (Normal) (G1 Evacuation Pause) 168M->56M(224M) 7.654ms
[2024-06-28T16:04:44.536-0600][72.329s][info ][gc] GC(18) Pause Young (Normal) (G1 Evacuation Pause) 168M->56M(224M) 5.564ms
[2024-06-28T16:04:46.169-0600][73.961s][info ][gc] GC(19) Pause Young (Normal) (G1 Evacuation Pause) 168M->56M(224M) 10.141ms
[2024-06-28T16:04:47.838-0600][75.631s][info ][gc] GC(20) Pause Young (Normal) (G1 Evacuation Pause) 168M->56M(224M) 8.242ms
[2024-06-28T16:04:49.567-0600][77.359s][info ][gc] GC(21) Pause Young (Normal) (G1 Evacuation Pause) 168M->55M(224M) 7.717ms
[2024-06-28T16:04:51.297-0600][79.090s][info ][gc] GC(22) Pause Young (Normal) (G1 Evacuation Pause) 167M->56M(224M) 7.401ms
[2024-06-28T16:04:52.998-0600][80.791s][info ][gc] GC(23) Pause Young (Normal) (G1 Evacuation Pause) 168M->56M(224M) 5.337ms
[2024-06-28T16:04:54.717-0600][82.509s][info ][gc] GC(24) Pause Young (Normal) (G1 Evacuation Pause) 168M->56M(224M) 9.308ms
[2024-06-28T16:04:56.442-0600][84.235s][info ][gc] GC(25) Pause Young (Normal) (G1 Evacuation Pause) 168M->56M(224M) 11.565ms
[2024-06-28T16:04:58.150-0600][85.943s][info ][gc] GC(26) Pause Young (Normal) (G1 Evacuation Pause) 168M->56M(224M) 8.855ms
[2024-06-28T16:04:59.871-0600][87.664s][info ][gc] GC(27) Pause Young (Normal) (G1 Evacuation Pause) 168M->56M(224M) 9.404ms
[2024-06-28T16:05:01.575-0600][89.367s][info ][gc] GC(28) Pause Young (Normal) (G1 Evacuation Pause) 168M->55M(224M) 10.117ms
[2024-06-28T16:05:03.294-0600][91.086s][info ][gc] GC(29) Pause Young (Normal) (G1 Evacuation Pause) 167M->55M(224M) 15.665ms
[2024-06-28T16:05:04.996-0600][92.788s][info ][gc] GC(30) Pause Young (Normal) (G1 Evacuation Pause) 167M->56M(224M) 7.481ms
[2024-06-28T16:05:06.703-0600][94.496s][info ][gc] GC(31) Pause Young (Normal) (G1 Evacuation Pause) 168M->56M(224M) 7.407ms
[2024-06-28T16:05:08.410-0600][96.203s][info ][gc] GC(32) Pause Young (Normal) (G1 Evacuation Pause) 168M->56M(224M) 5.799ms
[2024-06-28T16:05:10.116-0600][97.909s][info ][gc] GC(33) Pause Young (Normal) (G1 Evacuation Pause) 168M->56M(224M) 6.173ms
[2024-06-28T16:05:11.828-0600][99.621s][info ][gc] GC(34) Pause Young (Normal) (G1 Evacuation Pause) 168M->56M(224M) 8.338ms
[2024-06-28T16:05:13.533-0600][101.326s][info ][gc] GC(35) Pause Young (Normal) (G1 Evacuation Pause) 168M->56M(224M) 8.972ms
[2024-06-28T16:05:15.238-0600][103.030s][info ][gc] GC(36) Pause Young (Normal) (G1 Evacuation Pause) 168M->56M(224M) 6.415ms
[2024-06-28T16:05:16.944-0600][104.737s][info ][gc] GC(37) Pause Young (Normal) (G1 Evacuation Pause) 168M->56M(224M) 8.955ms
[2024-06-28T16:05:18.654-0600][106.446s][info ][gc] GC(38) Pause Young (Normal) (G1 Evacuation Pause) 168M->56M(224M) 12.185ms
[2024-06-28T16:05:20.355-0600][108.148s][info ][gc] GC(39) Pause Young (Normal) (G1 Evacuation Pause) 168M->56M(224M) 6.645ms
[2024-06-28T16:05:22.060-0600][109.853s][info ][gc] GC(40) Pause Young (Normal) (G1 Evacuation Pause) 168M->56M(224M) 8.214ms
[2024-06-28T16:05:23.767-0600][111.560s][info ][gc] GC(41) Pause Young (Normal) (G1 Evacuation Pause) 168M->56M(224M) 6.693ms
[2024-06-28T16:05:25.472-0600][113.264s][info ][gc] GC(42) Pause Young (Normal) (G1 Evacuation Pause) 168M->55M(224M) 6.716ms
[2024-06-28T16:05:27.183-0600][114.976s][info ][gc] GC(43) Pause Young (Normal) (G1 Evacuation Pause) 167M->56M(224M) 10.047ms
[2024-06-28T16:05:28.893-0600][116.686s][info ][gc] GC(44) Pause Young (Normal) (G1 Evacuation Pause) 168M->56M(224M) 10.575ms
[2024-06-28T16:05:30.619-0600][118.411s][info ][gc] GC(45) Pause Young (Normal) (G1 Evacuation Pause) 168M->55M(224M) 10.387ms
[2024-06-28T16:05:32.348-0600][120.141s][info ][gc] GC(46) Pause Young (Normal) (G1 Evacuation Pause) 167M->56M(224M) 12.301ms
[2024-06-28T16:05:34.072-0600][121.864s][info ][gc] GC(47) Pause Young (Normal) (G1 Evacuation Pause) 168M->56M(224M) 8.052ms
[2024-06-28T16:05:35.792-0600][123.585s][info ][gc] GC(48) Pause Young (Normal) (G1 Evacuation Pause) 168M->56M(224M) 8.247ms
[2024-06-28T16:05:37.484-0600][125.277s][info ][gc] GC(49) Pause Young (Normal) (G1 Evacuation Pause) 168M->55M(224M) 6.613ms
[2024-06-28T16:05:39.193-0600][126.985s][info ][gc] GC(50) Pause Young (Normal) (G1 Evacuation Pause) 167M->56M(224M) 5.815ms
[2024-06-28T16:05:40.904-0600][128.697s][info ][gc] GC(51) Pause Young (Normal) (G1 Evacuation Pause) 168M->55M(224M) 6.524ms
[2024-06-28T16:05:42.616-0600][130.408s][info ][gc] GC(52) Pause Young (Normal) (G1 Evacuation Pause) 167M->56M(224M) 6.814ms
[2024-06-28T16:05:44.326-0600][132.118s][info ][gc] GC(53) Pause Young (Normal) (G1 Evacuation Pause) 168M->56M(224M) 6.943ms
[2024-06-28T16:05:46.034-0600][133.827s][info ][gc] GC(54) Pause Young (Normal) (G1 Evacuation Pause) 168M->56M(224M) 5.731ms
[2024-06-28T16:05:47.747-0600][135.540s][info ][gc] GC(55) Pause Young (Normal) (G1 Evacuation Pause) 168M->56M(224M) 7.950ms
[2024-06-28T16:05:49.456-0600][137.249s][info ][gc] GC(56) Pause Young (Normal) (G1 Evacuation Pause) 168M->56M(224M) 6.621ms
[2024-06-28T16:05:51.168-0600][138.961s][info ][gc] GC(57) Pause Young (Normal) (G1 Evacuation Pause) 168M->56M(224M) 6.358ms
[2024-06-28T16:05:52.876-0600][140.669s][info ][gc] GC(58) Pause Young (Normal) (G1 Evacuation Pause) 168M->56M(224M) 5.765ms
[2024-06-28T16:05:54.587-0600][142.380s][info ][gc] GC(59) Pause Young (Normal) (G1 Evacuation Pause) 168M->56M(224M) 7.408ms
[2024-06-28T16:05:56.292-0600][144.084s][info ][gc] GC(60) Pause Young (Normal) (G1 Evacuation Pause) 168M->56M(224M) 5.916ms
[2024-06-28T16:05:57.998-0600][145.791s][info ][gc] GC(61) Pause Young (Normal) (G1 Evacuation Pause) 168M->56M(224M) 7.797ms
[2024-06-28T16:05:59.702-0600][147.495s][info ][gc] GC(62) Pause Young (Normal) (G1 Evacuation Pause) 168M->56M(224M) 5.952ms
[2024-06-28T16:06:01.414-0600][149.207s][info ][gc] GC(63) Pause Young (Normal) (G1 Evacuation Pause) 168M->56M(224M) 8.086ms
[2024-06-28T16:06:03.124-0600][150.916s][info ][gc] GC(64) Pause Young (Normal) (G1 Evacuation Pause) 168M->56M(224M) 6.819ms
[2024-06-28T16:06:04.833-0600][152.626s][info ][gc] GC(65) Pause Young (Normal) (G1 Evacuation Pause) 168M->56M(224M) 5.804ms
[2024-06-28T16:06:06.542-0600][154.335s][info ][gc] GC(66) Pause Young (Normal) (G1 Evacuation Pause) 168M->56M(224M) 6.079ms
[2024-06-28T16:06:08.252-0600][156.045s][info ][gc] GC(67) Pause Young (Normal) (G1 Evacuation Pause) 168M->56M(224M) 6.140ms
[2024-06-28T16:06:09.963-0600][157.756s][info ][gc] GC(68) Pause Young (Normal) (G1 Evacuation Pause) 168M->56M(224M) 7.137ms
[2024-06-28T16:06:11.674-0600][159.467s][info ][gc] GC(69) Pause Young (Normal) (G1 Evacuation Pause) 168M->56M(224M) 7.605ms
[2024-06-28T16:06:13.382-0600][161.174s][info ][gc] GC(70) Pause Young (Normal) (G1 Evacuation Pause) 168M->56M(224M) 5.889ms
[2024-06-28T16:06:15.091-0600][162.884s][info ][gc] GC(71) Pause Young (Normal) (G1 Evacuation Pause) 168M->56M(224M) 6.978ms
[2024-06-28T16:06:16.798-0600][164.591s][info ][gc] GC(72) Pause Young (Normal) (G1 Evacuation Pause) 168M->56M(224M) 7.897ms
[2024-06-28T16:06:18.508-0600][166.301s][info ][gc] GC(73) Pause Young (Normal) (G1 Evacuation Pause) 168M->56M(224M) 8.608ms
[2024-06-28T16:06:20.210-0600][168.002s][info ][gc] GC(74) Pause Young (Normal) (G1 Evacuation Pause) 168M->56M(224M) 6.130ms
[2024-06-28T16:06:21.920-0600][169.713s][info ][gc] GC(75) Pause Young (Normal) (G1 Evacuation Pause) 168M->56M(224M) 6.481ms
[2024-06-28T16:06:23.631-0600][171.423s][info ][gc] GC(76) Pause Young (Normal) (G1 Evacuation Pause) 168M->56M(224M) 8.020ms
[2024-06-28T16:06:25.336-0600][173.129s][info ][gc] GC(77) Pause Young (Normal) (G1 Evacuation Pause) 168M->56M(224M) 5.771ms
[2024-06-28T16:06:27.046-0600][174.839s][info ][gc] GC(78) Pause Young (Normal) (G1 Evacuation Pause) 168M->56M(224M) 5.883ms
[2024-06-28T16:06:28.757-0600][176.549s][info ][gc] GC(79) Pause Young (Normal) (G1 Evacuation Pause) 168M->56M(224M) 7.263ms
[2024-06-28T16:06:30.467-0600][178.260s][info ][gc] GC(80) Pause Young (Normal) (G1 Evacuation Pause) 168M->56M(224M) 8.171ms
[2024-06-28T16:06:32.175-0600][179.968s][info ][gc] GC(81) Pause Young (Normal) (G1 Evacuation Pause) 168M->56M(224M) 5.758ms
[2024-06-28T16:06:33.885-0600][181.678s][info ][gc] GC(82) Pause Young (Normal) (G1 Evacuation Pause) 168M->56M(224M) 5.886ms
[2024-06-28T16:06:35.592-0600][183.385s][info ][gc] GC(83) Pause Young (Normal) (G1 Evacuation Pause) 168M->56M(224M) 5.970ms
[2024-06-28T16:06:37.303-0600][185.096s][info ][gc] GC(84) Pause Young (Normal) (G1 Evacuation Pause) 168M->56M(224M) 7.124ms
[2024-06-28T16:06:39.011-0600][186.804s][info ][gc] GC(85) Pause Young (Normal) (G1 Evacuation Pause) 168M->56M(224M) 5.858ms
[2024-06-28T16:06:40.721-0600][188.513s][info ][gc] GC(86) Pause Young (Normal) (G1 Evacuation Pause) 168M->56M(224M) 5.902ms
[2024-06-28T16:06:42.432-0600][190.224s][info ][gc] GC(87) Pause Young (Normal) (G1 Evacuation Pause) 168M->56M(224M) 6.854ms
[2024-06-28T16:06:44.144-0600][191.936s][info ][gc] GC(88) Pause Young (Normal) (G1 Evacuation Pause) 168M->56M(224M) 7.920ms
[2024-06-28T16:06:45.851-0600][193.643s][info ][gc] GC(89) Pause Young (Normal) (G1 Evacuation Pause) 168M->56M(224M) 7.296ms
[2024-06-28T16:06:47.553-0600][195.345s][info ][gc] GC(90) Pause Young (Normal) (G1 Evacuation Pause) 168M->56M(224M) 7.623ms
[2024-06-28T16:06:49.264-0600][197.056s][info ][gc] GC(91) Pause Young (Normal) (G1 Evacuation Pause) 168M->56M(224M) 9.127ms
[2024-06-28T16:06:50.971-0600][198.763s][info ][gc] GC(92) Pause Young (Normal) (G1 Evacuation Pause) 168M->56M(224M) 6.144ms
[2024-06-28T16:06:52.679-0600][200.472s][info ][gc] GC(93) Pause Young (Normal) (G1 Evacuation Pause) 168M->56M(224M) 7.115ms
[2024-06-28T16:06:54.391-0600][202.183s][info ][gc] GC(94) Pause Young (Normal) (G1 Evacuation Pause) 168M->56M(224M) 8.548ms
[2024-06-28T16:06:56.098-0600][203.891s][info ][gc] GC(95) Pause Young (Normal) (G1 Evacuation Pause) 168M->56M(224M) 5.890ms
[2024-06-28T16:06:57.810-0600][205.603s][info ][gc] GC(96) Pause Young (Normal) (G1 Evacuation Pause) 168M->56M(224M) 7.846ms
[2024-06-28T16:06:59.520-0600][207.312s][info ][gc] GC(97) Pause Young (Normal) (G1 Evacuation Pause) 168M->56M(224M) 6.981ms
[2024-06-28T16:07:01.230-0600][209.023s][info ][gc] GC(98) Pause Young (Normal) (G1 Evacuation Pause) 168M->56M(224M) 6.801ms
[2024-06-28T16:07:02.939-0600][210.732s][info ][gc] GC(99) Pause Young (Normal) (G1 Evacuation Pause) 168M->56M(224M) 5.783ms
[2024-06-28T16:07:04.649-0600][212.442s][info ][gc] GC(100) Pause Young (Normal) (G1 Evacuation Pause) 168M->56M(224M) 6.172ms
[2024-06-28T16:07:06.355-0600][214.147s][info ][gc] GC(101) Pause Young (Normal) (G1 Evacuation Pause) 168M->56M(224M) 5.863ms
[2024-06-28T16:07:08.063-0600][215.855s][info ][gc] GC(102) Pause Young (Normal) (G1 Evacuation Pause) 168M->56M(224M) 5.975ms
[2024-06-28T16:07:09.770-0600][217.562s][info ][gc] GC(103) Pause Young (Normal) (G1 Evacuation Pause) 168M->56M(224M) 5.718ms
[2024-06-28T16:07:11.481-0600][219.273s][info ][gc] GC(104) Pause Young (Normal) (G1 Evacuation Pause) 168M->56M(224M) 9.204ms
[2024-06-28T16:07:13.188-0600][220.980s][info ][gc] GC(105) Pause Young (Normal) (G1 Evacuation Pause) 168M->56M(224M) 6.069ms
[2024-06-28T16:07:14.900-0600][222.692s][info ][gc] GC(106) Pause Young (Normal) (G1 Evacuation Pause) 168M->56M(224M) 7.831ms
[2024-06-28T16:07:16.604-0600][224.397s][info ][gc] GC(107) Pause Young (Normal) (G1 Evacuation Pause) 168M->56M(224M) 7.060ms
[2024-06-28T16:07:18.316-0600][226.109s][info ][gc] GC(108) Pause Young (Normal) (G1 Evacuation Pause) 168M->56M(224M) 10.069ms
[2024-06-28T16:07:20.023-0600][227.815s][info ][gc] GC(109) Pause Young (Normal) (G1 Evacuation Pause) 168M->56M(224M) 5.934ms
[2024-06-28T16:07:21.732-0600][229.525s][info ][gc] GC(110) Pause Young (Normal) (G1 Evacuation Pause) 168M->56M(224M) 6.104ms
[2024-06-28T16:07:23.443-0600][231.235s][info ][gc] GC(111) Pause Young (Normal) (G1 Evacuation Pause) 168M->56M(224M) 5.956ms
[2024-06-28T16:07:25.150-0600][232.942s][info ][gc] GC(112) Pause Young (Normal) (G1 Evacuation Pause) 168M->56M(224M) 5.848ms
[2024-06-28T16:07:26.858-0600][234.650s][info ][gc] GC(113) Pause Young (Normal) (G1 Evacuation Pause) 168M->56M(224M) 6.112ms
[2024-06-28T16:07:28.568-0600][236.360s][info ][gc] GC(114) Pause Young (Normal) (G1 Evacuation Pause) 168M->56M(224M) 5.849ms
[2024-06-28T16:07:30.275-0600][238.067s][info ][gc] GC(115) Pause Young (Normal) (G1 Evacuation Pause) 168M->56M(224M) 5.784ms
[2024-06-28T16:07:31.981-0600][239.774s][info ][gc] GC(116) Pause Young (Normal) (G1 Evacuation Pause) 168M->56M(224M) 6.110ms
[2024-06-28T16:07:33.693-0600][241.486s][info ][gc] GC(117) Pause Young (Normal) (G1 Evacuation Pause) 168M->56M(224M) 9.066ms
[2024-06-28T16:07:35.400-0600][243.193s][info ][gc] GC(118) Pause Young (Normal) (G1 Evacuation Pause) 168M->56M(224M) 6.276ms
[2024-06-28T16:07:37.112-0600][244.905s][info ][gc] GC(119) Pause Young (Normal) (G1 Evacuation Pause) 168M->56M(224M) 8.013ms
[2024-06-28T16:07:38.814-0600][246.606s][info ][gc] GC(120) Pause Young (Normal) (G1 Evacuation Pause) 168M->56M(224M) 5.860ms
[2024-06-28T16:07:40.523-0600][248.316s][info ][gc] GC(121) Pause Young (Normal) (G1 Evacuation Pause) 168M->56M(224M) 5.822ms
[2024-06-28T16:07:42.233-0600][250.026s][info ][gc] GC(122) Pause Young (Normal) (G1 Evacuation Pause) 168M->56M(224M) 5.614ms
[2024-06-28T16:07:43.943-0600][251.736s][info ][gc] GC(123) Pause Young (Normal) (G1 Evacuation Pause) 168M->56M(224M) 5.855ms
[2024-06-28T16:07:45.656-0600][253.449s][info ][gc] GC(124) Pause Young (Normal) (G1 Evacuation Pause) 168M->56M(224M) 7.910ms
[2024-06-28T16:07:47.364-0600][255.157s][info ][gc] GC(125) Pause Young (Normal) (G1 Evacuation Pause) 168M->56M(224M) 6.753ms
[2024-06-28T16:07:49.072-0600][256.865s][info ][gc] GC(126) Pause Young (Normal) (G1 Evacuation Pause) 168M->56M(224M) 6.330ms
[2024-06-28T16:07:50.784-0600][258.577s][info ][gc] GC(127) Pause Young (Normal) (G1 Evacuation Pause) 168M->56M(224M) 8.326ms
[2024-06-28T16:07:52.491-0600][260.284s][info ][gc] GC(128) Pause Young (Normal) (G1 Evacuation Pause) 168M->56M(224M) 6.128ms
[2024-06-28T16:07:54.195-0600][261.988s][info ][gc] GC(129) Pause Young (Normal) (G1 Evacuation Pause) 168M->56M(224M) 6.059ms
[2024-06-28T16:07:55.905-0600][263.698s][info ][gc] GC(130) Pause Young (Normal) (G1 Evacuation Pause) 168M->56M(224M) 6.200ms
[2024-06-28T16:07:57.616-0600][265.409s][info ][gc] GC(131) Pause Young (Normal) (G1 Evacuation Pause) 168M->56M(224M) 7.532ms
[2024-06-28T16:07:59.324-0600][267.117s][info ][gc] GC(132) Pause Young (Normal) (G1 Evacuation Pause) 168M->56M(224M) 5.873ms
[2024-06-28T16:08:01.030-0600][268.822s][info ][gc] GC(133) Pause Young (Normal) (G1 Evacuation Pause) 168M->56M(224M) 5.901ms
[2024-06-28T16:08:02.740-0600][270.533s][info ][gc] GC(134) Pause Young (Normal) (G1 Evacuation Pause) 168M->56M(224M) 7.142ms
[2024-06-28T16:08:04.452-0600][272.245s][info ][gc] GC(135) Pause Young (Normal) (G1 Evacuation Pause) 168M->56M(224M) 8.130ms
[2024-06-28T16:08:06.161-0600][273.953s][info ][gc] GC(136) Pause Young (Normal) (G1 Evacuation Pause) 168M->56M(224M) 7.035ms
[2024-06-28T16:08:07.869-0600][275.662s][info ][gc] GC(137) Pause Young (Normal) (G1 Evacuation Pause) 168M->56M(224M) 5.620ms
[2024-06-28T16:08:09.581-0600][277.374s][info ][gc] GC(138) Pause Young (Normal) (G1 Evacuation Pause) 168M->56M(224M) 8.210ms
[2024-06-28T16:08:11.288-0600][279.081s][info ][gc] GC(139) Pause Young (Normal) (G1 Evacuation Pause) 168M->56M(224M) 5.982ms
[2024-06-28T16:08:12.998-0600][280.790s][info ][gc] GC(140) Pause Young (Normal) (G1 Evacuation Pause) 168M->56M(224M) 6.653ms
[2024-06-28T16:08:14.704-0600][282.497s][info ][gc] GC(141) Pause Young (Normal) (G1 Evacuation Pause) 168M->56M(224M) 6.061ms
[2024-06-28T16:08:16.409-0600][284.202s][info ][gc] GC(142) Pause Young (Normal) (G1 Evacuation Pause) 168M->56M(224M) 5.862ms
[2024-06-28T16:08:18.120-0600][285.912s][info ][gc] GC(143) Pause Young (Normal) (G1 Evacuation Pause) 168M->56M(224M) 6.012ms
[2024-06-28T16:08:19.830-0600][287.623s][info ][gc] GC(144) Pause Young (Normal) (G1 Evacuation Pause) 168M->56M(224M) 6.648ms
[2024-06-28T16:08:21.536-0600][289.328s][info ][gc] GC(145) Pause Young (Normal) (G1 Evacuation Pause) 168M->56M(224M) 5.770ms
[2024-06-28T16:08:23.246-0600][291.039s][info ][gc] GC(146) Pause Young (Normal) (G1 Evacuation Pause) 168M->56M(224M) 5.827ms
[2024-06-28T16:08:24.953-0600][292.746s][info ][gc] GC(147) Pause Young (Normal) (G1 Evacuation Pause) 168M->56M(224M) 5.931ms
[2024-06-28T16:08:26.665-0600][294.458s][info ][gc] GC(148) Pause Young (Normal) (G1 Evacuation Pause) 168M->56M(224M) 6.932ms
[2024-06-28T16:08:28.374-0600][296.166s][info ][gc] GC(149) Pause Young (Normal) (G1 Evacuation Pause) 168M->56M(224M) 6.142ms
[2024-06-28T16:08:30.084-0600][297.877s][info ][gc] GC(150) Pause Young (Normal) (G1 Evacuation Pause) 168M->56M(224M) 6.331ms
[2024-06-28T16:08:31.796-0600][299.589s][info ][gc] GC(151) Pause Young (Normal) (G1 Evacuation Pause) 168M->56M(224M) 9.162ms
[2024-06-28T16:08:33.502-0600][301.295s][info ][gc] GC(152) Pause Young (Normal) (G1 Evacuation Pause) 168M->56M(224M) 6.158ms
[2024-06-28T16:08:35.212-0600][303.005s][info ][gc] GC(153) Pause Young (Normal) (G1 Evacuation Pause) 168M->56M(224M) 5.919ms
[2024-06-28T16:08:36.917-0600][304.710s][info ][gc] GC(154) Pause Young (Normal) (G1 Evacuation Pause) 168M->56M(224M) 6.108ms
[2024-06-28T16:08:38.630-0600][306.422s][info ][gc] GC(155) Pause Young (Normal) (G1 Evacuation Pause) 168M->56M(224M) 7.870ms
[2024-06-28T16:08:40.335-0600][308.128s][info ][gc] GC(156) Pause Young (Normal) (G1 Evacuation Pause) 168M->56M(224M) 7.187ms
[2024-06-28T16:08:42.046-0600][309.839s][info ][gc] GC(157) Pause Young (Normal) (G1 Evacuation Pause) 168M->56M(224M) 8.411ms
[2024-06-28T16:08:43.756-0600][311.548s][info ][gc] GC(158) Pause Young (Normal) (G1 Evacuation Pause) 168M->56M(224M) 7.012ms
[2024-06-28T16:08:45.465-0600][313.257s][info ][gc] GC(159) Pause Young (Normal) (G1 Evacuation Pause) 168M->56M(224M) 5.803ms
[2024-06-28T16:08:47.176-0600][314.969s][info ][gc] GC(160) Pause Young (Normal) (G1 Evacuation Pause) 168M->56M(224M) 8.459ms
[2024-06-28T16:08:48.876-0600][316.669s][info ][gc] GC(161) Pause Young (Normal) (G1 Evacuation Pause) 168M->56M(224M) 6.392ms
[2024-06-28T16:08:50.583-0600][318.376s][info ][gc] GC(162) Pause Young (Normal) (G1 Evacuation Pause) 168M->56M(224M) 7.156ms
[2024-06-28T16:08:52.289-0600][320.082s][info ][gc] GC(163) Pause Young (Normal) (G1 Evacuation Pause) 168M->56M(224M) 6.976ms
[2024-06-28T16:08:53.998-0600][321.791s][info ][gc] GC(164) Pause Young (Normal) (G1 Evacuation Pause) 168M->56M(224M) 5.897ms
[2024-06-28T16:08:55.710-0600][323.503s][info ][gc] GC(165) Pause Young (Normal) (G1 Evacuation Pause) 168M->56M(224M) 6.879ms
[2024-06-28T16:08:57.420-0600][325.213s][info ][gc] GC(166) Pause Young (Normal) (G1 Evacuation Pause) 168M->56M(224M) 5.997ms
[2024-06-28T16:08:59.125-0600][326.918s][info ][gc] GC(167) Pause Young (Normal) (G1 Evacuation Pause) 168M->56M(224M) 5.977ms
[2024-06-28T16:09:00.835-0600][328.628s][info ][gc] GC(168) Pause Young (Normal) (G1 Evacuation Pause) 168M->56M(224M) 7.013ms
[2024-06-28T16:09:02.544-0600][330.337s][info ][gc] GC(169) Pause Young (Normal) (G1 Evacuation Pause) 168M->56M(224M) 6.130ms
[2024-06-28T16:09:04.255-0600][332.048s][info ][gc] GC(170) Pause Young (Normal) (G1 Evacuation Pause) 168M->56M(224M) 7.696ms
[2024-06-28T16:09:05.964-0600][333.757s][info ][gc] GC(171) Pause Young (Normal) (G1 Evacuation Pause) 168M->56M(224M) 6.737ms
[2024-06-28T16:09:07.675-0600][335.468s][info ][gc] GC(172) Pause Young (Normal) (G1 Evacuation Pause) 168M->56M(224M) 8.287ms
[2024-06-28T16:09:09.384-0600][337.177s][info ][gc] GC(173) Pause Young (Normal) (G1 Evacuation Pause) 168M->56M(224M) 6.514ms
[2024-06-28T16:09:11.094-0600][338.887s][info ][gc] GC(174) Pause Young (Normal) (G1 Evacuation Pause) 168M->56M(224M) 6.060ms
[2024-06-28T16:09:12.805-0600][340.597s][info ][gc] GC(175) Pause Young (Normal) (G1 Evacuation Pause) 168M->56M(224M) 7.818ms
[2024-06-28T16:09:14.510-0600][342.303s][info ][gc] GC(176) Pause Young (Normal) (G1 Evacuation Pause) 168M->56M(224M) 8.064ms
[2024-06-28T16:09:16.218-0600][344.011s][info ][gc] GC(177) Pause Young (Normal) (G1 Evacuation Pause) 168M->56M(224M) 7.081ms
[2024-06-28T16:09:17.923-0600][345.715s][info ][gc] GC(178) Pause Young (Normal) (G1 Evacuation Pause) 168M->56M(224M) 7.397ms
[2024-06-28T16:09:19.634-0600][347.427s][info ][gc] GC(179) Pause Young (Normal) (G1 Evacuation Pause) 168M->56M(224M) 10.198ms
[2024-06-28T16:09:21.339-0600][349.132s][info ][gc] GC(180) Pause Young (Normal) (G1 Evacuation Pause) 168M->56M(224M) 5.950ms
[2024-06-28T16:09:23.053-0600][350.845s][info ][gc] GC(181) Pause Young (Normal) (G1 Evacuation Pause) 168M->56M(224M) 9.112ms
[2024-06-28T16:09:24.757-0600][352.550s][info ][gc] GC(182) Pause Young (Normal) (G1 Evacuation Pause) 168M->56M(224M) 5.792ms
[2024-06-28T16:09:26.468-0600][354.261s][info ][gc] GC(183) Pause Young (Normal) (G1 Evacuation Pause) 168M->56M(224M) 6.217ms
[2024-06-28T16:09:28.177-0600][355.969s][info ][gc] GC(184) Pause Young (Normal) (G1 Evacuation Pause) 168M->56M(224M) 5.796ms
[2024-06-28T16:09:29.887-0600][357.680s][info ][gc] GC(185) Pause Young (Normal) (G1 Evacuation Pause) 168M->56M(224M) 7.235ms
[2024-06-28T16:09:31.596-0600][359.388s][info ][gc] GC(186) Pause Young (Normal) (G1 Evacuation Pause) 168M->56M(224M) 5.858ms
[2024-06-28T16:09:33.349-0600][361.142s][info ][gc] GC(187) Pause Young (Normal) (G1 Evacuation Pause) 168M->62M(224M) 8.058ms
[2024-06-28T16:09:34.975-0600][362.768s][info ][gc] GC(188) Pause Young (Normal) (G1 Evacuation Pause) 174M->68M(224M) 12.787ms
[2024-06-28T16:09:36.671-0600][364.464s][info ][gc] GC(189) Pause Young (Normal) (G1 Evacuation Pause) 180M->68M(224M) 11.884ms
[2024-06-28T16:09:38.123-0600][365.916s][info ][gc] GC(190) Pause Young (Normal) (G1 Evacuation Pause) 164M->69M(224M) 10.672ms
[2024-06-28T16:09:39.573-0600][367.366s][info ][gc] GC(191) Pause Young (Normal) (G1 Evacuation Pause) 165M->68M(224M) 7.561ms
[2024-06-28T16:09:41.026-0600][368.819s][info ][gc] GC(192) Pause Young (Normal) (G1 Evacuation Pause) 164M->68M(224M) 8.566ms
[2024-06-28T16:09:42.477-0600][370.270s][info ][gc] GC(193) Pause Young (Normal) (G1 Evacuation Pause) 164M->68M(224M) 13.276ms
[2024-06-28T16:09:43.917-0600][371.710s][info ][gc] GC(194) Pause Young (Normal) (G1 Evacuation Pause) 164M->68M(224M) 8.677ms
[2024-06-28T16:09:45.369-0600][373.161s][info ][gc] GC(195) Pause Young (Normal) (G1 Evacuation Pause) 164M->68M(224M) 8.301ms
[2024-06-28T16:09:46.823-0600][374.616s][info ][gc] GC(196) Pause Young (Normal) (G1 Evacuation Pause) 164M->68M(224M) 12.169ms
[2024-06-28T16:09:48.264-0600][376.056s][info ][gc] GC(197) Pause Young (Normal) (G1 Evacuation Pause) 164M->68M(224M) 7.272ms
[2024-06-28T16:09:49.714-0600][377.506s][info ][gc] GC(198) Pause Young (Normal) (G1 Evacuation Pause) 164M->68M(224M) 8.584ms
[2024-06-28T16:09:51.166-0600][378.958s][info ][gc] GC(199) Pause Young (Normal) (G1 Evacuation Pause) 164M->68M(224M) 8.933ms
[2024-06-28T16:09:52.605-0600][380.398s][info ][gc] GC(200) Pause Young (Normal) (G1 Evacuation Pause) 164M->68M(224M) 7.085ms
[2024-06-28T16:09:54.057-0600][381.850s][info ][gc] GC(201) Pause Young (Normal) (G1 Evacuation Pause) 164M->68M(224M) 7.912ms
[2024-06-28T16:09:55.508-0600][383.300s][info ][gc] GC(202) Pause Young (Normal) (G1 Evacuation Pause) 164M->68M(224M) 7.088ms
[2024-06-28T16:09:56.952-0600][384.745s][info ][gc] GC(203) Pause Young (Normal) (G1 Evacuation Pause) 164M->68M(224M) 9.091ms
[2024-06-28T16:09:58.394-0600][386.187s][info ][gc] GC(204) Pause Young (Normal) (G1 Evacuation Pause) 164M->68M(224M) 6.333ms
[2024-06-28T16:09:59.848-0600][387.641s][info ][gc] GC(205) Pause Young (Normal) (G1 Evacuation Pause) 164M->68M(224M) 8.202ms
[2024-06-28T16:10:01.296-0600][389.089s][info ][gc] GC(206) Pause Young (Normal) (G1 Evacuation Pause) 164M->68M(224M) 8.593ms
[2024-06-28T16:10:02.738-0600][390.531s][info ][gc] GC(207) Pause Young (Normal) (G1 Evacuation Pause) 164M->68M(224M) 7.479ms
[2024-06-28T16:10:04.188-0600][391.980s][info ][gc] GC(208) Pause Young (Normal) (G1 Evacuation Pause) 164M->68M(224M) 8.414ms
[2024-06-28T16:10:05.637-0600][393.429s][info ][gc] GC(209) Pause Young (Normal) (G1 Evacuation Pause) 164M->68M(224M) 6.499ms
[2024-06-28T16:10:07.081-0600][394.873s][info ][gc] GC(210) Pause Young (Normal) (G1 Evacuation Pause) 164M->67M(224M) 8.224ms
[2024-06-28T16:10:08.529-0600][396.322s][info ][gc] GC(211) Pause Young (Normal) (G1 Evacuation Pause) 163M->68M(224M) 9.691ms
[2024-06-28T16:10:09.975-0600][397.768s][info ][gc] GC(212) Pause Young (Normal) (G1 Evacuation Pause) 164M->68M(224M) 6.541ms
[2024-06-28T16:10:11.422-0600][399.215s][info ][gc] GC(213) Pause Young (Normal) (G1 Evacuation Pause) 164M->68M(224M) 6.501ms
[2024-06-28T16:10:12.869-0600][400.662s][info ][gc] GC(214) Pause Young (Normal) (G1 Evacuation Pause) 164M->68M(224M) 9.598ms
[2024-06-28T16:10:14.318-0600][402.111s][info ][gc] GC(215) Pause Young (Normal) (G1 Evacuation Pause) 164M->68M(224M) 9.025ms
[2024-06-28T16:10:15.763-0600][403.555s][info ][gc] GC(216) Pause Young (Normal) (G1 Evacuation Pause) 164M->68M(224M) 7.818ms
[2024-06-28T16:10:17.210-0600][405.002s][info ][gc] GC(217) Pause Young (Normal) (G1 Evacuation Pause) 164M->68M(224M) 6.105ms
[2024-06-28T16:10:18.658-0600][406.451s][info ][gc] GC(218) Pause Young (Normal) (G1 Evacuation Pause) 164M->68M(224M) 6.537ms
[2024-06-28T16:10:20.107-0600][407.899s][info ][gc] GC(219) Pause Young (Normal) (G1 Evacuation Pause) 164M->68M(224M) 9.221ms
[2024-06-28T16:10:21.551-0600][409.344s][info ][gc] GC(220) Pause Young (Normal) (G1 Evacuation Pause) 164M->68M(224M) 6.893ms
[2024-06-28T16:10:22.995-0600][410.788s][info ][gc] GC(221) Pause Young (Normal) (G1 Evacuation Pause) 164M->68M(224M) 6.010ms
[2024-06-28T16:10:24.445-0600][412.238s][info ][gc] GC(222) Pause Young (Normal) (G1 Evacuation Pause) 164M->68M(224M) 7.216ms
[2024-06-28T16:10:25.893-0600][413.685s][info ][gc] GC(223) Pause Young (Normal) (G1 Evacuation Pause) 164M->68M(224M) 6.413ms
[2024-06-28T16:10:27.336-0600][415.129s][info ][gc] GC(224) Pause Young (Normal) (G1 Evacuation Pause) 164M->68M(224M) 7.039ms
[2024-06-28T16:10:28.785-0600][416.578s][info ][gc] GC(225) Pause Young (Normal) (G1 Evacuation Pause) 164M->68M(224M) 7.582ms
[2024-06-28T16:10:30.233-0600][418.025s][info ][gc] GC(226) Pause Young (Normal) (G1 Evacuation Pause) 164M->68M(224M) 8.942ms
[2024-06-28T16:10:31.672-0600][419.465s][info ][gc] GC(227) Pause Young (Normal) (G1 Evacuation Pause) 164M->68M(224M) 5.802ms
[2024-06-28T16:10:33.120-0600][420.912s][info ][gc] GC(228) Pause Young (Normal) (G1 Evacuation Pause) 164M->68M(224M) 7.433ms
[2024-06-28T16:10:34.568-0600][422.361s][info ][gc] GC(229) Pause Young (Normal) (G1 Evacuation Pause) 164M->68M(224M) 6.725ms
[2024-06-28T16:10:36.003-0600][423.795s][info ][gc] GC(230) Pause Young (Normal) (G1 Evacuation Pause) 164M->68M(224M) 5.207ms
[2024-06-28T16:10:37.452-0600][425.245s][info ][gc] GC(231) Pause Young (Normal) (G1 Evacuation Pause) 164M->68M(224M) 5.171ms
[2024-06-28T16:10:38.904-0600][426.697s][info ][gc] GC(232) Pause Young (Normal) (G1 Evacuation Pause) 164M->68M(224M) 10.189ms
[2024-06-28T16:10:40.337-0600][428.130s][info ][gc] GC(233) Pause Young (Normal) (G1 Evacuation Pause) 164M->68M(224M) 5.206ms
[2024-06-28T16:10:41.787-0600][429.580s][info ][gc] GC(234) Pause Young (Normal) (G1 Evacuation Pause) 164M->68M(224M) 5.898ms
[2024-06-28T16:10:43.234-0600][431.026s][info ][gc] GC(235) Pause Young (Normal) (G1 Evacuation Pause) 164M->68M(224M) 5.090ms
[2024-06-28T16:10:44.674-0600][432.466s][info ][gc] GC(236) Pause Young (Normal) (G1 Evacuation Pause) 164M->68M(224M) 5.317ms
[2024-06-28T16:10:46.122-0600][433.914s][info ][gc] GC(237) Pause Young (Normal) (G1 Evacuation Pause) 164M->68M(224M) 8.351ms
[2024-06-28T16:10:47.567-0600][435.360s][info ][gc] GC(238) Pause Young (Normal) (G1 Evacuation Pause) 164M->68M(224M) 5.114ms
[2024-06-28T16:10:49.010-0600][436.803s][info ][gc] GC(239) Pause Young (Normal) (G1 Evacuation Pause) 164M->68M(224M) 6.519ms
[2024-06-28T16:10:50.459-0600][438.252s][info ][gc] GC(240) Pause Young (Normal) (G1 Evacuation Pause) 164M->68M(224M) 7.535ms
[2024-06-28T16:10:51.903-0600][439.696s][info ][gc] GC(241) Pause Young (Normal) (G1 Evacuation Pause) 164M->68M(224M) 6.962ms
[2024-06-28T16:10:53.346-0600][441.138s][info ][gc] GC(242) Pause Young (Normal) (G1 Evacuation Pause) 164M->68M(224M) 9.287ms
[2024-06-28T16:10:54.791-0600][442.584s][info ][gc] GC(243) Pause Young (Normal) (G1 Evacuation Pause) 164M->68M(224M) 6.793ms
[2024-06-28T16:10:56.239-0600][444.032s][info ][gc] GC(244) Pause Young (Normal) (G1 Evacuation Pause) 164M->68M(224M) 5.008ms
[2024-06-28T16:10:57.682-0600][445.475s][info ][gc] GC(245) Pause Young (Normal) (G1 Evacuation Pause) 164M->68M(224M) 5.345ms
[2024-06-28T16:10:59.128-0600][446.920s][info ][gc] GC(246) Pause Young (Normal) (G1 Evacuation Pause) 164M->68M(224M) 6.815ms
[2024-06-28T16:11:00.572-0600][448.365s][info ][gc] GC(247) Pause Young (Normal) (G1 Evacuation Pause) 164M->68M(224M) 5.135ms
[2024-06-28T16:11:02.020-0600][449.812s][info ][gc] GC(248) Pause Young (Normal) (G1 Evacuation Pause) 164M->68M(224M) 5.838ms
[2024-06-28T16:11:03.465-0600][451.258s][info ][gc] GC(249) Pause Young (Normal) (G1 Evacuation Pause) 164M->68M(224M) 7.992ms
[2024-06-28T16:11:04.908-0600][452.701s][info ][gc] GC(250) Pause Young (Normal) (G1 Evacuation Pause) 164M->68M(224M) 5.887ms
[2024-06-28T16:11:06.352-0600][454.145s][info ][gc] GC(251) Pause Young (Normal) (G1 Evacuation Pause) 164M->68M(224M) 5.263ms
[2024-06-28T16:11:07.800-0600][455.593s][info ][gc] GC(252) Pause Young (Normal) (G1 Evacuation Pause) 164M->68M(224M) 5.474ms
[2024-06-28T16:11:09.244-0600][457.037s][info ][gc] GC(253) Pause Young (Normal) (G1 Evacuation Pause) 164M->68M(224M) 5.816ms
[2024-06-28T16:11:10.688-0600][458.481s][info ][gc] GC(254) Pause Young (Normal) (G1 Evacuation Pause) 164M->68M(224M) 5.277ms
[2024-06-28T16:11:12.131-0600][459.924s][info ][gc] GC(255) Pause Young (Normal) (G1 Evacuation Pause) 164M->68M(224M) 5.070ms
[2024-06-28T16:11:13.582-0600][461.375s][info ][gc] GC(256) Pause Young (Normal) (G1 Evacuation Pause) 164M->68M(224M) 5.026ms
[2024-06-28T16:11:15.022-0600][462.815s][info ][gc] GC(257) Pause Young (Normal) (G1 Evacuation Pause) 164M->68M(224M) 5.110ms
[2024-06-28T16:11:16.468-0600][464.260s][info ][gc] GC(258) Pause Young (Normal) (G1 Evacuation Pause) 164M->68M(224M) 5.913ms
[2024-06-28T16:11:17.913-0600][465.705s][info ][gc] GC(259) Pause Young (Normal) (G1 Evacuation Pause) 164M->68M(224M) 5.522ms
[2024-06-28T16:11:19.359-0600][467.152s][info ][gc] GC(260) Pause Young (Normal) (G1 Evacuation Pause) 164M->68M(224M) 5.428ms
[2024-06-28T16:11:20.801-0600][468.594s][info ][gc] GC(261) Pause Young (Normal) (G1 Evacuation Pause) 164M->68M(224M) 5.649ms
[2024-06-28T16:11:22.248-0600][470.041s][info ][gc] GC(262) Pause Young (Normal) (G1 Evacuation Pause) 164M->68M(224M) 5.377ms
[2024-06-28T16:11:23.692-0600][471.484s][info ][gc] GC(263) Pause Young (Normal) (G1 Evacuation Pause) 164M->68M(224M) 5.258ms
[2024-06-28T16:11:25.134-0600][472.927s][info ][gc] GC(264) Pause Young (Normal) (G1 Evacuation Pause) 164M->68M(224M) 5.166ms
[2024-06-28T16:11:26.584-0600][474.377s][info ][gc] GC(265) Pause Young (Normal) (G1 Evacuation Pause) 164M->68M(224M) 8.407ms
[2024-06-28T16:11:28.026-0600][475.818s][info ][gc] GC(266) Pause Young (Normal) (G1 Evacuation Pause) 164M->68M(224M) 8.942ms
[2024-06-28T16:11:29.471-0600][477.264s][info ][gc] GC(267) Pause Young (Normal) (G1 Evacuation Pause) 164M->68M(224M) 6.624ms
[2024-06-28T16:11:30.916-0600][478.709s][info ][gc] GC(268) Pause Young (Normal) (G1 Evacuation Pause) 164M->68M(224M) 5.260ms
[2024-06-28T16:11:32.355-0600][480.148s][info ][gc] GC(269) Pause Young (Normal) (G1 Evacuation Pause) 164M->68M(224M) 5.126ms
[2024-06-28T16:11:33.805-0600][481.598s][info ][gc] GC(270) Pause Young (Normal) (G1 Evacuation Pause) 164M->68M(224M) 5.379ms
[2024-06-28T16:11:35.234-0600][483.027s][info ][gc] GC(271) Pause Young (Normal) (G1 Evacuation Pause) 164M->68M(224M) 7.369ms
[2024-06-28T16:11:36.681-0600][484.473s][info ][gc] GC(272) Pause Young (Normal) (G1 Evacuation Pause) 164M->68M(224M) 5.333ms
[2024-06-28T16:11:38.131-0600][485.924s][info ][gc] GC(273) Pause Young (Normal) (G1 Evacuation Pause) 164M->68M(224M) 7.092ms
[2024-06-28T16:11:39.569-0600][487.362s][info ][gc] GC(274) Pause Young (Normal) (G1 Evacuation Pause) 164M->68M(224M) 5.334ms
[2024-06-28T16:11:41.015-0600][488.808s][info ][gc] GC(275) Pause Young (Normal) (G1 Evacuation Pause) 164M->68M(224M) 7.252ms
[2024-06-28T16:11:42.464-0600][490.257s][info ][gc] GC(276) Pause Young (Normal) (G1 Evacuation Pause) 164M->68M(224M) 6.309ms
[2024-06-28T16:11:43.901-0600][491.693s][info ][gc] GC(277) Pause Young (Normal) (G1 Evacuation Pause) 164M->68M(224M) 5.196ms
[2024-06-28T16:11:45.349-0600][493.142s][info ][gc] GC(278) Pause Young (Normal) (G1 Evacuation Pause) 164M->68M(224M) 5.222ms
[2024-06-28T16:11:46.795-0600][494.588s][info ][gc] GC(279) Pause Young (Normal) (G1 Evacuation Pause) 164M->68M(224M) 5.028ms
[2024-06-28T16:11:48.235-0600][496.027s][info ][gc] GC(280) Pause Young (Normal) (G1 Evacuation Pause) 164M->68M(224M) 5.255ms
[2024-06-28T16:11:49.681-0600][497.473s][info ][gc] GC(281) Pause Young (Normal) (G1 Evacuation Pause) 164M->68M(224M) 5.283ms
[2024-06-28T16:11:51.132-0600][498.924s][info ][gc] GC(282) Pause Young (Normal) (G1 Evacuation Pause) 164M->68M(224M) 7.263ms
[2024-06-28T16:11:52.565-0600][500.357s][info ][gc] GC(283) Pause Young (Normal) (G1 Evacuation Pause) 164M->68M(224M) 5.151ms
[2024-06-28T16:11:54.015-0600][501.807s][info ][gc] GC(284) Pause Young (Normal) (G1 Evacuation Pause) 164M->68M(224M) 5.548ms
[2024-06-28T16:11:55.463-0600][503.256s][info ][gc] GC(285) Pause Young (Normal) (G1 Evacuation Pause) 164M->68M(224M) 6.208ms
[2024-06-28T16:11:56.903-0600][504.696s][info ][gc] GC(286) Pause Young (Normal) (G1 Evacuation Pause) 164M->68M(224M) 7.504ms
[2024-06-28T16:11:58.347-0600][506.140s][info ][gc] GC(287) Pause Young (Normal) (G1 Evacuation Pause) 164M->68M(224M) 6.694ms
[2024-06-28T16:11:59.791-0600][507.584s][info ][gc] GC(288) Pause Young (Normal) (G1 Evacuation Pause) 164M->68M(224M) 5.565ms
[2024-06-28T16:12:01.231-0600][509.024s][info ][gc] GC(289) Pause Young (Normal) (G1 Evacuation Pause) 164M->68M(224M) 5.283ms
[2024-06-28T16:12:02.684-0600][510.477s][info ][gc] GC(290) Pause Young (Normal) (G1 Evacuation Pause) 164M->68M(224M) 5.289ms
[2024-06-28T16:12:04.128-0600][511.921s][info ][gc] GC(291) Pause Young (Normal) (G1 Evacuation Pause) 164M->68M(224M) 6.307ms
[2024-06-28T16:12:05.570-0600][513.362s][info ][gc] GC(292) Pause Young (Normal) (G1 Evacuation Pause) 164M->68M(224M) 5.141ms
[2024-06-28T16:12:07.015-0600][514.808s][info ][gc] GC(293) Pause Young (Normal) (G1 Evacuation Pause) 164M->68M(224M) 5.296ms
[2024-06-28T16:12:08.458-0600][516.251s][info ][gc] GC(294) Pause Young (Normal) (G1 Evacuation Pause) 164M->68M(224M) 5.240ms
[2024-06-28T16:12:09.900-0600][517.693s][info ][gc] GC(295) Pause Young (Normal) (G1 Evacuation Pause) 164M->68M(224M) 6.667ms
[2024-06-28T16:12:11.354-0600][519.147s][info ][gc] GC(296) Pause Young (Normal) (G1 Evacuation Pause) 164M->68M(224M) 9.041ms
[2024-06-28T16:12:12.795-0600][520.588s][info ][gc] GC(297) Pause Young (Normal) (G1 Evacuation Pause) 164M->68M(224M) 5.382ms
[2024-06-28T16:12:14.238-0600][522.030s][info ][gc] GC(298) Pause Young (Normal) (G1 Evacuation Pause) 164M->68M(224M) 6.272ms
[2024-06-28T16:12:15.687-0600][523.480s][info ][gc] GC(299) Pause Young (Normal) (G1 Evacuation Pause) 164M->68M(224M) 6.490ms
[2024-06-28T16:12:17.126-0600][524.919s][info ][gc] GC(300) Pause Young (Normal) (G1 Evacuation Pause) 164M->68M(224M) 5.198ms
[2024-06-28T16:12:18.572-0600][526.365s][info ][gc] GC(301) Pause Young (Normal) (G1 Evacuation Pause) 164M->68M(224M) 6.633ms
[2024-06-28T16:12:20.020-0600][527.813s][info ][gc] GC(302) Pause Young (Normal) (G1 Evacuation Pause) 164M->68M(224M) 8.012ms
[2024-06-28T16:12:21.460-0600][529.253s][info ][gc] GC(303) Pause Young (Normal) (G1 Evacuation Pause) 164M->68M(224M) 5.230ms
[2024-06-28T16:12:22.908-0600][530.701s][info ][gc] GC(304) Pause Young (Normal) (G1 Evacuation Pause) 164M->68M(224M) 6.418ms
[2024-06-28T16:12:24.353-0600][532.146s][info ][gc] GC(305) Pause Young (Normal) (G1 Evacuation Pause) 164M->68M(224M) 5.086ms
[2024-06-28T16:12:25.797-0600][533.589s][info ][gc] GC(306) Pause Young (Normal) (G1 Evacuation Pause) 164M->68M(224M) 7.555ms
[2024-06-28T16:12:27.248-0600][535.041s][info ][gc] GC(307) Pause Young (Normal) (G1 Evacuation Pause) 164M->68M(224M) 12.713ms
[2024-06-28T16:12:28.687-0600][536.480s][info ][gc] GC(308) Pause Young (Normal) (G1 Evacuation Pause) 164M->68M(224M) 6.653ms
[2024-06-28T16:12:30.129-0600][537.922s][info ][gc] GC(309) Pause Young (Normal) (G1 Evacuation Pause) 164M->68M(224M) 5.432ms
[2024-06-28T16:12:31.582-0600][539.375s][info ][gc] GC(310) Pause Young (Normal) (G1 Evacuation Pause) 164M->68M(224M) 8.734ms
[2024-06-28T16:12:33.024-0600][540.817s][info ][gc] GC(311) Pause Young (Normal) (G1 Evacuation Pause) 164M->68M(224M) 5.233ms
