[0.004s][info][gc] Using G1
[0.372s][info][gc] GC(0) Pause Young (Normal) (G1 Evacuation Pause) 13M->4M(260M) 6.367ms
[0.569s][info][gc] GC(1) Pause Young (Normal) (G1 Evacuation Pause) 14M->6M(260M) 7.827ms
[0.954s][info][gc] GC(2) Pause Young (Normal) (G1 Evacuation Pause) 20M->9M(260M) 7.839ms
[1.555s][info][gc] GC(3) Pause Young (Normal) (G1 Evacuation Pause) 37M->13M(260M) 8.453ms
[1.662s][info][gc] GC(4) Pause Young (Concurrent Start) (Metadata GC Threshold) 20M->15M(260M) 6.476ms
[1.662s][info][gc] GC(5) Concurrent Mark Cycle
[1.680s][info][gc] GC(5) Pause Remark 15M->15M(256M) 3.303ms
[1.693s][info][gc] GC(5) Pause Cleanup 16M->16M(256M) 0.042ms
[1.701s][info][gc] GC(5) Concurrent Mark Cycle 39.141ms
[2.245s][info][gc] GC(6) Pause Young (Prepare Mixed) (G1 Evacuation Pause) 59M->19M(256M) 12.434ms
[2.277s][info][gc] GC(7) Pause Young (Mixed) (G1 Evacuation Pause) 25M->19M(308M) 7.770ms
[2.591s][info][gc] GC(8) Pause Young (Concurrent Start) (CodeCache GC Threshold) 66M->20M(308M) 3.118ms
[2.591s][info][gc] GC(9) Concurrent Mark Cycle
[2.624s][info][gc] GC(9) Pause Remark 21M->21M(256M) 4.520ms
[2.650s][info][gc] GC(9) Pause Cleanup 22M->22M(256M) 0.045ms
[2.663s][info][gc] GC(9) Concurrent Mark Cycle 72.554ms
[4.892s][info][gc] GC(10) Pause Young (Concurrent Start) (CodeCache GC Threshold) 198M->36M(256M) 17.101ms
[4.893s][info][gc] GC(11) Concurrent Mark Cycle
[4.929s][info][gc] GC(11) Pause Remark 37M->37M(256M) 6.847ms
[4.954s][info][gc] GC(11) Pause Cleanup 39M->39M(256M) 0.043ms
[4.958s][info][gc] GC(11) Concurrent Mark Cycle 65.697ms
[5.002s][info][gc] GC(12) Pause Young (Concurrent Start) (CodeCache GC Threshold) 39M->27M(256M) 10.898ms
[5.002s][info][gc] GC(13) Concurrent Mark Cycle
[5.052s][info][gc] GC(13) Pause Remark 29M->29M(256M) 5.883ms
[5.070s][info][gc] GC(13) Pause Cleanup 29M->29M(256M) 0.044ms
[5.087s][info][gc] GC(13) Concurrent Mark Cycle 84.630ms
[6.651s][info][gc] GC(14) Pause Young (Concurrent Start) (CodeCache GC Threshold) 122M->34M(256M) 10.456ms
[6.651s][info][gc] GC(15) Concurrent Mark Cycle
[6.731s][info][gc] GC(15) Pause Remark 38M->38M(256M) 6.562ms
[6.749s][info][gc] GC(15) Pause Cleanup 38M->38M(256M) 0.042ms
[6.749s][info][gc] GC(15) Concurrent Mark Cycle 98.056ms
[54.479s][info][gc] GC(16) Pause Young (Concurrent Start) (CodeCache GC Threshold) 104M->53M(256M) 52.284ms
[54.479s][info][gc] GC(17) Concurrent Mark Cycle
[54.670s][info][gc] GC(17) Pause Remark 56M->56M(256M) 9.135ms
[54.693s][info][gc] GC(17) Pause Cleanup 56M->56M(256M) 0.055ms
[54.694s][info][gc] GC(17) Concurrent Mark Cycle 215.341ms
[67.548s][info][gc] GC(18) Pause Young (Prepare Mixed) (G1 Evacuation Pause) 175M->90M(256M) 50.192ms
[67.569s][info][gc] GC(19) Pause Young (Mixed) (G1 Evacuation Pause) 92M->92M(256M) 13.088ms
[68.080s][info][gc] GC(20) Pause Young (Concurrent Start) (CodeCache GC Threshold) 108M->100M(256M) 8.200ms
[68.080s][info][gc] GC(21) Concurrent Mark Cycle
[68.435s][info][gc] GC(21) Pause Remark 102M->102M(256M) 26.637ms
[68.560s][info][gc] GC(21) Pause Cleanup 112M->112M(256M) 0.063ms
[68.561s][info][gc] GC(21) Concurrent Mark Cycle 481.284ms
[68.648s][info][gc] GC(22) Pause Young (Concurrent Start) (CodeCache GC Threshold) 113M->108M(256M) 15.689ms
[68.648s][info][gc] GC(23) Concurrent Mark Cycle
[69.114s][info][gc] GC(23) Pause Remark 121M->121M(256M) 10.004ms
[69.177s][info][gc] GC(23) Pause Cleanup 121M->121M(256M) 0.097ms
[69.178s][info][gc] GC(23) Concurrent Mark Cycle 529.625ms
[71.450s][info][gc] GC(24) Pause Young (Prepare Mixed) (G1 Evacuation Pause) 168M->134M(256M) 41.543ms
[71.480s][info][gc] GC(25) Pause Young (Mixed) (G1 Evacuation Pause) 136M->132M(256M) 15.206ms
[72.978s][info][gc] GC(26) Pause Young (Concurrent Start) (G1 Evacuation Pause) 174M->155M(256M) 43.261ms
[72.978s][info][gc] GC(27) Concurrent Mark Cycle
[73.436s][info][gc] GC(27) Pause Remark 168M->168M(288M) 14.352ms
[73.574s][info][gc] GC(27) Pause Cleanup 177M->177M(288M) 0.087ms
[73.574s][info][gc] GC(27) Concurrent Mark Cycle 596.289ms
[73.994s][info][gc] GC(28) Pause Young (Prepare Mixed) (G1 Evacuation Pause) 187M->171M(288M) 21.298ms
[74.070s][info][gc] GC(29) Pause Young (Mixed) (G1 Evacuation Pause) 179M->152M(288M) 14.567ms
[74.538s][info][gc] GC(30) Pause Young (Mixed) (G1 Evacuation Pause) 164M->156M(288M) 16.327ms
[75.983s][info][gc] GC(31) Pause Young (Normal) (G1 Evacuation Pause) 198M->180M(690M) 26.069ms
[76.230s][info][gc] GC(32) Pause Young (Concurrent Start) (CodeCache GC Threshold) 192M->187M(690M) 20.899ms
[76.230s][info][gc] GC(33) Concurrent Mark Cycle
[76.772s][info][gc] GC(33) Pause Remark 204M->204M(690M) 13.486ms
[76.860s][info][gc] GC(33) Pause Cleanup 204M->204M(690M) 0.096ms
[76.863s][info][gc] GC(33) Concurrent Mark Cycle 633.638ms
[83.052s][info][gc] GC(34) Pause Young (Prepare Mixed) (G1 Evacuation Pause) 377M->221M(690M) 48.614ms
[83.147s][info][gc] GC(35) Pause Young (Mixed) (G1 Evacuation Pause) 229M->196M(690M) 23.991ms
[84.131s][info][gc] GC(36) Pause Young (Concurrent Start) (CodeCache GC Threshold) 240M->216M(690M) 25.693ms
[84.131s][info][gc] GC(37) Concurrent Mark Cycle
[84.606s][info][gc] GC(37) Pause Remark 234M->232M(690M) 10.856ms
[84.694s][info][gc] GC(37) Pause Cleanup 233M->233M(690M) 0.112ms
[84.698s][info][gc] GC(37) Concurrent Mark Cycle 566.557ms
[85.455s][info][gc] GC(38) Pause Young (Concurrent Start) (CodeCache GC Threshold) 253M->227M(690M) 53.772ms
[85.455s][info][gc] GC(39) Concurrent Mark Cycle
[86.013s][info][gc] GC(39) Pause Remark 255M->255M(690M) 10.241ms
[86.164s][info][gc] GC(39) Pause Cleanup 267M->267M(690M) 0.113ms
[86.165s][info][gc] GC(39) Concurrent Mark Cycle 710.415ms
[90.552s][info][gc] GC(40) Pause Young (Prepare Mixed) (G1 Evacuation Pause) 413M->247M(690M) 47.232ms
[90.639s][info][gc] GC(41) Pause Young (Mixed) (G1 Evacuation Pause) 255M->194M(690M) 38.040ms
[96.050s][info][gc] GC(42) Pause Young (Normal) (G1 Evacuation Pause) 410M->232M(690M) 60.187ms
[100.556s][info][gc] GC(43) Pause Young (Normal) (G1 Evacuation Pause) 440M->254M(690M) 82.206ms
[104.526s][info][gc] GC(44) Pause Young (Normal) (G1 Evacuation Pause) 460M->276M(690M) 80.076ms
[108.034s][info][gc] GC(45) Pause Young (Normal) (G1 Evacuation Pause) 474M->300M(690M) 82.968ms
[111.035s][info][gc] GC(46) Pause Young (Normal) (G1 Evacuation Pause) 484M->327M(690M) 104.407ms
[113.512s][info][gc] GC(47) Pause Young (Normal) (G1 Evacuation Pause) 493M->358M(690M) 81.556ms
[115.515s][info][gc] GC(48) Pause Young (Normal) (G1 Evacuation Pause) 500M->391M(690M) 96.093ms
[117.168s][info][gc] GC(49) Pause Young (Normal) (G1 Evacuation Pause) 511M->423M(690M) 92.488ms
[118.282s][info][gc] GC(50) Pause Young (Normal) (G1 Evacuation Pause) 525M->455M(690M) 67.779ms
[119.587s][info][gc] GC(51) Pause Young (Normal) (G1 Evacuation Pause) 539M->486M(690M) 64.450ms
[120.234s][info][gc] GC(52) Pause Young (Normal) (G1 Evacuation Pause) 552M->513M(766M) 51.525ms
[121.475s][info][gc] GC(53) Pause Young (Normal) (G1 Evacuation Pause) 603M->550M(766M) 59.649ms
[122.226s][info][gc] GC(54) Pause Young (Normal) (G1 Evacuation Pause) 618M->578M(766M) 55.117ms
[122.827s][info][gc] GC(55) Pause Young (Normal) (G1 Evacuation Pause) 632M->601M(766M) 46.350ms
[123.453s][info][gc] GC(56) Pause Young (Concurrent Start) (G1 Evacuation Pause) 643M->618M(876M) 37.307ms
[123.453s][info][gc] GC(57) Concurrent Mark Cycle
[124.256s][info][gc] GC(57) Pause Remark 691M->661M(1110M) 17.215ms
[124.505s][info][gc] GC(58) Pause Young (Normal) (G1 Evacuation Pause) 674M->624M(1110M) 71.534ms
[124.549s][info][gc] GC(57) Pause Cleanup 632M->632M(1110M) 0.192ms
[124.560s][info][gc] GC(57) Concurrent Mark Cycle 1107.829ms
[126.775s][info][gc] GC(59) Pause Young (Prepare Mixed) (G1 Evacuation Pause) 818M->682M(1110M) 95.725ms
[127.279s][info][gc] GC(60) Pause Young (Mixed) (G1 Evacuation Pause) 710M->577M(1110M) 63.848ms
[127.737s][info][gc] GC(61) Pause Young (Mixed) (G1 Evacuation Pause) 623M->485M(1110M) 44.213ms
[128.174s][info][gc] GC(62) Pause Young (Mixed) (G1 Evacuation Pause) 531M->402M(1110M) 50.599ms
[128.690s][info][gc] GC(63) Pause Young (Mixed) (G1 Evacuation Pause) 448M->405M(1110M) 37.998ms
[132.805s][info][gc] GC(64) Pause Young (Normal) (G1 Evacuation Pause) 723M->465M(1248M) 87.693ms
[137.570s][info][gc] GC(65) Pause Young (Normal) (G1 Evacuation Pause) 829M->492M(1248M) 83.866ms
[142.107s][info][gc] GC(66) Pause Young (Normal) (G1 Evacuation Pause) 854M->510M(1248M) 81.508ms
[142.168s][info][gc] GC(67) Pause Young (Concurrent Start) (CodeCache GC Threshold) 515M->513M(1248M) 53.331ms
[142.168s][info][gc] GC(68) Concurrent Mark Cycle
[142.998s][info][gc] GC(68) Pause Remark 595M->523M(1248M) 10.147ms
[143.168s][info][gc] GC(68) Pause Cleanup 529M->529M(1248M) 0.273ms
[143.174s][info][gc] GC(68) Concurrent Mark Cycle 1005.349ms
[147.298s][info][gc] GC(69) Pause Young (Prepare Mixed) (G1 Evacuation Pause) 835M->508M(1248M) 83.891ms
[147.435s][info][gc] GC(70) Pause Young (Mixed) (G1 Evacuation Pause) 520M->385M(1248M) 55.745ms
[147.902s][info][gc] GC(71) Pause Young (Mixed) (G1 Evacuation Pause) 443M->357M(1248M) 43.640ms
[154.389s][info][gc] GC(72) Pause Young (Concurrent Start) (G1 Evacuation Pause) 839M->419M(1248M) 117.242ms
[154.389s][info][gc] GC(73) Concurrent Mark Cycle
[155.193s][info][gc] GC(73) Pause Remark 502M->480M(1248M) 10.944ms
[155.303s][info][gc] GC(73) Pause Cleanup 482M->482M(1248M) 0.243ms
[155.306s][info][gc] GC(73) Concurrent Mark Cycle 917.730ms
[160.336s][info][gc] GC(74) Pause Young (Prepare Mixed) (G1 Evacuation Pause) 855M->403M(1248M) 121.507ms
[160.409s][info][gc] GC(75) Pause Young (Mixed) (G1 Evacuation Pause) 405M->281M(1248M) 68.265ms
[160.868s][info][gc] GC(76) Pause Young (Mixed) (G1 Evacuation Pause) 341M->295M(1248M) 45.858ms
[168.020s][info][gc] GC(77) Pause Young (Concurrent Start) (G1 Evacuation Pause) 837M->356M(1774M) 105.230ms
[168.020s][info][gc] GC(78) Concurrent Mark Cycle
[168.977s][info][gc] GC(78) Pause Remark 447M->443M(1494M) 9.377ms
[169.112s][info][gc] GC(78) Pause Cleanup 458M->458M(1494M) 0.195ms
[169.116s][info][gc] GC(78) Concurrent Mark Cycle 1095.537ms
[175.177s][info][gc] GC(79) Pause Young (Prepare Mixed) (G1 Evacuation Pause) 900M->352M(1494M) 88.962ms
[175.417s][info][gc] GC(80) Pause Young (Mixed) (G1 Evacuation Pause) 358M->276M(1494M) 98.755ms
[184.792s][info][gc] GC(81) Pause Young (Concurrent Start) (G1 Evacuation Pause) 986M->342M(1494M) 87.000ms
[184.792s][info][gc] GC(82) Concurrent Mark Cycle
[185.654s][info][gc] GC(82) Pause Remark 423M->423M(1428M) 16.499ms
[185.816s][info][gc] GC(82) Pause Cleanup 443M->443M(1428M) 0.183ms
[185.833s][info][gc] GC(82) Concurrent Mark Cycle 1041.224ms
[193.569s][info][gc] GC(83) Pause Young (Prepare Mixed) (G1 Evacuation Pause) 988M->343M(1428M) 115.076ms
[193.631s][info][gc] GC(84) Pause Young (Mixed) (G1 Evacuation Pause) 345M->274M(1428M) 60.212ms
[202.734s][info][gc] GC(85) Pause Young (Concurrent Start) (G1 Evacuation Pause) 990M->343M(1428M) 84.755ms
[202.734s][info][gc] GC(86) Concurrent Mark Cycle
[203.586s][info][gc] GC(86) Pause Remark 410M->410M(1388M) 11.089ms
[203.707s][info][gc] GC(86) Pause Cleanup 417M->417M(1388M) 0.261ms
[203.716s][info][gc] GC(86) Concurrent Mark Cycle 981.672ms
[211.956s][info][gc] GC(87) Pause Young (Prepare Mixed) (G1 Evacuation Pause) 1039M->342M(1388M) 91.708ms
[212.023s][info][gc] GC(88) Pause Young (Mixed) (G1 Evacuation Pause) 344M->273M(1388M) 59.526ms
[221.799s][info][gc] GC(89) Pause Young (Concurrent Start) (G1 Evacuation Pause) 1009M->341M(1388M) 116.385ms
[221.799s][info][gc] GC(90) Concurrent Mark Cycle
[222.757s][info][gc] GC(90) Pause Remark 463M->463M(1388M) 11.258ms
[222.955s][info][gc] GC(90) Pause Cleanup 496M->496M(1388M) 0.200ms
[222.970s][info][gc] GC(90) Concurrent Mark Cycle 1171.803ms
[230.715s][info][gc] GC(91) Pause Young (Prepare Mixed) (G1 Evacuation Pause) 1049M->340M(1388M) 80.503ms
[230.779s][info][gc] GC(92) Pause Young (Mixed) (G1 Evacuation Pause) 342M->275M(1388M) 60.461ms
[240.659s][info][gc] GC(93) Pause Young (Concurrent Start) (G1 Evacuation Pause) 1029M->341M(1858M) 89.132ms
[240.659s][info][gc] GC(94) Concurrent Mark Cycle
[241.509s][info][gc] GC(94) Pause Remark 422M->422M(1420M) 12.867ms
[241.616s][info][gc] GC(94) Pause Cleanup 422M->422M(1420M) 0.226ms
[241.619s][info][gc] GC(94) Concurrent Mark Cycle 960.122ms
[251.088s][info][gc] GC(95) Pause Young (Prepare Mixed) (G1 Evacuation Pause) 1125M->343M(1420M) 97.313ms
[251.161s][info][gc] GC(96) Pause Young (Mixed) (G1 Evacuation Pause) 345M->275M(1420M) 71.351ms
[261.441s][info][gc] GC(97) Pause Young (Concurrent Start) (G1 Evacuation Pause) 1061M->343M(1420M) 105.507ms
[261.441s][info][gc] GC(98) Concurrent Mark Cycle
[262.431s][info][gc] GC(98) Pause Remark 443M->443M(1420M) 12.827ms
[262.552s][info][gc] GC(98) Pause Cleanup 451M->451M(1420M) 0.176ms
[262.559s][info][gc] GC(98) Concurrent Mark Cycle 1118.424ms
[271.532s][info][gc] GC(99) Pause Young (Prepare Mixed) (G1 Evacuation Pause) 1095M->343M(1420M) 78.911ms
[271.601s][info][gc] GC(100) Pause Young (Mixed) (G1 Evacuation Pause) 345M->276M(1420M) 62.925ms
[282.084s][info][gc] GC(101) Pause Young (Concurrent Start) (G1 Evacuation Pause) 1078M->344M(1420M) 95.927ms
[282.084s][info][gc] GC(102) Concurrent Mark Cycle
[282.852s][info][gc] GC(102) Pause Remark 441M->441M(1420M) 12.191ms
[282.975s][info][gc] GC(102) Pause Cleanup 460M->460M(1420M) 0.174ms
[282.982s][info][gc] GC(102) Concurrent Mark Cycle 897.922ms
[292.243s][info][gc] GC(103) Pause Young (Prepare Mixed) (G1 Evacuation Pause) 1104M->344M(1420M) 92.217ms
[292.311s][info][gc] GC(104) Pause Young (Mixed) (G1 Evacuation Pause) 346M->276M(1420M) 65.578ms
[302.748s][info][gc] GC(105) Pause Young (Concurrent Start) (G1 Evacuation Pause) 1084M->343M(1420M) 88.381ms
[302.748s][info][gc] GC(106) Concurrent Mark Cycle
[303.616s][info][gc] GC(106) Pause Remark 439M->439M(1420M) 12.853ms
[303.733s][info][gc] GC(106) Pause Cleanup 451M->451M(1420M) 0.174ms
[303.735s][info][gc] GC(106) Concurrent Mark Cycle 987.180ms
[312.934s][info][gc] GC(107) Pause Young (Prepare Mixed) (G1 Evacuation Pause) 1109M->342M(1420M) 101.266ms
[313.011s][info][gc] GC(108) Pause Young (Mixed) (G1 Evacuation Pause) 344M->275M(1420M) 68.239ms
[323.383s][info][gc] GC(109) Pause Young (Concurrent Start) (G1 Evacuation Pause) 1091M->343M(1876M) 100.404ms
[323.383s][info][gc] GC(110) Concurrent Mark Cycle
[324.305s][info][gc] GC(110) Pause Remark 418M->418M(1408M) 13.707ms
[324.446s][info][gc] GC(110) Pause Cleanup 429M->429M(1408M) 0.224ms
[324.453s][info][gc] GC(110) Concurrent Mark Cycle 1070.485ms
[334.011s][info][gc] GC(111) Pause Young (Concurrent Start) (CodeCache GC Threshold) 1112M->343M(1408M) 84.389ms
[334.011s][info][gc] GC(112) Concurrent Mark Cycle
[339.347s][info][gc] GC(113) Pause Young (Normal) (G1 Evacuation Pause) 1097M->441M(1408M) 186.121ms
[340.304s][info][gc] GC(112) Pause Remark 629M->629M(1408M) 17.013ms
[344.347s][info][gc] GC(112) Pause Cleanup 910M->910M(1408M) 0.191ms
[344.353s][info][gc] GC(112) Concurrent Mark Cycle 10341.482ms
[347.118s][info][gc] GC(114) Pause Young (Prepare Mixed) (G1 Evacuation Pause) 1073M->545M(1408M) 284.749ms
[347.217s][info][gc] GC(115) Pause Young (Mixed) (G1 Evacuation Pause) 547M->475M(1408M) 78.769ms
[352.412s][info][gc] GC(116) Pause Young (Concurrent Start) (CodeCache GC Threshold) 911M->585M(1408M) 106.404ms
[352.412s][info][gc] GC(117) Concurrent Mark Cycle
[354.247s][info][gc] GC(117) Pause Remark 771M->771M(1408M) 21.421ms
[354.507s][info][gc] GC(117) Pause Cleanup 785M->785M(1408M) 0.223ms
[354.509s][info][gc] GC(117) Concurrent Mark Cycle 2097.444ms
[357.579s][info][gc] GC(118) Pause Young (Prepare Mixed) (G1 Evacuation Pause) 1019M->615M(1408M) 112.198ms
[357.691s][info][gc] GC(119) Pause Young (Mixed) (G1 Evacuation Pause) 621M->484M(1408M) 76.096ms
[358.194s][info][gc] GC(120) Pause Young (Mixed) (G1 Evacuation Pause) 550M->416M(1408M) 77.530ms
[364.321s][info][gc] GC(121) Pause Young (Concurrent Start) (G1 Evacuation Pause) 956M->495M(1870M) 119.904ms
[364.321s][info][gc] GC(122) Concurrent Mark Cycle
[365.529s][info][gc] GC(122) Pause Remark 625M->613M(1870M) 16.393ms
[365.755s][info][gc] GC(122) Pause Cleanup 631M->631M(1870M) 0.313ms
[365.770s][info][gc] GC(122) Concurrent Mark Cycle 1448.740ms
[369.896s][info][gc] GC(123) Pause Young (Prepare Mixed) (G1 Evacuation Pause) 1001M->510M(1870M) 139.246ms
[370.069s][info][gc] GC(124) Pause Young (Mixed) (G1 Evacuation Pause) 528M->395M(1870M) 82.736ms
[370.366s][info][gc] GC(125) Pause Young (Concurrent Start) (CodeCache GC Threshold) 448M->416M(1870M) 40.334ms
[370.366s][info][gc] GC(126) Concurrent Mark Cycle
[371.454s][info][gc] GC(126) Pause Remark 554M->548M(1840M) 12.263ms
[371.759s][info][gc] GC(126) Pause Cleanup 570M->570M(1840M) 0.248ms
[371.767s][info][gc] GC(126) Concurrent Mark Cycle 1401.792ms
[375.419s][info][gc] GC(127) Pause Young (Prepare Mixed) (G1 Evacuation Pause) 934M->479M(1840M) 131.884ms
[375.525s][info][gc] GC(128) Pause Young (Concurrent Start) (CodeCache GC Threshold) 485M->482M(1840M) 79.473ms
[375.526s][info][gc] GC(129) Concurrent Mark Cycle
[376.866s][info][gc] GC(129) Pause Remark 634M->634M(1840M) 11.601ms
[377.347s][info][gc] GC(129) Pause Cleanup 710M->710M(1840M) 0.264ms
[377.351s][info][gc] GC(129) Concurrent Mark Cycle 1825.625ms
[381.074s][info][gc] GC(130) Pause Young (Prepare Mixed) (G1 Evacuation Pause) 1064M->582M(1840M) 135.450ms
[381.277s][info][gc] GC(131) Pause Young (Mixed) (G1 Evacuation Pause) 600M->487M(1840M) 102.025ms
[386.463s][info][gc] GC(132) Pause Young (Concurrent Start) (G1 Evacuation Pause) 1087M->587M(1840M) 137.167ms
[386.463s][info][gc] GC(133) Concurrent Mark Cycle
[387.946s][info][gc] GC(133) Pause Remark 787M->763M(1840M) 11.106ms
[388.328s][info][gc] GC(133) Pause Cleanup 827M->827M(1840M) 0.244ms
[388.333s][info][gc] GC(133) Concurrent Mark Cycle 1870.436ms
[389.775s][info][gc] GC(134) Pause Young (Prepare Mixed) (G1 Evacuation Pause) 961M->600M(1840M) 133.367ms
[390.049s][info][gc] GC(135) Pause Young (Mixed) (G1 Evacuation Pause) 632M->442M(1840M) 101.294ms
[394.851s][info][gc] GC(136) Pause Young (Concurrent Start) (G1 Evacuation Pause) 1034M->544M(2128M) 141.612ms
[394.851s][info][gc] GC(137) Concurrent Mark Cycle
[396.548s][info][gc] GC(137) Pause Remark 780M->764M(2128M) 10.179ms
[396.939s][info][gc] GC(137) Pause Cleanup 821M->821M(2128M) 0.281ms
[396.952s][info][gc] GC(137) Concurrent Mark Cycle 2101.458ms
[398.308s][info][gc] GC(138) Pause Young (Prepare Mixed) (G1 Evacuation Pause) 964M->569M(2128M) 141.497ms
[398.596s][info][gc] GC(139) Pause Young (Mixed) (G1 Evacuation Pause) 611M->474M(2128M) 89.674ms
[403.644s][info][gc] GC(140) Pause Young (Concurrent Start) (G1 Evacuation Pause) 1140M->582M(2128M) 148.997ms
[403.644s][info][gc] GC(141) Concurrent Mark Cycle
[405.545s][info][gc] GC(141) Pause Remark 864M->858M(2128M) 12.325ms
[405.911s][info][gc] GC(141) Pause Cleanup 908M->908M(2128M) 0.278ms
[405.916s][info][gc] GC(141) Concurrent Mark Cycle 2272.205ms
[407.316s][info][gc] GC(142) Pause Young (Prepare Mixed) (G1 Evacuation Pause) 1064M->616M(2128M) 143.108ms
[407.601s][info][gc] GC(143) Pause Young (Mixed) (G1 Evacuation Pause) 650M->482M(2128M) 112.627ms
[412.492s][info][gc] GC(144) Pause Young (Concurrent Start) (G1 Evacuation Pause) 1172M->599M(2236M) 152.556ms
[412.492s][info][gc] GC(145) Concurrent Mark Cycle
[414.664s][info][gc] GC(145) Pause Remark 934M->928M(2236M) 13.111ms
[414.989s][info][gc] GC(145) Pause Cleanup 958M->958M(2236M) 0.285ms
[414.994s][info][gc] GC(145) Concurrent Mark Cycle 2501.664ms
[416.000s][info][gc] GC(146) Pause Young (Prepare Mixed) (G1 Evacuation Pause) 1077M->638M(2236M) 150.920ms
[416.296s][info][gc] GC(147) Pause Young (Mixed) (G1 Evacuation Pause) 676M->506M(2236M) 101.404ms
[421.088s][info][gc] GC(148) Pause Young (Concurrent Start) (G1 Evacuation Pause) 1212M->626M(2236M) 174.846ms
[421.088s][info][gc] GC(149) Concurrent Mark Cycle
[423.318s][info][gc] GC(149) Pause Remark 989M->981M(2236M) 10.302ms
[423.730s][info][gc] GC(149) Pause Cleanup 1039M->1039M(2236M) 0.287ms
[423.736s][info][gc] GC(149) Concurrent Mark Cycle 2648.060ms
[424.035s][info][gc] GC(150) Pause Young (Prepare Mixed) (G1 Evacuation Pause) 1058M->666M(2236M) 163.965ms
[424.349s][info][gc] GC(151) Pause Young (Mixed) (G1 Evacuation Pause) 708M->523M(2236M) 109.951ms
[428.626s][info][gc] GC(152) Pause Young (Concurrent Start) (G1 Evacuation Pause) 1153M->647M(2366M) 180.962ms
[428.626s][info][gc] GC(153) Concurrent Mark Cycle
[430.699s][info][gc] GC(153) Pause Remark 935M->935M(2366M) 14.218ms
[431.102s][info][gc] GC(153) Pause Cleanup 1001M->1001M(2366M) 0.292ms
[431.108s][info][gc] GC(153) Concurrent Mark Cycle 2482.580ms
[431.477s][info][gc] GC(154) Pause Young (Prepare Mixed) (G1 Evacuation Pause) 1039M->706M(2366M) 158.095ms
[431.866s][info][gc] GC(155) Pause Young (Mixed) (G1 Evacuation Pause) 764M->551M(2366M) 98.787ms
[435.468s][info][gc] GC(156) Pause Young (Concurrent Start) (G1 Evacuation Pause) 1131M->677M(2366M) 163.564ms
[435.468s][info][gc] GC(157) Concurrent Mark Cycle
[437.567s][info][gc] GC(157) Pause Remark 1036M->1018M(2366M) 10.356ms
[438.067s][info][gc] GC(158) Pause Young (Normal) (G1 Evacuation Pause) 1065M->726M(2366M) 168.049ms
[438.386s][info][gc] GC(157) Pause Cleanup 775M->775M(2366M) 0.345ms
[438.394s][info][gc] GC(157) Concurrent Mark Cycle 2925.927ms
[439.444s][info][gc] GC(159) Pause Young (Prepare Mixed) (G1 Evacuation Pause) 948M->775M(2366M) 137.698ms
[439.939s][info][gc] GC(160) Pause Young (Mixed) (G1 Evacuation Pause) 857M->633M(2366M) 106.504ms
[443.017s][info][gc] GC(161) Pause Young (Concurrent Start) (G1 Evacuation Pause) 1127M->758M(2422M) 167.176ms
[443.017s][info][gc] GC(162) Concurrent Mark Cycle
[444.732s][info][gc] GC(163) Pause Young (Normal) (G1 Evacuation Pause) 966M->803M(2422M) 414.756ms
[445.647s][info][gc] GC(162) Pause Remark 979M->953M(2422M) 17.110ms
[446.433s][info][gc] GC(164) Pause Young (Normal) (G1 Evacuation Pause) 1075M->872M(2422M) 167.765ms
[446.775s][info][gc] GC(162) Pause Cleanup 935M->935M(2422M) 0.342ms
[446.788s][info][gc] GC(162) Concurrent Mark Cycle 3770.801ms
[448.810s][info][gc] GC(165) Pause Young (Prepare Mixed) (G1 Evacuation Pause) 1246M->971M(2422M) 178.908ms
[449.228s][info][gc] GC(166) Pause Young (Mixed) (G1 Evacuation Pause) 1039M->752M(2422M) 98.589ms
[449.785s][info][gc] GC(167) Pause Young (Mixed) (G1 Evacuation Pause) 856M->789M(2422M) 74.217ms
[453.043s][info][gc] GC(168) Pause Young (Concurrent Start) (G1 Evacuation Pause) 1291M->914M(2422M) 176.159ms
[453.043s][info][gc] GC(169) Concurrent Mark Cycle
[455.090s][info][gc] GC(169) Pause Remark 1211M->1051M(2422M) 11.185ms
[455.506s][info][gc] GC(170) Pause Young (Normal) (G1 Evacuation Pause) 1088M->825M(2422M) 165.921ms
[455.828s][info][gc] GC(169) Pause Cleanup 873M->873M(2422M) 0.362ms
[455.839s][info][gc] GC(169) Concurrent Mark Cycle 2795.926ms
[457.717s][info][gc] GC(171) Pause Young (Prepare Mixed) (G1 Evacuation Pause) 1181M->917M(2422M) 179.094ms
[458.152s][info][gc] GC(172) Pause Young (Mixed) (G1 Evacuation Pause) 985M->693M(2444M) 90.204ms
[458.669s][info][gc] GC(173) Pause Young (Mixed) (G1 Evacuation Pause) 799M->710M(2444M) 79.190ms
[461.617s][info][gc] GC(174) Pause Young (Concurrent Start) (G1 Evacuation Pause) 1218M->835M(2444M) 169.286ms
[461.617s][info][gc] GC(175) Concurrent Mark Cycle
[463.823s][info][gc] GC(176) Pause Young (Normal) (G1 Evacuation Pause) 1191M->912M(2444M) 172.082ms
[464.197s][info][gc] GC(175) Pause Remark 962M->814M(2444M) 12.838ms
[465.174s][info][gc] GC(175) Pause Cleanup 996M->996M(2444M) 0.344ms
[465.181s][info][gc] GC(175) Concurrent Mark Cycle 3564.265ms
[466.235s][info][gc] GC(177) Pause Young (Prepare Mixed) (G1 Evacuation Pause) 1144M->852M(2444M) 162.201ms
[466.675s][info][gc] GC(178) Pause Young (Mixed) (G1 Evacuation Pause) 918M->672M(2444M) 101.336ms
[470.148s][info][gc] GC(179) Pause Young (Concurrent Start) (G1 Evacuation Pause) 1236M->797M(2468M) 166.306ms
[470.148s][info][gc] GC(180) Concurrent Mark Cycle
[472.006s][info][gc] GC(180) Pause Remark 1045M->1027M(2468M) 11.105ms
[472.733s][info][gc] GC(181) Pause Young (Normal) (G1 Evacuation Pause) 1123M->844M(2468M) 165.757ms
[472.786s][info][gc] GC(180) Pause Cleanup 854M->854M(2468M) 0.399ms
[472.813s][info][gc] GC(180) Concurrent Mark Cycle 2665.134ms
[475.346s][info][gc] GC(182) Pause Young (Prepare Mixed) (G1 Evacuation Pause) 1262M->930M(2468M) 163.491ms
[475.762s][info][gc] GC(183) Pause Young (Mixed) (G1 Evacuation Pause) 992M->699M(2468M) 92.587ms
[476.359s][info][gc] GC(184) Pause Young (Mixed) (G1 Evacuation Pause) 805M->699M(2468M) 76.844ms
[480.129s][info][gc] GC(185) Pause Young (Concurrent Start) (G1 Evacuation Pause) 1279M->824M(2468M) 167.433ms
[480.129s][info][gc] GC(186) Concurrent Mark Cycle
[481.938s][info][gc] GC(186) Pause Remark 1078M->934M(2468M) 12.009ms
[482.424s][info][gc] GC(186) Pause Cleanup 1015M->1015M(2468M) 0.302ms
[482.429s][info][gc] GC(186) Concurrent Mark Cycle 2299.535ms
[482.833s][info][gc] GC(187) Pause Young (Prepare Mixed) (G1 Evacuation Pause) 1064M->744M(2468M) 156.685ms
[483.233s][info][gc] GC(188) Pause Young (Mixed) (G1 Evacuation Pause) 808M->567M(2468M) 85.009ms
[487.300s][info][gc] GC(189) Pause Young (Concurrent Start) (G1 Evacuation Pause) 1197M->691M(2492M) 167.240ms
[487.300s][info][gc] GC(190) Concurrent Mark Cycle
[489.045s][info][gc] GC(190) Pause Remark 907M->859M(2492M) 12.232ms
[489.410s][info][gc] GC(190) Pause Cleanup 917M->917M(2492M) 0.310ms
[489.415s][info][gc] GC(190) Concurrent Mark Cycle 2115.252ms
[490.303s][info][gc] GC(191) Pause Young (Prepare Mixed) (G1 Evacuation Pause) 1059M->702M(2492M) 159.464ms
[490.685s][info][gc] GC(192) Pause Young (Mixed) (G1 Evacuation Pause) 762M->561M(2492M) 91.648ms
[494.587s][info][gc] GC(193) Pause Young (Normal) (G1 Evacuation Pause) 1169M->686M(2492M) 163.610ms
[497.747s][info][gc] GC(194) Pause Young (Normal) (G1 Evacuation Pause) 1206M->750M(2492M) 165.627ms
[501.221s][info][gc] GC(195) Pause Young (Concurrent Start) (G1 Evacuation Pause) 1294M->816M(2492M) 164.094ms
[501.221s][info][gc] GC(196) Concurrent Mark Cycle
[503.409s][info][gc] GC(196) Pause Remark 1189M->1075M(2492M) 12.572ms
[503.697s][info][gc] GC(196) Pause Cleanup 1108M->1108M(2492M) 0.314ms
[503.708s][info][gc] GC(196) Concurrent Mark Cycle 2486.386ms
[504.258s][info][gc] GC(197) Pause Young (Prepare Mixed) (G1 Evacuation Pause) 1178M->764M(2492M) 159.748ms
[504.632s][info][gc] GC(198) Pause Young (Mixed) (G1 Evacuation Pause) 818M->565M(2492M) 102.898ms
[508.622s][info][gc] GC(199) Pause Young (Normal) (G1 Evacuation Pause) 1191M->689M(2512M) 166.289ms
[511.895s][info][gc] GC(200) Pause Young (Normal) (G1 Evacuation Pause) 1219M->748M(2512M) 166.525ms
[515.360s][info][gc] GC(201) Pause Young (Concurrent Start) (G1 Evacuation Pause) 1294M->812M(2512M) 165.845ms
[515.360s][info][gc] GC(202) Concurrent Mark Cycle
[517.297s][info][gc] GC(202) Pause Remark 1090M->1014M(2512M) 10.004ms
[517.955s][info][gc] GC(202) Pause Cleanup 1138M->1138M(2512M) 0.325ms
[517.963s][info][gc] GC(202) Concurrent Mark Cycle 2603.158ms
[518.637s][info][gc] GC(203) Pause Young (Prepare Mixed) (G1 Evacuation Pause) 1218M->799M(2512M) 161.192ms
[519.007s][info][gc] GC(204) Pause Young (Mixed) (G1 Evacuation Pause) 853M->567M(2512M) 97.790ms
[523.351s][info][gc] GC(205) Pause Young (Concurrent Start) (CodeCache GC Threshold) 1005M->691M(2512M) 185.674ms
[523.351s][info][gc] GC(206) Concurrent Mark Cycle
[525.181s][info][gc] GC(206) Pause Remark 694M->638M(2140M) 14.781ms
[525.458s][info][gc] GC(206) Pause Cleanup 638M->638M(2140M) 0.305ms
[525.462s][info][gc] GC(206) Concurrent Mark Cycle 2110.066ms
[584.059s][info][gc] GC(207) Pause Young (Prepare Mixed) (G1 Evacuation Pause) 1019M->635M(2140M) 103.091ms
[584.191s][info][gc] GC(208) Pause Young (Mixed) (G1 Evacuation Pause) 733M->474M(2140M) 34.316ms
[585.028s][info][gc] GC(209) Pause Young (Normal) (G1 Evacuation Pause) 1342M->490M(2140M) 41.208ms
[586.029s][info][gc] GC(210) Pause Young (Concurrent Start) (G1 Evacuation Pause) 1574M->509M(2140M) 58.986ms
[586.029s][info][gc] GC(211) Concurrent Mark Cycle
[587.123s][info][gc] GC(212) Pause Young (Normal) (G1 Evacuation Pause) 1633M->531M(2140M) 119.937ms
[588.253s][info][gc] GC(213) Pause Young (Normal) (G1 Evacuation Pause) 1685M->552M(2238M) 80.905ms
[588.719s][info][gc] GC(211) Pause Remark 850M->850M(2238M) 27.240ms
[588.977s][info][gc] GC(211) Pause Cleanup 850M->850M(2238M) 0.288ms
[588.982s][info][gc] GC(211) Concurrent Mark Cycle 2952.632ms
