[0.004s][info][gc] Using G1
[0.375s][info][gc] GC(0) Pause Young (Normal) (G1 Evacuation Pause) 13M->4M(260M) 5.263ms
[0.625s][info][gc] GC(1) Pause Young (Normal) (G1 Evacuation Pause) 14M->6M(260M) 7.178ms
[0.989s][info][gc] GC(2) Pause Young (Normal) (G1 Evacuation Pause) 20M->9M(260M) 7.707ms
[1.555s][info][gc] GC(3) Pause Young (Normal) (G1 Evacuation Pause) 37M->14M(260M) 10.443ms
[1.719s][info][gc] GC(4) Pause Young (Concurrent Start) (Metadata GC Threshold) 20M->15M(260M) 10.491ms
[1.719s][info][gc] GC(5) Concurrent Mark Cycle
[1.750s][info][gc] GC(5) Pause Remark 16M->16M(256M) 4.763ms
[1.762s][info][gc] GC(5) Pause Cleanup 16M->16M(256M) 0.040ms
[1.770s][info][gc] GC(5) Concurrent Mark Cycle 50.968ms
[2.229s][info][gc] GC(6) Pause Young (Prepare Mixed) (G1 Evacuation Pause) 59M->19M(256M) 5.599ms
[2.262s][info][gc] GC(7) Pause Young (Mixed) (G1 Evacuation Pause) 25M->18M(256M) 7.227ms
[2.361s][info][gc] GC(8) Pause Young (Concurrent Start) (CodeCache GC Threshold) 52M->20M(442M) 4.207ms
[2.361s][info][gc] GC(9) Concurrent Mark Cycle
[2.449s][info][gc] GC(9) Pause Remark 31M->31M(256M) 5.234ms
[2.460s][info][gc] GC(9) Pause Cleanup 32M->32M(256M) 0.047ms
[2.465s][info][gc] GC(9) Concurrent Mark Cycle 103.131ms
[3.642s][info][gc] GC(10) Pause Young (Prepare Mixed) (GCLocker Initiated GC) 115M->32M(256M) 9.645ms
[3.664s][info][gc] GC(11) Pause Young (Mixed) (G1 Evacuation Pause) 34M->27M(256M) 5.870ms
[4.339s][info][gc] GC(12) Pause Young (Concurrent Start) (CodeCache GC Threshold) 105M->30M(256M) 5.570ms
[4.339s][info][gc] GC(13) Concurrent Mark Cycle
[4.407s][info][gc] GC(13) Pause Remark 34M->32M(256M) 5.952ms
[4.432s][info][gc] GC(13) Pause Cleanup 32M->32M(256M) 0.045ms
[4.433s][info][gc] GC(13) Concurrent Mark Cycle 94.140ms
[4.965s][info][gc] GC(14) Pause Young (Concurrent Start) (CodeCache GC Threshold) 71M->30M(256M) 6.404ms
[4.965s][info][gc] GC(15) Concurrent Mark Cycle
[5.025s][info][gc] GC(15) Pause Remark 35M->35M(256M) 4.758ms
[5.055s][info][gc] GC(15) Pause Cleanup 36M->36M(256M) 0.042ms
[5.061s][info][gc] GC(15) Concurrent Mark Cycle 96.079ms
[6.126s][info][gc] GC(16) Pause Young (Concurrent Start) (CodeCache GC Threshold) 94M->33M(256M) 11.544ms
[6.126s][info][gc] GC(17) Concurrent Mark Cycle
[6.198s][info][gc] GC(17) Pause Remark 37M->37M(256M) 5.641ms
[6.227s][info][gc] GC(17) Pause Cleanup 38M->38M(256M) 0.048ms
[6.240s][info][gc] GC(17) Concurrent Mark Cycle 114.645ms
[40.538s][info][gc] GC(18) Pause Young (Concurrent Start) (CodeCache GC Threshold) 81M->36M(256M) 36.593ms
[40.538s][info][gc] GC(19) Concurrent Mark Cycle
[40.602s][info][gc] GC(19) Pause Remark 42M->42M(256M) 9.870ms
[40.619s][info][gc] GC(19) Pause Cleanup 42M->42M(256M) 0.078ms
[40.622s][info][gc] GC(19) Concurrent Mark Cycle 84.035ms
[42.642s][info][gc] GC(20) Pause Young (Concurrent Start) (CodeCache GC Threshold) 51M->37M(256M) 31.987ms
[42.642s][info][gc] GC(21) Concurrent Mark Cycle
[42.711s][info][gc] GC(21) Pause Remark 44M->44M(256M) 8.946ms
[42.735s][info][gc] GC(21) Pause Cleanup 45M->45M(256M) 0.055ms
[42.736s][info][gc] GC(21) Concurrent Mark Cycle 94.239ms
[44.823s][info][gc] GC(22) Pause Young (Concurrent Start) (CodeCache GC Threshold) 59M->37M(256M) 28.507ms
[44.823s][info][gc] GC(23) Concurrent Mark Cycle
[44.895s][info][gc] GC(23) Pause Remark 44M->44M(256M) 11.107ms
[44.929s][info][gc] GC(23) Pause Cleanup 49M->49M(256M) 0.058ms
[44.930s][info][gc] GC(23) Concurrent Mark Cycle 106.206ms
[49.259s][info][gc] GC(24) Pause Young (Concurrent Start) (CodeCache GC Threshold) 98M->37M(256M) 30.186ms
[49.259s][info][gc] GC(25) Concurrent Mark Cycle
[49.345s][info][gc] GC(25) Pause Remark 48M->48M(256M) 13.620ms
[49.388s][info][gc] GC(25) Pause Cleanup 54M->54M(256M) 0.063ms
[49.388s][info][gc] GC(25) Concurrent Mark Cycle 128.780ms
[52.370s][info][gc] GC(26) Pause Young (Concurrent Start) (CodeCache GC Threshold) 104M->38M(256M) 17.384ms
[52.370s][info][gc] GC(27) Concurrent Mark Cycle
[52.431s][info][gc] GC(27) Pause Remark 45M->45M(256M) 10.847ms
[52.456s][info][gc] GC(27) Pause Cleanup 47M->47M(256M) 0.063ms
[52.456s][info][gc] GC(27) Concurrent Mark Cycle 86.384ms
[53.320s][info][gc] GC(28) Pause Young (Concurrent Start) (CodeCache GC Threshold) 72M->38M(256M) 20.640ms
[53.320s][info][gc] GC(29) Concurrent Mark Cycle
[53.390s][info][gc] GC(29) Pause Remark 47M->47M(256M) 9.813ms
[53.437s][info][gc] GC(29) Pause Cleanup 53M->53M(256M) 0.045ms
[53.439s][info][gc] GC(29) Concurrent Mark Cycle 119.181ms
[54.469s][info][gc] GC(30) Pause Young (Concurrent Start) (CodeCache GC Threshold) 80M->38M(256M) 10.950ms
[54.469s][info][gc] GC(31) Concurrent Mark Cycle
[54.533s][info][gc] GC(31) Pause Remark 44M->44M(256M) 8.967ms
[54.569s][info][gc] GC(31) Pause Cleanup 51M->51M(256M) 0.050ms
[54.570s][info][gc] GC(31) Concurrent Mark Cycle 101.067ms
[58.587s][info][gc] GC(32) Pause Young (Prepare Mixed) (G1 Evacuation Pause) 182M->39M(256M) 19.648ms
[58.607s][info][gc] GC(33) Pause Young (Mixed) (G1 Evacuation Pause) 41M->39M(256M) 16.799ms
[58.975s][info][gc] GC(34) Pause Young (Concurrent Start) (CodeCache GC Threshold) 59M->40M(256M) 10.605ms
[58.975s][info][gc] GC(35) Concurrent Mark Cycle
[59.068s][info][gc] GC(35) Pause Remark 49M->49M(256M) 14.219ms
[59.099s][info][gc] GC(35) Pause Cleanup 50M->50M(256M) 0.058ms
[59.100s][info][gc] GC(35) Concurrent Mark Cycle 124.150ms
[60.388s][info][gc] GC(36) Pause Young (Concurrent Start) (CodeCache GC Threshold) 111M->41M(256M) 10.110ms
[60.388s][info][gc] GC(37) Concurrent Mark Cycle
[60.495s][info][gc] GC(37) Pause Remark 53M->53M(256M) 11.199ms
[60.530s][info][gc] GC(37) Pause Cleanup 56M->56M(256M) 0.060ms
[60.531s][info][gc] GC(37) Concurrent Mark Cycle 142.510ms
[61.384s][info][gc] GC(38) Pause Young (Concurrent Start) (CodeCache GC Threshold) 103M->41M(256M) 12.991ms
[61.384s][info][gc] GC(39) Concurrent Mark Cycle
[61.458s][info][gc] GC(39) Pause Remark 50M->50M(256M) 15.085ms
[61.495s][info][gc] GC(39) Pause Cleanup 53M->53M(256M) 0.051ms
[61.496s][info][gc] GC(39) Concurrent Mark Cycle 111.800ms
[63.690s][info][gc] GC(40) Pause Young (Prepare Mixed) (G1 Evacuation Pause) 189M->42M(256M) 21.249ms
[63.741s][info][gc] GC(41) Pause Young (Mixed) (G1 Evacuation Pause) 48M->42M(256M) 17.077ms
[65.437s][info][gc] GC(42) Pause Young (Normal) (G1 Evacuation Pause) 192M->45M(256M) 13.665ms
[67.272s][info][gc] GC(43) Pause Young (Normal) (G1 Evacuation Pause) 191M->45M(256M) 13.971ms
[69.138s][info][gc] GC(44) Pause Young (Normal) (G1 Evacuation Pause) 191M->45M(256M) 25.958ms
[70.945s][info][gc] GC(45) Pause Young (Normal) (G1 Evacuation Pause) 191M->45M(256M) 13.607ms
[72.739s][info][gc] GC(46) Pause Young (Normal) (G1 Evacuation Pause) 191M->45M(256M) 11.889ms
[74.525s][info][gc] GC(47) Pause Young (Normal) (G1 Evacuation Pause) 191M->45M(256M) 13.630ms
[76.291s][info][gc] GC(48) Pause Young (Normal) (G1 Evacuation Pause) 191M->45M(256M) 11.695ms
[78.004s][info][gc] GC(49) Pause Young (Normal) (G1 Evacuation Pause) 191M->45M(256M) 14.870ms
[79.774s][info][gc] GC(50) Pause Young (Normal) (G1 Evacuation Pause) 191M->45M(256M) 16.909ms
[81.505s][info][gc] GC(51) Pause Young (Normal) (G1 Evacuation Pause) 191M->45M(256M) 19.859ms
[83.226s][info][gc] GC(52) Pause Young (Normal) (G1 Evacuation Pause) 191M->46M(256M) 15.773ms
[84.951s][info][gc] GC(53) Pause Young (Normal) (G1 Evacuation Pause) 192M->45M(256M) 19.904ms
[86.659s][info][gc] GC(54) Pause Young (Normal) (G1 Evacuation Pause) 191M->45M(256M) 15.180ms
[88.378s][info][gc] GC(55) Pause Young (Normal) (G1 Evacuation Pause) 191M->45M(256M) 15.753ms
[90.089s][info][gc] GC(56) Pause Young (Normal) (G1 Evacuation Pause) 191M->45M(256M) 16.094ms
[90.653s][info][gc] GC(57) Pause Young (Concurrent Start) (CodeCache GC Threshold) 95M->45M(256M) 16.693ms
[90.653s][info][gc] GC(58) Concurrent Mark Cycle
[90.770s][info][gc] GC(58) Pause Remark 57M->57M(256M) 11.724ms
[90.815s][info][gc] GC(58) Pause Cleanup 61M->61M(256M) 0.057ms
[90.816s][info][gc] GC(58) Concurrent Mark Cycle 162.450ms
[92.364s][info][gc] GC(59) Pause Young (Prepare Mixed) (G1 Evacuation Pause) 191M->45M(256M) 19.923ms
[92.432s][info][gc] GC(60) Pause Young (Mixed) (G1 Evacuation Pause) 51M->44M(256M) 15.894ms
[94.107s][info][gc] GC(61) Pause Young (Normal) (G1 Evacuation Pause) 194M->46M(256M) 10.798ms
[95.860s][info][gc] GC(62) Pause Young (Normal) (G1 Evacuation Pause) 194M->46M(256M) 12.537ms
[97.611s][info][gc] GC(63) Pause Young (Normal) (G1 Evacuation Pause) 194M->47M(256M) 13.805ms
[99.345s][info][gc] GC(64) Pause Young (Normal) (G1 Evacuation Pause) 193M->47M(256M) 14.446ms
[101.100s][info][gc] GC(65) Pause Young (Normal) (G1 Evacuation Pause) 193M->47M(256M) 14.781ms
[102.805s][info][gc] GC(66) Pause Young (Normal) (G1 Evacuation Pause) 193M->47M(256M) 13.178ms
[104.558s][info][gc] GC(67) Pause Young (Normal) (G1 Evacuation Pause) 193M->47M(256M) 14.620ms
[106.285s][info][gc] GC(68) Pause Young (Normal) (G1 Evacuation Pause) 193M->47M(256M) 14.712ms
[108.037s][info][gc] GC(69) Pause Young (Normal) (G1 Evacuation Pause) 193M->47M(256M) 20.445ms
[109.772s][info][gc] GC(70) Pause Young (Normal) (G1 Evacuation Pause) 193M->47M(256M) 25.880ms
[111.497s][info][gc] GC(71) Pause Young (Normal) (G1 Evacuation Pause) 193M->47M(256M) 12.133ms
[113.283s][info][gc] GC(72) Pause Young (Normal) (G1 Evacuation Pause) 193M->47M(256M) 10.711ms
[115.035s][info][gc] GC(73) Pause Young (Normal) (G1 Evacuation Pause) 193M->47M(256M) 14.515ms
[116.761s][info][gc] GC(74) Pause Young (Normal) (G1 Evacuation Pause) 193M->47M(256M) 12.241ms
[118.513s][info][gc] GC(75) Pause Young (Normal) (G1 Evacuation Pause) 193M->47M(256M) 12.070ms
[120.281s][info][gc] GC(76) Pause Young (Normal) (G1 Evacuation Pause) 193M->46M(256M) 15.880ms
[122.077s][info][gc] GC(77) Pause Young (Normal) (G1 Evacuation Pause) 194M->47M(256M) 10.375ms
[123.827s][info][gc] GC(78) Pause Young (Normal) (G1 Evacuation Pause) 193M->47M(256M) 15.006ms
[125.596s][info][gc] GC(79) Pause Young (Normal) (G1 Evacuation Pause) 193M->47M(256M) 14.126ms
[127.332s][info][gc] GC(80) Pause Young (Normal) (G1 Evacuation Pause) 193M->47M(256M) 17.671ms
[129.079s][info][gc] GC(81) Pause Young (Normal) (G1 Evacuation Pause) 193M->47M(256M) 14.890ms
[130.851s][info][gc] GC(82) Pause Young (Normal) (G1 Evacuation Pause) 193M->47M(256M) 14.406ms
[132.605s][info][gc] GC(83) Pause Young (Normal) (G1 Evacuation Pause) 193M->47M(256M) 10.711ms
[134.341s][info][gc] GC(84) Pause Young (Normal) (G1 Evacuation Pause) 193M->47M(256M) 11.797ms
[136.085s][info][gc] GC(85) Pause Young (Normal) (G1 Evacuation Pause) 193M->47M(256M) 11.257ms
[137.812s][info][gc] GC(86) Pause Young (Normal) (G1 Evacuation Pause) 193M->47M(256M) 11.801ms
[139.554s][info][gc] GC(87) Pause Young (Normal) (G1 Evacuation Pause) 193M->47M(256M) 16.165ms
[141.292s][info][gc] GC(88) Pause Young (Normal) (G1 Evacuation Pause) 193M->47M(256M) 12.885ms
[143.060s][info][gc] GC(89) Pause Young (Normal) (G1 Evacuation Pause) 193M->47M(256M) 11.924ms
[144.876s][info][gc] GC(90) Pause Young (Normal) (G1 Evacuation Pause) 193M->47M(256M) 12.377ms
[146.627s][info][gc] GC(91) Pause Young (Normal) (G1 Evacuation Pause) 193M->47M(256M) 14.829ms
[148.366s][info][gc] GC(92) Pause Young (Normal) (G1 Evacuation Pause) 193M->48M(256M) 13.310ms
[150.134s][info][gc] GC(93) Pause Young (Normal) (G1 Evacuation Pause) 194M->48M(256M) 14.270ms
[151.913s][info][gc] GC(94) Pause Young (Normal) (G1 Evacuation Pause) 194M->47M(256M) 15.805ms
[153.679s][info][gc] GC(95) Pause Young (Normal) (G1 Evacuation Pause) 193M->47M(256M) 12.440ms
[155.396s][info][gc] GC(96) Pause Young (Normal) (G1 Evacuation Pause) 193M->48M(256M) 12.161ms
[157.165s][info][gc] GC(97) Pause Young (Normal) (G1 Evacuation Pause) 194M->48M(256M) 15.575ms
[158.927s][info][gc] GC(98) Pause Young (Normal) (G1 Evacuation Pause) 194M->47M(256M) 14.521ms
[160.732s][info][gc] GC(99) Pause Young (Normal) (G1 Evacuation Pause) 195M->47M(256M) 14.133ms
[162.462s][info][gc] GC(100) Pause Young (Normal) (G1 Evacuation Pause) 193M->47M(256M) 16.927ms
[164.225s][info][gc] GC(101) Pause Young (Normal) (G1 Evacuation Pause) 193M->48M(256M) 15.645ms
[165.965s][info][gc] GC(102) Pause Young (Normal) (G1 Evacuation Pause) 194M->47M(256M) 15.815ms
[167.697s][info][gc] GC(103) Pause Young (Normal) (G1 Evacuation Pause) 193M->47M(256M) 11.235ms
[169.420s][info][gc] GC(104) Pause Young (Normal) (G1 Evacuation Pause) 193M->47M(256M) 13.117ms
[171.153s][info][gc] GC(105) Pause Young (Normal) (G1 Evacuation Pause) 193M->48M(256M) 13.149ms
[172.878s][info][gc] GC(106) Pause Young (Normal) (G1 Evacuation Pause) 194M->48M(256M) 15.346ms
[174.602s][info][gc] GC(107) Pause Young (Normal) (G1 Evacuation Pause) 194M->48M(256M) 15.854ms
[176.306s][info][gc] GC(108) Pause Young (Normal) (G1 Evacuation Pause) 194M->48M(256M) 11.438ms
[178.029s][info][gc] GC(109) Pause Young (Normal) (G1 Evacuation Pause) 194M->48M(256M) 15.632ms
[179.738s][info][gc] GC(110) Pause Young (Normal) (G1 Evacuation Pause) 194M->48M(256M) 11.742ms
[181.410s][info][gc] GC(111) Pause Young (Normal) (G1 Evacuation Pause) 194M->48M(256M) 15.086ms
[183.145s][info][gc] GC(112) Pause Young (Normal) (G1 Evacuation Pause) 194M->48M(256M) 19.781ms
[184.811s][info][gc] GC(113) Pause Young (Normal) (G1 Evacuation Pause) 194M->48M(256M) 15.178ms
[186.536s][info][gc] GC(114) Pause Young (Normal) (G1 Evacuation Pause) 194M->48M(256M) 14.092ms
[188.216s][info][gc] GC(115) Pause Young (Normal) (G1 Evacuation Pause) 194M->48M(256M) 14.373ms
[189.934s][info][gc] GC(116) Pause Young (Normal) (G1 Evacuation Pause) 194M->48M(256M) 17.226ms
[191.617s][info][gc] GC(117) Pause Young (Normal) (G1 Evacuation Pause) 194M->48M(256M) 12.258ms
[193.317s][info][gc] GC(118) Pause Young (Normal) (G1 Evacuation Pause) 194M->48M(256M) 11.861ms
[195.015s][info][gc] GC(119) Pause Young (Normal) (G1 Evacuation Pause) 194M->48M(256M) 13.723ms
[196.694s][info][gc] GC(120) Pause Young (Normal) (G1 Evacuation Pause) 194M->48M(256M) 11.942ms
[198.405s][info][gc] GC(121) Pause Young (Normal) (G1 Evacuation Pause) 194M->48M(256M) 12.428ms
[200.078s][info][gc] GC(122) Pause Young (Normal) (G1 Evacuation Pause) 194M->48M(256M) 10.901ms
[201.800s][info][gc] GC(123) Pause Young (Normal) (G1 Evacuation Pause) 194M->48M(256M) 12.425ms
[203.484s][info][gc] GC(124) Pause Young (Normal) (G1 Evacuation Pause) 194M->48M(256M) 16.527ms
[205.203s][info][gc] GC(125) Pause Young (Normal) (G1 Evacuation Pause) 194M->48M(256M) 17.023ms
[206.884s][info][gc] GC(126) Pause Young (Normal) (G1 Evacuation Pause) 194M->48M(256M) 12.447ms
[208.601s][info][gc] GC(127) Pause Young (Normal) (G1 Evacuation Pause) 194M->48M(256M) 10.973ms
[210.304s][info][gc] GC(128) Pause Young (Normal) (G1 Evacuation Pause) 194M->48M(256M) 13.026ms
[212.006s][info][gc] GC(129) Pause Young (Normal) (G1 Evacuation Pause) 194M->48M(256M) 14.776ms
[213.703s][info][gc] GC(130) Pause Young (Normal) (G1 Evacuation Pause) 194M->49M(256M) 16.930ms
[215.413s][info][gc] GC(131) Pause Young (Normal) (G1 Evacuation Pause) 195M->49M(256M) 22.265ms
[217.089s][info][gc] GC(132) Pause Young (Normal) (G1 Evacuation Pause) 195M->49M(256M) 12.521ms
[218.786s][info][gc] GC(133) Pause Young (Normal) (G1 Evacuation Pause) 195M->48M(256M) 11.244ms
[220.481s][info][gc] GC(134) Pause Young (Normal) (G1 Evacuation Pause) 194M->49M(256M) 12.389ms
[222.169s][info][gc] GC(135) Pause Young (Normal) (G1 Evacuation Pause) 195M->48M(256M) 11.883ms
[223.876s][info][gc] GC(136) Pause Young (Normal) (G1 Evacuation Pause) 194M->48M(256M) 12.996ms
[225.570s][info][gc] GC(137) Pause Young (Normal) (G1 Evacuation Pause) 194M->48M(256M) 14.959ms
[227.280s][info][gc] GC(138) Pause Young (Normal) (G1 Evacuation Pause) 194M->48M(256M) 12.747ms
[229.000s][info][gc] GC(139) Pause Young (Normal) (G1 Evacuation Pause) 194M->48M(256M) 15.854ms
[230.742s][info][gc] GC(140) Pause Young (Normal) (G1 Evacuation Pause) 194M->48M(256M) 16.858ms
[232.452s][info][gc] GC(141) Pause Young (Normal) (G1 Evacuation Pause) 194M->49M(256M) 16.191ms
[234.190s][info][gc] GC(142) Pause Young (Normal) (G1 Evacuation Pause) 195M->48M(256M) 15.006ms
[235.889s][info][gc] GC(143) Pause Young (Normal) (G1 Evacuation Pause) 194M->49M(256M) 11.970ms
[237.630s][info][gc] GC(144) Pause Young (Normal) (G1 Evacuation Pause) 195M->49M(256M) 14.061ms
[239.345s][info][gc] GC(145) Pause Young (Normal) (G1 Evacuation Pause) 195M->49M(256M) 14.921ms
[241.061s][info][gc] GC(146) Pause Young (Normal) (G1 Evacuation Pause) 195M->49M(256M) 11.891ms
[242.780s][info][gc] GC(147) Pause Young (Normal) (G1 Evacuation Pause) 195M->49M(256M) 12.481ms
[244.508s][info][gc] GC(148) Pause Young (Normal) (G1 Evacuation Pause) 195M->49M(256M) 11.729ms
[246.229s][info][gc] GC(149) Pause Young (Normal) (G1 Evacuation Pause) 195M->49M(256M) 11.796ms
[247.973s][info][gc] GC(150) Pause Young (Normal) (G1 Evacuation Pause) 195M->49M(256M) 11.680ms
[249.706s][info][gc] GC(151) Pause Young (Normal) (G1 Evacuation Pause) 195M->49M(256M) 14.907ms
[251.414s][info][gc] GC(152) Pause Young (Normal) (G1 Evacuation Pause) 195M->49M(256M) 11.418ms
[253.144s][info][gc] GC(153) Pause Young (Normal) (G1 Evacuation Pause) 195M->49M(256M) 17.370ms
[254.846s][info][gc] GC(154) Pause Young (Normal) (G1 Evacuation Pause) 195M->49M(256M) 12.183ms
[256.566s][info][gc] GC(155) Pause Young (Normal) (G1 Evacuation Pause) 195M->49M(256M) 11.602ms
[258.257s][info][gc] GC(156) Pause Young (Normal) (G1 Evacuation Pause) 195M->49M(256M) 13.607ms
[259.958s][info][gc] GC(157) Pause Young (Normal) (G1 Evacuation Pause) 195M->49M(256M) 13.910ms
[261.663s][info][gc] GC(158) Pause Young (Normal) (G1 Evacuation Pause) 195M->49M(256M) 10.515ms
[263.359s][info][gc] GC(159) Pause Young (Normal) (G1 Evacuation Pause) 195M->49M(256M) 13.328ms
[265.086s][info][gc] GC(160) Pause Young (Normal) (G1 Evacuation Pause) 195M->49M(256M) 11.100ms
[266.807s][info][gc] GC(161) Pause Young (Normal) (G1 Evacuation Pause) 195M->49M(256M) 14.303ms
[268.527s][info][gc] GC(162) Pause Young (Normal) (G1 Evacuation Pause) 195M->49M(256M) 14.553ms
[270.253s][info][gc] GC(163) Pause Young (Normal) (G1 Evacuation Pause) 195M->49M(256M) 11.791ms
[271.969s][info][gc] GC(164) Pause Young (Normal) (G1 Evacuation Pause) 195M->49M(256M) 12.179ms
[273.705s][info][gc] GC(165) Pause Young (Normal) (G1 Evacuation Pause) 195M->49M(256M) 13.401ms
[275.442s][info][gc] GC(166) Pause Young (Normal) (G1 Evacuation Pause) 195M->49M(256M) 11.283ms
[277.152s][info][gc] GC(167) Pause Young (Normal) (G1 Evacuation Pause) 195M->49M(256M) 12.877ms
[278.877s][info][gc] GC(168) Pause Young (Normal) (G1 Evacuation Pause) 195M->49M(256M) 12.120ms
[280.577s][info][gc] GC(169) Pause Young (Normal) (G1 Evacuation Pause) 195M->49M(256M) 12.121ms
[282.294s][info][gc] GC(170) Pause Young (Normal) (G1 Evacuation Pause) 195M->49M(256M) 11.245ms
[283.982s][info][gc] GC(171) Pause Young (Normal) (G1 Evacuation Pause) 195M->49M(256M) 13.509ms
[285.685s][info][gc] GC(172) Pause Young (Normal) (G1 Evacuation Pause) 195M->49M(256M) 11.194ms
[287.394s][info][gc] GC(173) Pause Young (Normal) (G1 Evacuation Pause) 195M->49M(256M) 11.268ms
[289.091s][info][gc] GC(174) Pause Young (Normal) (G1 Evacuation Pause) 195M->49M(256M) 13.718ms
[290.817s][info][gc] GC(175) Pause Young (Normal) (G1 Evacuation Pause) 195M->49M(256M) 12.450ms
[292.531s][info][gc] GC(176) Pause Young (Normal) (G1 Evacuation Pause) 195M->49M(256M) 13.903ms
[294.245s][info][gc] GC(177) Pause Young (Normal) (G1 Evacuation Pause) 195M->49M(256M) 11.530ms
[295.962s][info][gc] GC(178) Pause Young (Normal) (G1 Evacuation Pause) 195M->49M(256M) 14.560ms
[297.677s][info][gc] GC(179) Pause Young (Normal) (G1 Evacuation Pause) 195M->50M(256M) 15.550ms
[299.389s][info][gc] GC(180) Pause Young (Normal) (G1 Evacuation Pause) 196M->49M(256M) 11.653ms
[301.095s][info][gc] GC(181) Pause Young (Normal) (G1 Evacuation Pause) 195M->49M(256M) 11.610ms
[302.821s][info][gc] GC(182) Pause Young (Normal) (G1 Evacuation Pause) 195M->49M(256M) 18.341ms
[304.549s][info][gc] GC(183) Pause Young (Normal) (G1 Evacuation Pause) 195M->49M(256M) 16.596ms
[306.256s][info][gc] GC(184) Pause Young (Normal) (G1 Evacuation Pause) 195M->49M(256M) 14.863ms
[308.005s][info][gc] GC(185) Pause Young (Normal) (G1 Evacuation Pause) 195M->49M(256M) 30.751ms
[309.721s][info][gc] GC(186) Pause Young (Normal) (G1 Evacuation Pause) 195M->49M(256M) 20.776ms
[311.445s][info][gc] GC(187) Pause Young (Normal) (G1 Evacuation Pause) 195M->50M(256M) 12.425ms
[313.155s][info][gc] GC(188) Pause Young (Normal) (G1 Evacuation Pause) 196M->50M(256M) 18.094ms
[314.841s][info][gc] GC(189) Pause Young (Normal) (G1 Evacuation Pause) 196M->50M(256M) 12.327ms
[316.525s][info][gc] GC(190) Pause Young (Normal) (G1 Evacuation Pause) 196M->49M(256M) 20.945ms
[318.215s][info][gc] GC(191) Pause Young (Normal) (G1 Evacuation Pause) 195M->50M(256M) 11.946ms
[319.885s][info][gc] GC(192) Pause Young (Normal) (G1 Evacuation Pause) 196M->50M(256M) 13.086ms
[321.564s][info][gc] GC(193) Pause Young (Normal) (G1 Evacuation Pause) 196M->50M(256M) 14.432ms
[323.243s][info][gc] GC(194) Pause Young (Normal) (G1 Evacuation Pause) 196M->50M(256M) 13.951ms
[324.902s][info][gc] GC(195) Pause Young (Normal) (G1 Evacuation Pause) 196M->50M(256M) 15.414ms
[326.567s][info][gc] GC(196) Pause Young (Normal) (G1 Evacuation Pause) 196M->50M(256M) 18.897ms
[328.225s][info][gc] GC(197) Pause Young (Normal) (G1 Evacuation Pause) 196M->50M(256M) 25.535ms
[329.904s][info][gc] GC(198) Pause Young (Normal) (G1 Evacuation Pause) 196M->50M(256M) 20.365ms
[331.641s][info][gc] GC(199) Pause Young (Concurrent Start) (CodeCache GC Threshold) 167M->58M(256M) 29.576ms
[331.642s][info][gc] GC(200) Concurrent Mark Cycle
[331.767s][info][gc] GC(200) Pause Remark 73M->73M(256M) 12.520ms
[331.828s][info][gc] GC(200) Pause Cleanup 82M->82M(256M) 0.065ms
[331.828s][info][gc] GC(200) Concurrent Mark Cycle 186.661ms
[332.894s][info][gc] GC(201) Pause Young (Prepare Mixed) (G1 Evacuation Pause) 196M->59M(256M) 30.984ms
[332.933s][info][gc] GC(202) Pause Young (Mixed) (G1 Evacuation Pause) 65M->56M(256M) 18.812ms
[334.197s][info][gc] GC(203) Pause Young (Normal) (G1 Evacuation Pause) 206M->60M(256M) 20.675ms
[335.438s][info][gc] GC(204) Pause Young (Normal) (G1 Evacuation Pause) 206M->60M(256M) 23.468ms
[336.640s][info][gc] GC(205) Pause Young (Normal) (G1 Evacuation Pause) 206M->61M(520M) 33.402ms
[339.006s][info][gc] GC(206) Pause Young (Normal) (G1 Evacuation Pause) 365M->62M(520M) 24.170ms
[341.368s][info][gc] GC(207) Pause Young (Normal) (G1 Evacuation Pause) 366M->62M(520M) 18.460ms
[343.320s][info][gc] GC(208) Pause Young (Normal) (G1 Evacuation Pause) 366M->64M(520M) 19.372ms
[345.225s][info][gc] GC(209) Pause Young (Normal) (G1 Evacuation Pause) 366M->64M(520M) 22.019ms
[347.113s][info][gc] GC(210) Pause Young (Normal) (G1 Evacuation Pause) 366M->64M(520M) 20.463ms
[348.981s][info][gc] GC(211) Pause Young (Normal) (G1 Evacuation Pause) 366M->64M(520M) 20.548ms
[350.835s][info][gc] GC(212) Pause Young (Normal) (G1 Evacuation Pause) 366M->64M(520M) 20.688ms
[352.712s][info][gc] GC(213) Pause Young (Normal) (G1 Evacuation Pause) 366M->64M(520M) 23.839ms
[354.589s][info][gc] GC(214) Pause Young (Normal) (G1 Evacuation Pause) 366M->64M(520M) 22.471ms
[356.433s][info][gc] GC(215) Pause Young (Normal) (G1 Evacuation Pause) 366M->64M(520M) 20.172ms
[358.309s][info][gc] GC(216) Pause Young (Normal) (G1 Evacuation Pause) 366M->64M(520M) 20.345ms
[360.230s][info][gc] GC(217) Pause Young (Normal) (G1 Evacuation Pause) 366M->64M(520M) 20.036ms
[362.102s][info][gc] GC(218) Pause Young (Normal) (G1 Evacuation Pause) 366M->65M(520M) 19.276ms
[363.986s][info][gc] GC(219) Pause Young (Normal) (G1 Evacuation Pause) 367M->64M(520M) 19.562ms
[365.825s][info][gc] GC(220) Pause Young (Normal) (G1 Evacuation Pause) 366M->65M(520M) 22.367ms
[367.669s][info][gc] GC(221) Pause Young (Normal) (G1 Evacuation Pause) 367M->65M(520M) 19.410ms
[369.530s][info][gc] GC(222) Pause Young (Normal) (G1 Evacuation Pause) 367M->65M(520M) 19.656ms
[371.384s][info][gc] GC(223) Pause Young (Normal) (G1 Evacuation Pause) 367M->64M(520M) 19.198ms
[373.240s][info][gc] GC(224) Pause Young (Normal) (G1 Evacuation Pause) 368M->65M(520M) 20.685ms
[375.076s][info][gc] GC(225) Pause Young (Normal) (G1 Evacuation Pause) 367M->64M(520M) 18.738ms
[376.958s][info][gc] GC(226) Pause Young (Normal) (G1 Evacuation Pause) 368M->64M(520M) 18.595ms
[378.842s][info][gc] GC(227) Pause Young (Normal) (G1 Evacuation Pause) 368M->64M(520M) 22.796ms
[380.724s][info][gc] GC(228) Pause Young (Normal) (G1 Evacuation Pause) 368M->64M(520M) 18.618ms
[382.583s][info][gc] GC(229) Pause Young (Normal) (G1 Evacuation Pause) 368M->64M(520M) 25.435ms
[384.447s][info][gc] GC(230) Pause Young (Normal) (G1 Evacuation Pause) 368M->64M(520M) 18.561ms
[386.316s][info][gc] GC(231) Pause Young (Normal) (G1 Evacuation Pause) 368M->64M(520M) 20.188ms
[388.180s][info][gc] GC(232) Pause Young (Normal) (G1 Evacuation Pause) 368M->64M(520M) 18.998ms
[390.055s][info][gc] GC(233) Pause Young (Normal) (G1 Evacuation Pause) 368M->64M(520M) 20.354ms
[391.909s][info][gc] GC(234) Pause Young (Normal) (G1 Evacuation Pause) 368M->65M(520M) 20.394ms
[393.775s][info][gc] GC(235) Pause Young (Normal) (G1 Evacuation Pause) 367M->64M(520M) 18.012ms
[395.661s][info][gc] GC(236) Pause Young (Normal) (G1 Evacuation Pause) 368M->64M(520M) 18.462ms
[397.516s][info][gc] GC(237) Pause Young (Normal) (G1 Evacuation Pause) 368M->65M(520M) 18.210ms
[399.349s][info][gc] GC(238) Pause Young (Normal) (G1 Evacuation Pause) 367M->65M(520M) 18.784ms
[401.189s][info][gc] GC(239) Pause Young (Normal) (G1 Evacuation Pause) 367M->65M(520M) 18.482ms
[403.044s][info][gc] GC(240) Pause Young (Normal) (G1 Evacuation Pause) 367M->65M(520M) 21.258ms
[404.878s][info][gc] GC(241) Pause Young (Normal) (G1 Evacuation Pause) 367M->65M(520M) 19.114ms
[406.717s][info][gc] GC(242) Pause Young (Normal) (G1 Evacuation Pause) 367M->65M(520M) 19.629ms
[408.642s][info][gc] GC(243) Pause Young (Normal) (G1 Evacuation Pause) 367M->64M(520M) 19.230ms
[410.497s][info][gc] GC(244) Pause Young (Normal) (G1 Evacuation Pause) 368M->65M(520M) 20.166ms
[412.361s][info][gc] GC(245) Pause Young (Normal) (G1 Evacuation Pause) 367M->66M(520M) 20.441ms
[414.188s][info][gc] GC(246) Pause Young (Normal) (G1 Evacuation Pause) 368M->66M(520M) 19.646ms
[416.016s][info][gc] GC(247) Pause Young (Normal) (G1 Evacuation Pause) 368M->66M(520M) 21.779ms
[417.857s][info][gc] GC(248) Pause Young (Normal) (G1 Evacuation Pause) 368M->66M(520M) 19.071ms
[419.689s][info][gc] GC(249) Pause Young (Normal) (G1 Evacuation Pause) 368M->66M(520M) 19.548ms
[421.545s][info][gc] GC(250) Pause Young (Normal) (G1 Evacuation Pause) 368M->66M(520M) 21.064ms
[423.398s][info][gc] GC(251) Pause Young (Normal) (G1 Evacuation Pause) 368M->64M(520M) 28.697ms
[425.245s][info][gc] GC(252) Pause Young (Normal) (G1 Evacuation Pause) 368M->66M(520M) 20.045ms
[427.073s][info][gc] GC(253) Pause Young (Normal) (G1 Evacuation Pause) 368M->65M(520M) 20.555ms
[428.926s][info][gc] GC(254) Pause Young (Normal) (G1 Evacuation Pause) 369M->66M(520M) 22.062ms
[430.781s][info][gc] GC(255) Pause Young (Normal) (G1 Evacuation Pause) 368M->65M(520M) 23.751ms
[432.625s][info][gc] GC(256) Pause Young (Normal) (G1 Evacuation Pause) 369M->66M(520M) 20.719ms
[434.470s][info][gc] GC(257) Pause Young (Normal) (G1 Evacuation Pause) 368M->65M(520M) 18.985ms
[436.313s][info][gc] GC(258) Pause Young (Normal) (G1 Evacuation Pause) 369M->66M(520M) 19.789ms
[438.165s][info][gc] GC(259) Pause Young (Normal) (G1 Evacuation Pause) 368M->66M(520M) 33.713ms
[439.996s][info][gc] GC(260) Pause Young (Normal) (G1 Evacuation Pause) 368M->65M(520M) 20.282ms
[441.840s][info][gc] GC(261) Pause Young (Normal) (G1 Evacuation Pause) 369M->65M(520M) 18.877ms
[443.687s][info][gc] GC(262) Pause Young (Normal) (G1 Evacuation Pause) 369M->66M(520M) 20.019ms
[445.552s][info][gc] GC(263) Pause Young (Normal) (G1 Evacuation Pause) 368M->66M(520M) 20.008ms
[447.405s][info][gc] GC(264) Pause Young (Normal) (G1 Evacuation Pause) 370M->66M(520M) 18.801ms
[449.259s][info][gc] GC(265) Pause Young (Normal) (G1 Evacuation Pause) 370M->65M(520M) 20.605ms
[451.107s][info][gc] GC(266) Pause Young (Normal) (G1 Evacuation Pause) 369M->66M(520M) 18.462ms
[452.968s][info][gc] GC(267) Pause Young (Normal) (G1 Evacuation Pause) 370M->66M(520M) 33.318ms
[454.864s][info][gc] GC(268) Pause Young (Normal) (G1 Evacuation Pause) 368M->66M(520M) 19.254ms
[456.834s][info][gc] GC(269) Pause Young (Normal) (G1 Evacuation Pause) 370M->65M(520M) 18.901ms
[458.741s][info][gc] GC(270) Pause Young (Normal) (G1 Evacuation Pause) 369M->65M(520M) 18.695ms
[460.614s][info][gc] GC(271) Pause Young (Normal) (G1 Evacuation Pause) 369M->66M(520M) 22.898ms
[462.522s][info][gc] GC(272) Pause Young (Normal) (G1 Evacuation Pause) 370M->66M(520M) 19.334ms
[464.423s][info][gc] GC(273) Pause Young (Normal) (G1 Evacuation Pause) 368M->66M(520M) 27.576ms
[466.277s][info][gc] GC(274) Pause Young (Normal) (G1 Evacuation Pause) 370M->66M(520M) 20.332ms
[468.117s][info][gc] GC(275) Pause Young (Normal) (G1 Evacuation Pause) 368M->66M(520M) 24.630ms
[470.018s][info][gc] GC(276) Pause Young (Normal) (G1 Evacuation Pause) 368M->66M(520M) 18.865ms
[471.869s][info][gc] GC(277) Pause Young (Normal) (G1 Evacuation Pause) 370M->67M(520M) 20.488ms
[473.717s][info][gc] GC(278) Pause Young (Normal) (G1 Evacuation Pause) 369M->67M(520M) 18.472ms
[475.564s][info][gc] GC(279) Pause Young (Normal) (G1 Evacuation Pause) 369M->67M(520M) 20.705ms
[477.413s][info][gc] GC(280) Pause Young (Normal) (G1 Evacuation Pause) 369M->67M(520M) 23.766ms
[479.276s][info][gc] GC(281) Pause Young (Normal) (G1 Evacuation Pause) 369M->67M(520M) 28.197ms
[481.125s][info][gc] GC(282) Pause Young (Normal) (G1 Evacuation Pause) 369M->67M(520M) 19.584ms
[482.957s][info][gc] GC(283) Pause Young (Normal) (G1 Evacuation Pause) 369M->66M(520M) 19.006ms
[484.831s][info][gc] GC(284) Pause Young (Normal) (G1 Evacuation Pause) 370M->66M(520M) 21.799ms
[486.721s][info][gc] GC(285) Pause Young (Normal) (G1 Evacuation Pause) 370M->66M(520M) 17.982ms
[488.615s][info][gc] GC(286) Pause Young (Normal) (G1 Evacuation Pause) 370M->66M(520M) 18.323ms
[490.488s][info][gc] GC(287) Pause Young (Normal) (G1 Evacuation Pause) 370M->66M(520M) 19.251ms
[492.366s][info][gc] GC(288) Pause Young (Normal) (G1 Evacuation Pause) 370M->66M(520M) 29.002ms
[494.239s][info][gc] GC(289) Pause Young (Normal) (G1 Evacuation Pause) 370M->67M(520M) 20.278ms
[496.115s][info][gc] GC(290) Pause Young (Normal) (G1 Evacuation Pause) 369M->66M(520M) 18.262ms
[497.965s][info][gc] GC(291) Pause Young (Normal) (G1 Evacuation Pause) 370M->67M(520M) 18.093ms
[499.836s][info][gc] GC(292) Pause Young (Normal) (G1 Evacuation Pause) 369M->66M(520M) 20.513ms
[501.705s][info][gc] GC(293) Pause Young (Normal) (G1 Evacuation Pause) 370M->66M(520M) 19.199ms
[503.584s][info][gc] GC(294) Pause Young (Normal) (G1 Evacuation Pause) 370M->67M(520M) 19.682ms
[505.424s][info][gc] GC(295) Pause Young (Normal) (G1 Evacuation Pause) 369M->66M(520M) 19.073ms
[507.283s][info][gc] GC(296) Pause Young (Normal) (G1 Evacuation Pause) 370M->67M(520M) 18.957ms
[509.113s][info][gc] GC(297) Pause Young (Normal) (G1 Evacuation Pause) 369M->66M(520M) 19.184ms
[510.962s][info][gc] GC(298) Pause Young (Normal) (G1 Evacuation Pause) 370M->66M(520M) 22.951ms
[512.069s][info][gc] GC(299) Pause Young (Concurrent Start) (CodeCache GC Threshold) 186M->60M(520M) 11.526ms
[512.069s][info][gc] GC(300) Concurrent Mark Cycle
[512.179s][info][gc] GC(300) Pause Remark 64M->64M(256M) 11.810ms
[512.230s][info][gc] GC(300) Pause Cleanup 66M->66M(256M) 0.076ms
[512.238s][info][gc] GC(300) Concurrent Mark Cycle 169.023ms
[512.571s][info][gc] GC(301) Pause Young (Concurrent Start) (CodeCache GC Threshold) 81M->60M(256M) 6.386ms
[512.571s][info][gc] GC(302) Concurrent Mark Cycle
[512.639s][info][gc] GC(302) Pause Remark 60M->60M(256M) 8.795ms
[512.669s][info][gc] GC(302) Concurrent Mark Cycle 98.505ms
