[0.004s][info][gc] Using G1
[0.385s][info][gc] GC(0) Pause Young (Normal) (G1 Evacuation Pause) 13M->4M(260M) 5.300ms
[0.613s][info][gc] GC(1) Pause Young (Normal) (G1 Evacuation Pause) 14M->6M(260M) 5.414ms
[1.003s][info][gc] GC(2) Pause Young (Normal) (G1 Evacuation Pause) 20M->9M(260M) 7.409ms
[1.617s][info][gc] GC(3) Pause Young (Normal) (G1 Evacuation Pause) 37M->13M(260M) 9.317ms
[1.730s][info][gc] GC(4) Pause Young (Concurrent Start) (Metadata GC Threshold) 20M->15M(260M) 9.060ms
[1.730s][info][gc] GC(5) Concurrent Mark Cycle
[1.750s][info][gc] GC(5) Pause Remark 15M->15M(256M) 5.097ms
[1.759s][info][gc] GC(5) Pause Cleanup 15M->15M(256M) 0.040ms
[1.764s][info][gc] GC(5) Concurrent Mark Cycle 33.744ms
[2.334s][info][gc] GC(6) Pause Young (Prepare Mixed) (G1 Evacuation Pause) 59M->18M(256M) 12.134ms
[2.372s][info][gc] GC(7) Pause Young (Mixed) (G1 Evacuation Pause) 24M->19M(256M) 10.037ms
[2.417s][info][gc] GC(8) Pause Young (Concurrent Start) (CodeCache GC Threshold) 30M->19M(476M) 3.244ms
[2.418s][info][gc] GC(9) Concurrent Mark Cycle
[2.460s][info][gc] GC(9) Pause Remark 27M->27M(256M) 4.937ms
[2.487s][info][gc] GC(9) Pause Cleanup 32M->32M(256M) 0.062ms
[2.489s][info][gc] GC(9) Concurrent Mark Cycle 71.097ms
[4.728s][info][gc] GC(10) Pause Young (Concurrent Start) (CodeCache GC Threshold) 216M->35M(256M) 18.146ms
[4.729s][info][gc] GC(11) Concurrent Mark Cycle
[4.788s][info][gc] GC(11) Pause Remark 37M->37M(256M) 9.601ms
[4.806s][info][gc] GC(11) Pause Cleanup 37M->37M(256M) 0.043ms
[4.810s][info][gc] GC(11) Concurrent Mark Cycle 81.439ms
[6.171s][info][gc] GC(12) Pause Young (Concurrent Start) (CodeCache GC Threshold) 123M->34M(256M) 42.205ms
[6.171s][info][gc] GC(13) Concurrent Mark Cycle
[6.241s][info][gc] GC(13) Pause Remark 36M->36M(256M) 8.700ms
[6.263s][info][gc] GC(13) Pause Cleanup 37M->37M(256M) 0.047ms
[6.267s][info][gc] GC(13) Concurrent Mark Cycle 96.073ms
[40.989s][info][gc] GC(14) Pause Young (Concurrent Start) (CodeCache GC Threshold) 103M->38M(256M) 26.580ms
[40.989s][info][gc] GC(15) Concurrent Mark Cycle
[41.107s][info][gc] GC(15) Pause Remark 41M->41M(256M) 9.396ms
[41.145s][info][gc] GC(15) Pause Cleanup 42M->42M(256M) 0.043ms
[41.146s][info][gc] GC(15) Concurrent Mark Cycle 156.919ms
[47.008s][info][gc] GC(16) Pause Young (Concurrent Start) (CodeCache GC Threshold) 92M->38M(256M) 18.516ms
[47.008s][info][gc] GC(17) Concurrent Mark Cycle
[47.122s][info][gc] GC(17) Pause Remark 42M->42M(256M) 10.438ms
[47.150s][info][gc] GC(17) Pause Cleanup 42M->42M(256M) 0.058ms
[47.150s][info][gc] GC(17) Concurrent Mark Cycle 142.639ms
[48.859s][info][gc] GC(18) Pause Young (Concurrent Start) (CodeCache GC Threshold) 65M->39M(256M) 13.629ms
[48.859s][info][gc] GC(19) Concurrent Mark Cycle
[48.970s][info][gc] GC(19) Pause Remark 45M->45M(256M) 11.106ms
[49.000s][info][gc] GC(19) Pause Cleanup 46M->46M(256M) 0.045ms
[49.001s][info][gc] GC(19) Concurrent Mark Cycle 142.364ms
[50.819s][info][gc] GC(20) Pause Young (Concurrent Start) (CodeCache GC Threshold) 75M->41M(256M) 13.921ms
[50.819s][info][gc] GC(21) Concurrent Mark Cycle
[50.908s][info][gc] GC(21) Pause Remark 44M->44M(256M) 11.413ms
[50.967s][info][gc] GC(21) Pause Cleanup 47M->47M(256M) 0.051ms
[50.968s][info][gc] GC(21) Concurrent Mark Cycle 149.009ms
[53.573s][info][gc] GC(22) Pause Young (Concurrent Start) (CodeCache GC Threshold) 100M->43M(256M) 9.287ms
[53.573s][info][gc] GC(23) Concurrent Mark Cycle
[53.694s][info][gc] GC(23) Pause Remark 50M->50M(256M) 9.323ms
[53.726s][info][gc] GC(23) Pause Cleanup 50M->50M(256M) 0.046ms
[53.726s][info][gc] GC(23) Concurrent Mark Cycle 152.877ms
[58.170s][info][gc] GC(24) Pause Young (Prepare Mixed) (G1 Evacuation Pause) 185M->47M(256M) 11.186ms
[58.184s][info][gc] GC(25) Pause Young (Mixed) (G1 Evacuation Pause) 49M->47M(256M) 10.450ms
[59.012s][info][gc] GC(26) Pause Young (Concurrent Start) (CodeCache GC Threshold) 85M->51M(256M) 6.549ms
[59.012s][info][gc] GC(27) Concurrent Mark Cycle
[59.174s][info][gc] GC(27) Pause Remark 61M->61M(256M) 10.452ms
[59.215s][info][gc] GC(27) Pause Cleanup 64M->64M(256M) 0.055ms
[59.215s][info][gc] GC(27) Concurrent Mark Cycle 202.672ms
[60.095s][info][gc] GC(28) Pause Young (Concurrent Start) (CodeCache GC Threshold) 105M->53M(256M) 6.807ms
[60.095s][info][gc] GC(29) Concurrent Mark Cycle
[60.233s][info][gc] GC(29) Pause Remark 62M->62M(256M) 10.977ms
[60.267s][info][gc] GC(29) Pause Cleanup 65M->65M(256M) 0.059ms
[60.267s][info][gc] GC(29) Concurrent Mark Cycle 172.616ms
[61.605s][info][gc] GC(30) Pause Young (Concurrent Start) (CodeCache GC Threshold) 136M->54M(256M) 7.494ms
[61.605s][info][gc] GC(31) Concurrent Mark Cycle
[61.738s][info][gc] GC(31) Pause Remark 63M->63M(256M) 9.486ms
[61.776s][info][gc] GC(31) Pause Cleanup 67M->67M(256M) 0.048ms
[61.777s][info][gc] GC(31) Concurrent Mark Cycle 171.425ms
[63.711s][info][gc] GC(32) Pause Young (Prepare Mixed) (G1 Evacuation Pause) 182M->53M(256M) 8.002ms
[63.762s][info][gc] GC(33) Pause Young (Mixed) (G1 Evacuation Pause) 57M->53M(256M) 10.535ms
[65.399s][info][gc] GC(34) Pause Young (Normal) (G1 Evacuation Pause) 185M->59M(256M) 13.310ms
[67.039s][info][gc] GC(35) Pause Young (Normal) (G1 Evacuation Pause) 187M->59M(256M) 10.562ms
[68.770s][info][gc] GC(36) Pause Young (Normal) (G1 Evacuation Pause) 191M->60M(256M) 12.166ms
[70.515s][info][gc] GC(37) Pause Young (Normal) (G1 Evacuation Pause) 194M->60M(256M) 11.125ms
[72.276s][info][gc] GC(38) Pause Young (Normal) (G1 Evacuation Pause) 196M->60M(256M) 13.998ms
[74.110s][info][gc] GC(39) Pause Young (Normal) (G1 Evacuation Pause) 198M->60M(256M) 9.793ms
[75.966s][info][gc] GC(40) Pause Young (Normal) (G1 Evacuation Pause) 198M->59M(256M) 11.398ms
[77.846s][info][gc] GC(41) Pause Young (Normal) (G1 Evacuation Pause) 199M->59M(256M) 15.474ms
[78.198s][info][gc] GC(42) Pause Young (Concurrent Start) (CodeCache GC Threshold) 89M->59M(256M) 12.171ms
[78.198s][info][gc] GC(43) Concurrent Mark Cycle
[78.351s][info][gc] GC(43) Pause Remark 74M->74M(256M) 13.048ms
[78.398s][info][gc] GC(43) Pause Cleanup 79M->79M(256M) 0.069ms
[78.398s][info][gc] GC(43) Concurrent Mark Cycle 199.964ms
[79.926s][info][gc] GC(44) Pause Young (Prepare Mixed) (G1 Evacuation Pause) 189M->59M(256M) 15.327ms
[79.944s][info][gc] GC(45) Pause Young (Mixed) (G1 Evacuation Pause) 61M->57M(256M) 12.387ms
[81.498s][info][gc] GC(46) Pause Young (Normal) (G1 Evacuation Pause) 193M->63M(256M) 11.400ms
[83.267s][info][gc] GC(47) Pause Young (Normal) (G1 Evacuation Pause) 195M->63M(256M) 13.095ms
[85.046s][info][gc] GC(48) Pause Young (Normal) (G1 Evacuation Pause) 197M->64M(256M) 11.515ms
[86.811s][info][gc] GC(49) Pause Young (Normal) (G1 Evacuation Pause) 200M->64M(256M) 10.033ms
[88.651s][info][gc] GC(50) Pause Young (Normal) (G1 Evacuation Pause) 202M->64M(256M) 11.287ms
[90.483s][info][gc] GC(51) Pause Young (Normal) (G1 Evacuation Pause) 202M->64M(256M) 10.789ms
[92.321s][info][gc] GC(52) Pause Young (Normal) (G1 Evacuation Pause) 204M->64M(256M) 12.971ms
[94.152s][info][gc] GC(53) Pause Young (Normal) (G1 Evacuation Pause) 202M->64M(256M) 13.641ms
[95.993s][info][gc] GC(54) Pause Young (Normal) (G1 Evacuation Pause) 204M->64M(256M) 12.677ms
[97.850s][info][gc] GC(55) Pause Young (Normal) (G1 Evacuation Pause) 206M->64M(256M) 12.179ms
[99.760s][info][gc] GC(56) Pause Young (Normal) (G1 Evacuation Pause) 206M->64M(256M) 10.240ms
[101.654s][info][gc] GC(57) Pause Young (Normal) (G1 Evacuation Pause) 206M->63M(256M) 11.368ms
[103.630s][info][gc] GC(58) Pause Young (Normal) (G1 Evacuation Pause) 205M->64M(256M) 11.656ms
[105.514s][info][gc] GC(59) Pause Young (Normal) (G1 Evacuation Pause) 206M->64M(256M) 11.848ms
[107.456s][info][gc] GC(60) Pause Young (Normal) (G1 Evacuation Pause) 208M->64M(256M) 10.481ms
[109.343s][info][gc] GC(61) Pause Young (Normal) (G1 Evacuation Pause) 208M->64M(256M) 11.943ms
[111.219s][info][gc] GC(62) Pause Young (Normal) (G1 Evacuation Pause) 208M->64M(256M) 9.450ms
[113.175s][info][gc] GC(63) Pause Young (Normal) (G1 Evacuation Pause) 208M->64M(256M) 9.347ms
[115.151s][info][gc] GC(64) Pause Young (Normal) (G1 Evacuation Pause) 208M->64M(256M) 10.465ms
[117.073s][info][gc] GC(65) Pause Young (Normal) (G1 Evacuation Pause) 208M->64M(256M) 11.395ms
[118.985s][info][gc] GC(66) Pause Young (Normal) (G1 Evacuation Pause) 208M->64M(256M) 11.177ms
[120.901s][info][gc] GC(67) Pause Young (Normal) (G1 Evacuation Pause) 208M->65M(256M) 10.874ms
[122.760s][info][gc] GC(68) Pause Young (Normal) (G1 Evacuation Pause) 207M->64M(256M) 10.808ms
[124.660s][info][gc] GC(69) Pause Young (Normal) (G1 Evacuation Pause) 208M->64M(256M) 9.805ms
[126.610s][info][gc] GC(70) Pause Young (Normal) (G1 Evacuation Pause) 208M->64M(256M) 9.857ms
[128.514s][info][gc] GC(71) Pause Young (Normal) (G1 Evacuation Pause) 208M->65M(256M) 10.614ms
[130.395s][info][gc] GC(72) Pause Young (Normal) (G1 Evacuation Pause) 207M->66M(256M) 9.430ms
[132.259s][info][gc] GC(73) Pause Young (Normal) (G1 Evacuation Pause) 208M->66M(256M) 9.516ms
[132.503s][info][gc] GC(74) Pause Young (Concurrent Start) (CodeCache GC Threshold) 87M->65M(256M) 10.302ms
[132.503s][info][gc] GC(75) Concurrent Mark Cycle
[132.654s][info][gc] GC(75) Pause Remark 80M->80M(256M) 10.444ms
[132.699s][info][gc] GC(75) Pause Cleanup 85M->85M(256M) 0.061ms
[132.700s][info][gc] GC(75) Concurrent Mark Cycle 197.069ms
[134.078s][info][gc] GC(76) Pause Young (Prepare Mixed) (G1 Evacuation Pause) 185M->65M(256M) 10.796ms
[134.095s][info][gc] GC(77) Pause Young (Mixed) (G1 Evacuation Pause) 67M->60M(256M) 11.373ms
[135.456s][info][gc] GC(78) Pause Young (Normal) (G1 Evacuation Pause) 188M->66M(256M) 10.215ms
[137.134s][info][gc] GC(79) Pause Young (Normal) (G1 Evacuation Pause) 192M->66M(256M) 11.198ms
[138.846s][info][gc] GC(80) Pause Young (Normal) (G1 Evacuation Pause) 194M->66M(256M) 11.133ms
[140.558s][info][gc] GC(81) Pause Young (Normal) (G1 Evacuation Pause) 196M->66M(256M) 11.842ms
[142.292s][info][gc] GC(82) Pause Young (Normal) (G1 Evacuation Pause) 198M->67M(256M) 9.975ms
[144.075s][info][gc] GC(83) Pause Young (Normal) (G1 Evacuation Pause) 201M->66M(256M) 10.113ms
[145.881s][info][gc] GC(84) Pause Young (Normal) (G1 Evacuation Pause) 202M->67M(256M) 12.702ms
[147.706s][info][gc] GC(85) Pause Young (Normal) (G1 Evacuation Pause) 203M->66M(256M) 10.863ms
[149.535s][info][gc] GC(86) Pause Young (Normal) (G1 Evacuation Pause) 204M->67M(256M) 11.102ms
[151.378s][info][gc] GC(87) Pause Young (Normal) (G1 Evacuation Pause) 205M->67M(256M) 14.722ms
[153.226s][info][gc] GC(88) Pause Young (Normal) (G1 Evacuation Pause) 207M->67M(256M) 14.396ms
[155.066s][info][gc] GC(89) Pause Young (Normal) (G1 Evacuation Pause) 207M->67M(256M) 10.064ms
[156.943s][info][gc] GC(90) Pause Young (Normal) (G1 Evacuation Pause) 207M->67M(256M) 13.470ms
[158.786s][info][gc] GC(91) Pause Young (Normal) (G1 Evacuation Pause) 207M->68M(256M) 14.039ms
[160.639s][info][gc] GC(92) Pause Young (Normal) (G1 Evacuation Pause) 208M->68M(256M) 15.308ms
[162.474s][info][gc] GC(93) Pause Young (Normal) (G1 Evacuation Pause) 208M->67M(256M) 11.867ms
[164.347s][info][gc] GC(94) Pause Young (Normal) (G1 Evacuation Pause) 209M->67M(256M) 9.439ms
[166.239s][info][gc] GC(95) Pause Young (Normal) (G1 Evacuation Pause) 209M->67M(256M) 9.085ms
[168.115s][info][gc] GC(96) Pause Young (Normal) (G1 Evacuation Pause) 209M->67M(256M) 9.541ms
[170.031s][info][gc] GC(97) Pause Young (Normal) (G1 Evacuation Pause) 209M->67M(256M) 11.829ms
[171.924s][info][gc] GC(98) Pause Young (Normal) (G1 Evacuation Pause) 209M->67M(256M) 12.589ms
[173.816s][info][gc] GC(99) Pause Young (Normal) (G1 Evacuation Pause) 209M->67M(256M) 12.301ms
[175.725s][info][gc] GC(100) Pause Young (Normal) (G1 Evacuation Pause) 209M->67M(256M) 10.482ms
[177.690s][info][gc] GC(101) Pause Young (Normal) (G1 Evacuation Pause) 209M->67M(256M) 9.961ms
[179.583s][info][gc] GC(102) Pause Young (Normal) (G1 Evacuation Pause) 209M->67M(256M) 12.813ms
[181.481s][info][gc] GC(103) Pause Young (Normal) (G1 Evacuation Pause) 207M->67M(256M) 11.036ms
[183.341s][info][gc] GC(104) Pause Young (Normal) (G1 Evacuation Pause) 207M->67M(256M) 13.001ms
[185.198s][info][gc] GC(105) Pause Young (Normal) (G1 Evacuation Pause) 207M->68M(256M) 10.347ms
[187.059s][info][gc] GC(106) Pause Young (Normal) (G1 Evacuation Pause) 208M->68M(256M) 9.458ms
[188.930s][info][gc] GC(107) Pause Young (Normal) (G1 Evacuation Pause) 208M->68M(256M) 10.222ms
[190.791s][info][gc] GC(108) Pause Young (Normal) (G1 Evacuation Pause) 208M->68M(256M) 9.094ms
[192.636s][info][gc] GC(109) Pause Young (Normal) (G1 Evacuation Pause) 208M->68M(256M) 13.904ms
[194.525s][info][gc] GC(110) Pause Young (Normal) (G1 Evacuation Pause) 208M->68M(256M) 14.093ms
[196.377s][info][gc] GC(111) Pause Young (Normal) (G1 Evacuation Pause) 208M->69M(256M) 14.801ms
[198.201s][info][gc] GC(112) Pause Young (Normal) (G1 Evacuation Pause) 207M->69M(256M) 12.533ms
[200.033s][info][gc] GC(113) Pause Young (Normal) (G1 Evacuation Pause) 207M->69M(256M) 14.475ms
[201.867s][info][gc] GC(114) Pause Young (Normal) (G1 Evacuation Pause) 207M->68M(256M) 12.280ms
[203.706s][info][gc] GC(115) Pause Young (Normal) (G1 Evacuation Pause) 208M->68M(256M) 9.904ms
[205.588s][info][gc] GC(116) Pause Young (Normal) (G1 Evacuation Pause) 208M->69M(256M) 12.703ms
[207.444s][info][gc] GC(117) Pause Young (Normal) (G1 Evacuation Pause) 207M->68M(256M) 11.783ms
[209.334s][info][gc] GC(118) Pause Young (Normal) (G1 Evacuation Pause) 208M->68M(256M) 15.283ms
[211.184s][info][gc] GC(119) Pause Young (Normal) (G1 Evacuation Pause) 208M->68M(256M) 15.388ms
[213.037s][info][gc] GC(120) Pause Young (Normal) (G1 Evacuation Pause) 208M->68M(256M) 11.186ms
[214.887s][info][gc] GC(121) Pause Young (Normal) (G1 Evacuation Pause) 208M->69M(256M) 9.631ms
[216.718s][info][gc] GC(122) Pause Young (Normal) (G1 Evacuation Pause) 207M->69M(256M) 10.130ms
[218.571s][info][gc] GC(123) Pause Young (Normal) (G1 Evacuation Pause) 209M->69M(256M) 13.118ms
[220.422s][info][gc] GC(124) Pause Young (Normal) (G1 Evacuation Pause) 209M->69M(256M) 13.610ms
[222.286s][info][gc] GC(125) Pause Young (Normal) (G1 Evacuation Pause) 209M->68M(256M) 10.099ms
[224.159s][info][gc] GC(126) Pause Young (Normal) (G1 Evacuation Pause) 208M->68M(256M) 12.730ms
[226.015s][info][gc] GC(127) Pause Young (Normal) (G1 Evacuation Pause) 208M->69M(256M) 9.380ms
[227.884s][info][gc] GC(128) Pause Young (Normal) (G1 Evacuation Pause) 209M->68M(256M) 11.948ms
[229.757s][info][gc] GC(129) Pause Young (Normal) (G1 Evacuation Pause) 208M->69M(256M) 10.797ms
[231.614s][info][gc] GC(130) Pause Young (Normal) (G1 Evacuation Pause) 209M->69M(256M) 9.770ms
[233.463s][info][gc] GC(131) Pause Young (Normal) (G1 Evacuation Pause) 209M->69M(256M) 9.175ms
[235.324s][info][gc] GC(132) Pause Young (Normal) (G1 Evacuation Pause) 209M->70M(256M) 12.488ms
[237.156s][info][gc] GC(133) Pause Young (Normal) (G1 Evacuation Pause) 208M->70M(256M) 12.509ms
[238.997s][info][gc] GC(134) Pause Young (Normal) (G1 Evacuation Pause) 208M->69M(256M) 13.842ms
[240.870s][info][gc] GC(135) Pause Young (Normal) (G1 Evacuation Pause) 209M->69M(256M) 12.582ms
[242.695s][info][gc] GC(136) Pause Young (Normal) (G1 Evacuation Pause) 207M->69M(256M) 12.868ms
[244.528s][info][gc] GC(137) Pause Young (Normal) (G1 Evacuation Pause) 207M->69M(256M) 14.923ms
[246.355s][info][gc] GC(138) Pause Young (Normal) (G1 Evacuation Pause) 207M->69M(256M) 9.100ms
[248.190s][info][gc] GC(139) Pause Young (Normal) (G1 Evacuation Pause) 207M->69M(256M) 9.834ms
[250.014s][info][gc] GC(140) Pause Young (Normal) (G1 Evacuation Pause) 207M->69M(256M) 10.587ms
[251.834s][info][gc] GC(141) Pause Young (Normal) (G1 Evacuation Pause) 207M->69M(256M) 10.197ms
[253.644s][info][gc] GC(142) Pause Young (Normal) (G1 Evacuation Pause) 207M->70M(256M) 17.203ms
[255.464s][info][gc] GC(143) Pause Young (Normal) (G1 Evacuation Pause) 208M->70M(256M) 13.107ms
[257.284s][info][gc] GC(144) Pause Young (Normal) (G1 Evacuation Pause) 208M->71M(256M) 12.945ms
[259.032s][info][gc] GC(145) Pause Young (Normal) (G1 Evacuation Pause) 207M->71M(256M) 14.308ms
[260.807s][info][gc] GC(146) Pause Young (Normal) (G1 Evacuation Pause) 207M->71M(256M) 13.417ms
[262.602s][info][gc] GC(147) Pause Young (Normal) (G1 Evacuation Pause) 207M->71M(256M) 12.374ms
[264.390s][info][gc] GC(148) Pause Young (Normal) (G1 Evacuation Pause) 207M->70M(256M) 12.097ms
[266.218s][info][gc] GC(149) Pause Young (Normal) (G1 Evacuation Pause) 208M->71M(256M) 11.972ms
[268.011s][info][gc] GC(150) Pause Young (Normal) (G1 Evacuation Pause) 207M->71M(256M) 19.587ms
[269.801s][info][gc] GC(151) Pause Young (Normal) (G1 Evacuation Pause) 207M->70M(256M) 12.311ms
[271.630s][info][gc] GC(152) Pause Young (Normal) (G1 Evacuation Pause) 208M->71M(256M) 10.254ms
[273.397s][info][gc] GC(153) Pause Young (Normal) (G1 Evacuation Pause) 207M->70M(256M) 13.461ms
[275.227s][info][gc] GC(154) Pause Young (Normal) (G1 Evacuation Pause) 208M->71M(256M) 11.884ms
[277.027s][info][gc] GC(155) Pause Young (Normal) (G1 Evacuation Pause) 207M->70M(256M) 15.163ms
[278.860s][info][gc] GC(156) Pause Young (Normal) (G1 Evacuation Pause) 208M->71M(256M) 13.099ms
[280.683s][info][gc] GC(157) Pause Young (Normal) (G1 Evacuation Pause) 209M->71M(256M) 12.320ms
[282.457s][info][gc] GC(158) Pause Young (Normal) (G1 Evacuation Pause) 207M->71M(256M) 10.915ms
[284.274s][info][gc] GC(159) Pause Young (Normal) (G1 Evacuation Pause) 209M->71M(256M) 9.900ms
[286.106s][info][gc] GC(160) Pause Young (Normal) (G1 Evacuation Pause) 209M->71M(256M) 9.392ms
[287.926s][info][gc] GC(161) Pause Young (Normal) (G1 Evacuation Pause) 209M->71M(256M) 9.702ms
[289.751s][info][gc] GC(162) Pause Young (Normal) (G1 Evacuation Pause) 209M->71M(256M) 13.171ms
[291.572s][info][gc] GC(163) Pause Young (Normal) (G1 Evacuation Pause) 209M->71M(256M) 11.791ms
[293.390s][info][gc] GC(164) Pause Young (Normal) (G1 Evacuation Pause) 209M->71M(256M) 10.003ms
[295.213s][info][gc] GC(165) Pause Young (Normal) (G1 Evacuation Pause) 209M->72M(256M) 14.088ms
[296.959s][info][gc] GC(166) Pause Young (Normal) (G1 Evacuation Pause) 208M->72M(256M) 9.229ms
[298.730s][info][gc] GC(167) Pause Young (Normal) (G1 Evacuation Pause) 208M->71M(256M) 11.622ms
[300.549s][info][gc] GC(168) Pause Young (Normal) (G1 Evacuation Pause) 209M->71M(256M) 11.519ms
[302.367s][info][gc] GC(169) Pause Young (Normal) (G1 Evacuation Pause) 209M->71M(256M) 9.025ms
[304.194s][info][gc] GC(170) Pause Young (Normal) (G1 Evacuation Pause) 209M->71M(256M) 9.108ms
[306.062s][info][gc] GC(171) Pause Young (Normal) (G1 Evacuation Pause) 209M->71M(256M) 8.953ms
[307.920s][info][gc] GC(172) Pause Young (Normal) (G1 Evacuation Pause) 209M->71M(256M) 8.453ms
[309.806s][info][gc] GC(173) Pause Young (Normal) (G1 Evacuation Pause) 209M->71M(256M) 9.002ms
[311.640s][info][gc] GC(174) Pause Young (Normal) (G1 Evacuation Pause) 207M->72M(256M) 14.649ms
[313.464s][info][gc] GC(175) Pause Young (Normal) (G1 Evacuation Pause) 208M->72M(256M) 17.424ms
[315.260s][info][gc] GC(176) Pause Young (Normal) (G1 Evacuation Pause) 208M->72M(256M) 10.892ms
[317.095s][info][gc] GC(177) Pause Young (Normal) (G1 Evacuation Pause) 208M->72M(256M) 11.446ms
[318.895s][info][gc] GC(178) Pause Young (Normal) (G1 Evacuation Pause) 208M->71M(256M) 9.160ms
[320.719s][info][gc] GC(179) Pause Young (Normal) (G1 Evacuation Pause) 207M->72M(256M) 9.106ms
[322.518s][info][gc] GC(180) Pause Young (Normal) (G1 Evacuation Pause) 208M->72M(256M) 9.213ms
[324.324s][info][gc] GC(181) Pause Young (Normal) (G1 Evacuation Pause) 208M->72M(256M) 11.458ms
[326.128s][info][gc] GC(182) Pause Young (Normal) (G1 Evacuation Pause) 208M->73M(256M) 11.899ms
[327.858s][info][gc] GC(183) Pause Young (Normal) (G1 Evacuation Pause) 207M->72M(256M) 11.597ms
[329.670s][info][gc] GC(184) Pause Young (Normal) (G1 Evacuation Pause) 208M->72M(256M) 9.087ms
[331.849s][info][gc] GC(185) Pause Young (Normal) (G1 Evacuation Pause) 208M->81M(256M) 15.222ms
[332.049s][info][gc] GC(186) Pause Young (Concurrent Start) (CodeCache GC Threshold) 97M->81M(256M) 21.099ms
[332.049s][info][gc] GC(187) Concurrent Mark Cycle
[332.250s][info][gc] GC(187) Pause Remark 99M->99M(256M) 11.632ms
[332.307s][info][gc] GC(187) Pause Cleanup 103M->103M(256M) 0.057ms
[332.308s][info][gc] GC(187) Concurrent Mark Cycle 258.993ms
[333.193s][info][gc] GC(188) Pause Young (Prepare Mixed) (G1 Evacuation Pause) 173M->82M(256M) 15.077ms
[333.230s][info][gc] GC(189) Pause Young (Mixed) (G1 Evacuation Pause) 86M->66M(256M) 15.724ms
[334.417s][info][gc] GC(190) Pause Young (Normal) (G1 Evacuation Pause) 174M->72M(256M) 13.903ms
[335.642s][info][gc] GC(191) Pause Young (Normal) (G1 Evacuation Pause) 180M->73M(256M) 13.443ms
[336.841s][info][gc] GC(192) Pause Young (Normal) (G1 Evacuation Pause) 183M->73M(256M) 13.991ms
[338.036s][info][gc] GC(193) Pause Young (Normal) (G1 Evacuation Pause) 187M->74M(256M) 11.464ms
[339.193s][info][gc] GC(194) Pause Young (Normal) (G1 Evacuation Pause) 190M->74M(256M) 13.192ms
[340.318s][info][gc] GC(195) Pause Young (Normal) (G1 Evacuation Pause) 192M->77M(256M) 14.658ms
[341.342s][info][gc] GC(196) Pause Young (Normal) (G1 Evacuation Pause) 195M->77M(256M) 15.204ms
[342.216s][info][gc] GC(197) Pause Young (Normal) (G1 Evacuation Pause) 193M->79M(256M) 14.381ms
[343.074s][info][gc] GC(198) Pause Young (Normal) (G1 Evacuation Pause) 193M->81M(256M) 17.268ms
[343.830s][info][gc] GC(199) Pause Young (Normal) (G1 Evacuation Pause) 195M->81M(308M) 19.913ms
[344.813s][info][gc] GC(200) Pause Young (Normal) (G1 Evacuation Pause) 227M->82M(308M) 14.932ms
[345.813s][info][gc] GC(201) Pause Young (Normal) (G1 Evacuation Pause) 230M->82M(308M) 18.932ms
[346.839s][info][gc] GC(202) Pause Young (Normal) (G1 Evacuation Pause) 232M->81M(308M) 16.957ms
[347.828s][info][gc] GC(203) Pause Young (Normal) (G1 Evacuation Pause) 231M->81M(308M) 17.193ms
[348.868s][info][gc] GC(204) Pause Young (Normal) (G1 Evacuation Pause) 233M->82M(308M) 15.031ms
[349.904s][info][gc] GC(205) Pause Young (Normal) (G1 Evacuation Pause) 234M->82M(308M) 15.177ms
[350.929s][info][gc] GC(206) Pause Young (Normal) (G1 Evacuation Pause) 236M->82M(308M) 16.248ms
[351.949s][info][gc] GC(207) Pause Young (Normal) (G1 Evacuation Pause) 236M->83M(308M) 17.034ms
[352.977s][info][gc] GC(208) Pause Young (Normal) (G1 Evacuation Pause) 237M->82M(308M) 16.170ms
[354.029s][info][gc] GC(209) Pause Young (Normal) (G1 Evacuation Pause) 238M->82M(308M) 15.866ms
[355.077s][info][gc] GC(210) Pause Young (Normal) (G1 Evacuation Pause) 238M->82M(308M) 14.946ms
[356.124s][info][gc] GC(211) Pause Young (Normal) (G1 Evacuation Pause) 238M->82M(308M) 15.165ms
[357.185s][info][gc] GC(212) Pause Young (Normal) (G1 Evacuation Pause) 238M->82M(308M) 15.349ms
[358.270s][info][gc] GC(213) Pause Young (Normal) (G1 Evacuation Pause) 240M->83M(308M) 23.088ms
[359.337s][info][gc] GC(214) Pause Young (Normal) (G1 Evacuation Pause) 241M->82M(308M) 15.094ms
[360.386s][info][gc] GC(215) Pause Young (Normal) (G1 Evacuation Pause) 240M->83M(308M) 19.516ms
[361.413s][info][gc] GC(216) Pause Young (Normal) (G1 Evacuation Pause) 241M->82M(308M) 20.728ms
[362.445s][info][gc] GC(217) Pause Young (Normal) (G1 Evacuation Pause) 240M->83M(308M) 15.320ms
[363.480s][info][gc] GC(218) Pause Young (Normal) (G1 Evacuation Pause) 241M->83M(308M) 15.383ms
[364.509s][info][gc] GC(219) Pause Young (Normal) (G1 Evacuation Pause) 241M->83M(308M) 15.447ms
[365.541s][info][gc] GC(220) Pause Young (Normal) (G1 Evacuation Pause) 241M->83M(308M) 15.241ms
[366.569s][info][gc] GC(221) Pause Young (Normal) (G1 Evacuation Pause) 241M->83M(308M) 16.882ms
[367.596s][info][gc] GC(222) Pause Young (Normal) (G1 Evacuation Pause) 241M->83M(308M) 17.077ms
[368.630s][info][gc] GC(223) Pause Young (Normal) (G1 Evacuation Pause) 241M->83M(308M) 16.492ms
[369.667s][info][gc] GC(224) Pause Young (Normal) (G1 Evacuation Pause) 241M->84M(308M) 15.851ms
[370.665s][info][gc] GC(225) Pause Young (Normal) (G1 Evacuation Pause) 240M->84M(308M) 16.590ms
[371.684s][info][gc] GC(226) Pause Young (Normal) (G1 Evacuation Pause) 240M->84M(308M) 15.525ms
[372.712s][info][gc] GC(227) Pause Young (Normal) (G1 Evacuation Pause) 240M->84M(308M) 15.507ms
[373.713s][info][gc] GC(228) Pause Young (Normal) (G1 Evacuation Pause) 240M->84M(308M) 15.560ms
[374.741s][info][gc] GC(229) Pause Young (Normal) (G1 Evacuation Pause) 240M->84M(308M) 16.910ms
[375.760s][info][gc] GC(230) Pause Young (Normal) (G1 Evacuation Pause) 240M->85M(308M) 17.096ms
[376.730s][info][gc] GC(231) Pause Young (Normal) (G1 Evacuation Pause) 239M->84M(308M) 17.902ms
[377.756s][info][gc] GC(232) Pause Young (Normal) (G1 Evacuation Pause) 240M->84M(308M) 17.151ms
[378.785s][info][gc] GC(233) Pause Young (Normal) (G1 Evacuation Pause) 240M->84M(308M) 16.363ms
[379.816s][info][gc] GC(234) Pause Young (Normal) (G1 Evacuation Pause) 240M->84M(308M) 15.577ms
[380.820s][info][gc] GC(235) Pause Young (Normal) (G1 Evacuation Pause) 240M->84M(308M) 16.788ms
[381.852s][info][gc] GC(236) Pause Young (Normal) (G1 Evacuation Pause) 240M->84M(308M) 15.347ms
[382.883s][info][gc] GC(237) Pause Young (Normal) (G1 Evacuation Pause) 240M->84M(308M) 15.411ms
[383.916s][info][gc] GC(238) Pause Young (Normal) (G1 Evacuation Pause) 240M->83M(308M) 17.766ms
[384.944s][info][gc] GC(239) Pause Young (Normal) (G1 Evacuation Pause) 239M->84M(308M) 16.983ms
[385.916s][info][gc] GC(240) Pause Young (Normal) (G1 Evacuation Pause) 240M->83M(308M) 16.663ms
[386.978s][info][gc] GC(241) Pause Young (Normal) (G1 Evacuation Pause) 239M->84M(308M) 15.280ms
[388.007s][info][gc] GC(242) Pause Young (Normal) (G1 Evacuation Pause) 240M->83M(308M) 18.102ms
[389.045s][info][gc] GC(243) Pause Young (Normal) (G1 Evacuation Pause) 239M->84M(308M) 15.606ms
[390.109s][info][gc] GC(244) Pause Young (Normal) (G1 Evacuation Pause) 240M->84M(308M) 19.538ms
[391.161s][info][gc] GC(245) Pause Young (Normal) (G1 Evacuation Pause) 240M->84M(308M) 15.827ms
[392.160s][info][gc] GC(246) Pause Young (Normal) (G1 Evacuation Pause) 240M->83M(308M) 20.946ms
[393.196s][info][gc] GC(247) Pause Young (Normal) (G1 Evacuation Pause) 239M->84M(308M) 16.855ms
[394.157s][info][gc] GC(248) Pause Young (Normal) (G1 Evacuation Pause) 240M->84M(308M) 16.360ms
[395.192s][info][gc] GC(249) Pause Young (Normal) (G1 Evacuation Pause) 240M->84M(308M) 16.963ms
[396.237s][info][gc] GC(250) Pause Young (Normal) (G1 Evacuation Pause) 240M->84M(308M) 19.680ms
[397.223s][info][gc] GC(251) Pause Young (Normal) (G1 Evacuation Pause) 240M->84M(308M) 15.310ms
[398.260s][info][gc] GC(252) Pause Young (Normal) (G1 Evacuation Pause) 240M->83M(308M) 15.146ms
[399.300s][info][gc] GC(253) Pause Young (Normal) (G1 Evacuation Pause) 239M->84M(308M) 16.950ms
[400.356s][info][gc] GC(254) Pause Young (Normal) (G1 Evacuation Pause) 240M->83M(308M) 16.659ms
[401.412s][info][gc] GC(255) Pause Young (Normal) (G1 Evacuation Pause) 239M->83M(308M) 16.581ms
[402.468s][info][gc] GC(256) Pause Young (Normal) (G1 Evacuation Pause) 239M->84M(308M) 17.131ms
[403.528s][info][gc] GC(257) Pause Young (Normal) (G1 Evacuation Pause) 240M->84M(308M) 14.949ms
[404.578s][info][gc] GC(258) Pause Young (Normal) (G1 Evacuation Pause) 240M->84M(308M) 15.349ms
[405.570s][info][gc] GC(259) Pause Young (Normal) (G1 Evacuation Pause) 240M->85M(308M) 15.533ms
[406.605s][info][gc] GC(260) Pause Young (Normal) (G1 Evacuation Pause) 241M->85M(308M) 15.390ms
[407.602s][info][gc] GC(261) Pause Young (Normal) (G1 Evacuation Pause) 241M->85M(308M) 15.492ms
[408.624s][info][gc] GC(262) Pause Young (Normal) (G1 Evacuation Pause) 241M->85M(308M) 17.126ms
[409.597s][info][gc] GC(263) Pause Young (Normal) (G1 Evacuation Pause) 241M->85M(308M) 15.739ms
[410.616s][info][gc] GC(264) Pause Young (Normal) (G1 Evacuation Pause) 241M->85M(308M) 15.307ms
[411.648s][info][gc] GC(265) Pause Young (Normal) (G1 Evacuation Pause) 241M->85M(308M) 16.829ms
[412.680s][info][gc] GC(266) Pause Young (Normal) (G1 Evacuation Pause) 241M->85M(308M) 16.727ms
[413.680s][info][gc] GC(267) Pause Young (Normal) (G1 Evacuation Pause) 241M->85M(308M) 15.310ms
[414.713s][info][gc] GC(268) Pause Young (Normal) (G1 Evacuation Pause) 241M->85M(308M) 16.213ms
[415.712s][info][gc] GC(269) Pause Young (Normal) (G1 Evacuation Pause) 241M->86M(308M) 17.630ms
[416.685s][info][gc] GC(270) Pause Young (Normal) (G1 Evacuation Pause) 240M->85M(308M) 16.949ms
[417.713s][info][gc] GC(271) Pause Young (Normal) (G1 Evacuation Pause) 241M->85M(308M) 15.459ms
[418.745s][info][gc] GC(272) Pause Young (Normal) (G1 Evacuation Pause) 241M->85M(308M) 20.073ms
[419.740s][info][gc] GC(273) Pause Young (Normal) (G1 Evacuation Pause) 241M->85M(308M) 18.999ms
[420.762s][info][gc] GC(274) Pause Young (Normal) (G1 Evacuation Pause) 241M->86M(308M) 16.546ms
[421.714s][info][gc] GC(275) Pause Young (Normal) (G1 Evacuation Pause) 240M->86M(308M) 15.889ms
[422.713s][info][gc] GC(276) Pause Young (Normal) (G1 Evacuation Pause) 240M->87M(308M) 15.823ms
[423.703s][info][gc] GC(277) Pause Young (Normal) (G1 Evacuation Pause) 239M->86M(308M) 15.650ms
[424.701s][info][gc] GC(278) Pause Young (Normal) (G1 Evacuation Pause) 240M->86M(308M) 16.465ms
[425.701s][info][gc] GC(279) Pause Young (Normal) (G1 Evacuation Pause) 240M->86M(308M) 15.572ms
[426.699s][info][gc] GC(280) Pause Young (Normal) (G1 Evacuation Pause) 240M->87M(308M) 15.671ms
[427.689s][info][gc] GC(281) Pause Young (Normal) (G1 Evacuation Pause) 239M->86M(308M) 16.825ms
[428.685s][info][gc] GC(282) Pause Young (Normal) (G1 Evacuation Pause) 240M->86M(308M) 16.524ms
[429.704s][info][gc] GC(283) Pause Young (Normal) (G1 Evacuation Pause) 240M->86M(308M) 15.720ms
[430.686s][info][gc] GC(284) Pause Young (Normal) (G1 Evacuation Pause) 240M->86M(308M) 15.582ms
[431.692s][info][gc] GC(285) Pause Young (Normal) (G1 Evacuation Pause) 240M->86M(308M) 19.815ms
[432.713s][info][gc] GC(286) Pause Young (Normal) (G1 Evacuation Pause) 240M->86M(308M) 16.174ms
[433.731s][info][gc] GC(287) Pause Young (Normal) (G1 Evacuation Pause) 240M->86M(308M) 15.542ms
[434.708s][info][gc] GC(288) Pause Young (Normal) (G1 Evacuation Pause) 240M->86M(308M) 17.743ms
[435.709s][info][gc] GC(289) Pause Young (Normal) (G1 Evacuation Pause) 240M->86M(308M) 15.503ms
[436.733s][info][gc] GC(290) Pause Young (Normal) (G1 Evacuation Pause) 240M->86M(308M) 15.493ms
[437.757s][info][gc] GC(291) Pause Young (Normal) (G1 Evacuation Pause) 240M->86M(308M) 16.145ms
[438.785s][info][gc] GC(292) Pause Young (Normal) (G1 Evacuation Pause) 240M->86M(308M) 15.913ms
[439.781s][info][gc] GC(293) Pause Young (Normal) (G1 Evacuation Pause) 240M->86M(308M) 15.730ms
[440.805s][info][gc] GC(294) Pause Young (Normal) (G1 Evacuation Pause) 240M->86M(308M) 15.340ms
[441.853s][info][gc] GC(295) Pause Young (Normal) (G1 Evacuation Pause) 240M->86M(308M) 15.043ms
[442.896s][info][gc] GC(296) Pause Young (Normal) (G1 Evacuation Pause) 240M->86M(308M) 15.112ms
[443.898s][info][gc] GC(297) Pause Young (Normal) (G1 Evacuation Pause) 240M->86M(308M) 15.422ms
[444.922s][info][gc] GC(298) Pause Young (Normal) (G1 Evacuation Pause) 240M->86M(308M) 15.572ms
[445.901s][info][gc] GC(299) Pause Young (Normal) (G1 Evacuation Pause) 240M->86M(308M) 19.464ms
[446.925s][info][gc] GC(300) Pause Young (Normal) (G1 Evacuation Pause) 240M->85M(308M) 16.034ms
[447.954s][info][gc] GC(301) Pause Young (Normal) (G1 Evacuation Pause) 239M->86M(308M) 20.471ms
[448.914s][info][gc] GC(302) Pause Young (Normal) (G1 Evacuation Pause) 240M->86M(308M) 15.514ms
[449.923s][info][gc] GC(303) Pause Young (Normal) (G1 Evacuation Pause) 240M->86M(308M) 15.905ms
[450.924s][info][gc] GC(304) Pause Young (Normal) (G1 Evacuation Pause) 240M->86M(308M) 17.720ms
[451.925s][info][gc] GC(305) Pause Young (Normal) (G1 Evacuation Pause) 240M->86M(308M) 15.331ms
[452.931s][info][gc] GC(306) Pause Young (Normal) (G1 Evacuation Pause) 240M->86M(308M) 20.898ms
[453.929s][info][gc] GC(307) Pause Young (Normal) (G1 Evacuation Pause) 240M->87M(308M) 17.589ms
[454.928s][info][gc] GC(308) Pause Young (Normal) (G1 Evacuation Pause) 241M->87M(308M) 17.257ms
[455.929s][info][gc] GC(309) Pause Young (Normal) (G1 Evacuation Pause) 241M->87M(308M) 16.619ms
[456.928s][info][gc] GC(310) Pause Young (Normal) (G1 Evacuation Pause) 241M->87M(308M) 15.603ms
[457.929s][info][gc] GC(311) Pause Young (Normal) (G1 Evacuation Pause) 241M->87M(308M) 16.802ms
[458.928s][info][gc] GC(312) Pause Young (Normal) (G1 Evacuation Pause) 241M->87M(308M) 17.467ms
[459.925s][info][gc] GC(313) Pause Young (Normal) (G1 Evacuation Pause) 241M->87M(308M) 16.534ms
[460.925s][info][gc] GC(314) Pause Young (Normal) (G1 Evacuation Pause) 241M->87M(308M) 16.017ms
[461.946s][info][gc] GC(315) Pause Young (Normal) (G1 Evacuation Pause) 241M->87M(308M) 15.601ms
[462.926s][info][gc] GC(316) Pause Young (Normal) (G1 Evacuation Pause) 241M->87M(308M) 15.571ms
[463.925s][info][gc] GC(317) Pause Young (Normal) (G1 Evacuation Pause) 241M->87M(308M) 15.414ms
[464.928s][info][gc] GC(318) Pause Young (Normal) (G1 Evacuation Pause) 241M->88M(308M) 17.611ms
[465.924s][info][gc] GC(319) Pause Young (Normal) (G1 Evacuation Pause) 240M->87M(308M) 17.143ms
[466.942s][info][gc] GC(320) Pause Young (Normal) (G1 Evacuation Pause) 241M->88M(308M) 15.531ms
[467.921s][info][gc] GC(321) Pause Young (Normal) (G1 Evacuation Pause) 240M->87M(308M) 15.587ms
[468.948s][info][gc] GC(322) Pause Young (Normal) (G1 Evacuation Pause) 241M->87M(308M) 17.364ms
[469.973s][info][gc] GC(323) Pause Young (Normal) (G1 Evacuation Pause) 241M->87M(308M) 15.655ms
[470.972s][info][gc] GC(324) Pause Young (Normal) (G1 Evacuation Pause) 241M->87M(308M) 17.363ms
[471.996s][info][gc] GC(325) Pause Young (Normal) (G1 Evacuation Pause) 241M->87M(308M) 16.830ms
[472.950s][info][gc] GC(326) Pause Young (Normal) (G1 Evacuation Pause) 241M->87M(308M) 15.527ms
[473.961s][info][gc] GC(327) Pause Young (Normal) (G1 Evacuation Pause) 241M->87M(308M) 15.289ms
[474.981s][info][gc] GC(328) Pause Young (Normal) (G1 Evacuation Pause) 241M->87M(308M) 15.879ms
[476.001s][info][gc] GC(329) Pause Young (Normal) (G1 Evacuation Pause) 241M->88M(308M) 16.190ms
[476.966s][info][gc] GC(330) Pause Young (Normal) (G1 Evacuation Pause) 240M->88M(308M) 16.306ms
[477.955s][info][gc] GC(331) Pause Young (Normal) (G1 Evacuation Pause) 240M->87M(308M) 15.957ms
[478.953s][info][gc] GC(332) Pause Young (Normal) (G1 Evacuation Pause) 241M->87M(308M) 15.440ms
[479.950s][info][gc] GC(333) Pause Young (Normal) (G1 Evacuation Pause) 241M->87M(308M) 16.114ms
[480.944s][info][gc] GC(334) Pause Young (Normal) (G1 Evacuation Pause) 241M->89M(308M) 18.033ms
[481.909s][info][gc] GC(335) Pause Young (Normal) (G1 Evacuation Pause) 239M->89M(308M) 17.245ms
[482.866s][info][gc] GC(336) Pause Young (Normal) (G1 Evacuation Pause) 239M->89M(308M) 20.211ms
[483.821s][info][gc] GC(337) Pause Young (Normal) (G1 Evacuation Pause) 239M->88M(308M) 16.655ms
[484.784s][info][gc] GC(338) Pause Young (Normal) (G1 Evacuation Pause) 238M->89M(308M) 17.812ms
[485.748s][info][gc] GC(339) Pause Young (Normal) (G1 Evacuation Pause) 239M->89M(308M) 17.935ms
[486.688s][info][gc] GC(340) Pause Young (Normal) (G1 Evacuation Pause) 239M->89M(308M) 17.907ms
[487.648s][info][gc] GC(341) Pause Young (Normal) (G1 Evacuation Pause) 239M->89M(308M) 17.464ms
[488.607s][info][gc] GC(342) Pause Young (Normal) (G1 Evacuation Pause) 239M->88M(308M) 16.069ms
[489.576s][info][gc] GC(343) Pause Young (Normal) (G1 Evacuation Pause) 240M->89M(308M) 17.528ms
[490.527s][info][gc] GC(344) Pause Young (Normal) (G1 Evacuation Pause) 239M->89M(308M) 15.965ms
[491.485s][info][gc] GC(345) Pause Young (Normal) (G1 Evacuation Pause) 239M->88M(308M) 17.471ms
[492.457s][info][gc] GC(346) Pause Young (Normal) (G1 Evacuation Pause) 240M->88M(308M) 17.399ms
[493.436s][info][gc] GC(347) Pause Young (Normal) (G1 Evacuation Pause) 240M->88M(308M) 15.772ms
[494.424s][info][gc] GC(348) Pause Young (Normal) (G1 Evacuation Pause) 240M->88M(308M) 17.506ms
[495.404s][info][gc] GC(349) Pause Young (Normal) (G1 Evacuation Pause) 240M->89M(308M) 16.097ms
[496.377s][info][gc] GC(350) Pause Young (Normal) (G1 Evacuation Pause) 239M->88M(308M) 15.860ms
[497.368s][info][gc] GC(351) Pause Young (Normal) (G1 Evacuation Pause) 240M->88M(308M) 17.194ms
[498.360s][info][gc] GC(352) Pause Young (Normal) (G1 Evacuation Pause) 240M->88M(308M) 17.431ms
[499.348s][info][gc] GC(353) Pause Young (Normal) (G1 Evacuation Pause) 240M->88M(308M) 15.556ms
[500.341s][info][gc] GC(354) Pause Young (Normal) (G1 Evacuation Pause) 240M->88M(308M) 15.822ms
[501.338s][info][gc] GC(355) Pause Young (Normal) (G1 Evacuation Pause) 240M->88M(308M) 19.700ms
[502.329s][info][gc] GC(356) Pause Young (Normal) (G1 Evacuation Pause) 240M->89M(308M) 15.344ms
[503.313s][info][gc] GC(357) Pause Young (Normal) (G1 Evacuation Pause) 239M->88M(308M) 15.516ms
[504.310s][info][gc] GC(358) Pause Young (Normal) (G1 Evacuation Pause) 240M->88M(308M) 15.653ms
[505.303s][info][gc] GC(359) Pause Young (Normal) (G1 Evacuation Pause) 240M->88M(308M) 15.631ms
[506.296s][info][gc] GC(360) Pause Young (Normal) (G1 Evacuation Pause) 240M->88M(308M) 17.642ms
[507.285s][info][gc] GC(361) Pause Young (Normal) (G1 Evacuation Pause) 240M->88M(308M) 16.855ms
[508.277s][info][gc] GC(362) Pause Young (Normal) (G1 Evacuation Pause) 240M->88M(308M) 16.562ms
[509.272s][info][gc] GC(363) Pause Young (Normal) (G1 Evacuation Pause) 240M->88M(308M) 17.082ms
[510.265s][info][gc] GC(364) Pause Young (Normal) (G1 Evacuation Pause) 240M->88M(308M) 16.190ms
[511.256s][info][gc] GC(365) Pause Young (Normal) (G1 Evacuation Pause) 240M->89M(308M) 17.585ms
[542.178s][info][gc] GC(366) Pause Young (Concurrent Start) (CodeCache GC Threshold) 145M->88M(308M) 23.540ms
[542.178s][info][gc] GC(367) Concurrent Mark Cycle
[542.643s][info][gc] GC(367) Pause Remark 140M->140M(308M) 11.599ms
[542.698s][info][gc] GC(367) Pause Cleanup 150M->150M(308M) 0.071ms
[542.699s][info][gc] GC(367) Concurrent Mark Cycle 521.473ms
[572.583s][info][gc] GC(368) Pause Young (Prepare Mixed) (G1 Evacuation Pause) 228M->92M(308M) 21.932ms
[572.629s][info][gc] GC(369) Pause Young (Mixed) (G1 Evacuation Pause) 100M->79M(308M) 12.915ms
[573.195s][info][gc] GC(370) Pause Young (Normal) (G1 Evacuation Pause) 231M->84M(308M) 13.444ms
[573.803s][info][gc] GC(371) Pause Young (Normal) (G1 Evacuation Pause) 236M->89M(308M) 15.324ms
[574.084s][info][gc] GC(372) Pause Young (Concurrent Start) (CodeCache GC Threshold) 150M->89M(308M) 13.552ms
[574.084s][info][gc] GC(373) Concurrent Mark Cycle
[574.656s][info][gc] GC(374) Pause Young (Normal) (G1 Evacuation Pause) 245M->91M(610M) 16.639ms
[574.784s][info][gc] GC(373) Pause Remark 129M->129M(440M) 22.395ms
[574.980s][info][gc] GC(373) Pause Cleanup 190M->190M(440M) 0.082ms
[574.991s][info][gc] GC(373) Concurrent Mark Cycle 906.468ms
[575.521s][info][gc] GC(375) Pause Young (Prepare Mixed) (G1 Evacuation Pause) 341M->92M(440M) 27.477ms
[575.549s][info][gc] GC(376) Pause Young (Mixed) (G1 Evacuation Pause) 98M->85M(440M) 16.296ms
[576.206s][info][gc] GC(377) Pause Young (Normal) (G1 Evacuation Pause) 347M->91M(440M) 11.547ms
[576.729s][info][gc] GC(378) Pause Young (Normal) (G1 Evacuation Pause) 347M->97M(440M) 24.464ms
[577.248s][info][gc] GC(379) Pause Young (Normal) (G1 Evacuation Pause) 347M->104M(440M) 26.251ms
[577.945s][info][gc] GC(380) Pause Young (Normal) (G1 Evacuation Pause) 346M->109M(968M) 35.862ms
[578.964s][info][gc] GC(381) Pause Young (Concurrent Start) (CodeCache GC Threshold) 487M->113M(968M) 33.377ms
[578.964s][info][gc] GC(382) Concurrent Mark Cycle
[579.369s][info][gc] GC(382) Pause Remark 213M->213M(728M) 23.676ms
[579.479s][info][gc] GC(382) Pause Cleanup 237M->237M(728M) 0.096ms
[579.495s][info][gc] GC(382) Concurrent Mark Cycle 531.084ms
